06-30 16:45:12.256 27856 27856 I ViewRootImpl@180701b[InstrumentationActivityInvoker$EmptyActivity]: setupSync seqId=0 mSyncId=0 fn=1 caller=android.view.ViewRootImpl$$ExternalSyntheticLambda11.accept:6 android.window.SurfaceSyncer.lambda$setupSync$1$android-window-SurfaceSyncer:128 android.window.SurfaceSyncer$$ExternalSyntheticLambda1.accept:8 android.window.SurfaceSyncer$SyncSet.checkIfSyncIsComplete:382 android.window.SurfaceSyncer$SyncSet.markSyncReady:359 android.window.SurfaceSyncer.markSyncReady:151 android.view.ViewRootImpl.performTraversals:4503
06-30 16:45:12.257 27856 27856 I ViewRootImpl@180701b[InstrumentationActivityInvoker$EmptyActivity]: reportDrawFinished seqId=0 mSyncId=-1 fn=1 mSurfaceChangedTransaction=0x7c197731f0
06-30 16:45:12.257 27856 27856 I ViewRootImpl@1d6b5c5[MainActivity]: MSG_WINDOW_FOCUS_CHANGED 0 0
06-30 16:45:12.258   873   873 I Layer   : id=9158 removeFromCurrentState Surface(name=1c611dd StatusBar)/@0xee99fdd - animation-leash of insets_animation#9158 (123)
06-30 16:45:12.258   873   873 I Layer   : id=9159 removeFromCurrentState Surface(name=37aeaf NavigationBar0)/@0x2817b20 - animation-leash of insets_animation#9159 (123)
06-30 16:45:12.258   873   873 I SurfaceFlinger: [bd73d1 com.example.dogglers/androidx.test.core.app.InstrumentationActivityInvoker$EmptyActivity#9163] FrameRatePriority: 1
06-30 16:45:12.258   873   873 D SurfaceFlinger: [input] inputWindowCommands.focusRequests size is 1
06-30 16:45:12.259   873   984 D SurfaceFlinger: [input] setFocusedWindow: bd73d1 com.example.dogglers/androidx.test.core.app.InstrumentationActivityInvoker$EmptyActivity
06-30 16:45:12.261  1282  1547 D InputDispatcher: Focus request (0): bd73d1 com.example.dogglers/androidx.test.core.app.InstrumentationActivityInvoker$EmptyActivity but waiting because NOT_VISIBLE
06-30 16:45:12.263  1282  1305 I ActivityTaskManager: Displayed com.example.dogglers/androidx.test.core.app.InstrumentationActivityInvoker$EmptyActivity: +61ms
06-30 16:45:12.263  1282  1309 I SemDvfsHyPerManager: acquire hyper - AMS_RESUME_TAIL/1282@20, type = -999
06-30 16:45:12.263  2894  2894 E pageboostd: Received HALT command code 2
06-30 16:45:12.264  1282  1309 I SemDvfsHyPerManager: acquire hyper - AMS_ACT_LAZY/1282@21, type = -999
06-30 16:45:12.266   873   908 I SurfaceFlinger: id=9167 createSurf flag=80000, 8259644 ActivityRecordInputSink com.example.dogglers/androidx.test.core.app.InstrumentationActivityInvoker$EmptyActivity#9167
06-30 16:45:12.266   795   895 I HYPER-HAL: [RequestManager.cpp]acquire(): Acquired ID : 848273  [1282 / 20]    HINT : AMS_RESUME_TAIL    list :
06-30 16:45:12.267   795   895 I HYPER-HAL: [ResourceManager.cpp]updateResource(): [CPUMinFreq] UpdateResource Request ID : 848273    Value : 1844882
06-30 16:45:12.267   795   895 I HYPER-HAL: [ResourceManager.cpp]removeResource(): [CPUMinFreq] RemoveResource Request ID : 845668
06-30 16:45:12.267   795   895 I HYPER-HAL: [RequestManager.cpp]releaseLocked(): Released ID : 845668
06-30 16:45:12.274   873   908 I SurfaceFlinger: id=9159 Removed Surface(name=37aeaf NavigationBar0)/@0x2817b20 - animation-leash of insets_animation#9159 (124)
06-30 16:45:12.274   873  1054 I SurfaceFlinger: id=9158 Removed Surface(name=1c611dd StatusBar)/@0xee99fdd - animation-leash of insets_animation#9158 (124)
06-30 16:45:12.275 27856 27856 I ViewRootImpl@1d6b5c5[MainActivity]: handleAppVisibility mAppVisible = true visible = false
06-30 16:45:12.275   873   873 I Layer   : Layer [com.example.dogglers/androidx.test.core.app.InstrumentationActivityInvoker$EmptyActivity$_27856#9164] hidden!! flag(0)
06-30 16:45:12.275   873   873 I Layer   : Layer [com.example.dogglers/com.example.dogglers.MainActivity$_27856#9157] hidden!! flag(1)
06-30 16:45:12.275   873   873 I Layer   : id=9158 Destroyed Surface(name=1c611dd StatusBar)/@0xee99fdd - animation-leash of insets_animation#9158
06-30 16:45:12.275   873   873 I Layer   : id=9159 Destroyed Surface(name=37aeaf NavigationBar0)/@0x2817b20 - animation-leash of insets_animation#9159
06-30 16:45:12.275 27856 27856 I ViewRootImpl@1d6b5c5[MainActivity]: stopped(true) old = false
06-30 16:45:12.275 27856 27856 I ViewRootImpl@1d6b5c5[MainActivity]: WindowStopped on com.example.dogglers/com.example.dogglers.MainActivity set to true
06-30 16:45:12.277  1282  1547 D InputDispatcher: Focus entered window (0): bd73d1 com.example.dogglers/androidx.test.core.app.InstrumentationActivityInvoker$EmptyActivity
06-30 16:45:12.277 27856 27856 D LifecycleMonitor: Lifecycle status change: com.example.dogglers.MainActivity@86fbe8c in: STOPPED
06-30 16:45:12.277 27856 27856 V ActivityScenario: Update currentActivityStage to STOPPED, currentActivity=com.example.dogglers.MainActivity@86fbe8c
06-30 16:45:12.278   873   873 D SurfaceFlinger: Display 4633128672291735937 HWC layers:
06-30 16:45:12.278   873   873 D SurfaceFlinger:      DEVICE | 0x718d863430 | 0102 | RGBA_8888    |    0.0    0.0 1080.0 2400.0 |    0    0 1080 2400 | com.example.dogglers/androidx.test.c[...]ityInvoker$EmptyActivity$_27856#9164
06-30 16:45:12.278   873   873 D SurfaceFlinger:      DEVICE | 0x718d8596b0 | 0100 | RGBA_8888    |    0.0    0.0 1080.0   78.0 |    0    0 1080   78 | StatusBar$_1751#88
06-30 16:45:12.278   873   873 D SurfaceFlinger:      DEVICE | 0x718d8202f0 | 0100 | RGBA_8888    |    0.0    0.0   67.0  493.0 |    0 1188   67 1681 | com.samsung.android.app.cocktailbars[...]ervice.CocktailBarService$_4690#9140
06-30 16:45:12.278   873   873 D SurfaceFlinger:      DEVICE | 0x718d862350 | 0100 | RGBA_8888    |    0.0    0.0  388.0   48.0 |  692 2352 1080 2400 | SGestureOverlayWindow$_2243#9132
06-30 16:45:12.278   873   873 D SurfaceFlinger:      DEVICE | 0x718d856650 | 0100 | RGBA_8888    |    0.0    0.0 1080.0  126.0 |    0 2274 1080 2400 | NavigationBar0$_1751#83
06-30 16:45:12.278   873   873 D SurfaceFlinger:
06-30 16:45:12.278 27856 27856 I MSHandlerLifeCycle: removeMultiSplitHandler: no exist. decor=DecorView@dddebac[MainActivity]
06-30 16:45:12.279 27856 27856 D LifecycleMonitor: Lifecycle status change: com.example.dogglers.MainActivity@86fbe8c in: DESTROYED
06-30 16:45:12.280 27856 27856 V ActivityScenario: Update currentActivityStage to DESTROYED, currentActivity=null
06-30 16:45:12.281 27856 27856 I MSHandlerLifeCycle: removeMultiSplitHandler: no exist. decor=DecorView@dddebac[MainActivity]
06-30 16:45:12.281 27856 27962 D OpenGLRenderer: setSurface called with nullptr
06-30 16:45:12.281 27856 27962 D OpenGLRenderer: setSurface() destroyed EGLSurface
06-30 16:45:12.281 27856 27962 D OpenGLRenderer: destroyEglSurface
06-30 16:45:12.282 27856 27856 I ViewRootImpl@1d6b5c5[MainActivity]: dispatchDetachedFromWindow
06-30 16:45:12.283  1282  1547 D InputTransport: Input channel destroyed: '4db88d ', fd=1010
06-30 16:45:12.283  1282  1547 W InputManager-JNI: Input channel object '4db88d com.example.dogglers/com.example.dogglers.MainActivity (client)' was disposed without first being removed with the input manager!
06-30 16:45:12.283  1282  1547 D InputTransport: Input channel destroyed: '4db88d ', fd=1014
06-30 16:45:12.284   873   908 I SurfaceFlinger: id=9168 createSurf flag=24004, Surface(name=ee45561 InputMethod)/@0x4417547 - animation-leash of insets_animation#9168
06-30 16:45:12.286 27856 27856 D InputTransport: Input channel destroyed: '4db88d ', fd=102
06-30 16:45:12.287   873   908 I SurfaceFlinger: id=9029 Removed Surface(name=ee45561 InputMethod)/@0x4417547 - animation-leash of insets_animation#9029 (123)
06-30 16:45:12.287  6001  6001 I InputMethodService: removeImeSurface
06-30 16:45:12.288  6001  6001 I MSHandlerLifeCycle: check: return. pkg=com.samsung.android.honeyboard isActivity=false callers=com.android.internal.policy.DecorView.setVisibility:4416 android.app.Dialog.hide:767 android.inputmethodservice.InputMethodService.removeImeSurface:1290 android.inputmethodservice.InputMethodService.scheduleImeSurfaceRemoval:1279 android.inputmethodservice.InputMethodService.-$$Nest$mscheduleImeSurfaceRemoval:0
06-30 16:45:12.288  6001  6001 I MSHandlerLifeCycle: removeMultiSplitHandler: no exist. decor=DecorView@cd7d792[InputMethod]
06-30 16:45:12.289   873   908 I SurfaceFlinger: id=9149 Removed 312f1eb ActivityRecordInputSink com.example.dogglers/.MainActivity#9149 (123)
06-30 16:45:12.291   782   782 D gralloc : [mali_gralloc_allocate] begin
06-30 16:45:12.291   782   782 D gralloc : buffer_descriptor: wh(1080 2400) usage_pc(0xb66 0xb06) hal_format(0x1) layer_count(1) sizes(0 0 0) strde(0) byte_stride(0) alloc_wh(0 0) internal_format(0x0) alloc_format(0x0) fd_count(1) plane_count(0)
06-30 16:45:12.291   782   782 D gralloc : [mali_gralloc_allocate] allocation successful
06-30 16:45:12.292   873   873 I Layer   : id=9157 removeFromCurrentState com.example.dogglers/com.example.dogglers.MainActivity$_27856#9157 (123)
06-30 16:45:12.292   873   873 I Layer   : id=9156 removeFromCurrentState 4db88d com.example.dogglers/com.example.dogglers.MainActivity#9156 (123)
06-30 16:45:12.292   873   873 I Layer   : id=9161 removeFromCurrentState Surface(name=ee45561 InputMethod)/@0x4417547 - animation-leash of insets_animation#9161 (123)
06-30 16:45:12.292   873   873 I SurfaceFlinger: id=9156 Removed 4db88d com.example.dogglers/com.example.dogglers.MainActivity#9156 (123)
06-30 16:45:12.292   873   873 I SurfaceFlinger: id=9161 Removed Surface(name=ee45561 InputMethod)/@0x4417547 - animation-leash of insets_animation#9161 (123)
06-30 16:45:12.292   873   873 I SurfaceFlinger: id=9157 Removed com.example.dogglers/com.example.dogglers.MainActivity$_27856#9157 (123)
06-30 16:45:12.292   873   873 I Layer   : id=9029 Destroyed Surface(name=ee45561 InputMethod)/@0x4417547 - animation-leash of insets_animation#9029
06-30 16:45:12.292   873   873 I Layer   : id=9156 Destroyed 4db88d com.example.dogglers/com.example.dogglers.MainActivity#9156
06-30 16:45:12.292   873   873 I Layer   : id=9157 Destroyed com.example.dogglers/com.example.dogglers.MainActivity$_27856#9157
06-30 16:45:12.292   873   873 I Layer   : id=9161 Destroyed Surface(name=ee45561 InputMethod)/@0x4417547 - animation-leash of insets_animation#9161
06-30 16:45:12.293   873   873 I Layer   : id=9169 Destroyed Screenshot Parent#9169
06-30 16:45:12.300   873   873 I Layer   : id=9142 removeFromCurrentState ActivityRecord{8deade1 u0 com.example.dogglers/.MainActivity} t301}#9142 (119)
06-30 16:45:12.300   873   873 I Layer   : id=9149 removeFromCurrentState 312f1eb ActivityRecordInputSink com.example.dogglers/.MainActivity#9149 (119)
06-30 16:45:12.300   873   873 I SurfaceFlinger: id=9142 Removed ActivityRecord{8deade1 u0 com.example.dogglers/.MainActivity} t301}#9142 (119)
06-30 16:45:12.300 27856 27856 I ViewRootImpl@180701b[InstrumentationActivityInvoker$EmptyActivity]: MSG_WINDOW_FOCUS_CHANGED 1 0
06-30 16:45:12.300   873   873 I Layer   : id=9142 Destroyed ActivityRecord{8deade1 u0 com.example.dogglers/.MainActivity} t301}#9142
06-30 16:45:12.300   873   873 I Layer   : id=9149 Destroyed 312f1eb ActivityRecordInputSink com.example.dogglers/.MainActivity#9149
06-30 16:45:12.300 27856 27856 I ViewRootImpl@180701b[InstrumentationActivityInvoker$EmptyActivity]: mThreadedRenderer.initializeIfNeeded()#2 mSurface={isValid=true 0x7ce97d5180}
06-30 16:45:12.301 27856 27856 D InputMethodManager: startInputInner - Id : 0
06-30 16:45:12.301 27856 27856 I InputMethodManager: startInputInner - mService.startInputOrWindowGainedFocus
06-30 16:45:12.302  1282  1547 D InputMethodManagerService: DESKTOP MODE! : 2
06-30 16:45:12.302  1282  1547 D InputMethodManagerService: NOT IN KNOX DESKTOP MODE!
06-30 16:45:12.302  1282  1547 V InputMethodManagerService: getDisplayIdOfInputMethodWindowToBeAdded: displayId=0
06-30 16:45:12.302  1282  1547 D InputMethodManagerService: isImeSwitcherDisabledPackage : false
06-30 16:45:12.303  1282  1547 D InputMethodManagerService: checkDisplayOfStartInputAndUpdateKeyboard: displayId=0, mFocusedDisplayId=0
06-30 16:45:12.303  1282  1547 D InputTransport: Input channel constructed: 'ClientS', fd=1014
06-30 16:45:12.303  1282  1547 D InputTransport: Input channel destroyed: 'ClientS', fd=1014
06-30 16:45:12.304 27856 27856 D LifecycleMonitor: Lifecycle status change: androidx.test.core.app.InstrumentationActivityInvoker$EmptyActivity@42a595d in: PAUSED
06-30 16:45:12.304  6001  6001 I HBD     : HoneyBoardService onFinishInput
06-30 16:45:12.304 27856 27856 V ActivityScenario: Activity lifecycle changed event received but ignored because the intent does not match. startActivityIntent=Intent { act=android.intent.action.MAIN cat=[android.intent.category.LAUNCHER] flg=0x10008000 cmp=com.example.dogglers/.MainActivity }, activity.getIntent()=Intent { act=android.intent.action.MAIN cat=[android.intent.category.LAUNCHER] flg=0x10000000 cmp=com.example.dogglers/androidx.test.core.app.InstrumentationActivityInvoker$EmptyActivity }, activity=androidx.test.core.app.InstrumentationActivityInvoker$EmptyActivity@42a595d
06-30 16:45:12.304  6001  6001 I HBD     : a IC have been unbinding,  RemoteInputConnection{idHash=#66f6cd5}
06-30 16:45:12.304  6001  6001 I HBD     : HoneyBoardService [PF_CL][onFinishInput]  0 ms
06-30 16:45:12.304  1282  2792 I SemDvfsHyPerManager: acquire hyper - AMS_ACT_RESUME/1282@32, type = -999
06-30 16:45:12.304  6001  6001 I HBD     : HoneyBoardService [IMI] onStartInput - caller pid : 27856 , caller uid : 10286
06-30 16:45:12.304  6001  6001 I HBD     : j updateConfigs
06-30 16:45:12.305   795   895 I HYPER-HAL: [RequestManager.cpp]acquire(): Acquired ID : 863987  [1282 / 32]    HINT : AMS_ACT_RESUME    list :
06-30 16:45:12.305  6001  6001 I HBD     : j isEnabledNightMode : true
06-30 16:45:12.305  1282  2792 D InputDispatcher: Focused application(0): ActivityRecord{a49baf7 u0 com.whatsapp/.Conversation} t300}
06-30 16:45:12.305   795   895 I HYPER-HAL: [ResourceManager.cpp]updateResource(): [CPUMinFreq] UpdateResource Request ID : 863987    Value : 1687587
06-30 16:45:12.306 31662 31662 I ViewRootImpl@ffcf06a[Conversation]: handleAppVisibility mAppVisible = false visible = true
06-30 16:45:12.306  2243  2243 I TopTaskTracker: onTaskMovedToFront : taskId = 300
06-30 16:45:12.307  6001  6001 I HBD     : a IC have been binding, RemoteInputConnection{idHash=#66f6cd5}
06-30 16:45:12.307  6001  6001 I HBD     : h [EditorInputType]setPrivateImeOptionsToTable privateImeOptions ( null )
06-30 16:45:12.307  6001  6001 I HBD     : b incognitoMode : false
06-30 16:45:12.307  6001  6001 I HBD     : a needOff = true , isForceOff = false, isNullInputClass : true
06-30 16:45:12.308 31662 31662 I ViewRootImpl@ffcf06a[Conversation]: stopped(false) old = true
06-30 16:45:12.308 31662 31662 I ViewRootImpl@ffcf06a[Conversation]: WindowStopped on com.whatsapp/com.whatsapp.Conversation set to false
06-30 16:45:12.309  1282  2386 D InputDispatcher: Focus left window (0): bd73d1 com.example.dogglers/androidx.test.core.app.InstrumentationActivityInvoker$EmptyActivity
06-30 16:45:12.310 27856 27856 I ViewRootImpl@180701b[InstrumentationActivityInvoker$EmptyActivity]: MSG_WINDOW_FOCUS_CHANGED 0 0
06-30 16:45:12.311   873   908 I SurfaceFlinger: id=9170 createSurf flag=24004, Surface(name=ee45561 InputMethod)/@0x4417547 - animation-leash of insets_animation#9170
06-30 16:45:12.311  6001  6001 I HBD     : h getDefaultInputRange : UNKNOWN
06-30 16:45:12.311  6001  6001 I HBD     : h getDefaultInputRange : UNKNOWN
06-30 16:45:12.312  6001  6001 I HBD     : h getDefaultInputRange : UNKNOWN
06-30 16:45:12.312 27856 27925 I TestRunner: finished: grid_list_button_is_displayed(com.example.dogglers.ButtonTests)
