06-30 16:45:14.445 27856 27925 I TestRunner: started: clicking_grid_list_button_displays_grid_list(com.example.dogglers.ButtonTests)
06-30 16:45:14.445 27856 27856 D LifecycleMonitor: Lifecycle status change: com.example.dogglers.HorizontalListActivity@349945f in: DESTROYED
06-30 16:45:14.452 27856 27856 I MSHandlerLifeCycle: removeMultiSplitHandler: no exist. decor=DecorView@f8ec744[HorizontalListActivity]
06-30 16:45:14.453 27856 27962 D OpenGLRenderer: setSurface called with nullptr
06-30 16:45:14.454 27856 27856 I ViewRootImpl@548974[HorizontalListActivity]: dispatchDetachedFromWindow
06-30 16:45:14.454  1282  2386 D InputTransport: Input channel destroyed: '76d9258', fd=920
06-30 16:45:14.454  1282  2386 W InputManager-JNI: Input channel object '76d9258 com.example.dogglers/com.example.dogglers.HorizontalListActivity (client)' was disposed without first being removed with the input manager!
06-30 16:45:14.454  1282  2386 D InputTransport: Input channel destroyed: '76d9258', fd=1236
06-30 16:45:14.458 27856 27856 D InputTransport: Input channel destroyed: '76d9258', fd=127
06-30 16:45:14.461   873   873 I Layer   : id=9207 removeFromCurrentState com.example.dogglers/com.example.dogglers.HorizontalListActivity$_27856#9207 (118)
06-30 16:45:14.461   873   873 I Layer   : id=9206 removeFromCurrentState 76d9258 com.example.dogglers/com.example.dogglers.HorizontalListActivity#9206 (118)
06-30 16:45:14.461   873   873 I SurfaceFlinger: id=9207 Removed com.example.dogglers/com.example.dogglers.HorizontalListActivity$_27856#9207 (118)
06-30 16:45:14.461   873   873 I SurfaceFlinger: id=9206 Removed 76d9258 com.example.dogglers/com.example.dogglers.HorizontalListActivity#9206 (118)
06-30 16:45:14.461   873   873 I Layer   : id=9206 Destroyed 76d9258 com.example.dogglers/com.example.dogglers.HorizontalListActivity#9206
06-30 16:45:14.462   873   873 I Layer   : id=9207 Destroyed com.example.dogglers/com.example.dogglers.HorizontalListActivity$_27856#9207
06-30 16:45:14.463   873   909 I SurfaceFlinger: id=9215 Removed 17c62d3 ActivityRecordInputSink com.example.dogglers/.HorizontalListActivity#9215 (116)
06-30 16:45:14.464   873   909 I SurfaceFlinger: id=9246 createSurf flag=24004, Task=302#9246
06-30 16:45:14.469   873   873 I Layer   : id=9205 removeFromCurrentState ActivityRecord{a448e10 u0 com.example.dogglers/.HorizontalListActivity} t302}#9205 (117)
06-30 16:45:14.469   873   873 I Layer   : id=9215 removeFromCurrentState 17c62d3 ActivityRecordInputSink com.example.dogglers/.HorizontalListActivity#9215 (117)
06-30 16:45:14.469   873   873 I Layer   : id=9184 removeFromCurrentState Task=302#9184 (117)
06-30 16:45:14.469   873   873 I Layer   : id=9246 removeFromCurrentState Task=302#9246 (117)
06-30 16:45:14.470 27856 27925 W Settings: Setting always_finish_activities has moved from android.provider.Settings.System to android.provider.Settings.Global, returning read-only value.
06-30 16:45:14.471   873  2742 I SurfaceFlinger: id=9205 Removed ActivityRecord{a448e10 u0 com.example.dogglers/.HorizontalListActivity} t302}#9205 (117)
06-30 16:45:14.471   873  2742 I SurfaceFlinger: id=9246 Removed Task=302#9246 (117)
06-30 16:45:14.473  2243  2243 I RecentsView: onTaskRemoved() taskId : 302
06-30 16:45:14.473  2243  2243 I TopTaskTracker: onTaskRemoved : taskId = 302
06-30 16:45:14.473  2243  2243 I RecentsView: onTaskRemoved() taskId : 302
06-30 16:45:14.474  2243  2243 I TopTaskTracker: onTaskRemoved : taskId = 302
06-30 16:45:14.475  1282  1308 I ChimeraSystemEventListener: appLaunchIntent package name is: com.example.dogglers
06-30 16:45:14.477  1282  2478 I SemDvfsHyPerManager: acquire hyper - AMS_APP_SWITCH/1282@26, type = -999
06-30 16:45:14.477   873   873 I Layer   : id=9246 Destroyed Task=302#9246
06-30 16:45:14.477   873   873 I Layer   : id=9205 Destroyed ActivityRecord{a448e10 u0 com.example.dogglers/.HorizontalListActivity} t302}#9205
06-30 16:45:14.477   873   873 I Layer   : id=9215 Destroyed 17c62d3 ActivityRecordInputSink com.example.dogglers/.HorizontalListActivity#9215
06-30 16:45:14.477   795   895 I HYPER-HAL: [RequestManager.cpp]acquire(): Acquired ID : 856112  [1282 / 26]    HINT : AMS_APP_SWITCH    list :
06-30 16:45:14.478   873  2450 I SurfaceFlinger: id=9247 createSurf flag=24004, Task=303#9247
06-30 16:45:14.480   873   909 I SurfaceFlinger: id=9248 createSurf flag=80004, ActivityRecord{bc06ddf u0 com.example.dogglers/.MainActivity} t303}#9248
06-30 16:45:14.481  4448  4448 I SemDvfsHyPerManager: acquire hyper - APP_START_SHORT/4448@12, type = -999
06-30 16:45:14.483   795   895 I HYPER-HAL: [ResourceManager.cpp]updateResource(): [CPUMinFreq] UpdateResource Request ID : 856112    Value : 2623359
06-30 16:45:14.486  1282  1547 I SemDvfsHyPerManager: acquire hyper - AMS_APP_LAUNCH/1282@19, type = -999
06-30 16:45:14.486  2894  2894 E pageboostd: Received HALT command code 2
06-30 16:45:14.487  1751  1828 D NativeCustomFrequencyManager: [NativeCFMS] BpCustomFrequencyManager::BpCustomFrequencyManager()
06-30 16:45:14.490  1282  1547 D InputTransport: Input channel constructed: '139d556', fd=844
06-30 16:45:14.490  1282  1547 D InputTransport: Input channel constructed: '139d556', fd=875
06-30 16:45:14.490  1282  1547 D InputTransport: Input channel constructed: '139d556', fd=920
06-30 16:45:14.490   873  2450 I SurfaceFlinger: id=9249 createSurf flag=80004, 139d556 Splash Screen com.example.dogglers#9249
06-30 16:45:14.490  4448  4448 I SemDvfsHyPerManager: acquire hyper - APP_START/4448@14, type = -999
06-30 16:45:14.491  1282  1547 D InputTransport: Input channel destroyed: '139d556', fd=920
06-30 16:45:14.491  1751  1817 D InsetsController: onStateChanged: InsetsState: {mDisplayFrame=Rect(0, 0 - 1080, 2400), mDisplayCutout=DisplayCutout{insets=Rect(0, 78 - 0, 0) waterfall=Insets{left=0, top=0, right=0, bottom=0} boundingRect={Bounds=[Rect(0, 0 - 0, 0), Rect(690, 0 - 750, 78), Rect(0, 0 - 0, 0), Rect(0, 0 - 0, 0)]} cutoutPathParserInfo={CutoutPathParserInfo{displayWidth=1080 displayHeight=2400 physicalDisplayWidth=1440 physicalDisplayHeight=3200 density={3.0} cutoutSpec={M 0,0 H -10 V 26 H 10 V 0 H 0 Z @dp} rotation={0} scale={1.0} physicalPixelDisplaySizeRatio={1.0}}}}, mRoundedCorners=RoundedCorners{[RoundedCorner{position=TopLeft, radius=63, center=Point(63, 63)}, RoundedCorner{position=TopRight, radius=63, center=Point(1017, 63)}, RoundedCorner{position=BottomRight, radius=63, center=Point(1017, 2337)}, RoundedCorner{position=BottomLeft, radius=63, center=Point(63, 2337)}]}  mRoundedCornerFrame=Rect(0, 0 - 1080, 2400), mPrivacyIndicatorBounds=PrivacyIndicatorBounds {static bounds=Rect(964, 0 - 1080, 78) rotation=0}, mSources= { InsetsSource: {mType=ITYPE_STATUS_BAR, mFrame=[0,0][1080,78], mVisible=true, mInsetsRoundedCornerFrame=false}, InsetsSource: {mType=ITYPE_NAVIGATION_BAR, mFrame=[0,2400][1080,2400], mVisible=true, mInsetsRoundedCornerFrame=false}, InsetsSource: {mType=ITYPE_LEFT_GESTURES, mFrame=[0,0][0,2400], mVisible=true, mInsetsRoundedCornerFrame=false}, InsetsSource: {mType=ITYPE_RIGHT_GESTURES, mFrame=[1080,0][1080,2400], mVisible=true, mInsetsRoundedCornerFrame=false}, InsetsSource: {mType=ITYPE_TOP_MANDATORY_GESTURES, mFrame=[0,0][1080,110], mVisible=true, mInsetsRoundedCornerFrame=false}, InsetsSource: {mType=ITYPE_BOTTOM_MANDATORY_GESTURES, mFrame=[0,2348][1080,2400], mVisible=true, mInsetsRoundedCornerFrame=false}, InsetsSource: {mType=ITYPE_LEFT_DISPLAY_CUTOUT, mFrame=[0,0][-100000,2400], mVisible=true, mInsetsRoundedCornerFrame=false}, InsetsSource: {mType=ITYPE_TOP_DISPLAY_CUTOUT, mFrame=[0,0][1080,78], mVisible=true, mInsetsRoundedCornerFrame=false}, InsetsSource: {mType=ITYPE_RIGHT_DISPLAY_CUTOUT, mFrame=[100000,0][1080,2400], mVisible=true, mInsetsRoundedCornerFrame=false}, InsetsSource: {mType=ITYPE_BOTTOM_DISPLAY_CUTOUT, mFrame=[0,100000][1080,2400], mVisible=true, mInsetsRoundedCornerFrame=false}, InsetsSource: {mType=ITYPE_TOP_TAPPABLE_ELEMENT, mFrame=[0,0][1080,78], mVisible=true, mInsetsRoundedCornerFrame=false}, InsetsSource: {mType=ITYPE_BOTTOM_TAPPABLE_ELEMENT, mFrame=[0,0][0,0], mVisible=true, mInsetsRoundedCornerFrame=false} } host=Splash Screen com.example.dogglers from=android.view.ViewRootImpl.setView:1732
06-30 16:45:14.492  1751  1817 I ViewRootImpl@353c27e[dogglers]: setView = android.widget.FrameLayout@f65888a TM=true
06-30 16:45:14.492   795   895 I HYPER-HAL: [RequestManager.cpp]acquire(): Acquired ID : 9948042  [4448 / 12]    HINT : APP_START    list : [TIMEOUT / 1500]
06-30 16:45:14.493  1282  1327 W libprocessgroup: Failed to open /dev/blkio//cgroup.procs: No such file or directory
06-30 16:45:14.493   795   895 I HYPER-HAL: [ResourceManager.cpp]updateResource(): [CPUMaxFreq] UpdateResource Request ID : 9948042    Value : 2730000
06-30 16:45:14.493   795   895 I HYPER-HAL: [RequestManager.cpp]acquire(): Acquired ID : 846970  [1282 / 19]    HINT : AMS_APP_LAUNCH    list :
06-30 16:45:14.494  1004  1704 I CameraService: onUidStateChanged: uid=10054, procState is changed. (0 -> 1)
06-30 16:45:14.494   795   895 I HYPER-HAL: [ResourceManager.cpp]updateResource(): [CPUMinFreq] UpdateResource Request ID : 846970    Value : 2623359
06-30 16:45:14.494   795   895 I HYPER-HAL: [RequestManager.cpp]acquire(): Acquired ID : 9956967  [4448 / 14]    HINT : APP_START    list :
06-30 16:45:14.494   795   895 I HYPER-HAL: [ResourceManager.cpp]updateResource(): [CPUMaxFreq] UpdateResource Request ID : 9956967    Value : 2730000
06-30 16:45:14.494  1751  1817 I ViewRootImpl@353c27e[dogglers]: performTraversals params={(0,0)(fillxfill) sim={adjust=pan} ty=APPLICATION_STARTING fmt=TRANSLUCENT wanim=0x1030309
06-30 16:45:14.494  1751  1817 I ViewRootImpl@353c27e[dogglers]:   fl=81030118
06-30 16:45:14.494  1751  1817 I ViewRootImpl@353c27e[dogglers]:   pfl=16000010
06-30 16:45:14.494  1751  1817 I ViewRootImpl@353c27e[dogglers]:   bhv=DEFAULT
06-30 16:45:14.494  1751  1817 I ViewRootImpl@353c27e[dogglers]:   fitSides= naviIconColor=0}
06-30 16:45:14.494  1751  1817 I ViewRootImpl@353c27e[dogglers]: performTraversals mFirst=true windowShouldResize=true viewVisibilityChanged=false mForceNextWindowRelayout=false params={(0,0)(fillxfill) sim={adjust=pan} ty=APPLICATION_STARTING fmt=TRANSLUCENT wanim=0x1030309
06-30 16:45:14.494  1751  1817 I ViewRootImpl@353c27e[dogglers]:   fl=81030118
06-30 16:45:14.494  1751  1817 I ViewRootImpl@353c27e[dogglers]:   pfl=16000010
06-30 16:45:14.494  1751  1817 I ViewRootImpl@353c27e[dogglers]:   bhv=DEFAULT
06-30 16:45:14.494  1751  1817 I ViewRootImpl@353c27e[dogglers]:   fitSides= naviIconColor=0}
06-30 16:45:14.495  2243  2243 I TopTaskTracker: onTaskMovedToFront : taskId = 303
06-30 16:45:14.496  1282  1547 V WindowManager: Relayout Window{139d556 u0 Splash Screen com.example.dogglers}: viewVisibility=0 req=1080x2400 d0
06-30 16:45:14.496   873   909 I SurfaceFlinger: id=9250 createSurf flag=40004, Splash Screen com.example.dogglers$_1751#9250
06-30 16:45:14.497  1282  1547 V WindowManager: Relayout hash=139d556, pid=1751, syncId=-1: mAttrs={(0,0)(fillxfill) sim={adjust=pan} ty=APPLICATION_STARTING fmt=TRANSLUCENT wanim=0x1030309
06-30 16:45:14.497  1282  1547 V WindowManager:   fl=81030118
06-30 16:45:14.497  1282  1547 V WindowManager:   pfl=16000010
06-30 16:45:14.497  1282  1547 V WindowManager:   bhv=DEFAULT
06-30 16:45:14.497  1282  1547 V WindowManager:   fitSides= naviIconColor=0}
06-30 16:45:14.498  1751  1817 I ViewRootImpl@353c27e[dogglers]: updateBlastSurfaceIfNeeded mBlastBufferQueue=null isSameSurfaceControl=false
06-30 16:45:14.498  1751  1817 I BLASTBufferQueue: new BLASTBufferQueue, mName= ViewRootImpl@353c27e[dogglers] mNativeObject= 0x7c59837d70 sc.mNativeObject= 0x7be97925f0 caller= android.view.ViewRootImpl.updateBlastSurfaceIfNeeded:2909 android.view.ViewRootImpl.relayoutWindow:9847 android.view.ViewRootImpl.performTraversals:3884 android.view.ViewRootImpl.doTraversal:3116 android.view.ViewRootImpl$TraversalRunnable.run:10885 android.view.Choreographer$CallbackRecord.run:1301 android.view.Choreographer$CallbackRecord.run:1309 android.view.Choreographer.doCallbacks:923 android.view.Choreographer.doFrame:852 android.view.Choreographer$FrameDisplayEventReceiver.run:1283
06-30 16:45:14.498  1751  1817 I BLASTBufferQueue: update, w= 1080 h= 2400 mName = ViewRootImpl@353c27e[dogglers] mNativeObject= 0x7c59837d70 sc.mNativeObject= 0x7be97925f0 format= -3 caller= android.graphics.BLASTBufferQueue.<init>:84 android.view.ViewRootImpl.updateBlastSurfaceIfNeeded:2909 android.view.ViewRootImpl.relayoutWindow:9847 android.view.ViewRootImpl.performTraversals:3884 android.view.ViewRootImpl.doTraversal:3116 android.view.ViewRootImpl$TraversalRunnable.run:10885
06-30 16:45:14.498  1751  1817 I ViewRootImpl@353c27e[dogglers]: Relayout returned: old=(0,0,1080,2400) new=(0,0,1080,2400) req=(1080,2400)0 dur=4 res=0x3 s={true 0x7ce9acafc0} ch=true seqId=0
06-30 16:45:14.499  1751  1817 I ViewRootImpl@353c27e[dogglers]: mThreadedRenderer.initialize() mSurface={isValid=true 0x7ce9acafc0} hwInitialized=true
06-30 16:45:14.499  1751  1828 D OpenGLRenderer: eglCreateWindowSurface
06-30 16:45:14.500   782   782 D gralloc : [mali_gralloc_allocate] begin
06-30 16:45:14.500   782   782 D gralloc : buffer_descriptor: wh(1080 2400) usage_pc(0x40000000000b00 0x40000000000b00) hal_format(0x1) layer_count(1) sizes(0 0 0) strde(0) byte_stride(0) alloc_wh(0 0) internal_format(0x0) alloc_format(0x0) fd_count(1) plane_count(0)
06-30 16:45:14.500   782   782 D gralloc : [mali_gralloc_allocate] allocation successful
06-30 16:45:14.501   782   782 D gralloc : [mali_gralloc_allocate] begin
06-30 16:45:14.501   782   782 D gralloc : buffer_descriptor: wh(1080 2400) usage_pc(0x40000000000b00 0x40000000000b00) hal_format(0x1) layer_count(1) sizes(0 0 0) strde(0) byte_stride(0) alloc_wh(0 0) internal_format(0x0) alloc_format(0x0) fd_count(1) plane_count(0)
06-30 16:45:14.501   782   782 D gralloc : [mali_gralloc_allocate] allocation successful
06-30 16:45:14.501   782   782 D gralloc : [mali_gralloc_allocate] begin
06-30 16:45:14.501   782   782 D gralloc : buffer_descriptor: wh(1080 2400) usage_pc(0x40000000000b00 0x40000000000b00) hal_format(0x1) layer_count(1) sizes(0 0 0) strde(0) byte_stride(0) alloc_wh(0 0) internal_format(0x0) alloc_format(0x0) fd_count(1) plane_count(0)
06-30 16:45:14.502  1282  1547 D InputDispatcher: Focused application(0): ActivityRecord{bc06ddf u0 com.example.dogglers/.MainActivity} t303}
06-30 16:45:14.502   782   782 D gralloc : [mali_gralloc_allocate] allocation successful
06-30 16:45:14.502   782   782 D gralloc : [mali_gralloc_allocate] begin
06-30 16:45:14.502   782   782 D gralloc : buffer_descriptor: wh(1080 2400) usage_pc(0x40000000000b00 0x40000000000b00) hal_format(0x1) layer_count(1) sizes(0 0 0) strde(0) byte_stride(0) alloc_wh(0 0) internal_format(0x0) alloc_format(0x0) fd_count(1) plane_count(0)
06-30 16:45:14.503   782   782 D gralloc : [mali_gralloc_allocate] allocation successful
06-30 16:45:14.510   873   873 I SurfaceFlinger: [b38452c com.whatsapp/com.whatsapp.Conversation#9067] FrameRatePriority: -1
06-30 16:45:14.511  1751  1817 I ViewRootImpl@353c27e[dogglers]: reportNextDraw android.view.ViewRootImpl.performTraversals:4438 android.view.ViewRootImpl.doTraversal:3116 android.view.ViewRootImpl$TraversalRunnable.run:10885 android.view.Choreographer$CallbackRecord.run:1301 android.view.Choreographer$CallbackRecord.run:1309
06-30 16:45:14.511  1751  1817 I ViewRootImpl@353c27e[dogglers]: Setup new sync id=0
06-30 16:45:14.511  1751  1817 I ViewRootImpl@353c27e[dogglers]: Setting syncFrameCallback
06-30 16:45:14.511  1751  1817 I ViewRootImpl@353c27e[dogglers]: registerCallbacksForSync syncBuffer=false
06-30 16:45:14.512  1751  1853 I ViewRootImpl@353c27e[dogglers]: Received frameDrawingCallback syncResult=0 frameNum=1.
06-30 16:45:14.512  1751  1853 I ViewRootImpl@353c27e[dogglers]: Setting up sync and frameCommitCallback
06-30 16:45:14.513  1751  1828 I BLASTBufferQueue: [ViewRootImpl@353c27e[dogglers]#343](f:0,a:0) onFrameAvailable the first frame is available
06-30 16:45:14.513  1751  1828 I ViewRootImpl@353c27e[dogglers]: Received frameCommittedCallback lastAttemptedDrawFrameNum=1 didProduceBuffer=true
06-30 16:45:14.514  1751  1828 D OpenGLRenderer: CFMS:: SetUp Pid : 1751    Tid : 1828
06-30 16:45:14.514  1751  1828 W Parcel  : Expecting binder but got null!
06-30 16:45:14.514  1282  1327 W libprocessgroup: Failed to open /dev/blkio//cgroup.procs: No such file or directory
06-30 16:45:14.514  1751  1817 I ViewRootImpl@353c27e[dogglers]: onSyncComplete
06-30 16:45:14.515  1751  1817 I ViewRootImpl@353c27e[dogglers]: setupSync seqId=0 mSyncId=0 fn=1 caller=android.view.ViewRootImpl$$ExternalSyntheticLambda11.accept:6 android.window.SurfaceSyncer.lambda$setupSync$1$android-window-SurfaceSyncer:128 android.window.SurfaceSyncer$$ExternalSyntheticLambda1.accept:8 android.window.SurfaceSyncer$SyncSet.checkIfSyncIsComplete:382 android.window.SurfaceSyncer$SyncSet.markSyncReady:359 android.window.SurfaceSyncer.markSyncReady:151 android.view.ViewRootImpl.performTraversals:4503
06-30 16:45:14.515  1751  1817 I ViewRootImpl@353c27e[dogglers]: reportDrawFinished seqId=0 mSyncId=-1 fn=1 mSurfaceChangedTransaction=0x7c197f2090
06-30 16:45:14.519   873   873 D SurfaceFlinger: [input] inputWindowCommands.focusRequests size is 1
06-30 16:45:14.519   873   984 D SurfaceFlinger: [input] setFocusedWindow: <null>
06-30 16:45:14.521  1282  2386 D InputDispatcher: Focus request (0): <null> but waiting because NOT_FOCUSABLE
06-30 16:45:14.521  1282  2386 D InputDispatcher: Focus left window (0): b38452c com.whatsapp/com.whatsapp.Conversation
06-30 16:45:14.521 31662 31662 I ViewRootImpl@ffcf06a[Conversation]: MSG_WINDOW_FOCUS_CHANGED 0 0
06-30 16:45:14.521  1282  1666 D TrafficStats: tagSocket(920) with statsTag=0xffffffff, statsUid=-1
06-30 16:45:14.523  1282  1691 D NetdEventListenerService: DNS Requested by : 123, 1000
06-30 16:45:14.524   873  2450 I SurfaceFlinger: id=9251 createSurf flag=24000, Surface(name=Task=300)/@0xec4c80 - animation-leash of app_transition#9251
06-30 16:45:14.526   873  2450 I SurfaceFlinger: id=9252 createSurf flag=20004, DimAnimationLayer for Task=303#9252
06-30 16:45:14.526   873  2450 I SurfaceFlinger: id=9253 createSurf flag=24004, Surface(name=Task=303)/@0xeb116f8 - animation-leash of app_transition#9253
06-30 16:45:14.528   782   782 D gralloc : [mali_gralloc_allocate] begin
06-30 16:45:14.528   782   782 D gralloc : buffer_descriptor: wh(1080 2400) usage_pc(0xb66 0xb06) hal_format(0x1) layer_count(1) sizes(0 0 0) strde(0) byte_stride(0) alloc_wh(0 0) internal_format(0x0) alloc_format(0x0) fd_count(1) plane_count(0)
06-30 16:45:14.528   782   782 D gralloc : [mali_gralloc_allocate] allocation successful
06-30 16:45:14.529   873   873 I Layer   : id=9254 Destroyed Screenshot Parent#9254
06-30 16:45:14.533   873  2450 I SurfaceFlinger: id=9255 createSurf flag=80000, c65b47e ActivityRecordInputSink com.example.dogglers/.MainActivity#9255
06-30 16:45:14.536 27856 27856 D LifecycleMonitor: Lifecycle status change: com.example.dogglers.MainActivity@e6761ce in: PRE_ON_CREATE
06-30 16:45:14.536   873   873 I Layer   : Layer [Splash Screen com.example.dogglers$_1751#9250] hidden!! flag(0)
06-30 16:45:14.536 27856 27856 V ActivityScenario: Activity lifecycle changed event received but ignored because the reported transition was not ON_CREATE while the last known transition was PRE_ON_CREATE
06-30 16:45:14.536  1282  1308 I SemPersonaManager: SecureFolder personaId = 150
06-30 16:45:14.544   782   782 D gralloc : [mali_gralloc_allocate] begin
06-30 16:45:14.544   782   782 D gralloc : buffer_descriptor: wh(1080 1) usage_pc(0xb66 0xb06) hal_format(0x1) layer_count(1) sizes(0 0 0) strde(0) byte_stride(0) alloc_wh(0 0) internal_format(0x0) alloc_format(0x0) fd_count(1) plane_count(0)
06-30 16:45:14.544   782   782 D gralloc : [mali_gralloc_allocate] allocation successful
06-30 16:45:14.545   873   873 I Layer   : id=9256 Destroyed Screenshot Parent#9256
06-30 16:45:14.545  1282  1308 D EnterpriseDeviceManagerService: isMdmAdminPresentInternal() : MDM Admin Found - com.samsung.knox.securefolder
06-30 16:45:14.547   873  2742 I SurfaceFlinger: id=9257 createSurf flag=40404, Bottom Edge Extension#9257
06-30 16:45:14.547   873  2742 I SurfaceFlinger: id=9258 createSurf flag=400, bbq-wrapper#9258
06-30 16:45:14.548  1282 14499 I BLASTBufferQueue: [bbq-adapter#402](f:0,a:0) onFrameAvailable the first frame is available
06-30 16:45:14.548   782   782 D gralloc : [mali_gralloc_allocate] begin
06-30 16:45:14.548   782   782 D gralloc : buffer_descriptor: wh(1080 1) usage_pc(0xb66 0xb06) hal_format(0x1) layer_count(1) sizes(0 0 0) strde(0) byte_stride(0) alloc_wh(0 0) internal_format(0x0) alloc_format(0x0) fd_count(1) plane_count(0)
06-30 16:45:14.549   782   782 D gralloc : [mali_gralloc_allocate] allocation successful
06-30 16:45:14.549   873   873 I Layer   : id=9259 Destroyed Screenshot Parent#9259
06-30 16:45:14.551   873   909 I SurfaceFlinger: id=9260 createSurf flag=40404, Top Edge Extension#9260
06-30 16:45:14.552   873   909 I SurfaceFlinger: id=9261 createSurf flag=400, bbq-wrapper#9261
06-30 16:45:14.553  1282 14500 I BLASTBufferQueue: [bbq-adapter#403](f:0,a:0) onFrameAvailable the first frame is available
06-30 16:45:14.554  1282  2881 I MediaSessionMonitor: Media session stopped : controllerList empty
06-30 16:45:14.555 27856 27856 I DecorView: [INFO] isPopOver=false config=true
06-30 16:45:14.555 27856 27856 I DecorView: updateCaptionType: isFloating=false isApplication=true hasWindowDecorCaption=false this=DecorView@4e89cb6[]
06-30 16:45:14.555 27856 27856 D DecorView: setCaptionType = 0, this = DecorView@4e89cb6[]
06-30 16:45:14.556   873   873 D SurfaceFlinger: Display 4633128672291735937 HWC layers:
06-30 16:45:14.556   873   873 D SurfaceFlinger:      CLIENT | 0x718d8712f0 | 0102 | RGBA_8888    |    0.0    0.0    0.0    0.0 |    0    0    0    0 | bbq-wrapper#9258
06-30 16:45:14.556   873   873 D SurfaceFlinger:      DEVICE | 0x718d874350 | 0102 | RGBA_8888    |    0.0    0.0 1080.0 2400.0 |    0    0 1080 2400 | com.whatsapp/com.whatsapp.Conversation$_31662#9233
06-30 16:45:14.556   873   873 D SurfaceFlinger:      DEVICE | 0x718d8724f0 | 0100 | RGBA_8888    |    0.0    0.0 1080.0   78.0 |    0    0 1080   78 | StatusBar$_1751#88
06-30 16:45:14.556   873   873 D SurfaceFlinger:      DEVICE | 0x718d8202f0 | 0100 | RGBA_8888    |    0.0    0.0   67.0  493.0 |    0 1188   67 1681 | com.samsung.android.app.cocktailbars[...]ervice.CocktailBarService$_4690#9140
06-30 16:45:14.556   873   873 D SurfaceFlinger:      DEVICE | 0x718d862350 | 0100 | RGBA_8888    |    0.0    0.0  388.0   48.0 |  692 2352 1080 2400 | SGestureOverlayWindow$_2243#9132
06-30 16:45:14.556   873   873 D SurfaceFlinger:      DEVICE | 0x718d856650 | 0100 | RGBA_8888    |    0.0    0.0 1080.0  126.0 |    0 2274 1080 2400 | NavigationBar0$_1751#83
06-30 16:45:14.556   873   873 D SurfaceFlinger:
06-30 16:45:14.556 27856 27856 I DecorView: getCurrentDensityDpi: from real metrics. densityDpi=420 msg=resources_loaded
06-30 16:45:14.556 27856 27856 I DecorView: setWindowBackground: isPopOver=false color=ff121212 d=android.graphics.drawable.ColorDrawable@cb5d924
06-30 16:45:14.557  4690  4690 I ActivityUtils: HomePackage : com.sec.android.app.launcher, resumePackageName : com.example.dogglers
06-30 16:45:14.561  1282  1327 W libprocessgroup: Failed to open /dev/blkio//cgroup.procs: No such file or directory
06-30 16:45:14.565 27856 27856 D LifecycleMonitor: Lifecycle status change: com.example.dogglers.MainActivity@e6761ce in: CREATED
06-30 16:45:14.565 27856 27856 V ActivityScenario: Update currentActivityStage to CREATED, currentActivity=com.example.dogglers.MainActivity@e6761ce
06-30 16:45:14.566 27856 27856 D LifecycleMonitor: Lifecycle status change: com.example.dogglers.MainActivity@e6761ce in: STARTED
06-30 16:45:14.566 27856 27856 V ActivityScenario: Update currentActivityStage to STARTED, currentActivity=com.example.dogglers.MainActivity@e6761ce
06-30 16:45:14.567 27856 27856 D LifecycleMonitor: Lifecycle status change: com.example.dogglers.MainActivity@e6761ce in: RESUMED
06-30 16:45:14.567 27856 27856 V ActivityScenario: Update currentActivityStage to RESUMED, currentActivity=com.example.dogglers.MainActivity@e6761ce
06-30 16:45:14.568 27856 27856 I MSHandlerLifeCycle: check: return. pkg=com.example.dogglers parent=null callers=com.android.internal.policy.DecorView.setVisibility:4416 android.app.ActivityThread.handleResumeActivity:5476 android.app.servertransaction.ResumeActivityItem.execute:54 android.app.servertransaction.ActivityTransactionItem.execute:45 android.app.servertransaction.TransactionExecutor.executeLifecycleState:176
06-30 16:45:14.568 27856 27856 I MSHandlerLifeCycle: removeMultiSplitHandler: no exist. decor=DecorView@4e89cb6[]
06-30 16:45:14.570 27856 27962 D NativeCustomFrequencyManager: [NativeCFMS] BpCustomFrequencyManager::BpCustomFrequencyManager()
06-30 16:45:14.572  1282  2386 D InputTransport: Input channel constructed: '49cd67d', fd=952
06-30 16:45:14.572  1282  2386 D InputTransport: Input channel constructed: '49cd67d', fd=965
06-30 16:45:14.572  1282  2386 D InputTransport: Input channel constructed: '49cd67d', fd=1001
06-30 16:45:14.572   873  2742 I SurfaceFlinger: id=9262 createSurf flag=80004, 49cd67d com.example.dogglers/com.example.dogglers.MainActivity#9262
06-30 16:45:14.572  1282  2386 D InputTransport: Input channel destroyed: '49cd67d', fd=1001
06-30 16:45:14.573 27856 27856 D InsetsController: onStateChanged: InsetsState: {mDisplayFrame=Rect(0, 0 - 1080, 2400), mDisplayCutout=DisplayCutout{insets=Rect(0, 78 - 0, 0) waterfall=Insets{left=0, top=0, right=0, bottom=0} boundingRect={Bounds=[Rect(0, 0 - 0, 0), Rect(690, 0 - 750, 78), Rect(0, 0 - 0, 0), Rect(0, 0 - 0, 0)]} cutoutPathParserInfo={CutoutPathParserInfo{displayWidth=1080 displayHeight=2400 physicalDisplayWidth=1440 physicalDisplayHeight=3200 density={3.0} cutoutSpec={M 0,0 H -10 V 26 H 10 V 0 H 0 Z @dp} rotation={0} scale={1.0} physicalPixelDisplaySizeRatio={1.0}}}}, mRoundedCorners=RoundedCorners{[RoundedCorner{position=TopLeft, radius=63, center=Point(63, 63)}, RoundedCorner{position=TopRight, radius=63, center=Point(1017, 63)}, RoundedCorner{position=BottomRight, radius=63, center=Point(1017, 2337)}, RoundedCorner{position=BottomLeft, radius=63, center=Point(63, 2337)}]}  mRoundedCornerFrame=Rect(0, 0 - 1080, 2400), mPrivacyIndicatorBounds=PrivacyIndicatorBounds {static bounds=Rect(964, 0 - 1080, 78) rotation=0}, mSources= { InsetsSource: {mType=ITYPE_STATUS_BAR, mFrame=[0,0][1080,78], mVisible=true, mInsetsRoundedCornerFrame=false}, InsetsSource: {mType=ITYPE_NAVIGATION_BAR, mFrame=[0,2400][1080,2400], mVisible=true, mInsetsRoundedCornerFrame=false}, InsetsSource: {mType=ITYPE_LEFT_GESTURES, mFrame=[0,0][0,2400], mVisible=true, mInsetsRoundedCornerFrame=false}, InsetsSource: {mType=ITYPE_RIGHT_GESTURES, mFrame=[1080,0][1080,2400], mVisible=true, mInsetsRoundedCornerFrame=false}, InsetsSource: {mType=ITYPE_TOP_MANDATORY_GESTURES, mFrame=[0,0][1080,110], mVisible=true, mInsetsRoundedCornerFrame=false}, InsetsSource: {mType=ITYPE_BOTTOM_MANDATORY_GESTURES, mFrame=[0,2348][1080,2400], mVisible=true, mInsetsRoundedCornerFrame=false}, InsetsSource: {mType=ITYPE_LEFT_DISPLAY_CUTOUT, mFrame=[0,0][-100000,2400], mVisible=true, mInsetsRoundedCornerFrame=false}, InsetsSource: {mType=ITYPE_TOP_DISPLAY_CUTOUT, mFrame=[0,0][1080,78], mVisible=true, mInsetsRoundedCornerFrame=false}, InsetsSource: {mType=ITYPE_RIGHT_DISPLAY_CUTOUT, mFrame=[100000,0][1080,2400], mVisible=true, mInsetsRoundedCornerFrame=false}, InsetsSource: {mType=ITYPE_BOTTOM_DISPLAY_CUTOUT, mFrame=[0,100000][1080,2400], mVisible=true, mInsetsRoundedCornerFrame=false}, InsetsSource: {mType=ITYPE_TOP_TAPPABLE_ELEMENT, mFrame=[0,0][1080,78], mVisible=true, mInsetsRoundedCornerFrame=false}, InsetsSource: {mType=ITYPE_BOTTOM_TAPPABLE_ELEMENT, mFrame=[0,0][0,0], mVisible=true, mInsetsRoundedCornerFrame=false}, InsetsSource: {mType=ITYPE_IME, mFrame=[0,0][0,0], mVisibleFrame=[0,1478][1080,2400], mVisible=false, mInsetsRoundedCornerFrame=false} } host=com.example.dogglers/com.example.dogglers.MainActivity from=android.view.ViewRootImpl.setView:1732
06-30 16:45:14.573   873   873 D SurfaceFlinger: Display 4633128672291735937 HWC layers:
06-30 16:45:14.573   873   873 D SurfaceFlinger:      CLIENT | 0x718d8712f0 | 0102 | RGBA_8888    |    0.0    0.0    0.0    0.0 |    0 2396 1080 2400 | bbq-wrapper#9258
06-30 16:45:14.573   873   873 D SurfaceFlinger:      DEVICE | 0x718d874350 | 0102 | RGBA_8888    |    0.0    4.0 1080.0 2400.0 |    0    0 1080 2396 | com.whatsapp/com.whatsapp.Conversation$_31662#9233
06-30 16:45:14.573   873   873 D SurfaceFlinger:      DEVICE | 0x718d84cb10 | 0102 | RGBA_8888    |    0.0    0.0 1080.0    1.0 |    0    0 1080  427 | bbq-wrapper#9261
06-30 16:45:14.573   873   873 D SurfaceFlinger:      DEVICE | 0x718d80db10 | 0100 | RGBA_8888    |    0.0    0.0 1080.0 1973.0 |    0  427 1080 2400 | Splash Screen com.example.dogglers$_1751#9250
06-30 16:45:14.573   873   873 D SurfaceFlinger:      DEVICE | 0x718d8724f0 | 0100 | RGBA_8888    |    0.0    0.0 1080.0   78.0 |    0    0 1080   78 | StatusBar$_1751#88
06-30 16:45:14.573   873   873 D SurfaceFlinger:      DEVICE | 0x718d8202f0 | 0100 | RGBA_8888    |    0.0    0.0   67.0  493.0 |    0 1188   67 1681 | com.samsung.android.app.cocktailbars[...]ervice.CocktailBarService$_4690#9140
06-30 16:45:14.573   873   873 D SurfaceFlinger:      DEVICE | 0x718d862350 | 0100 | RGBA_8888    |    0.0    0.0  388.0   48.0 |  692 2352 1080 2400 | SGestureOverlayWindow$_2243#9132
06-30 16:45:14.573   873   873 D SurfaceFlinger:
06-30 16:45:14.573   873   873 D SurfaceFlinger:     DEVICE | 0x718d856650 | 0100 | RGBA_8888    |    0.0    0.0 1080.0  126.0 |    0 2274 1080 2400 | NavigationBar0$_1751#83
06-30 16:45:14.573   873   873 D SurfaceFlinger:
06-30 16:45:14.574 27856 27856 I ViewRootImpl@2f9f66[MainActivity]: setView = com.android.internal.policy.DecorView@4e89cb6 TM=true
06-30 16:45:14.574 27856 27856 I MSHandlerLifeCycle: removeMultiSplitHandler: no exist. decor=DecorView@4e89cb6[MainActivity]
06-30 16:45:14.575  1282  1399 D AnalyticsContainerHandler: handleMessage : { when=0 what=1 target=com.android.server.knox.KnoxAnalyticsContainer$AnalyticsHandler }
06-30 16:45:14.581   873   873 D SurfaceFlinger: Display 4633128672291735937 HWC layers:
06-30 16:45:14.581   873   873 D SurfaceFlinger:      CLIENT | 0x718d8712f0 | 0102 | RGBA_8888    |    0.0    0.0    0.0    0.0 |    0 2392 1080 2400 | bbq-wrapper#9258
06-30 16:45:14.581   873   873 D SurfaceFlinger:      DEVICE | 0x718d874350 | 0102 | RGBA_8888    |    0.0    8.0 1080.0 2400.0 |    0    0 1080 2392 | com.whatsapp/com.whatsapp.Conversation$_31662#9233
06-30 16:45:14.581   873   873 D SurfaceFlinger:      DEVICE | 0x718d84cb10 | 0102 | RGBA_8888    |    0.0    0.0 1080.0    1.0 |    0    0 1080  403 | bbq-wrapper#9261
06-30 16:45:14.581   873   873 D SurfaceFlinger:  SOLID_COLOR |              | 0000 |  Unknown  |    0.0    0.0    0.0    0.0 |    0    0 1080 2400 | DimAnimationLayer for Task=303#9252
06-30 16:45:14.581   873   873 D SurfaceFlinger:      DEVICE | 0x718d80db10 | 0100 | RGBA_8888    |    0.0    0.0 1080.0 1997.0 |    0  403 1080 2400 | Splash Screen com.example.dogglers$_1751#9250
06-30 16:45:14.581   873   873 D SurfaceFlinger:      DEVICE | 0x718d8724f0 | 0100 | RGBA_8888    |    0.0    0.0 1080.0   78.0 |    0    0 1080   78 | StatusBar$_1751#88
06-30 16:45:14.581   873   873 D SurfaceFlinger:      DEVICE | 0x718d8202f0 | 0100 | RGBA_8888    |    0.0    0.0   67.0  493.0 |    0 1188   67 1681 | com.samsung.android.app.cocktailbars[...]ervice.CocktailBarService$_4690#9140
06-30 16:45:14.581   873   873 D SurfaceFlinger:      DEVICE | 0x718d862350 | 0100 | RGBA_8888    |    0.0    0.0  388.0   48.0 |  692 2352 1080 2400 | SGestureOverlayWindow$_2243#9132
06-30 16:45:14.581   873   873 D SurfaceFlinger:      DEVICE | 0x718d856650 | 0100 | RGBA_8888    |    0.0    0.0 1080.0  126.0 |    0 2274 1080 2400 | NavigationBar0$_1751#83
06-30 16:45:14.581   873   873 D SurfaceFlinger:
06-30 16:45:14.582 27856 27856 I ViewRootImpl@2f9f66[MainActivity]: performTraversals params={(0,0)(fillxfill) sim={adjust=pan forwardNavigation} ty=BASE_APPLICATION wanim=0x1030309
06-30 16:45:14.582 27856 27856 I ViewRootImpl@2f9f66[MainActivity]:   fl=81810100
06-30 16:45:14.582 27856 27856 I ViewRootImpl@2f9f66[MainActivity]:   pfl=12020040
06-30 16:45:14.582 27856 27856 I ViewRootImpl@2f9f66[MainActivity]:   bhv=DEFAULT
06-30 16:45:14.582 27856 27856 I ViewRootImpl@2f9f66[MainActivity]:   fitSides= naviIconColor=0}
06-30 16:45:14.583 27856 27856 I ViewRootImpl@2f9f66[MainActivity]: performTraversals mFirst=true windowShouldResize=true viewVisibilityChanged=false mForceNextWindowRelayout=false params={(0,0)(fillxfill) sim={adjust=pan forwardNavigation} ty=BASE_APPLICATION wanim=0x1030309
06-30 16:45:14.583 27856 27856 I ViewRootImpl@2f9f66[MainActivity]:   fl=81810100
06-30 16:45:14.583 27856 27856 I ViewRootImpl@2f9f66[MainActivity]:   pfl=12020040
06-30 16:45:14.583 27856 27856 I ViewRootImpl@2f9f66[MainActivity]:   bhv=DEFAULT
06-30 16:45:14.583 27856 27856 I ViewRootImpl@2f9f66[MainActivity]:   fitSides= naviIconColor=0}
06-30 16:45:14.583  1282  2386 V WindowManager: Relayout Window{49cd67d u0 com.example.dogglers/com.example.dogglers.MainActivity}: viewVisibility=0 req=1080x2400 d0
06-30 16:45:14.583   873  2742 I SurfaceFlinger: id=9263 createSurf flag=40004, com.example.dogglers/com.example.dogglers.MainActivity$_27856#9263
06-30 16:45:14.586   873  2450 I SurfaceFlinger: id=9264 createSurf flag=24000, Surface(name=1c611dd StatusBar)/@0xee99fdd - animation-leash of insets_animation#9264
06-30 16:45:14.587   873  2450 I SurfaceFlinger: id=9265 createSurf flag=24000, Surface(name=37aeaf NavigationBar0)/@0x2817b20 - animation-leash of insets_animation#9265
06-30 16:45:14.588  1282  2386 V WindowManager: Relayout hash=49cd67d, pid=27856, syncId=-1: mAttrs={(0,0)(fillxfill) sim={adjust=pan forwardNavigation} ty=BASE_APPLICATION wanim=0x1030309
06-30 16:45:14.588  1282  2386 V WindowManager:   fl=81810100
06-30 16:45:14.588  1282  2386 V WindowManager:   pfl=12020040
06-30 16:45:14.588  1282  2386 V WindowManager:   bhv=DEFAULT
06-30 16:45:14.588  1282  2386 V WindowManager:   fitSides= naviIconColor=0}
06-30 16:45:14.589 27856 27856 I ViewRootImpl@2f9f66[MainActivity]: updateBlastSurfaceIfNeeded mBlastBufferQueue=null isSameSurfaceControl=false
06-30 16:45:14.589 27856 27856 I BLASTBufferQueue: new BLASTBufferQueue, mName= ViewRootImpl@2f9f66[MainActivity] mNativeObject= 0x7c59795ed0 sc.mNativeObject= 0x7be97b3540 caller= android.view.ViewRootImpl.updateBlastSurfaceIfNeeded:2909 android.view.ViewRootImpl.relayoutWindow:9847 android.view.ViewRootImpl.performTraversals:3884 android.view.ViewRootImpl.doTraversal:3116 android.view.ViewRootImpl$TraversalRunnable.run:10885 android.view.Choreographer$CallbackRecord.run:1301 android.view.Choreographer$CallbackRecord.run:1309 android.view.Choreographer.doCallbacks:923 android.view.Choreographer.doFrame:852 android.view.Choreographer$FrameDisplayEventReceiver.run:1283
06-30 16:45:14.590 27856 27856 I BLASTBufferQueue: update, w= 1080 h= 2400 mName = ViewRootImpl@2f9f66[MainActivity] mNativeObject= 0x7c59795ed0 sc.mNativeObject= 0x7be97b3540 format= -1 caller= android.graphics.BLASTBufferQueue.<init>:84 android.view.ViewRootImpl.updateBlastSurfaceIfNeeded:2909 android.view.ViewRootImpl.relayoutWindow:9847 android.view.ViewRootImpl.performTraversals:3884 android.view.ViewRootImpl.doTraversal:3116 android.view.ViewRootImpl$TraversalRunnable.run:10885
06-30 16:45:14.590 27856 27856 I ViewRootImpl@2f9f66[MainActivity]: Relayout returned: old=(0,0,1080,2400) new=(0,0,1080,2400) req=(1080,2400)0 dur=6 res=0x3 s={true 0x7ce97732a0} ch=true seqId=0
06-30 16:45:14.590 27856 27856 I ViewRootImpl@2f9f66[MainActivity]: mThreadedRenderer.initialize() mSurface={isValid=true 0x7ce97732a0} hwInitialized=true
06-30 16:45:14.590 27856 27962 D OpenGLRenderer: eglCreateWindowSurface
06-30 16:45:14.591   782   782 D gralloc : [mali_gralloc_allocate] begin
06-30 16:45:14.591   782   782 D gralloc : buffer_descriptor: wh(1080 2400) usage_pc(0x40000000000b00 0x40000000000b00) hal_format(0x1) layer_count(1) sizes(0 0 0) strde(0) byte_stride(0) alloc_wh(0 0) internal_format(0x0) alloc_format(0x0) fd_count(1) plane_count(0)
06-30 16:45:14.592   782   782 D gralloc : [mali_gralloc_allocate] allocation successful
06-30 16:45:14.592   782   782 D gralloc : [mali_gralloc_allocate] begin
06-30 16:45:14.592   782   782 D gralloc : buffer_descriptor: wh(1080 2400) usage_pc(0x40000000000b00 0x40000000000b00) hal_format(0x1) layer_count(1) sizes(0 0 0) strde(0) byte_stride(0) alloc_wh(0 0) internal_format(0x0) alloc_format(0x0) fd_count(1) plane_count(0)
06-30 16:45:14.592 27856 27856 I ViewRootImpl@2f9f66[MainActivity]: reportNextDraw android.view.ViewRootImpl.performTraversals:4438 android.view.ViewRootImpl.doTraversal:3116 android.view.ViewRootImpl$TraversalRunnable.run:10885 android.view.Choreographer$CallbackRecord.run:1301 android.view.Choreographer$CallbackRecord.run:1309
06-30 16:45:14.593 27856 27856 I ViewRootImpl@2f9f66[MainActivity]: Setup new sync id=0
06-30 16:45:14.593 27856 27856 I ViewRootImpl@2f9f66[MainActivity]: Setting syncFrameCallback
06-30 16:45:14.593 27856 27856 I ViewRootImpl@2f9f66[MainActivity]: registerCallbacksForSync syncBuffer=false
06-30 16:45:14.594   782   782 D gralloc : [mali_gralloc_allocate] allocation successful
06-30 16:45:14.594   782   782 D gralloc : [mali_gralloc_allocate] begin
06-30 16:45:14.594   782   782 D gralloc : buffer_descriptor: wh(1080 2400) usage_pc(0x40000000000b00 0x40000000000b00) hal_format(0x1) layer_count(1) sizes(0 0 0) strde(0) byte_stride(0) alloc_wh(0 0) internal_format(0x0) alloc_format(0x0) fd_count(1) plane_count(0)
06-30 16:45:14.596   782   782 D gralloc : [mali_gralloc_allocate] allocation successful
06-30 16:45:14.596   782   782 D gralloc : [mali_gralloc_allocate] begin
06-30 16:45:14.596   782   782 D gralloc : buffer_descriptor: wh(1080 2400) usage_pc(0x40000000000b00 0x40000000000b00) hal_format(0x1) layer_count(1) sizes(0 0 0) strde(0) byte_stride(0) alloc_wh(0 0) internal_format(0x0) alloc_format(0x0) fd_count(1) plane_count(0)
06-30 16:45:14.597   782   782 D gralloc : [mali_gralloc_allocate] allocation successful
06-30 16:45:14.598 27856 28012 I ViewRootImpl@2f9f66[MainActivity]: Received frameDrawingCallback syncResult=0 frameNum=1.
06-30 16:45:14.598 27856 28012 I ViewRootImpl@2f9f66[MainActivity]: Setting up sync and frameCommitCallback
06-30 16:45:14.599 27856 27962 I BLASTBufferQueue: [ViewRootImpl@2f9f66[MainActivity]#5](f:0,a:0) onFrameAvailable the first frame is available
06-30 16:45:14.600 27856 27962 I ViewRootImpl@2f9f66[MainActivity]: Received frameCommittedCallback lastAttemptedDrawFrameNum=1 didProduceBuffer=true
06-30 16:45:14.600 27856 27962 D OpenGLRenderer: CFMS:: SetUp Pid : 27856    Tid : 27962
06-30 16:45:14.600 27856 27962 W Parcel  : Expecting binder but got null!
06-30 16:45:14.600 27856 27856 I ViewRootImpl@2f9f66[MainActivity]: onSyncComplete
06-30 16:45:14.601 27856 27856 I ViewRootImpl@2f9f66[MainActivity]: setupSync seqId=0 mSyncId=0 fn=1 caller=android.view.ViewRootImpl$$ExternalSyntheticLambda11.accept:6 android.window.SurfaceSyncer.lambda$setupSync$1$android-window-SurfaceSyncer:128 android.window.SurfaceSyncer$$ExternalSyntheticLambda1.accept:8 android.window.SurfaceSyncer$SyncSet.checkIfSyncIsComplete:382 android.window.SurfaceSyncer$SyncSet.markSyncReady:359 android.window.SurfaceSyncer.markSyncReady:151 android.view.ViewRootImpl.performTraversals:4503
06-30 16:45:14.601 27856 27856 I ViewRootImpl@2f9f66[MainActivity]: reportDrawFinished seqId=0 mSyncId=-1 fn=1 mSurfaceChangedTransaction=0x7c1976c290
06-30 16:45:14.602   873   873 I Layer   : id=9234 removeFromCurrentState Surface(name=1c611dd StatusBar)/@0xee99fdd - animation-leash of insets_animation#9234 (130)
06-30 16:45:14.602   873   873 I Layer   : id=9235 removeFromCurrentState Surface(name=37aeaf NavigationBar0)/@0x2817b20 - animation-leash of insets_animation#9235 (130)
06-30 16:45:14.602   873   873 I SurfaceFlinger: [49cd67d com.example.dogglers/com.example.dogglers.MainActivity#9262] FrameRatePriority: 1
06-30 16:45:14.602   873   873 D SurfaceFlinger: [input] inputWindowCommands.focusRequests size is 1
06-30 16:45:14.602   873   873 I SurfaceFlinger: id=9234 Removed Surface(name=1c611dd StatusBar)/@0xee99fdd - animation-leash of insets_animation#9234 (130)
06-30 16:45:14.602   873   873 I SurfaceFlinger: id=9235 Removed Surface(name=37aeaf NavigationBar0)/@0x2817b20 - animation-leash of insets_animation#9235 (130)
06-30 16:45:14.602   873   873 I Layer   : id=9234 Destroyed Surface(name=1c611dd StatusBar)/@0xee99fdd - animation-leash of insets_animation#9234
06-30 16:45:14.602   873   873 I Layer   : id=9235 Destroyed Surface(name=37aeaf NavigationBar0)/@0x2817b20 - animation-leash of insets_animation#9235
06-30 16:45:14.603   873   984 D SurfaceFlinger: [input] setFocusedWindow: 49cd67d com.example.dogglers/com.example.dogglers.MainActivity
06-30 16:45:14.603  1282  1547 D InputDispatcher: Focus request (0): 49cd67d com.example.dogglers/com.example.dogglers.MainActivity but waiting because NO_WINDOW
06-30 16:45:14.605  1282  1305 W ziparchive: Unable to open '/data/app/~~SrSoTLjCMttZvpcb7KR4-A==/com.example.dogglers-uNnBO5hcT2MPht_HF8qqww==/base.dm': No such file or directory
06-30 16:45:14.605  1282  1305 I PkgPredictorService-SecIpmManagerServiceImpl: reportToNAP uid:10286 com.example.dogglers/com.example.dogglers.MainActivity thisTime:129
06-30 16:45:14.607  1282  1305 I ActivityTaskManager: Displayed com.example.dogglers/.MainActivity: +129ms
06-30 16:45:14.607  2894  2894 E pageboostd: Received HALT command code 2
06-30 16:45:14.607   873  2450 I SurfaceFlinger: id=9266 createSurf flag=24000, Surface(name=49cd67d com.example.dogglers/com.example.dogglers.MainActivity)/@0x4f4e4ca - animation-leash of starting_reveal#9266
06-30 16:45:14.609  1282  2386 I SemDvfsHyPerManager: acquire hyper - AMS_RESUME_TAIL/1282@20, type = -999
06-30 16:45:14.609  1282  2386 I SemDvfsHyPerManager: acquire hyper - AMS_ACT_LAZY/1282@21, type = -999
06-30 16:45:14.609   795   895 I HYPER-HAL: [RequestManager.cpp]acquire(): Acquired ID : 848273  [1282 / 20]    HINT : AMS_RESUME_TAIL    list :
06-30 16:45:14.610   795   895 I HYPER-HAL: [ResourceManager.cpp]updateResource(): [CPUMinFreq] UpdateResource Request ID : 848273    Value : 1844882
06-30 16:45:14.610   873   873 I Layer   : Layer [com.example.dogglers/com.example.dogglers.MainActivity$_27856#9263] hidden!! flag(0)
06-30 16:45:14.610   795   895 I HYPER-HAL: [ResourceManager.cpp]removeResource(): [CPUMinFreq] RemoveResource Request ID : 856112
06-30 16:45:14.610   795   895 I HYPER-HAL: [RequestManager.cpp]releaseLocked(): Released ID : 856112
06-30 16:45:14.611  1282  1547 D InputDispatcher: Focus entered window (0): 49cd67d com.example.dogglers/com.example.dogglers.MainActivity
06-30 16:45:14.612  1751  1854 I ViewRootImpl@353c27e[dogglers]: mWNT: t=0x7c198f0c70 mBlastBufferQueue=0x7c59837d70 fn= 2 caller= android.view.SyncRtSurfaceTransactionApplier.applyTransaction:96 android.view.SyncRtSurfaceTransactionApplier.lambda$scheduleApply$0$android-view-SyncRtSurfaceTransactionApplier:69 android.view.SyncRtSurfaceTransactionApplier$$ExternalSyntheticLambda0.onFrameDraw:4
06-30 16:45:14.612  1751  1854 I ViewRootImpl@353c27e[dogglers]: mWNT: t=0x7c198e40d0 mBlastBufferQueue=0x7c59837d70 fn= 2 caller= android.view.SyncRtSurfaceTransactionApplier.applyTransaction:96 android.view.SyncRtSurfaceTransactionApplier.lambda$scheduleApply$0$android-view-SyncRtSurfaceTransactionApplier:69 android.view.SyncRtSurfaceTransactionApplier$$ExternalSyntheticLambda0.onFrameDraw:4
06-30 16:45:14.612  2243  2464 I RecentModel: onTaskStackChangedBackground
06-30 16:45:14.614 27856 27856 I ViewRootImpl@2f9f66[MainActivity]: MSG_WINDOW_FOCUS_CHANGED 1 0
06-30 16:45:14.615 27856 27856 I ViewRootImpl@2f9f66[MainActivity]: mThreadedRenderer.initializeIfNeeded()#2 mSurface={isValid=true 0x7ce97732a0}
06-30 16:45:14.616 27856 27856 D InputMethodManager: startInputInner - Id : 0
06-30 16:45:14.616 27856 27856 I InputMethodManager: startInputInner - mService.startInputOrWindowGainedFocus
06-30 16:45:14.618   873   873 D SurfaceFlinger: Display 4633128672291735937 HWC layers:
06-30 16:45:14.618   873   873 D SurfaceFlinger:      CLIENT | 0x718d8712f0 | 0102 | RGBA_8888    |    0.0    0.0    0.0    0.0 |    0 2368 1080 2400 | bbq-wrapper#9258
06-30 16:45:14.618   873   873 D SurfaceFlinger:      DEVICE | 0x718d874350 | 0102 | RGBA_8888    |    0.0   32.0 1080.0 2400.0 |    0    0 1080 2368 | com.whatsapp/com.whatsapp.Conversation$_31662#9233
06-30 16:45:14.618   873   873 D SurfaceFlinger:      DEVICE | 0x718d84cb10 | 0102 | RGBA_8888    |    0.0    0.0 1080.0    1.0 |    0    0 1080  252 | bbq-wrapper#9261
06-30 16:45:14.618   873   873 D SurfaceFlinger:  SOLID_COLOR |              | 0000 |  Unknown  |    0.0    0.0    0.0    0.0 |    0    0 1080 2400 | DimAnimationLayer for Task=303#9252
06-30 16:45:14.618   873   873 D SurfaceFlinger:      DEVICE | 0x718d85e7b0 | 0102 | RGBA_8888    |    0.0    0.0 1080.0 2148.0 |    0  252 1080 2400 | com.example.dogglers/com.example.dogglers.MainActivity$_27856#9263
06-30 16:45:14.618   873   873 D SurfaceFlinger:      DEVICE | 0x718d80db10 | 0100 | RGBA_8888    |    0.0    0.0 1080.0 2148.0 |    0  252 1080 2400 | Splash Screen com.example.dogglers$_1751#9250
06-30 16:45:14.618   873   873 D SurfaceFlinger:      DEVICE | 0x718d8724f0 | 0100 | RGBA_8888    |    0.0    0.0 1080.0   78.0 |    0    0 1080   78 | StatusBar$_1751#88
06-30 16:45:14.618   873   873 D SurfaceFlinger:      DEVICE
06-30 16:45:14.618   873   873 D SurfaceFlinger:  | 0x718d8202f0 | 0100 | RGBA_8888    |    0.0    0.0   67.0  493.0 |    0 1188   67 1681 | com.samsung.android.app.cocktailbars[...]ervice.CocktailBarService$_4690#9140
06-30 16:45:14.618   873   873 D SurfaceFlinger:      DEVICE | 0x718d862350 | 0100 | RGBA_8888    |    0.0    0.0  388.0   48.0 |  692 2352 1080 2400 | SGestureOverlayWindow$_2243#9132
06-30 16:45:14.618   873   873 D SurfaceFlinger:      DEVICE | 0x718d856650 | 0100 | RGBA_8888    |    0.0    0.0 1080.0  126.0 |    0 2274 1080 2400 | NavigationBar0$_1751#83
06-30 16:45:14.618   873   873 D SurfaceFlinger:
06-30 16:45:14.619  1282  1815 D InputMethodManagerService: DESKTOP MODE! : 2
06-30 16:45:14.619  1282  1815 D InputMethodManagerService: NOT IN KNOX DESKTOP MODE!
06-30 16:45:14.619  1282  1815 V InputMethodManagerService: getDisplayIdOfInputMethodWindowToBeAdded: displayId=0
06-30 16:45:14.619  1282  1815 D InputMethodManagerService: isImeSwitcherDisabledPackage : false
06-30 16:45:14.619  1282  1815 D InputMethodManagerService: checkDisplayOfStartInputAndUpdateKeyboard: displayId=0, mFocusedDisplayId=0
06-30 16:45:14.619  1282  1815 D InputTransport: Input channel constructed: 'ClientS', fd=1001
06-30 16:45:14.619  1282  1815 D InputTransport: Input channel destroyed: 'ClientS', fd=1001
06-30 16:45:14.620 31662 31662 D InputTransport: Input channel destroyed: 'ClientS', fd=223
06-30 16:45:14.620  1751  1853 I ViewRootImpl@353c27e[dogglers]: mWNT: t=0x7c198af2d0 mBlastBufferQueue=0x7c59837d70 fn= 3 caller= android.view.SyncRtSurfaceTransactionApplier.applyTransaction:96 android.view.SyncRtSurfaceTransactionApplier.lambda$scheduleApply$0$android-view-SyncRtSurfaceTransactionApplier:69 android.view.SyncRtSurfaceTransactionApplier$$ExternalSyntheticLambda0.onFrameDraw:4
06-30 16:45:14.623  6001  6001 I HBD     : HoneyBoardService onFinishInput
06-30 16:45:14.623  6001  6001 I HBD     : a IC have been unbinding,  RemoteInputConnection{idHash=#bb98678}
06-30 16:45:14.623  6001  6001 I HBD     : HoneyBoardService [PF_CL][onFinishInput]  0 ms
06-30 16:45:14.623   873  2742 I SurfaceFlinger: id=9267 createSurf flag=24004, Surface(name=ee45561 InputMethod)/@0x4417547 - animation-leash of insets_animation#9267
06-30 16:45:14.623  6001  6001 I HBD     : HoneyBoardService [IMI] onStartInput - caller pid : 27856 , caller uid : 10286
06-30 16:45:14.623  6001  6001 I HBD     : j updateConfigs
06-30 16:45:14.623  6001  6001 I HBD     : j isEnabledNightMode : true
06-30 16:45:14.623  6001  6001 I HBD     : a IC have been binding, RemoteInputConnection{idHash=#dc70151}
06-30 16:45:14.624  6001  6001 I HBD     : h [EditorInputType]setPrivateImeOptionsToTable privateImeOptions ( null )
06-30 16:45:14.624  6001  6001 I HBD     : b incognitoMode : false
06-30 16:45:14.624  6001  6001 I HBD     : a needOff = true , isForceOff = false, isNullInputClass : true
06-30 16:45:14.624  6001  6001 I HBD     : h getDefaultInputRange : UNKNOWN
06-30 16:45:14.624  6001  6001 I HBD     : h getDefaultInputRange : UNKNOWN
06-30 16:45:14.624  6001  6001 I HBD     : h getDefaultInputRange : UNKNOWN
06-30 16:45:14.626  6001  6001 I HBD     : a needOff = true , isForceOff = false, isNullInputClass : true
06-30 16:45:14.627  6001  6001 I HBD     : a update cached prediction status : false
06-30 16:45:14.627   873   873 I Layer   : id=9245 removeFromCurrentState Surface(name=ee45561 InputMethod)/@0x4417547 - animation-leash of insets_animation#9245 (130)
06-30 16:45:14.627   873   873 I Layer   : id=126 removeFromCurrentState ee45561 InputMethod#126 (130)
06-30 16:45:14.627   873   873 I Layer   : id=126 addToCurrentState ee45561 InputMethod#126 (130)
06-30 16:45:14.627   873   873 I SurfaceFlinger: id=9245 Removed Surface(name=ee45561 InputMethod)/@0x4417547 - animation-leash of insets_animation#9245 (130)
