06-30 16:45:11.949   873   873 D SurfaceFlinger:      DEVICE | 0x718d8596b0 | 0100 | RGBA_8888    |    0.0    0.0 1080.0   78.0 |    0    0 1080   78 | StatusBar$_1751#88
06-30 16:45:11.949   873   873 D SurfaceFlinger:      DEVICE | 0x718d8202f0 | 0100 | RGBA_8888    |    0.0    0.0   67.0  493.0 |    0 1188   67 1681 | com.samsung.android.app.cocktailbars[...]ervice.CocktailBarService$_4690#9140
06-30 16:45:11.949   873   873 D SurfaceFlinger:      DEVICE | 0x718d862350 | 0100 | RGBA_8888    |    0.0    0.0  388.0   48.0 |  692 2352 1080 2400 | S
06-30 16:45:11.949   873   873 D SurfaceFlinger: GestureOverlayWindow$_2243#9132
06-30 16:45:11.949   873   873 D SurfaceFlinger:      DEVICE | 0x718d856650 | 0100 | RGBA_8888    |    0.0    0.0 1080.0  126.0 |    0 2274 1080 2400 | NavigationBar0$_1751#83
06-30 16:45:11.949   873   873 D SurfaceFlinger:
06-30 16:45:11.949 27484 28016 I FILP/FilterProvider: query: E
06-30 16:45:11.950 27484 28016 I FILP/b  : removeFromFS : com.example.dogglers, cursor size : 0
06-30 16:45:11.953 27856 27856 D InputMethodManager: startInputInner - Id : 0
06-30 16:45:11.953 27856 27856 I InputMethodManager: startInputInner - mService.startInputOrWindowGainedFocus
06-30 16:45:11.953  1751  1853 I ViewRootImpl@a81225e[dogglers]: mWNT: t=0x7c197a64f0 mBlastBufferQueue=0x7c5994b6d0 fn= 3 caller= android.view.SyncRtSurfaceTransactionApplier.applyTransaction:96 android.view.SyncRtSurfaceTransactionApplier.lambda$scheduleApply$0$android-view-SyncRtSurfaceTransactionApplier:69 android.view.SyncRtSurfaceTransactionApplier$$ExternalSyntheticLambda0.onFrameDraw:4
06-30 16:45:11.954  1282  1305 W ziparchive: Unable to open '/data/app/~~SrSoTLjCMttZvpcb7KR4-A==/com.example.dogglers-uNnBO5hcT2MPht_HF8qqww==/base.dm': No such file or directory
06-30 16:45:11.955 27484 28016 I FILP/b  : Delete DB result : com.example.dogglers, 0
06-30 16:45:11.955  1282  1815 D InputMethodManagerService: DESKTOP MODE! : 2
06-30 16:45:11.955  1282  1815 D InputMethodManagerService: NOT IN KNOX DESKTOP MODE!
06-30 16:45:11.955  1282  1815 V InputMethodManagerService: getDisplayIdOfInputMethodWindowToBeAdded: displayId=0
06-30 16:45:11.956 31662 31662 D InputTransport: Input channel destroyed: 'ClientS', fd=215
06-30 16:45:11.957  1282  1815 D InputTransport: Input channel constructed: 'ClientS', fd=906
06-30 16:45:11.957  1282  1815 D InputTransport: Input channel constructed: 'ClientS', fd=1063
06-30 16:45:11.957  1282  1815 D InputTransport: Input channel destroyed: 'ClientS', fd=1063
06-30 16:45:11.959  1282  1305 I PkgPredictorService-SecIpmManagerServiceImpl: reportToNAP uid:10286 com.example.dogglers/com.example.dogglers.MainActivity thisTime:331
06-30 16:45:11.960 27731 27731 I FILP/PackageIntentReceiver: action : com.samsung.android.provider.filterprovider.INTENT_PACKAGE_ADDED
06-30 16:45:11.960 27731 27731 I FILP/PackageIntentReceiver: pkgName : com.example.dogglers
06-30 16:45:11.961 27731 27731 E FILP/PackageIntentReceiver: This package is not a effect filter
06-30 16:45:11.962  1282  1547 D InputMethodManagerService: isImeSwitcherDisabledPackage : false
06-30 16:45:11.962  1282  1547 D InputMethodManagerService: checkDisplayOfStartInputAndUpdateKeyboard: displayId=0, mFocusedDisplayId=0
06-30 16:45:11.962  1282  1547 D InputTransport: Input channel constructed: 'ClientS', fd=1063
06-30 16:45:11.963  1751  1854 I ViewRootImpl@a81225e[dogglers]: mWNT: t=0x7c19984150 mBlastBufferQueue=0x7c5994b6d0 fn= 4 caller= android.view.SyncRtSurfaceTransactionApplier.applyTransaction:96 android.view.SyncRtSurfaceTransactionApplier.lambda$scheduleApply$0$android-view-SyncRtSurfaceTransactionApplier:69 android.view.SyncRtSurfaceTransactionApplier$$ExternalSyntheticLambda0.onFrameDraw:4
06-30 16:45:11.964  1282  1547 D InputTransport: Input channel destroyed: 'ClientS', fd=1063
06-30 16:45:11.965  6001  6001 I HBD     : HoneyBoardService onFinishInput
06-30 16:45:11.965  6001  6001 I HBD     : a IC have been unbinding,  RemoteInputConnection{idHash=#b421d8c}
06-30 16:45:11.966  6001  6001 I HBD     : HoneyBoardService [PF_CL][onFinishInput]  1 ms
06-30 16:45:11.966  6001  6001 I HBD     : HoneyBoardService [IMI] onStartInput - caller pid : 27856 , caller uid : 10286
06-30 16:45:11.966  6001  6001 I HBD     : j updateConfigs
06-30 16:45:11.966   873   908 I SurfaceFlinger: id=9161 createSurf flag=24004, Surface(name=ee45561 InputMethod)/@0x4417547 - animation-leash of insets_animation#9161
06-30 16:45:11.966  6001  6001 I HBD     : j isEnabledNightMode : true
06-30 16:45:11.966  6001  6001 I HBD     : a IC have been binding, RemoteInputConnection{idHash=#66f6cd5}
06-30 16:45:11.966  6001  6001 I HBD     : h [EditorInputType]setPrivateImeOptionsToTable privateImeOptions ( null )
06-30 16:45:11.966  6001  6001 I HBD     : b incognitoMode : false
06-30 16:45:11.966  6001  6001 I HBD     : a needOff = true , isForceOff = true, isNullInputClass : true
06-30 16:45:11.969  6001  6001 I HBD     : h getDefaultInputRange : UNKNOWN
06-30 16:45:11.969  1751  1853 I ViewRootImpl@a81225e[dogglers]: mWNT: t=0x7c198605b0 mBlastBufferQueue=0x7c5994b6d0 fn= 5 caller= android.view.SyncRtSurfaceTransactionApplier.applyTransaction:96 android.view.SyncRtSurfaceTransactionApplier.lambda$scheduleApply$0$android-view-SyncRtSurfaceTransactionApplier:69 android.view.SyncRtSurfaceTransactionApplier$$ExternalSyntheticLambda0.onFrameDraw:4
06-30 16:45:11.969  6001  6001 I HBD     : h getDefaultInputRange : UNKNOWN
06-30 16:45:11.969  6001  6001 I HBD     : h getDefaultInputRange : UNKNOWN
06-30 16:45:11.974  6001  6001 E HBD     : f metaData is null.
06-30 16:45:11.975 27856 27856 D InputMethodManager: startInputInner - Id : 0
06-30 16:45:11.976   873   873 I Layer   : id=9084 removeFromCurrentState Surface(name=ee45561 InputMethod)/@0x4417547 - animation-leash of insets_animation#9084 (129)
06-30 16:45:11.976   873   873 I SurfaceFlinger: id=9084 Removed Surface(name=ee45561 InputMethod)/@0x4417547 - animation-leash of insets_animation#9084 (129)
06-30 16:45:11.976   873   873 I Layer   : id=9084 Destroyed Surface(name=ee45561 InputMethod)/@0x4417547 - animation-leash of insets_animation#9084
06-30 16:45:11.976  1751  1854 I ViewRootImpl@a81225e[dogglers]: mWNT: t=0x7c1981c4b0 mBlastBufferQueue=0x7c5994b6d0 fn= 6 caller= android.view.SyncRtSurfaceTransactionApplier.applyTransaction:96 android.view.SyncRtSurfaceTransactionApplier.lambda$scheduleApply$0$android-view-SyncRtSurfaceTransactionApplier:69 android.view.SyncRtSurfaceTransactionApplier$$ExternalSyntheticLambda0.onFrameDraw:4
06-30 16:45:11.977 27484 27484 I FILP/PackageIntentReceiver: action : com.samsung.android.provider.filterprovider.INTENT_PACKAGE_ADDED
06-30 16:45:11.977 27484 27484 I FILP/PackageIntentReceiver: pkgName : com.example.dogglers
06-30 16:45:11.978  1282  4455 I SemDvfsHyPerManager: acquire hyper - AMS_RESUME_TAIL/1282@20, type = -999
06-30 16:45:11.978  6001  6001 I HBD     : a needOff = true , isForceOff = false, isNullInputClass : true
06-30 16:45:11.978  1282  4455 I SemDvfsHyPerManager: acquire hyper - AMS_ACT_LAZY/1282@21, type = -999
06-30 16:45:11.978  6001  6001 I HBD     : a update cached prediction status : false
06-30 16:45:11.979   795   895 I HYPER-HAL: [RequestManager.cpp]acquire(): Acquired ID : 848273  [1282 / 20]    HINT : AMS_RESUME_TAIL    list :
06-30 16:45:11.979  6001  6001 I HBD     : h getDefaultInputRange : UNKNOWN
06-30 16:45:11.979  6001  6001 I HBD     : a currentState : 0
06-30 16:45:11.979  6001  6001 I HBD     : a [UpdatePolicy] [post] a: 0 cl: 4325376 kit: [0/0] vt: 0 ir: 1
06-30 16:45:11.979  6001  6001 I HBD     : a [NRIC] resetNoResponseState
06-30 16:45:11.979  6001  6001 I HBD     : a needOff = true , isForceOff = false, isNullInputClass : true
06-30 16:45:11.979  6001  6001 I HBD     : a update cached prediction status : false
06-30 16:45:11.980 27484 27484 E FILP/PackageIntentReceiver: This package is not a effect filter
06-30 16:45:11.981  6001  6001 I HBD     : HoneyBoardService [PF_OP][onStartInput]  14 ms
06-30 16:45:11.982  1282  2792 D InputMethodManagerService: isImeSwitcherDisabledPackage : false
06-30 16:45:11.984   795   895 I HYPER-HAL: [ResourceManager.cpp]updateResource(): [CPUMinFreq] UpdateResource Request ID : 848273    Value : 1844882
06-30 16:45:11.985   795   895 I HYPER-HAL: [ResourceManager.cpp]removeResource(): [CPUMinFreq] RemoveResource Request ID : 856112
06-30 16:45:11.986   795   895 I HYPER-HAL: [RequestManager.cpp]releaseLocked(): Released ID : 856112
06-30 16:45:11.987  6001  6001 I InputMethodService: removeImeSurface
06-30 16:45:11.987  6001  6001 I MSHandlerLifeCycle: check: return. pkg=com.samsung.android.honeyboard isActivity=false callers=com.android.internal.policy.DecorView.setVisibility:4416 android.app.Dialog.hide:767 android.inputmethodservice.InputMethodService.removeImeSurface:1290 android.inputmethodservice.InputMethodService.scheduleImeSurfaceRemoval:1279 android.inputmethodservice.InputMethodService.-$$Nest$mscheduleImeSurfaceRemoval:0
06-30 16:45:11.987  1751  1853 I ViewRootImpl@a81225e[dogglers]: mWNT: t=0x7c198ba5b0 mBlastBufferQueue=0x7c5994b6d0 fn= 7 caller= android.view.SyncRtSurfaceTransactionApplier.applyTransaction:96 android.view.SyncRtSurfaceTransactionApplier.lambda$scheduleApply$0$android-view-SyncRtSurfaceTransactionApplier:69 android.view.SyncRtSurfaceTransactionApplier$$ExternalSyntheticLambda0.onFrameDraw:4
06-30 16:45:11.987  6001  6001 I MSHandlerLifeCycle: removeMultiSplitHandler: no exist. decor=DecorView@cd7d792[InputMethod]
06-30 16:45:11.991   770   797 D audio_hw_primary: device-adev_set_parameters: enter with key(audioHDR=0)
06-30 16:45:11.991   770   797 I audio_hw_primary_odm: odm_adev_set_parameters: enter with key(audioHDR=0)
06-30 16:45:11.991   770   797 I Audio_a2dpsink_hw: adev_set_parameters: kevpairs=[audioHDR=0]
06-30 16:45:11.996  1751  1828 D OpenGLRenderer: setSurface called with nullptr
06-30 16:45:11.996  1751  1828 D OpenGLRenderer: setSurface() destroyed EGLSurface
06-30 16:45:11.996  1751  1828 D OpenGLRenderer: destroyEglSurface
06-30 16:45:12.000  1751  1817 I ViewRootImpl@a81225e[dogglers]: performTraversals params={(0,0)(fillxfill) sim={adjust=pan} ty=APPLICATION_STARTING fmt=TRANSLUCENT wanim=0x1030309 alpha=0.0
06-30 16:45:12.000  1751  1817 I ViewRootImpl@a81225e[dogglers]:   fl=81030118
06-30 16:45:12.000  1751  1817 I ViewRootImpl@a81225e[dogglers]:   pfl=16000010
06-30 16:45:12.000  1751  1817 I ViewRootImpl@a81225e[dogglers]:   bhv=DEFAULT
06-30 16:45:12.000  1751  1817 I ViewRootImpl@a81225e[dogglers]:   fitSides= naviIconColor=0}
06-30 16:45:12.001  1751  1817 I ViewRootImpl@a81225e[dogglers]: performTraversals mFirst=false windowShouldResize=false viewVisibilityChanged=true mForceNextWindowRelayout=false params={(0,0)(fillxfill) sim={adjust=pan} ty=APPLICATION_STARTING fmt=TRANSLUCENT wanim=0x1030309 alpha=0.0
06-30 16:45:12.001  1751  1817 I ViewRootImpl@a81225e[dogglers]:   fl=81030118
06-30 16:45:12.001  1751  1817 I ViewRootImpl@a81225e[dogglers]:   pfl=16000010
06-30 16:45:12.001  1751  1817 I ViewRootImpl@a81225e[dogglers]:   bhv=DEFAULT
06-30 16:45:12.001  1751  1817 I ViewRootImpl@a81225e[dogglers]:   fitSides= naviIconColor=0}
06-30 16:45:12.002  1282  1815 V WindowManager: Relayout Window{f5694e0 u0 Splash Screen com.example.dogglers}: viewVisibility=8 req=1080x2400 d0
06-30 16:45:12.003  1282  1815 V WindowManager: Relayout hash=f5694e0, pid=1751, syncId=-1: mAttrs={(0,0)(fillxfill) sim={adjust=pan} ty=APPLICATION_STARTING fmt=TRANSLUCENT wanim=0x1030309 alpha=0.0
06-30 16:45:12.003  1282  1815 V WindowManager:   fl=81030118
06-30 16:45:12.003  1282  1815 V WindowManager:   pfl=16000010
06-30 16:45:12.003  1282  1815 V WindowManager:   bhv=DEFAULT
06-30 16:45:12.003  1282  1815 V WindowManager:   fitSides= naviIconColor=0}
06-30 16:45:12.004  1282  1327 W libprocessgroup: Failed to open /dev/blkio//cgroup.procs: No such file or directory
06-30 16:45:12.004  1751  1817 I ViewRootImpl@a81225e[dogglers]: Relayout returned: old=(0,0,1080,2400) new=(0,0,1080,2400) req=(1080,2400)8 dur=3 res=0x2 s={false 0x0} ch=true seqId=0
06-30 16:45:12.004  1004  1884 I CameraService: onUidStateChanged: uid=10054, procState is changed. (1 -> 0)
06-30 16:45:12.004  1751  1817 I ViewRootImpl@a81225e[dogglers]: dispatchDetachedFromWindow
06-30 16:45:12.005  1282  2386 D InputTransport: Input channel destroyed: 'f5694e0', fd=670
06-30 16:45:12.005  1282  2386 W InputManager-JNI: Input channel object 'f5694e0 Splash Screen com.example.dogglers (client)' was disposed without first being removed with the input manager!
06-30 16:45:12.005  1282  2386 D InputTransport: Input channel destroyed: 'f5694e0', fd=895
06-30 16:45:12.008  8389  9416 I Icing   : Usage reports ok 0, Failed Usage reports 0, indexed 0, rejected 0
06-30 16:45:12.008  1751  1817 D InputTransport: Input channel destroyed: 'f5694e0', fd=373
06-30 16:45:12.009   873   873 I Layer   : id=9160 removeFromCurrentState Surface(name=4db88d com.example.dogglers/com.example.dogglers.MainActivity)/@0xf70c4ec - animation-leash of starting_reveal#9160 (128)
06-30 16:45:12.016   873   873 D SurfaceFlinger: Display 4633128672291735937 HWC layers:
06-30 16:45:12.016   873   873 D SurfaceFlinger:      CLIENT | 0x718d85cef0 | 0102 | RGBA_8888    |    0.0    0.0    0.0    0.0 |    0    0 1080   15 | bbq-wrapper#9155
06-30 16:45:12.016   873   873 D SurfaceFlinger:  SOLID_COLOR |              | 0000 |  Unknown  |    0.0    0.0    0.0    0.0 |    0    0 1080 2400 | DimAnimationLayer for Task=301#9146
06-30 16:45:12.016   873   873 D SurfaceFlinger:      DEVICE | 0x718d860730 | 0102 | RGBA_8888    |    0.0    0.0 1080.0 2385.0 |    0   15 1080 2400 | com.example.dogglers/com.example.dogglers.MainActivity$_27856#9157
06-30 16:45:12.016   873   873 D SurfaceFlinger:      DEVICE | 0x718d8596b0 | 0100 | RGBA_8888    |    0.0    0.0 1080.0   78.0 |    0    0 1080   78 | StatusBar$_1751#88
06-30 16:45:12.016   873   873 D SurfaceFlinger:      DEVICE | 0x718d8202f0 | 0100 | RGBA_8888    |    0.0    0.0   67.0  493.0 |    0 1188   67 1681 | com.samsung.android.app.cocktailbars[...]ervice.CocktailBarService$_4690#9140
06-30 16:45:12.016   873   873 D SurfaceFlinger:      DEVICE | 0x718d862350 | 0100 | RGBA_8888    |    0.0    0.0  388.0   48.0 |  692 2352 1080 2400 | SGestureOverlayWindow$_2243#9132
06-30 16:45:12.016   873   873 D SurfaceFlinger:      DEVICE | 0x718d856650 | 0100 | RGBA_8888    |    0.0    0.0 1080.0  126.0 |    0 2274 1080 2400 | NavigationBar0
06-30 16:45:12.016   873   873 D SurfaceFlinger: $_1751#83
06-30 16:45:12.016   873   873 D SurfaceFlinger:
06-30 16:45:12.019  8389  9416 I Icing   : Indexing com.google.android.gms-apps from com.google.android.gms
06-30 16:45:12.023  3168 27008 W GCM     : Unexpected forwarded intent: Intent { act=android.intent.action.PACKAGE_ADDED dat=package: flg=0x4000010 pkg=com.google.android.gms cmp=com.google.android.gms/.chimera.PersistentIntentOperationService (has extras) }
06-30 16:45:12.023  1282  1282 I NSLocationMonitor: Broadcast receiver, action=com.samsung.intent.action.BIG_DATA_INFO
06-30 16:45:12.024  1733  1733 D SemBigDataInfoController: Intent: com.samsung.intent.action.BIG_DATA_INFO
06-30 16:45:12.024  1733  1733 D SemBigDataInfoController: BIG_DATA insertLog slot: 0, feature: 26
06-30 16:45:12.027  1733  1733 D SemBigDataInfoController: Intent: com.samsung.intent.action.BIG_DATA_INFO
06-30 16:45:12.029  1733  1746 I System.out: Broadcast completed: result=0
06-30 16:45:12.055  1282  1668 D SemWifiSwitchForIndividualAppsService: isPackageException - result:3, com.example.dogglers
06-30 16:45:12.056  8389  9416 I Icing   : Indexing done com.google.android.gms-apps
06-30 16:45:12.057  8389  9416 I Icing   : Indexing com.google.android.gms-apps from com.google.android.gms
06-30 16:45:12.058  8389  9416 I Icing   : Indexing done com.google.android.gms-apps
06-30 16:45:12.076  4690  4690 I Utils   : isCurrentUser current = 0, ownerId = 0
06-30 16:45:12.077  4690  4690 I TrayVisibilityController: getComputedTrayVisible : keyguardState = 1
06-30 16:45:12.077  4690  4690 I TrayVisibilityController: updateTrayVisible: State=1 visible=1 mCurrentVisible=1 specificMode=0
06-30 16:45:12.077  4690  4690 I TrayStateController: onNotifyUpdateTray: state=0
06-30 16:45:12.101  1282  1305 I ActivityTaskManager: Displayed com.example.dogglers/.MainActivity: +331ms
06-30 16:45:12.102  2894  2894 E pageboostd: Received HALT command code 2
06-30 16:45:12.136   873   873 D SurfaceFlinger: Display 4633128672291735937 HWC layers:
06-30 16:45:12.136   873   873 D SurfaceFlinger:  SOLID_COLOR |              | 0000 |  Unknown  |    0.0    0.0    0.0    0.0 |    0    0 1080 2400 | DimAnimationLayer for Task=301#9146
06-30 16:45:12.136   873   873 D SurfaceFlinger:      DEVICE | 0x718d860730 | 0102 | RGBA_8888    |    0.0    0.0 1080.0 2400.0 |    0    0 1080 2400 | com.example.dogglers/com.example.dogglers.MainActivity$_27856#9157
06-30 16:45:12.136   873   873 D SurfaceFlinger:      DEVICE | 0x718d8596b0 | 0100 | RGBA_8888    |    0.0    0.0 1080.0   78.0 |    0    0 1080   78 | StatusBar$_1751#88
06-30 16:45:12.136   873   873 D SurfaceFlinger:      DEVICE | 0x718d8202f0 | 0100 | RGBA_8888    |    0.0    0.0   67.0  493.0 |    0 1188   67 1681 | com.samsung.android.app.cocktailbars[...]ervice.CocktailBarService$_4690#9140
06-30 16:45:12.136   873   873 D SurfaceFlinger:      DEVICE | 0x718d862350 | 0100 | RGBA_8888    |    0.0    0.0  388.0   48.0 |  692 2352 1080 2400 | SGestureOverlayWindow$_2243#9132
06-30 16:45:12.136   873   873 D SurfaceFlinger:      DEVICE | 0x718d856650 | 0100 | RGBA_8888    |    0.0    0.0 1080.0  126.0 |    0 2274 1080 2400 | NavigationBar0$_1751#83
06-30 16:45:12.136   873   873 D SurfaceFlinger:
06-30 16:45:12.159 31662 31662 I ViewRootImpl@ffcf06a[Conversation]: handleAppVisibility mAppVisible = true visible = false
06-30 16:45:12.167   873   873 I Layer   : id=9144 removeFromCurrentState Splash Screen com.example.dogglers$_1751#9144 (128)
06-30 16:45:12.167   873   873 I Layer   : id=9145 removeFromCurrentState Surface(name=Task=300)/@0xec4c80 - animation-leash of app_transition#9145 (128)
06-30 16:45:12.167   873   873 I Layer   : id=9151 removeFromCurrentState Bottom Edge Extension#9151 (128)
06-30 16:45:12.167   873   873 I Layer   : id=9152 removeFromCurrentState bbq-wrapper#9152 (128)
06-30 16:45:12.167   873   873 I Layer   : id=9151 removeFromCurrentState Bottom Edge Extension#9151 (128)
06-30 16:45:12.167   873   873 I Layer   : id=9152 removeFromCurrentState bbq-wrapper#9152 (128)
06-30 16:45:12.167   873   873 I Layer   : id=9143 removeFromCurrentState f5694e0 Splash Screen com.example.dogglers#9143 (128)
06-30 16:45:12.167   873   873 I Layer   : id=9147 removeFromCurrentState Surface(name=Task=301)/@0x43d0c2c - animation-leash of app_transition#9147 (128)
06-30 16:45:12.167   873   873 I Layer   : id=9154 removeFromCurrentState Top Edge Extension#9154 (128)
06-30 16:45:12.167   873   873 I Layer   : id=9155 removeFromCurrentState bbq-wrapper#9155 (128)
06-30 16:45:12.167   873   873 I Layer   : id=9154 removeFromCurrentState Top Edge Extension#9154 (128)
06-30 16:45:12.167   873   873 I Layer   : id=9155 removeFromCurrentState bbq-wrapper#9155 (128)
06-30 16:45:12.167   873   873 I Layer   : Layer [Splash Screen com.example.dogglers$_1751#9144] hidden!! flag(1)
06-30 16:45:12.167   873   873 I Layer   : id=9146 removeFromCurrentState DimAnimationLayer for Task=301#9146 (128)
06-30 16:45:12.167   873   873 I Layer   : Layer [com.whatsapp/com.whatsapp.Conversation$_31662#9129] hidden!! flag(1)
06-30 16:45:12.167   873   873 I SurfaceFlinger: id=9155 Removed bbq-wrapper#9155 (128)
06-30 16:45:12.167   873   873 I SurfaceFlinger: id=9152 Removed bbq-wrapper#9152 (128)
06-30 16:45:12.167   873   873 I SurfaceFlinger: id=9151 Removed Bottom Edge Extension#9151 (128)
06-30 16:45:12.167   873   873 I SurfaceFlinger: id=9143 Removed f5694e0 Splash Screen com.example.dogglers#9143 (128)
06-30 16:45:12.167   873   873 I SurfaceFlinger: id=9154 Removed Top Edge Extension#9154 (128)
06-30 16:45:12.167   873   873 I SurfaceFlinger: id=9146 Removed DimAnimationLayer for Task=301#9146 (128)
06-30 16:45:12.167   873   873 I SurfaceFlinger: id=9144 Removed Splash Screen com.example.dogglers$_1751#9144 (128)
06-30 16:45:12.167   873   873 I SurfaceFlinger: id=9147 Removed Surface(name=Task=301)/@0x43d0c2c - animation-leash of app_transition#9147 (128)
06-30 16:45:12.167   873   873 I SurfaceFlinger: id=9145 Removed Surface(name=Task=300)/@0xec4c80 - animation-leash of app_transition#9145 (128)
06-30 16:45:12.167   873   873 I Layer   : id=9143 Destroyed f5694e0 Splash Screen com.example.dogglers#9143
06-30 16:45:12.167   873   873 I Layer   : id=9144 Destroyed Splash Screen com.example.dogglers$_1751#9144
06-30 16:45:12.168   873   873 I Layer   : id=9145 Destroyed Surface(name=Task=300)/@0xec4c80 - animation-leash of app_transition#9145
06-30 16:45:12.168   873   873 I Layer   : id=9151 Destroyed Bottom Edge Extension#9151
06-30 16:45:12.168   873   873 I Layer   : id=9152 Destroyed bbq-wrapper#9152
06-30 16:45:12.168   873   873 I Layer   : id=9147 Destroyed Surface(name=Task=301)/@0x43d0c2c - animation-leash of app_transition#9147
06-30 16:45:12.168   873   873 I Layer   : id=9154 Destroyed Top Edge Extension#9154
06-30 16:45:12.168   873   873 I Layer   : id=9155 Destroyed bbq-wrapper#9155
06-30 16:45:12.168   873   873 I Layer   : id=9146 Destroyed DimAnimationLayer for Task=301#9146
06-30 16:45:12.170   873   873 D SurfaceFlinger: Display 4633128672291735937 HWC layers:
06-30 16:45:12.170   873   873 D SurfaceFlinger:      DEVICE | 0x718d860730 | 0102 | RGBA_8888    |    0.0    0.0 1080.0 2400.0 |    0    0 1080 2400 | com.example.dogglers/com.example.dogglers.MainActivity$_27856#9157
06-30 16:45:12.170   873   873 D SurfaceFlinger:      DEVICE | 0x718d8596b0 | 0100 | RGBA_8888    |    0.0    0.0 1080.0   78.0 |    0    0 1080   78 | StatusBar$_1751#88
06-30 16:45:12.170   873   873 D SurfaceFlinger:      DEVICE | 0x718d8202f0 | 0100 | RGBA_8888    |    0.0    0.0   67.0  493.0 |    0 1188   67 1681 | com.samsung.android.app.cocktailbars[...]ervice.CocktailBarService$_4690#9140
06-30 16:45:12.170   873   873 D SurfaceFlinger:      DEVICE | 0x718d862350 | 0100 | RGBA_8888    |    0.0    0.0  388.0   48.0 |  692 2352 1080 2400 | SGestureOverlayWindow$_2243#9132
06-30 16:45:12.170   873   873 D SurfaceFlinger:      DEVICE | 0x718d856650 | 0100 | RGBA_8888    |    0.0    0.0 1080.0  126.0 |    0 2274 1080 2400 | NavigationBar0$_1751#83
06-30 16:45:12.170   873   873 D SurfaceFlinger:
06-30 16:45:12.171 31662 23964 D OpenGLRenderer: setSurface called with nullptr
06-30 16:45:12.171 31662 23964 D OpenGLRenderer: setSurface() destroyed EGLSurface
06-30 16:45:12.171 31662 23964 D OpenGLRenderer: destroyEglSurface
06-30 16:45:12.172  1282 12799 D OpenGLRenderer: RenderThread::requireGlContext()
06-30 16:45:12.173 31662 31662 I ViewRootImpl@ffcf06a[Conversation]: performTraversals mFirst=false windowShouldResize=false viewVisibilityChanged=true mForceNextWindowRelayout=false params=null
06-30 16:45:12.174  1282  4480 V WindowManager: Relayout Window{b38452c u0 com.whatsapp/com.whatsapp.Conversation}: viewVisibility=8 req=1080x2400 d0
06-30 16:45:12.177  1282  4480 V WindowManager: Relayout hash=b38452c, pid=31662, syncId=-1: mAttrs={(0,0)(fillxfill) sim={state=always_visible adjust=resize} ty=BASE_APPLICATION wanim=0x1030309
06-30 16:45:12.177  1282  4480 V WindowManager:   fl=81810100
06-30 16:45:12.177  1282  4480 V WindowManager:   pfl=12020040
06-30 16:45:12.177  1282  4480 V WindowManager:   bhv=DEFAULT
06-30 16:45:12.177  1282  4480 V WindowManager:   fitSides= naviIconColor=0}
06-30 16:45:12.179  1282 12799 D OpenGLRenderer: RenderThread::setGrContext()
06-30 16:45:12.180 31662 31662 I ViewRootImpl@ffcf06a[Conversation]: Relayout returned: old=(0,0,1080,2400) new=(0,0,1080,2400) req=(1080,2400)8 dur=6 res=0x2 s={false 0x0} ch=true seqId=0
06-30 16:45:12.182 27856 27925 W FileTestStorage: Output properties is not supported.
06-30 16:45:12.182 31662 31662 I ViewRootImpl@ffcf06a[Conversation]: stopped(true) old = false
06-30 16:45:12.182 31662 31662 I ViewRootImpl@ffcf06a[Conversation]: WindowStopped on com.whatsapp/com.whatsapp.Conversation set to true
06-30 16:45:12.182 27856 27925 I Tracing : Tracer added: class androidx.test.platform.tracing.AndroidXTracer
06-30 16:45:12.184 31662 31662 I IMM_LC  : hsifw() - flag : 0
06-30 16:45:12.184 31662 31662 I IMM_LC  : hsifw() - mService.hideSoftInput
06-30 16:45:12.186 27856 27925 D EventInjectionStrategy: Creating injection strategy with input manager.
06-30 16:45:12.186 27856 27925 W xample.dogglers: Accessing hidden method Landroid/hardware/input/InputManager;->getInstance()Landroid/hardware/input/InputManager; (unsupported, reflection, allowed)
06-30 16:45:12.186 27856 27925 W xample.dogglers: Accessing hidden method Landroid/hardware/input/InputManager;->injectInputEvent(Landroid/view/InputEvent;I)Z (unsupported, reflection, allowed)
06-30 16:45:12.186 27856 27925 W xample.dogglers: Accessing hidden field Landroid/hardware/input/InputManager;->INJECT_INPUT_EVENT_MODE_WAIT_FOR_FINISH:I (unsupported, reflection, allowed)
06-30 16:45:12.190 31662 31662 I MSHandlerLifeCycle: removeMultiSplitHandler: no exist. decor=DecorView@fe33ba2[Conversation]
06-30 16:45:12.195 27856 27856 W xample.dogglers: Accessing hidden method Landroid/os/MessageQueue;->next()Landroid/os/Message; (unsupported, reflection, allowed)
06-30 16:45:12.195 27856 27856 W xample.dogglers: Accessing hidden field Landroid/os/MessageQueue;->mMessages:Landroid/os/Message; (unsupported, reflection, allowed)
06-30 16:45:12.195 27856 27856 W xample.dogglers: Accessing hidden method Landroid/os/Message;->recycleUnchecked()V (unsupported, reflection, allowed)
06-30 16:45:12.195 31662 31662 I ViewRootImpl@ffcf06a[Conversation]: performTraversals mFirst=false windowShouldResize=false viewVisibilityChanged=false mForceNextWindowRelayout=false params={(0,0)(fillxfill) sim={state=always_visible adjust=pan} ty=BASE_APPLICATION wanim=0x1030309
06-30 16:45:12.195 31662 31662 I ViewRootImpl@ffcf06a[Conversation]:   fl=81810100
06-30 16:45:12.195 31662 31662 I ViewRootImpl@ffcf06a[Conversation]:   pfl=12020040
06-30 16:45:12.195 31662 31662 I ViewRootImpl@ffcf06a[Conversation]:   bhv=DEFAULT
06-30 16:45:12.195 31662 31662 I ViewRootImpl@ffcf06a[Conversation]:   fitSides= naviIconColor=0}
06-30 16:45:12.196  1282  4480 V WindowManager: Relayout Window{b38452c u0 com.whatsapp/com.whatsapp.Conversation}: viewVisibility=8 req=1080x2400 d0
06-30 16:45:12.196 27856 27856 W xample.dogglers: Accessing hidden method Landroid/view/WindowManagerGlobal;->getInstance()Landroid/view/WindowManagerGlobal; (unsupported, reflection, allowed)
06-30 16:45:12.196 27856 27856 W xample.dogglers: Accessing hidden field Landroid/view/WindowManagerGlobal;->mViews:Ljava/util/ArrayList; (unsupported, reflection, allowed)
06-30 16:45:12.196 27856 27856 W xample.dogglers: Accessing hidden field Landroid/view/WindowManagerGlobal;->mParams:Ljava/util/ArrayList; (unsupported, reflection, allowed)
06-30 16:45:12.198 27856 27856 I ViewInteraction: Checking 'MatchesViewAssertion{viewMatcher=(view has effective visibility <VISIBLE> and view.getGlobalVisibleRect() to return non-empty rectangle)}' assertion on view view.getId() is <2131230926/com.example.dogglers:id/grid_btn>
06-30 16:45:12.199  1282  4480 V WindowManager: Relayout hash=b38452c, pid=31662, syncId=-1: mAttrs={(0,0)(fillxfill) sim={state=always_visible adjust=pan} ty=BASE_APPLICATION wanim=0x1030309
06-30 16:45:12.199  1282  4480 V WindowManager:   fl=81810100
06-30 16:45:12.199  1282  4480 V WindowManager:   pfl=12020040
06-30 16:45:12.199  1282  4480 V WindowManager:   bhv=DEFAULT
06-30 16:45:12.199  1282  4480 V WindowManager:   fitSides= naviIconColor=0}
06-30 16:45:12.201  1282  1308 I ChimeraSystemEventListener: appLaunchIntent package name is: com.example.dogglers
06-30 16:45:12.202 31662 31662 I ViewRootImpl@ffcf06a[Conversation]: Relayout returned: old=(0,0,1080,2400) new=(0,0,1080,2400) req=(1080,2400)8 dur=6 res=0x2 s={false 0x0} ch=false seqId=0
06-30 16:45:12.203  1282  4480 I SemDvfsHyPerManager: acquire hyper - AMS_ACT_START/1282@18, type = -999
06-30 16:45:12.203   795   895 I HYPER-HAL: [RequestManager.cpp]acquire(): Acquired ID : 845668  [1282 / 18]    HINT : AMS_ACT_START    list :
06-30 16:45:12.203   873   908 I SurfaceFlinger: id=9162 createSurf flag=80004, ActivityRecord{861e32d u0 com.example.dogglers/androidx.test.core.app.InstrumentationActivityInvoker$EmptyActivity} t301}#9162
06-30 16:45:12.204   795   895 I HYPER-HAL: [ResourceManager.cpp]updateResource(): [CPUMinFreq] UpdateResource Request ID : 845668    Value : 1930195
06-30 16:45:12.204  1282  1308 I SemPersonaManager: SecureFolder personaId = 150
06-30 16:45:12.207  2894  2894 E pageboostd: Received HALT command code 2
06-30 16:45:12.209   873   873 I Layer   : id=9129 removeFromCurrentState com.whatsapp/com.whatsapp.Conversation$_31662#9129 (120)
06-30 16:45:12.209   873   873 I SurfaceFlinger: id=9129 Removed com.whatsapp/com.whatsapp.Conversation$_31662#9129 (120)
06-30 16:45:12.209 27856 27856 D LifecycleMonitor: Lifecycle status change: com.example.dogglers.MainActivity@86fbe8c in: PAUSED
06-30 16:45:12.209 27856 27856 V ActivityScenario: Update currentActivityStage to PAUSED, currentActivity=com.example.dogglers.MainActivity@86fbe8c
06-30 16:45:12.209   873   873 I Layer   : id=9129 Destroyed com.whatsapp/com.whatsapp.Conversation$_31662#9129
06-30 16:45:12.214  1282  1815 D InputDispatcher: Focused application(0): ActivityRecord{861e32d u0 com.example.dogglers/androidx.test.core.app.InstrumentationActivityInvoker$EmptyActivity} t301}
06-30 16:45:12.217   873   873 I SurfaceFlinger: [4db88d com.example.dogglers/com.example.dogglers.MainActivity#9156] FrameRatePriority: -1
06-30 16:45:12.219 27856 27856 D LifecycleMonitor: Lifecycle status change: androidx.test.core.app.InstrumentationActivityInvoker$EmptyActivity@42a595d in: PRE_ON_CREATE
06-30 16:45:12.219  1282  1308 I SemPersonaManager: SecureFolder personaId = 150
06-30 16:45:12.220 27856 27856 V ActivityScenario: Activity lifecycle changed event received but ignored because the intent does not match. startActivityIntent=Intent { act=android.intent.action.MAIN cat=[android.intent.category.LAUNCHER] flg=0x10008000 cmp=com.example.dogglers/.MainActivity }, activity.getIntent()=Intent { act=android.intent.action.MAIN cat=[android.intent.category.LAUNCHER] flg=0x10000000 cmp=com.example.dogglers/androidx.test.core.app.InstrumentationActivityInvoker$EmptyActivity }, activity=androidx.test.core.app.InstrumentationActivityInvoker$EmptyActivity@42a595d
06-30 16:45:12.223 27856 27856 I DecorView: [INFO] isPopOver=false config=true
06-30 16:45:12.223 27856 27856 I DecorView: updateCaptionType: isFloating=false isApplication=true hasWindowDecorCaption=false this=DecorView@7610a1e[]
06-30 16:45:12.223 27856 27856 D DecorView: setCaptionType = 0, this = DecorView@7610a1e[]
06-30 16:45:12.224 27856 27856 I DecorView: getCurrentDensityDpi: from real metrics. densityDpi=420 msg=resources_loaded
06-30 16:45:12.224 27856 27856 I DecorView: setWindowBackground: isPopOver=false color=ffffffff d=android.graphics.drawable.ColorDrawable@dbb48cc
06-30 16:45:12.225   873   873 D SurfaceFlinger: [input] inputWindowCommands.focusRequests size is 1
06-30 16:45:12.225 27856 27856 D LifecycleMonitor: Lifecycle status change: androidx.test.core.app.InstrumentationActivityInvoker$EmptyActivity@42a595d in: CREATED
06-30 16:45:12.225 27856 27856 V ActivityScenario: Activity lifecycle changed event received but ignored because the intent does not match. startActivityIntent=Intent { act=android.intent.action.MAIN cat=[android.intent.category.LAUNCHER] flg=0x10008000 cmp=com.example.dogglers/.MainActivity }, activity.getIntent()=Intent { act=android.intent.action.MAIN cat=[android.intent.category.LAUNCHER] flg=0x10000000 cmp=com.example.dogglers/androidx.test.core.app.InstrumentationActivityInvoker$EmptyActivity }, activity=androidx.test.core.app.InstrumentationActivityInvoker$EmptyActivity@42a595d
06-30 16:45:12.226   873   984 D SurfaceFlinger: [input] setFocusedWindow: <null>
06-30 16:45:12.226  1282  1547 D InputDispatcher: Focus request (0): <null> but waiting because NOT_FOCUSABLE
06-30 16:45:12.226  1282  1547 D InputDispatcher: Focus left window (0): 4db88d com.example.dogglers/com.example.dogglers.MainActivity
06-30 16:45:12.226 27856 27856 D LifecycleMonitor: Lifecycle status change: androidx.test.core.app.InstrumentationActivityInvoker$EmptyActivity@42a595d in: STARTED
06-30 16:45:12.226 27856 27856 V ActivityScenario: Activity lifecycle changed event received but ignored because the intent does not match. startActivityIntent=Intent { act=android.intent.action.MAIN cat=[android.intent.category.LAUNCHER] flg=0x10008000 cmp=com.example.dogglers/.MainActivity }, activity.getIntent()=Intent { act=android.intent.action.MAIN cat=[android.intent.category.LAUNCHER] flg=0x10000000 cmp=com.example.dogglers/androidx.test.core.app.InstrumentationActivityInvoker$EmptyActivity }, activity=androidx.test.core.app.InstrumentationActivityInvoker$EmptyActivity@42a595d
06-30 16:45:12.227 27856 27856 D LifecycleMonitor: Lifecycle status change: androidx.test.core.app.InstrumentationActivityInvoker$EmptyActivity@42a595d in: RESUMED
06-30 16:45:12.227 27856 27856 V ActivityScenario: Activity lifecycle changed event received but ignored because the intent does not match. startActivityIntent=Intent { act=android.intent.action.MAIN cat=[android.intent.category.LAUNCHER] flg=0x10008000 cmp=com.example.dogglers/.MainActivity }, activity.getIntent()=Intent { act=android.intent.action.MAIN cat=[android.intent.category.LAUNCHER] flg=0x10000000 cmp=com.example.dogglers/androidx.test.core.app.InstrumentationActivityInvoker$EmptyActivity }, activity=androidx.test.core.app.InstrumentationActivityInvoker$EmptyActivity@42a595d
06-30 16:45:12.228 27856 27856 I MSHandlerLifeCycle: check: return. pkg=com.example.dogglers parent=null callers=com.android.internal.policy.DecorView.setVisibility:4416 android.app.ActivityThread.handleResumeActivity:5476 android.app.servertransaction.ResumeActivityItem.execute:54 android.app.servertransaction.ActivityTransactionItem.execute:45 android.app.servertransaction.TransactionExecutor.executeLifecycleState:176
06-30 16:45:12.228 27856 27856 I MSHandlerLifeCycle: removeMultiSplitHandler: no exist. decor=DecorView@7610a1e[]
06-30 16:45:12.228  1282  1308 D EnterpriseDeviceManagerService: isMdmAdminPresentInternal() : MDM Admin Found - com.samsung.knox.securefolder
06-30 16:45:12.230 27856 27962 D NativeCustomFrequencyManager: [NativeCFMS] BpCustomFrequencyManager::BpCustomFrequencyManager()
06-30 16:45:12.230  1282  2881 I MediaSessionMonitor: Media session stopped : controllerList empty
06-30 16:45:12.231  1282  1815 D InputTransport: Input channel constructed: 'bd73d1 ', fd=1111
06-30 16:45:12.231  1282  1815 D InputTransport: Input channel constructed: 'bd73d1 ', fd=1119
06-30 16:45:12.231  1282  1815 D InputTransport: Input channel constructed: 'bd73d1 ', fd=1120
06-30 16:45:12.231   873   908 I SurfaceFlinger: id=9163 createSurf flag=80004, bd73d1 com.example.dogglers/androidx.test.core.app.InstrumentationActivityInvoker$EmptyActivity#9163
06-30 16:45:12.232  1282  1815 D InputTransport: Input channel destroyed: 'bd73d1 ', fd=1120
06-30 16:45:12.232  4690  4690 I ActivityUtils: HomePackage : com.sec.android.app.launcher, resumePackageName : com.example.dogglers
06-30 16:45:12.233 27856 27856 D InsetsController: onStateChanged: InsetsState: {mDisplayFrame=Rect(0, 0 - 1080, 2400), mDisplayCutout=DisplayCutout{insets=Rect(0, 78 - 0, 0) waterfall=Insets{left=0, top=0, right=0, bottom=0} boundingRect={Bounds=[Rect(0, 0 - 0, 0), Rect(690, 0 - 750, 78), Rect(0, 0 - 0, 0), Rect(0, 0 - 0, 0)]} cutoutPathParserInfo={CutoutPathParserInfo{displayWidth=1080 displayHeight=2400 physicalDisplayWidth=1440 physicalDisplayHeight=3200 density={3.0} cutoutSpec={M 0,0 H -10 V 26 H 10 V 0 H 0 Z @dp} rotation={0} scale={1.0} physicalPixelDisplaySizeRatio={1.0}}}}, mRoundedCorners=RoundedCorners{[RoundedCorner{position=TopLeft, radius=63, center=Point(63, 63)}, RoundedCorner{position=TopRight, radius=63, center=Point(1017, 63)}, RoundedCorner{position=BottomRight, radius=63, center=Point(1017, 2337)}, RoundedCorner{position=BottomLeft, radius=63, center=Point(63, 2337)}]}  mRoundedCornerFrame=Rect(0, 0 - 1080, 2400), mPrivacyIndicatorBounds=PrivacyIndicatorBounds {static bounds=Rect(964, 0 - 1080, 78) rotation=0}, mSources= { InsetsSource: {mType=ITYPE_STATUS_BAR, mFrame=[0,0][1080,78], mVisible=true, mInsetsRoundedCornerFrame=false}, InsetsSource: {mType=ITYPE_NAVIGATION_BAR, mFrame=[0,2400][1080,2400], mVisible=true, mInsetsRoundedCornerFrame=false}, InsetsSource: {mType=ITYPE_LEFT_GESTURES, mFrame=[0,0][0,2400], mVisible=true, mInsetsRoundedCornerFrame=false}, InsetsSource: {mType=ITYPE_RIGHT_GESTURES, mFrame=[1080,0][1080,2400], mVisible=true, mInsetsRoundedCornerFrame=false}, InsetsSource: {mType=ITYPE_TOP_MANDATORY_GESTURES, mFrame=[0,0][1080,110], mVisible=true, mInsetsRoundedCornerFrame=false}, InsetsSource: {mType=ITYPE_BOTTOM_MANDATORY_GESTURES, mFrame=[0,2348][1080,2400], mVisible=true, mInsetsRoundedCornerFrame=false}, InsetsSource: {mType=ITYPE_LEFT_DISPLAY_CUTOUT, mFrame=[0,0][-100000,2400], mVisible=true, mInsetsRoundedCornerFrame=false}, InsetsSource: {mType=ITYPE_TOP_DISPLAY_CUTOUT, mFrame=[0,0][1080,78], mVisible=true, mInsetsRoundedCornerFrame=false}, InsetsSource: {mType=ITYPE_RIGHT_DISPLAY_CUTOUT, mFrame=[100000,0][1080,2400], mVisible=true, mInsetsRoundedCornerFrame=false}, InsetsSource: {mType=ITYPE_BOTTOM_DISPLAY_CUTOUT, mFrame=[0,100000][1080,2400], mVisible=true, mInsetsRoundedCornerFrame=false}, InsetsSource: {mType=ITYPE_TOP_TAPPABLE_ELEMENT, mFrame=[0,0][1080,78], mVisible=true, mInsetsRoundedCornerFrame=false}, InsetsSource: {mType=ITYPE_BOTTOM_TAPPABLE_ELEMENT, mFrame=[0,0][0,0], mVisible=true, mInsetsRoundedCornerFrame=false} } host=com.example.dogglers/androidx.test.core.app.InstrumentationActivityInvoker$EmptyActivity from=android.view.ViewRootImpl.setView:1732
06-30 16:45:12.234 27856 27856 I ViewRootImpl@180701b[InstrumentationActivityInvoker$EmptyActivity]: setView = com.android.internal.policy.DecorView@7610a1e TM=true
06-30 16:45:12.237 27856 27856 I MSHandlerLifeCycle: removeMultiSplitHandler: no exist. decor=DecorView@7610a1e[InstrumentationActivityInvoker$EmptyActivity]
06-30 16:45:12.237  1282  1399 D AnalyticsContainerHandler: handleMessage : { when=0 what=1 target=com.android.server.knox.KnoxAnalyticsContainer$AnalyticsHandler }
06-30 16:45:12.240 27856 27856 I ViewRootImpl@180701b[InstrumentationActivityInvoker$EmptyActivity]: performTraversals params={(0,0)(fillxfill) sim={adjust=pan forwardNavigation} ty=BASE_APPLICATION
06-30 16:45:12.240 27856 27856 I ViewRootImpl@180701b[InstrumentationActivityInvoker$EmptyActivity]:   fl=81810100
06-30 16:45:12.240 27856 27856 I ViewRootImpl@180701b[InstrumentationActivityInvoker$EmptyActivity]:   pfl=12020040
06-30 16:45:12.240 27856 27856 I ViewRootImpl@180701b[InstrumentationActivityInvoker$EmptyActivity]:   bhv=DEFAULT
06-30 16:45:12.240 27856 27856 I ViewRootImpl@180701b[InstrumentationActivityInvoker$EmptyActivity]:   fitSides= naviIconColor=0}
06-30 16:45:12.241 27856 27856 I ViewRootImpl@180701b[InstrumentationActivityInvoker$EmptyActivity]: performTraversals mFirst=true windowShouldResize=true viewVisibilityChanged=false mForceNextWindowRelayout=false params={(0,0)(fillxfill) sim={adjust=pan forwardNavigation} ty=BASE_APPLICATION
06-30 16:45:12.241 27856 27856 I ViewRootImpl@180701b[InstrumentationActivityInvoker$EmptyActivity]:   fl=81810100
06-30 16:45:12.241 27856 27856 I ViewRootImpl@180701b[InstrumentationActivityInvoker$EmptyActivity]:   pfl=12020040
06-30 16:45:12.241 27856 27856 I ViewRootImpl@180701b[InstrumentationActivityInvoker$EmptyActivity]:   bhv=DEFAULT
06-30 16:45:12.241 27856 27856 I ViewRootImpl@180701b[InstrumentationActivityInvoker$EmptyActivity]:   fitSides= naviIconColor=0}
06-30 16:45:12.241  1282  1815 V WindowManager: Relayout Window{bd73d1 u0 com.example.dogglers/androidx.test.core.app.InstrumentationActivityInvoker$EmptyActivity}: viewVisibility=0 req=1080x2400 d0
06-30 16:45:12.242   873   908 I SurfaceFlinger: id=9164 createSurf flag=40004, com.example.dogglers/androidx.test.core.app.InstrumentationActivityInvoker$EmptyActivity$_27856#9164
06-30 16:45:12.244   873   908 I SurfaceFlinger: id=9165 createSurf flag=24000, Surface(name=1c611dd StatusBar)/@0xee99fdd - animation-leash of insets_animation#9165
06-30 16:45:12.245   873  1054 I SurfaceFlinger: id=9166 createSurf flag=24000, Surface(name=37aeaf NavigationBar0)/@0x2817b20 - animation-leash of insets_animation#9166
06-30 16:45:12.245  1282  1815 V WindowManager: Relayout hash=bd73d1, pid=27856, syncId=-1: mAttrs={(0,0)(fillxfill) sim={adjust=pan forwardNavigation} ty=BASE_APPLICATION
06-30 16:45:12.245  1282  1815 V WindowManager:   fl=81810100
06-30 16:45:12.245  1282  1815 V WindowManager:   pfl=12020040
06-30 16:45:12.245  1282  1815 V WindowManager:   bhv=DEFAULT
06-30 16:45:12.245  1282  1815 V WindowManager:   fitSides= naviIconColor=0}
06-30 16:45:12.247 27856 27856 D InsetsController: onStateChanged: InsetsState: {mDisplayFrame=Rect(0, 0 - 1080, 2400), mDisplayCutout=DisplayCutout{insets=Rect(0, 78 - 0, 0) waterfall=Insets{left=0, top=0, right=0, bottom=0} boundingRect={Bounds=[Rect(0, 0 - 0, 0), Rect(690, 0 - 750, 78), Rect(0, 0 - 0, 0), Rect(0, 0 - 0, 0)]} cutoutPathParserInfo={CutoutPathParserInfo{displayWidth=1080 displayHeight=2400 physicalDisplayWidth=1440 physicalDisplayHeight=3200 density={3.0} cutoutSpec={M 0,0 H -10 V 26 H 10 V 0 H 0 Z @dp} rotation={0} scale={1.0} physicalPixelDisplaySizeRatio={1.0}}}}, mRoundedCorners=RoundedCorners{[RoundedCorner{position=TopLeft, radius=63, center=Point(63, 63)}, RoundedCorner{position=TopRight, radius=63, center=Point(1017, 63)}, RoundedCorner{position=BottomRight, radius=63, center=Point(1017, 2337)}, RoundedCorner{position=BottomLeft, radius=63, center=Point(63, 2337)}]}  mRoundedCornerFrame=Rect(0, 0 - 1080, 2400), mPrivacyIndicatorBounds=PrivacyIndicatorBounds {static bounds=Rect(964, 0 - 1080, 78) rotation=0}, mSources= { InsetsSource: {mType=ITYPE_STATUS_BAR, mFrame=[0,0][1080,78], mVisible=true, mInsetsRoundedCornerFrame=false}, InsetsSource: {mType=ITYPE_NAVIGATION_BAR, mFrame=[0,2400][1080,2400], mVisible=true, mInsetsRoundedCornerFrame=false}, InsetsSource: {mType=ITYPE_LEFT_GESTURES, mFrame=[0,0][0,2400], mVisible=true, mInsetsRoundedCornerFrame=false}, InsetsSource: {mType=ITYPE_RIGHT_GESTURES, mFrame=[1080,0][1080,2400], mVisible=true, mInsetsRoundedCornerFrame=false}, InsetsSource: {mType=ITYPE_TOP_MANDATORY_GESTURES, mFrame=[0,0][1080,110], mVisible=true, mInsetsRoundedCornerFrame=false}, InsetsSource: {mType=ITYPE_BOTTOM_MANDATORY_GESTURES, mFrame=[0,2348][1080,2400], mVisible=true, mInsetsRoundedCornerFrame=false}, InsetsSource: {mType=ITYPE_LEFT_DISPLAY_CUTOUT, mFrame=[0,0][-100000,2400], mVisible=true, mInsetsRoundedCornerFrame=false}, InsetsSource: {mType=ITYPE_TOP_DISPLAY_CUTOUT, mFrame=[0,0][1080,78], mVisible=true, mInsetsRoundedCornerFrame=false}, InsetsSource: {mType=ITYPE_RIGHT_DISPLAY_CUTOUT, mFrame=[100000,0][1080,2400], mVisible=true, mInsetsRoundedCornerFrame=false}, InsetsSource: {mType=ITYPE_BOTTOM_DISPLAY_CUTOUT, mFrame=[0,100000][1080,2400], mVisible=true, mInsetsRoundedCornerFrame=false}, InsetsSource: {mType=ITYPE_TOP_TAPPABLE_ELEMENT, mFrame=[0,0][1080,78], mVisible=true, mInsetsRoundedCornerFrame=false}, InsetsSource: {mType=ITYPE_BOTTOM_TAPPABLE_ELEMENT, mFrame=[0,0][0,0], mVisible=true, mInsetsRoundedCornerFrame=false}, InsetsSource: {mType=ITYPE_IME, mFrame=[0,0][0,0], mVisibleFrame=[0,1478][1080,2400], mVisible=false, mInsetsRoundedCornerFrame=false} } host=com.example.dogglers/androidx.test.core.app.InstrumentationActivityInvoker$EmptyActivity from=android.view.ViewRootImpl.relayoutWindow:9802
06-30 16:45:12.248 27856 27856 I ViewRootImpl@180701b[InstrumentationActivityInvoker$EmptyActivity]: updateBlastSurfaceIfNeeded mBlastBufferQueue=null isSameSurfaceControl=false
06-30 16:45:12.248 27856 27856 I BLASTBufferQueue: new BLASTBufferQueue, mName= ViewRootImpl@180701b[InstrumentationActivityInvoker$EmptyActivity] mNativeObject= 0x7c597819d0 sc.mNativeObject= 0x7be979d8b0 caller= android.view.ViewRootImpl.updateBlastSurfaceIfNeeded:2909 android.view.ViewRootImpl.relayoutWindow:9847 android.view.ViewRootImpl.performTraversals:3884 android.view.ViewRootImpl.doTraversal:3116 android.view.ViewRootImpl$TraversalRunnable.run:10885 android.view.Choreographer$CallbackRecord.run:1301 android.view.Choreographer$CallbackRecord.run:1309 android.view.Choreographer.doCallbacks:923 android.view.Choreographer.doFrame:852 android.view.Choreographer$FrameDisplayEventReceiver.run:1283
06-30 16:45:12.248 27856 27856 I BLASTBufferQueue: update, w= 1080 h= 2400 mName = ViewRootImpl@180701b[InstrumentationActivityInvoker$EmptyActivity] mNativeObject= 0x7c597819d0 sc.mNativeObject= 0x7be979d8b0 format= -1 caller= android.graphics.BLASTBufferQueue.<init>:84 android.view.ViewRootImpl.updateBlastSurfaceIfNeeded:2909 android.view.ViewRootImpl.relayoutWindow:9847 android.view.ViewRootImpl.performTraversals:3884 android.view.ViewRootImpl.doTraversal:3116 android.view.ViewRootImpl$TraversalRunnable.run:10885
06-30 16:45:12.249 27856 27856 I ViewRootImpl@180701b[InstrumentationActivityInvoker$EmptyActivity]: Relayout returned: old=(0,0,1080,2400) new=(0,0,1080,2400) req=(1080,2400)0 dur=7 res=0x3 s={true 0x7ce97d5180} ch=true seqId=0
06-30 16:45:12.250 27856 27856 I ViewRootImpl@180701b[InstrumentationActivityInvoker$EmptyActivity]: mThreadedRenderer.initialize() mSurface={isValid=true 0x7ce97d5180} hwInitialized=true
06-30 16:45:12.250 27856 27962 D OpenGLRenderer: eglCreateWindowSurface
06-30 16:45:12.250   782   782 D gralloc : [mali_gralloc_allocate] begin
06-30 16:45:12.250   782   782 D gralloc : buffer_descriptor: wh(1080 2400) usage_pc(0x40000000000b00 0x40000000000b00) hal_format(0x1) layer_count(1) sizes(0 0 0) strde(0) byte_stride(0) alloc_wh(0 0) internal_format(0x0) alloc_format(0x0) fd_count(1) plane_count(0)
06-30 16:45:12.250 27856 27856 I ViewRootImpl@180701b[InstrumentationActivityInvoker$EmptyActivity]: reportNextDraw android.view.ViewRootImpl.performTraversals:4438 android.view.ViewRootImpl.doTraversal:3116 android.view.ViewRootImpl$TraversalRunnable.run:10885 android.view.Choreographer$CallbackRecord.run:1301 android.view.Choreographer$CallbackRecord.run:1309
06-30 16:45:12.250 27856 27856 I ViewRootImpl@180701b[InstrumentationActivityInvoker$EmptyActivity]: Setup new sync id=0
06-30 16:45:12.250 27856 27856 I ViewRootImpl@180701b[InstrumentationActivityInvoker$EmptyActivity]: Setting syncFrameCallback
06-30 16:45:12.251 27856 27856 I ViewRootImpl@180701b[InstrumentationActivityInvoker$EmptyActivity]: registerCallbacksForSync syncBuffer=false
06-30 16:45:12.251   782   782 D gralloc : [mali_gralloc_allocate] allocation successful
06-30 16:45:12.251   782   782 D gralloc : [mali_gralloc_allocate] begin
06-30 16:45:12.251   782   782 D gralloc : buffer_descriptor: wh(1080 2400) usage_pc(0x40000000000b00 0x40000000000b00) hal_format(0x1) layer_count(1) sizes(0 0 0) strde(0) byte_stride(0) alloc_wh(0 0) internal_format(0x0) alloc_format(0x0) fd_count(1) plane_count(0)
06-30 16:45:12.251   782   782 D gralloc : [mali_gralloc_allocate] allocation successful
06-30 16:45:12.251 27856 28012 I ViewRootImpl@180701b[InstrumentationActivityInvoker$EmptyActivity]: Received frameDrawingCallback syncResult=0 frameNum=1.
06-30 16:45:12.251 27856 28012 I ViewRootImpl@180701b[InstrumentationActivityInvoker$EmptyActivity]: Setting up sync and frameCommitCallback
06-30 16:45:12.253   782   782 D gralloc : [mali_gralloc_allocate] begin
06-30 16:45:12.253   782   782 D gralloc : buffer_descriptor: wh(1080 2400) usage_pc(0x40000000000b00 0x40000000000b00) hal_format(0x1) layer_count(1) sizes(0 0 0) strde(0) byte_stride(0) alloc_wh(0 0) internal_format(0x0) alloc_format(0x0) fd_count(1) plane_count(0)
06-30 16:45:12.253   782   782 D gralloc : [mali_gralloc_allocate] allocation successful
06-30 16:45:12.253   782   782 D gralloc : [mali_gralloc_allocate] begin
06-30 16:45:12.253   782   782 D gralloc : buffer_descriptor: wh(1080 2400) usage_pc(0x40000000000b00 0x40000000000b00) hal_format(0x1) layer_count(1) sizes(0 0 0) strde(0) byte_stride(0) alloc_wh(0 0) internal_format(0x0) alloc_format(0x0) fd_count(1) plane_count(0)
06-30 16:45:12.254   782   782 D gralloc : [mali_gralloc_allocate] allocation successful
06-30 16:45:12.255 27856 27962 I BLASTBufferQueue: [ViewRootImpl@180701b[InstrumentationActivityInvoker$EmptyActivity]#1](f:0,a:0) onFrameAvailable the first frame is available
06-30 16:45:12.255 27856 27962 I ViewRootImpl@180701b[InstrumentationActivityInvoker$EmptyActivity]: Received frameCommittedCallback lastAttemptedDrawFrameNum=1 didProduceBuffer=true
06-30 16:45:12.256 27856 27962 D OpenGLRenderer: CFMS:: SetUp Pid : 27856    Tid : 27962
06-30 16:45:12.256 27856 27962 W Parcel  : Expecting binder but got null!
06-30 16:45:12.256 27856 27856 I ViewRootImpl@180701b[InstrumentationActivityInvoker$EmptyActivity]: onSyncComplete
