06-30 16:45:13.366   873   908 I SurfaceFlinger: id=9205 createSurf flag=80004, ActivityRecord{a448e10 u0 com.example.dogglers/.HorizontalListActivity} t302}#9205
06-30 16:45:13.366   795   895 I HYPER-HAL: [ResourceManager.cpp]updateResource(): [CPUMinFreq] UpdateResource Request ID : 845668    Value : 1930195
06-30 16:45:13.367  1282  1308 I SemPersonaManager: SecureFolder personaId = 150
06-30 16:45:13.370  2894  2894 E pageboostd: Received HALT command code 2
06-30 16:45:13.372 28089 28117 I SAMgr_AM: ta is null
06-30 16:45:13.375 27856 27856 D LifecycleMonitor: Lifecycle status change: com.example.dogglers.MainActivity@fae018 in: PAUSED
06-30 16:45:13.375 27856 27856 V ActivityScenario: Update currentActivityStage to PAUSED, currentActivity=com.example.dogglers.MainActivity@fae018
06-30 16:45:13.377  1282  1547 D InputDispatcher: Focused application(0): ActivityRecord{a448e10 u0 com.example.dogglers/.HorizontalListActivity} t302}
06-30 16:45:13.377 16379 16379 I [PASS][PASS]PassService: onBind:SamsungPassService
06-30 16:45:13.379 28089 28089 I [AUTHFW][PASS]PassService: personaId : 0
06-30 16:45:13.379   502   513 I servicemanager: Adding 'u:r:platform_app:s0:c512,c768' service (com.samsung.android.pass.IPassService:28089)
06-30 16:45:13.380   873   873 I SurfaceFlinger: [d190da7 com.example.dogglers/com.example.dogglers.MainActivity#9193] FrameRatePriority: -1
06-30 16:45:13.381  1282  1308 I SemPersonaManager: SecureFolder personaId = 150
06-30 16:45:13.384 28089 28089 I [AUTHFW][PASS]PassService: onBind:PassOperation
06-30 16:45:13.385 28089 28117 I android_os_HwBinder: HwBinder: Starting thread pool for getting: vendor.samsung.hardware.authfw@1.0::ISehAuthenticationFramework/default
06-30 16:45:13.386 27856 27856 D LifecycleMonitor: Lifecycle status change: com.example.dogglers.HorizontalListActivity@349945f in: PRE_ON_CREATE
06-30 16:45:13.386 27856 27856 V ActivityScenario: Activity lifecycle changed event received but ignored because the intent does not match. startActivityIntent=Intent { act=android.intent.action.MAIN cat=[android.intent.category.LAUNCHER] flg=0x10008000 cmp=com.example.dogglers/.MainActivity }, activity.getIntent()=Intent { cmp=com.example.dogglers/.HorizontalListActivity }, activity=com.example.dogglers.HorizontalListActivity@349945f
06-30 16:45:13.388  1282  1308 D EnterpriseDeviceManagerService: isMdmAdminPresentInternal() : MDM Admin Found - com.samsung.knox.securefolder
06-30 16:45:13.388  1282  2881 I MediaSessionMonitor: Media session stopped : controllerList empty
06-30 16:45:13.388 28089 28089 I [AUTHFW][PASS]AuthFwApp: otlv15
06-30 16:45:13.389   873   873 D SurfaceFlinger: [input] inputWindowCommands.focusRequests size is 1
06-30 16:45:13.389   873   984 D SurfaceFlinger: [input] setFocusedWindow: <null>
06-30 16:45:13.390  1282  4455 D InputDispatcher: Focus left window (0): d190da7 com.example.dogglers/com.example.dogglers.MainActivity
06-30 16:45:13.390 28089 28089 I [PASS][SDK]h: onServiceConnected
06-30 16:45:13.391 28089 28089 I [AUTHFW][PASS]AuthFwApp: Samsung Pass Service is connected
06-30 16:45:13.392  1282  1322 I libprocessgroup: Successfully killed process cgroup uid 10270 pid 25427 in 5ms
06-30 16:45:13.395 16379 16379 I [AUTHFW][PSDK]PassServiceConnection: onServiceConnected
06-30 16:45:13.395 16379 16379 I [PASS][SPASS]SPassApplication: pass connected
06-30 16:45:13.398 28089 28089 I [AUTHFW][PASS]AuthFwApp: otlv80
06-30 16:45:13.399  1282  1666 W SemWifiTransportLayerUtils: getApplicationCategory - IOException com.example.dogglers
06-30 16:45:13.399  1282  1666 W System.err: java.io.FileNotFoundException: https://play.google.com/store/apps/details?id=com.example.dogglers&hl=en
06-30 16:45:13.399  1282  1666 W System.err: 	at com.android.okhttp.internal.huc.HttpURLConnectionImpl.getInputStream(HttpURLConnectionImpl.java:255)
06-30 16:45:13.399  1282  1666 W System.err: 	at com.android.okhttp.internal.huc.DelegatingHttpsURLConnection.getInputStream(DelegatingHttpsURLConnection.java:211)
06-30 16:45:13.399  1282  1666 W System.err: 	at com.android.okhttp.internal.huc.HttpsURLConnectionImpl.getInputStream(HttpsURLConnectionImpl.java:30)
06-30 16:45:13.399  1282  1666 W System.err: 	at com.samsung.android.server.wifi.tcp.SemWifiTransportLayerUtils.getApplicationCategory(SemWifiTransportLayerUtils.java:104)
06-30 16:45:13.399  1282  1666 W System.err: 	at com.samsung.android.server.wifi.tcp.SemWifiTransportLayerMonitor$TcpMonitorHandler.handleMessage(SemWifiTransportLayerMonitor.java:244)
06-30 16:45:13.399  1282  1666 W System.err: 	at android.os.Handler.dispatchMessage(Handler.java:106)
06-30 16:45:13.399  1282  1666 W System.err: 	at android.os.Looper.loopOnce(Looper.java:226)
06-30 16:45:13.399  1282  1666 W System.err: 	at android.os.Looper.loop(Looper.java:313)
06-30 16:45:13.399  1282  1666 W System.err: 	at android.os.HandlerThread.run(HandlerThread.java:67)
06-30 16:45:13.400  1282  1666 D SemWifiTransportLayerMonitor.TcpMonitorHandler: MSG_SAVE_PACKAGE_INFO
06-30 16:45:13.400  1282  1666 D SemWifiTransportLayerFileManager: saveWifiPackageInfoToFile
06-30 16:45:13.400  1282  1666 D SemWifiTransportLayerFileManager: writeWifiPackageInfoList
06-30 16:45:13.402 27856 27856 I DecorView: [INFO] isPopOver=false config=true
06-30 16:45:13.402 27856 27856 I DecorView: updateCaptionType: isFloating=false isApplication=true hasWindowDecorCaption=false this=DecorView@f8ec744[]
06-30 16:45:13.402 27856 27856 D DecorView: setCaptionType = 0, this = DecorView@f8ec744[]
06-30 16:45:13.403 27856 27856 I DecorView: getCurrentDensityDpi: from real metrics. densityDpi=420 msg=resources_loaded
06-30 16:45:13.403 27856 27856 I DecorView: setWindowBackground: isPopOver=false color=ff121212 d=android.graphics.drawable.ColorDrawable@a52b962
06-30 16:45:13.410 27856 27856 D LifecycleMonitor: Lifecycle status change: com.example.dogglers.HorizontalListActivity@349945f in: CREATED
06-30 16:45:13.410 27856 27856 V ActivityScenario: Activity lifecycle changed event received but ignored because the intent does not match. startActivityIntent=Intent { act=android.intent.action.MAIN cat=[android.intent.category.LAUNCHER] flg=0x10008000 cmp=com.example.dogglers/.MainActivity }, activity.getIntent()=Intent { cmp=com.example.dogglers/.HorizontalListActivity }, activity=com.example.dogglers.HorizontalListActivity@349945f
06-30 16:45:13.411 27856 27856 D LifecycleMonitor: Lifecycle status change: com.example.dogglers.HorizontalListActivity@349945f in: STARTED
06-30 16:45:13.411 27856 27856 V ActivityScenario: Activity lifecycle changed event received but ignored because the intent does not match. startActivityIntent=Intent { act=android.intent.action.MAIN cat=[android.intent.category.LAUNCHER] flg=0x10008000 cmp=com.example.dogglers/.MainActivity }, activity.getIntent()=Intent { cmp=com.example.dogglers/.HorizontalListActivity }, activity=com.example.dogglers.HorizontalListActivity@349945f
06-30 16:45:13.412  4690  4690 I ActivityUtils: HomePackage : com.sec.android.app.launcher, resumePackageName : com.example.dogglers
06-30 16:45:13.412 27856 27856 D LifecycleMonitor: Lifecycle status change: com.example.dogglers.HorizontalListActivity@349945f in: RESUMED
06-30 16:45:13.412 27856 27856 V ActivityScenario: Activity lifecycle changed event received but ignored because the intent does not match. startActivityIntent=Intent { act=android.intent.action.MAIN cat=[android.intent.category.LAUNCHER] flg=0x10008000 cmp=com.example.dogglers/.MainActivity }, activity.getIntent()=Intent { cmp=com.example.dogglers/.HorizontalListActivity }, activity=com.example.dogglers.HorizontalListActivity@349945f
06-30 16:45:13.412 27856 27856 I MSHandlerLifeCycle: check: return. pkg=com.example.dogglers parent=null callers=com.android.internal.policy.DecorView.setVisibility:4416 android.app.ActivityThread.handleResumeActivity:5476 android.app.servertransaction.ResumeActivityItem.execute:54 android.app.servertransaction.ActivityTransactionItem.execute:45 android.app.servertransaction.TransactionExecutor.executeLifecycleState:176
06-30 16:45:13.412 27856 27856 I MSHandlerLifeCycle: removeMultiSplitHandler: no exist. decor=DecorView@f8ec744[]
06-30 16:45:13.414 27856 27962 D NativeCustomFrequencyManager: [NativeCFMS] BpCustomFrequencyManager::BpCustomFrequencyManager()
06-30 16:45:13.416  1282  1547 D InputTransport: Input channel constructed: '76d9258', fd=920
06-30 16:45:13.416  1282  1547 D InputTransport: Input channel constructed: '76d9258', fd=1236
06-30 16:45:13.416  1282  1547 D InputTransport: Input channel constructed: '76d9258', fd=1237
06-30 16:45:13.416   873   908 I SurfaceFlinger: id=9206 createSurf flag=80004, 76d9258 com.example.dogglers/com.example.dogglers.HorizontalListActivity#9206
06-30 16:45:13.417  1282  1547 D InputTransport: Input channel destroyed: '76d9258', fd=1237
06-30 16:45:13.418 27856 27856 D InsetsController: onStateChanged: InsetsState: {mDisplayFrame=Rect(0, 0 - 1080, 2400), mDisplayCutout=DisplayCutout{insets=Rect(0, 78 - 0, 0) waterfall=Insets{left=0, top=0, right=0, bottom=0} boundingRect={Bounds=[Rect(0, 0 - 0, 0), Rect(690, 0 - 750, 78), Rect(0, 0 - 0, 0), Rect(0, 0 - 0, 0)]} cutoutPathParserInfo={CutoutPathParserInfo{displayWidth=1080 displayHeight=2400 physicalDisplayWidth=1440 physicalDisplayHeight=3200 density={3.0} cutoutSpec={M 0,0 H -10 V 26 H 10 V 0 H 0 Z @dp} rotation={0} scale={1.0} physicalPixelDisplaySizeRatio={1.0}}}}, mRoundedCorners=RoundedCorners{[RoundedCorner{position=TopLeft, radius=63, center=Point(63, 63)}, RoundedCorner{position=TopRight, radius=63, center=Point(1017, 63)}, RoundedCorner{position=BottomRight, radius=63, center=Point(1017, 2337)}, RoundedCorner{position=BottomLeft, radius=63, center=Point(63, 2337)}]}  mRoundedCornerFrame=Rect(0, 0 - 1080, 2400), mPrivacyIndicatorBounds=PrivacyIndicatorBounds {static bounds=Rect(964, 0 - 1080, 78) rotation=0}, mSources= { InsetsSource: {mType=ITYPE_STATUS_BAR, mFrame=[0,0][1080,78], mVisible=true, mInsetsRoundedCornerFrame=false}, InsetsSource: {mType=ITYPE_NAVIGATION_BAR, mFrame=[0,2400][1080,2400], mVisible=true, mInsetsRoundedCornerFrame=false}, InsetsSource: {mType=ITYPE_LEFT_GESTURES, mFrame=[0,0][0,2400], mVisible=true, mInsetsRoundedCornerFrame=false}, InsetsSource: {mType=ITYPE_RIGHT_GESTURES, mFrame=[1080,0][1080,2400], mVisible=true, mInsetsRoundedCornerFrame=false}, InsetsSource: {mType=ITYPE_TOP_MANDATORY_GESTURES, mFrame=[0,0][1080,110], mVisible=true, mInsetsRoundedCornerFrame=false}, InsetsSource: {mType=ITYPE_BOTTOM_MANDATORY_GESTURES, mFrame=[0,2348][1080,2400], mVisible=true, mInsetsRoundedCornerFrame=false}, InsetsSource: {mType=ITYPE_LEFT_DISPLAY_CUTOUT, mFrame=[0,0][-100000,2400], mVisible=true, mInsetsRoundedCornerFrame=false}, InsetsSource: {mType=ITYPE_TOP_DISPLAY_CUTOUT, mFrame=[0,0][1080,78], mVisible=true, mInsetsRoundedCornerFrame=false}, InsetsSource: {mType=ITYPE_RIGHT_DISPLAY_CUTOUT, mFrame=[100000,0][1080,2400], mVisible=true, mInsetsRoundedCornerFrame=false}, InsetsSource: {mType=ITYPE_BOTTOM_DISPLAY_CUTOUT, mFrame=[0,100000][1080,2400], mVisible=true, mInsetsRoundedCornerFrame=false}, InsetsSource: {mType=ITYPE_TOP_TAPPABLE_ELEMENT, mFrame=[0,0][1080,78], mVisible=true, mInsetsRoundedCornerFrame=false}, InsetsSource: {mType=ITYPE_BOTTOM_TAPPABLE_ELEMENT, mFrame=[0,0][0,0], mVisible=true, mInsetsRoundedCornerFrame=false} } host=com.example.dogglers/com.example.dogglers.HorizontalListActivity from=android.view.ViewRootImpl.setView:1732
06-30 16:45:13.419 27856 27856 I ViewRootImpl@548974[HorizontalListActivity]: setView = com.android.internal.policy.DecorView@f8ec744 TM=true
06-30 16:45:13.420 27856 27856 I MSHandlerLifeCycle: removeMultiSplitHandler: no exist. decor=DecorView@f8ec744[HorizontalListActivity]
06-30 16:45:13.420  1282  1399 D AnalyticsContainerHandler: handleMessage : { when=0 what=1 target=com.android.server.knox.KnoxAnalyticsContainer$AnalyticsHandler }
06-30 16:45:13.444  8287  8287 I vendor.samsung.hardware.authfw@1.0-TlcProxyAuthnr: init
06-30 16:45:13.447 27856 27856 I ViewRootImpl@548974[HorizontalListActivity]: performTraversals params={(0,0)(fillxfill) sim={adjust=resize forwardNavigation} ty=BASE_APPLICATION wanim=0x1030309
06-30 16:45:13.447 27856 27856 I ViewRootImpl@548974[HorizontalListActivity]:   fl=81810100
06-30 16:45:13.447 27856 27856 I ViewRootImpl@548974[HorizontalListActivity]:   pfl=12020040
06-30 16:45:13.447 27856 27856 I ViewRootImpl@548974[HorizontalListActivity]:   bhv=DEFAULT
06-30 16:45:13.447 27856 27856 I ViewRootImpl@548974[HorizontalListActivity]:   fitSides= naviIconColor=0}
06-30 16:45:13.447   763   763 I Zygote  : Process 25427 exited due to signal 9 (Killed)
06-30 16:45:13.448 27856 27856 I ViewRootImpl@548974[HorizontalListActivity]: performTraversals mFirst=true windowShouldResize=true viewVisibilityChanged=false mForceNextWindowRelayout=false params={(0,0)(fillxfill) sim={adjust=resize forwardNavigation} ty=BASE_APPLICATION wanim=0x1030309
06-30 16:45:13.448 27856 27856 I ViewRootImpl@548974[HorizontalListActivity]:   fl=81810100
06-30 16:45:13.448 27856 27856 I ViewRootImpl@548974[HorizontalListActivity]:   pfl=12020040
06-30 16:45:13.448 27856 27856 I ViewRootImpl@548974[HorizontalListActivity]:   bhv=DEFAULT
06-30 16:45:13.448 27856 27856 I ViewRootImpl@548974[HorizontalListActivity]:   fitSides= naviIconColor=0}
06-30 16:45:13.449  1282  4455 V WindowManager: Relayout Window{76d9258 u0 com.example.dogglers/com.example.dogglers.HorizontalListActivity}: viewVisibility=0 req=1080x2400 d0
06-30 16:45:13.449   873  2742 I SurfaceFlinger: id=9207 createSurf flag=40004, com.example.dogglers/com.example.dogglers.HorizontalListActivity$_27856#9207
06-30 16:45:13.453   873   908 I SurfaceFlinger: id=9208 createSurf flag=24000, Surface(name=1c611dd StatusBar)/@0xee99fdd - animation-leash of insets_animation#9208
06-30 16:45:13.454   873  2742 I SurfaceFlinger: id=9209 createSurf flag=24000, Surface(name=37aeaf NavigationBar0)/@0x2817b20 - animation-leash of insets_animation#9209
06-30 16:45:13.455  1282  4455 V WindowManager: Relayout hash=76d9258, pid=27856, syncId=-1: mAttrs={(0,0)(fillxfill) sim={adjust=resize forwardNavigation} ty=BASE_APPLICATION wanim=0x1030309
06-30 16:45:13.455  1282  4455 V WindowManager:   fl=81810100
06-30 16:45:13.455  1282  4455 V WindowManager:   pfl=12020040
06-30 16:45:13.455  1282  4455 V WindowManager:   bhv=DEFAULT
06-30 16:45:13.455  1282  4455 V WindowManager:   fitSides= naviIconColor=0}
06-30 16:45:13.457 27856 27856 D InsetsController: onStateChanged: InsetsState: {mDisplayFrame=Rect(0, 0 - 1080, 2400), mDisplayCutout=DisplayCutout{insets=Rect(0, 78 - 0, 0) waterfall=Insets{left=0, top=0, right=0, bottom=0} boundingRect={Bounds=[Rect(0, 0 - 0, 0), Rect(690, 0 - 750, 78), Rect(0, 0 - 0, 0), Rect(0, 0 - 0, 0)]} cutoutPathParserInfo={CutoutPathParserInfo{displayWidth=1080 displayHeight=2400 physicalDisplayWidth=1440 physicalDisplayHeight=3200 density={3.0} cutoutSpec={M 0,0 H -10 V 26 H 10 V 0 H 0 Z @dp} rotation={0} scale={1.0} physicalPixelDisplaySizeRatio={1.0}}}}, mRoundedCorners=RoundedCorners{[RoundedCorner{position=TopLeft, radius=63, center=Point(63, 63)}, RoundedCorner{position=TopRight, radius=63, center=Point(1017, 63)}, RoundedCorner{position=BottomRight, radius=63, center=Point(1017, 2337)}, RoundedCorner{position=BottomLeft, radius=63, center=Point(63, 2337)}]}  mRoundedCornerFrame=Rect(0, 0 - 1080, 2400), mPrivacyIndicatorBounds=PrivacyIndicatorBounds {static bounds=Rect(964, 0 - 1080, 78) rotation=0}, mSources= { InsetsSource: {mType=ITYPE_STATUS_BAR, mFrame=[0,0][1080,78], mVisible=true, mInsetsRoundedCornerFrame=false}, InsetsSource: {mType=ITYPE_NAVIGATION_BAR, mFrame=[0,2400][1080,2400], mVisible=true, mInsetsRoundedCornerFrame=false}, InsetsSource: {mType=ITYPE_LEFT_GESTURES, mFrame=[0,0][0,2400], mVisible=true, mInsetsRoundedCornerFrame=false}, InsetsSource: {mType=ITYPE_RIGHT_GESTURES, mFrame=[1080,0][1080,2400], mVisible=true, mInsetsRoundedCornerFrame=false}, InsetsSource: {mType=ITYPE_TOP_MANDATORY_GESTURES, mFrame=[0,0][1080,110], mVisible=true, mInsetsRoundedCornerFrame=false}, InsetsSource: {mType=ITYPE_BOTTOM_MANDATORY_GESTURES, mFrame=[0,2348][1080,2400], mVisible=true, mInsetsRoundedCornerFrame=false}, InsetsSource: {mType=ITYPE_LEFT_DISPLAY_CUTOUT, mFrame=[0,0][-100000,2400], mVisible=true, mInsetsRoundedCornerFrame=false}, InsetsSource: {mType=ITYPE_TOP_DISPLAY_CUTOUT, mFrame=[0,0][1080,78], mVisible=true, mInsetsRoundedCornerFrame=false}, InsetsSource: {mType=ITYPE_RIGHT_DISPLAY_CUTOUT, mFrame=[100000,0][1080,2400], mVisible=true, mInsetsRoundedCornerFrame=false}, InsetsSource: {mType=ITYPE_BOTTOM_DISPLAY_CUTOUT, mFrame=[0,100000][1080,2400], mVisible=true, mInsetsRoundedCornerFrame=false}, InsetsSource: {mType=ITYPE_TOP_TAPPABLE_ELEMENT, mFrame=[0,0][1080,78], mVisible=true, mInsetsRoundedCornerFrame=false}, InsetsSource: {mType=ITYPE_BOTTOM_TAPPABLE_ELEMENT, mFrame=[0,0][0,0], mVisible=true, mInsetsRoundedCornerFrame=false}, InsetsSource: {mType=ITYPE_IME, mFrame=[0,0][0,0], mVisibleFrame=[0,1478][1080,2400], mVisible=false, mInsetsRoundedCornerFrame=false} } host=com.example.dogglers/com.example.dogglers.HorizontalListActivity from=android.view.ViewRootImpl.relayoutWindow:9802
06-30 16:45:13.459 27856 27856 I ViewRootImpl@548974[HorizontalListActivity]: updateBlastSurfaceIfNeeded mBlastBufferQueue=null isSameSurfaceControl=false
06-30 16:45:13.459 27856 27856 I BLASTBufferQueue: new BLASTBufferQueue, mName= ViewRootImpl@548974[HorizontalListActivity] mNativeObject= 0x7c59791d30 sc.mNativeObject= 0x7be97a4810 caller= android.view.ViewRootImpl.updateBlastSurfaceIfNeeded:2909 android.view.ViewRootImpl.relayoutWindow:9847 android.view.ViewRootImpl.performTraversals:3884 android.view.ViewRootImpl.doTraversal:3116 android.view.ViewRootImpl$TraversalRunnable.run:10885 android.view.Choreographer$CallbackRecord.run:1301 android.view.Choreographer$CallbackRecord.run:1309 android.view.Choreographer.doCallbacks:923 android.view.Choreographer.doFrame:852 android.view.Choreographer$FrameDisplayEventReceiver.run:1283
06-30 16:45:13.460 27856 27856 I BLASTBufferQueue: update, w= 1080 h= 2400 mName = ViewRootImpl@548974[HorizontalListActivity] mNativeObject= 0x7c59791d30 sc.mNativeObject= 0x7be97a4810 format= -1 caller= android.graphics.BLASTBufferQueue.<init>:84 android.view.ViewRootImpl.updateBlastSurfaceIfNeeded:2909 android.view.ViewRootImpl.relayoutWindow:9847 android.view.ViewRootImpl.performTraversals:3884 android.view.ViewRootImpl.doTraversal:3116 android.view.ViewRootImpl$TraversalRunnable.run:10885
06-30 16:45:13.460 27856 27856 I ViewRootImpl@548974[HorizontalListActivity]: Relayout returned: old=(0,0,1080,2400) new=(0,0,1080,2400) req=(1080,2400)0 dur=11 res=0x3 s={true 0x7ce97eea40} ch=true seqId=0
06-30 16:45:13.461 27856 27962 D OpenGLRenderer: eglCreateWindowSurface
06-30 16:45:13.461 27856 27856 I ViewRootImpl@548974[HorizontalListActivity]: mThreadedRenderer.initialize() mSurface={isValid=true 0x7ce97eea40} hwInitialized=true
06-30 16:45:13.461   782   782 D gralloc : [mali_gralloc_allocate] begin
06-30 16:45:13.461   782   782 D gralloc : buffer_descriptor: wh(1080 2400) usage_pc(0x40000000000b00 0x40000000000b00) hal_format(0x1) layer_count(1) sizes(0 0 0) strde(0) byte_stride(0) alloc_wh(0 0) internal_format(0x0) alloc_format(0x0) fd_count(1) plane_count(0)
06-30 16:45:13.462   782   782 D gralloc : [mali_gralloc_allocate] allocation successful
06-30 16:45:13.462   782   782 D gralloc : [mali_gralloc_allocate] begin
06-30 16:45:13.462   782   782 D gralloc : buffer_descriptor: wh(1080 2400) usage_pc(0x40000000000b00 0x40000000000b00) hal_format(0x1) layer_count(1) sizes(0 0 0) strde(0) byte_stride(0) alloc_wh(0 0) internal_format(0x0) alloc_format(0x0) fd_count(1) plane_count(0)
06-30 16:45:13.463   782   782 D gralloc : [mali_gralloc_allocate] allocation successful
06-30 16:45:13.463 27856 27856 I ViewRootImpl@548974[HorizontalListActivity]: reportNextDraw android.view.ViewRootImpl.performTraversals:4438 android.view.ViewRootImpl.doTraversal:3116 android.view.ViewRootImpl$TraversalRunnable.run:10885 android.view.Choreographer$CallbackRecord.run:1301 android.view.Choreographer$CallbackRecord.run:1309
06-30 16:45:13.463 27856 27856 I ViewRootImpl@548974[HorizontalListActivity]: Setup new sync id=0
06-30 16:45:13.463   782   782 D gralloc : [mali_gralloc_allocate] begin
06-30 16:45:13.463 27856 27856 I ViewRootImpl@548974[HorizontalListActivity]: Setting syncFrameCallback
06-30 16:45:13.463   782   782 D gralloc : buffer_descriptor: wh(1080 2400) usage_pc(0x40000000000b00 0x40000000000b00) hal_format(0x1) layer_count(1) sizes(0 0 0) strde(0) byte_stride(0) alloc_wh(0 0) internal_format(0x0) alloc_format(0x0) fd_count(1) plane_count(0)
06-30 16:45:13.463 27856 27856 I ViewRootImpl@548974[HorizontalListActivity]: registerCallbacksForSync syncBuffer=false
06-30 16:45:13.463   782   782 D gralloc : [mali_gralloc_allocate] allocation successful
06-30 16:45:13.463   782   782 D gralloc : [mali_gralloc_allocate] begin
06-30 16:45:13.463   782   782 D gralloc : buffer_descriptor: wh(1080 2400) usage_pc(0x40000000000b00 0x40000000000b00) hal_format(0x1) layer_count(1) sizes(0 0 0) strde(0) byte_stride(0) alloc_wh(0 0) internal_format(0x0) alloc_format(0x0) fd_count(1) plane_count(0)
06-30 16:45:13.464   782   782 D gralloc : [mali_gralloc_allocate] allocation successful
06-30 16:45:13.467 27856 28012 I ViewRootImpl@548974[HorizontalListActivity]: Received frameDrawingCallback syncResult=0 frameNum=1.
06-30 16:45:13.467 27856 28012 I ViewRootImpl@548974[HorizontalListActivity]: Setting up sync and frameCommitCallback
06-30 16:45:13.469  8287  8287 I vendor.samsung.hardware.authfw@1.0-TlcProxyAuthnr: process
06-30 16:45:13.469  8287  8287 I tlcFidoAuthnr: process start.
06-30 16:45:13.469  8287  8287 I tlcFidoAuthnr: process start. state:1
06-30 16:45:13.469  8287  8287 I tlcFidoAuthnr: processPass start. state:2
06-30 16:45:13.471   555   557 I tzdaemon: [il] name of requested image: 00000000-0000-0000-0000-0053545354ab; cmd type 1
06-30 16:45:13.471   555   557 D tzdaemon: [il] resolved full_name /vendor/tee/00000000-0000-0000-0000-0053545354ab
06-30 16:45:13.471   555   557 I tzdaemon: [il] Found file:/vendor/tee/00000000-0000-0000-0000-0053545354ab size:47925
06-30 16:45:13.472   873   873 I SurfaceFlinger: [76d9258 com.example.dogglers/com.example.dogglers.HorizontalListActivity#9206] FrameRatePriority: 1
06-30 16:45:13.472   873   873 I Layer   : id=9201 removeFromCurrentState Surface(name=1c611dd StatusBar)/@0xee99fdd - animation-leash of insets_animation#9201 (123)
06-30 16:45:13.472   873   873 I Layer   : id=9202 removeFromCurrentState Surface(name=37aeaf NavigationBar0)/@0x2817b20 - animation-leash of insets_animation#9202 (123)
06-30 16:45:13.472   873   873 D SurfaceFlinger: [input] inputWindowCommands.focusRequests size is 1
06-30 16:45:13.472   555   557 I tzdaemon: [il] Created container shared memory 0x7103be8000 size 47925
06-30 16:45:13.472   555   557 D tzdaemon: [il] reply.image.buf_desc.size 47925; reply.image.buf_desc.id 4
06-30 16:45:13.472   555   557 D tzdaemon: [il] image_loader_event_loop(): going to send reply (76 bytes) to sfd:9
06-30 16:45:13.473   873   984 D SurfaceFlinger: [input] setFocusedWindow: 76d9258 com.example.dogglers/com.example.dogglers.HorizontalListActivity
06-30 16:45:13.473  1282  1815 D InputDispatcher: Focus request (0): 76d9258 com.example.dogglers/com.example.dogglers.HorizontalListActivity but waiting because NOT_VISIBLE
06-30 16:45:13.479  2243 16492 I RecentModel: onTaskStackChangedBackground
06-30 16:45:13.482 28089 28117 I SAMgr_HS: ret: true, 10
06-30 16:45:13.482  8287  8287 I vendor.samsung.hardware.authfw@1.0-TlcProxyAuthnr: terminate
06-30 16:45:13.482  8287  8287 I tlcFidoAuthnr: terminateFido start.
06-30 16:45:13.482  8287  8287 I tlcFidoAuthnr: terminateFido start. state:1
06-30 16:45:13.485 28089 28117 I [AUTHFW][TZ]TzUtil: nic is not supported on Q
06-30 16:45:13.512 27856 27962 I BLASTBufferQueue: [ViewRootImpl@548974[HorizontalListActivity]#3](f:0,a:0) onFrameAvailable the first frame is available
06-30 16:45:13.513 27856 27962 I ViewRootImpl@548974[HorizontalListActivity]: Received frameCommittedCallback lastAttemptedDrawFrameNum=1 didProduceBuffer=true
06-30 16:45:13.513 27856 27962 D OpenGLRenderer: CFMS:: SetUp Pid : 27856    Tid : 27962
06-30 16:45:13.513 27856 27962 W Parcel  : Expecting binder but got null!
06-30 16:45:13.513 27856 27856 I ViewRootImpl@548974[HorizontalListActivity]: onSyncComplete
06-30 16:45:13.514 27856 27856 I ViewRootImpl@548974[HorizontalListActivity]: setupSync seqId=0 mSyncId=0 fn=1 caller=android.view.ViewRootImpl$$ExternalSyntheticLambda11.accept:6 android.window.SurfaceSyncer.lambda$setupSync$1$android-window-SurfaceSyncer:128 android.window.SurfaceSyncer$$ExternalSyntheticLambda1.accept:8 android.window.SurfaceSyncer$SyncSet.checkIfSyncIsComplete:382 android.window.SurfaceSyncer$SyncSet.markSyncReady:359 android.window.SurfaceSyncer.markSyncReady:151 android.view.ViewRootImpl.performTraversals:4503
06-30 16:45:13.515 27856 27856 I ViewRootImpl@548974[HorizontalListActivity]: reportDrawFinished seqId=0 mSyncId=-1 fn=1 mSurfaceChangedTransaction=0x7c1976d7f0
06-30 16:45:13.515 27856 27856 I ViewRootImpl@b6edbfa[MainActivity]: MSG_WINDOW_FOCUS_CHANGED 0 0
06-30 16:45:13.518   873   908 I SurfaceFlinger: id=9210 createSurf flag=24000, Surface(name=ActivityRecord{5567583 u0 com.example.dogglers/.MainActivity} t302})/@0xf080314 - animation-leash of app_transition#9210
06-30 16:45:13.519   873   908 I SurfaceFlinger: id=9211 createSurf flag=80004, Surface(name=ActivityRecord{5567583 u0 com.example.dogglers/.MainActivity} t302})/@0xf080314 - animation-bounds#9211
06-30 16:45:13.521   873  2742 I SurfaceFlinger: id=9212 createSurf flag=20004, DimAnimationLayer for ActivityRecord{a448e10 u0 com.example.dogglers/.HorizontalListActivity} t302}#9212
06-30 16:45:13.522   873  2742 I SurfaceFlinger: id=9213 createSurf flag=24004, Surface(name=ActivityRecord{a448e10 u0 com.example.dogglers/.HorizontalListActivity} t302})/@0x89e479c - animation-leash of app_transition#9213
06-30 16:45:13.523   873   908 I SurfaceFlinger: id=9202 Removed Surface(name=37aeaf NavigationBar0)/@0x2817b20 - animation-leash of insets_animation#9202 (127)
06-30 16:45:13.523   873   908 I SurfaceFlinger: id=9201 Removed Surface(name=1c611dd StatusBar)/@0xee99fdd - animation-leash of insets_animation#9201 (127)
06-30 16:45:13.524   873  2450 I SurfaceFlinger: id=9214 createSurf flag=80004, Surface(name=ActivityRecord{a448e10 u0 com.example.dogglers/.HorizontalListActivity} t302})/@0x89e479c - animation-bounds#9214
06-30 16:45:13.526  1282  1305 I ActivityTaskManager: Displayed com.example.dogglers/.HorizontalListActivity: +160ms
06-30 16:45:13.526  2894  2894 E pageboostd: Received HALT command code 2
06-30 16:45:13.527   873  2450 I SurfaceFlinger: id=9215 createSurf flag=80000, 17c62d3 ActivityRecordInputSink com.example.dogglers/.HorizontalListActivity#9215
06-30 16:45:13.530  1282  1815 I SemDvfsHyPerManager: acquire hyper - AMS_RESUME_TAIL/1282@20, type = -999
06-30 16:45:13.530  1282  1815 I SemDvfsHyPerManager: acquire hyper - AMS_ACT_LAZY/1282@21, type = -999
06-30 16:45:13.530   795   895 I HYPER-HAL: [RequestManager.cpp]acquire(): Acquired ID : 848273  [1282 / 20]    HINT : AMS_RESUME_TAIL    list :
06-30 16:45:13.531   873   873 I Layer   : Layer [com.example.dogglers/com.example.dogglers.HorizontalListActivity$_27856#9207] hidden!! flag(0)
06-30 16:45:13.531   795   895 I HYPER-HAL: [ResourceManager.cpp]updateResource(): [CPUMinFreq] UpdateResource Request ID : 848273    Value : 1844882
06-30 16:45:13.531   795   895 I HYPER-HAL: [ResourceManager.cpp]removeResource(): [CPUMinFreq] RemoveResource Request ID : 845668
06-30 16:45:13.531   795   895 I HYPER-HAL: [RequestManager.cpp]releaseLocked(): Released ID : 845668
06-30 16:45:13.531   873   873 I Layer   : id=9201 Destroyed Surface(name=1c611dd StatusBar)/@0xee99fdd - animation-leash of insets_animation#9201
06-30 16:45:13.531   873   873 I Layer   : id=9202 Destroyed Surface(name=37aeaf NavigationBar0)/@0x2817b20 - animation-leash of insets_animation#9202
06-30 16:45:13.534   782   782 D gralloc : [mali_gralloc_allocate] begin
06-30 16:45:13.534   782   782 D gralloc : buffer_descriptor: wh(1080 1) usage_pc(0xb66 0xb06) hal_format(0x1) layer_count(1) sizes(0 0 0) strde(0) byte_stride(0) alloc_wh(0 0) internal_format(0x0) alloc_format(0x0) fd_count(1) plane_count(0)
06-30 16:45:13.534   782   782 D gralloc : [mali_gralloc_allocate] allocation successful
06-30 16:45:13.534   873   873 I Layer   : id=9216 Destroyed Screenshot Parent#9216
06-30 16:45:13.537   873  2450 I SurfaceFlinger: id=9217 createSurf flag=40404, Top Edge Extension#9217
06-30 16:45:13.537   873  2450 I SurfaceFlinger: id=9218 createSurf flag=400, bbq-wrapper#9218
06-30 16:45:13.538  1282 14499 I BLASTBufferQueue: [bbq-adapter#398](f:0,a:0) onFrameAvailable the first frame is available
06-30 16:45:13.539   782   782 D gralloc : [mali_gralloc_allocate] begin
06-30 16:45:13.539   782   782 D gralloc : buffer_descriptor: wh(1080 1) usage_pc(0xb66 0xb06) hal_format(0x1) layer_count(1) sizes(0 0 0) strde(0) byte_stride(0) alloc_wh(0 0) internal_format(0x0) alloc_format(0x0) fd_count(1) plane_count(0)
06-30 16:45:13.539   782   782 D gralloc : [mali_gralloc_allocate] allocation successful
06-30 16:45:13.540   873   873 I Layer   : id=9219 Destroyed Screenshot Parent#9219
06-30 16:45:13.542   873  2742 I SurfaceFlinger: id=9220 createSurf flag=40404, Bottom Edge Extension#9220
06-30 16:45:13.542   873  2742 I SurfaceFlinger: id=9221 createSurf flag=400, bbq-wrapper#9221
06-30 16:45:13.543  1282 14500 I BLASTBufferQueue: [bbq-adapter#399](f:0,a:0) onFrameAvailable the first frame is available
06-30 16:45:13.549   873   873 D SurfaceFlinger: Display 4633128672291735937 HWC layers:
06-30 16:45:13.549   873   873 D SurfaceFlinger:      CLIENT | 0x718d8693d0 | 0102 | RGBA_8888    |    0.0    0.0    0.0    0.0 |    0    0    0    0 | bbq-wrapper#9221
06-30 16:45:13.549   873   873 D SurfaceFlinger:      DEVICE | 0x718d857850 | 0102 | RGBA_8888    |    0.0    0.0 1080.0 2400.0 |    0    0 1080 2400 | com.example.dogglers/com.example.dogglers.MainActivity$_27856#9200
06-30 16:45:13.549   873   873 D SurfaceFlinger:      DEVICE | 0x718d8724f0 | 0100 | RGBA_8888    |    0.0    0.0 1080.0   78.0 |    0    0 1080   78 | StatusBar$_1751#88
06-30 16:45:13.549   873   873 D SurfaceFlinger:      DEVICE | 0x718d8202f0 | 0100 | RGBA_8888    |    0.0    0.0   67.0  493.0 |    0 1188   67 1681 | com.samsung.android.app.cocktailbars[...]ervice.CocktailBarService$_4690#9140
06-30 16:45:13.549   873   873 D SurfaceFlinger:      DEVICE | 0x718d862350 | 0100 | RGBA_8888    |    0.0    0.0  388.0   48.0 |  692 2352 1080 2400 | SGestureOverlayWindow$_2243#9132
06-30 16:45:13.549   873   873 D SurfaceFlinger:      DEVICE | 0x718d856650 | 0100 | RGBA_8888    |    0.0    0.0 1080.0  126.0 |    0 2274 1080 2400 | NavigationBar0$_1751#83
06-30 16:45:13.549   873   873 D SurfaceFlinger:
06-30 16:45:13.555   873   873 D SurfaceFlinger: GPIS:: requestGPIS
06-30 16:45:13.556  1282  1547 D InputDispatcher: Focus entered window (0): 76d9258 com.example.dogglers/com.example.dogglers.HorizontalListActivity
06-30 16:45:13.556 27856 27856 I ViewRootImpl@548974[HorizontalListActivity]: MSG_WINDOW_FOCUS_CHANGED 1 0
06-30 16:45:13.557 27856 27856 I ViewRootImpl@548974[HorizontalListActivity]: mThreadedRenderer.initializeIfNeeded()#2 mSurface={isValid=true 0x7ce97eea40}
06-30 16:45:13.557 27856 27856 D InputMethodManager: startInputInner - Id : 0
06-30 16:45:13.557 27856 27856 I InputMethodManager: startInputInner - mService.startInputOrWindowGainedFocus
06-30 16:45:13.558  1282  1547 D InputMethodManagerService: DESKTOP MODE! : 2
06-30 16:45:13.558  1282  1547 D InputMethodManagerService: NOT IN KNOX DESKTOP MODE!
06-30 16:45:13.558  1282  1547 V InputMethodManagerService: getDisplayIdOfInputMethodWindowToBeAdded: displayId=0
06-30 16:45:13.558  1282  1547 D InputMethodManagerService: isImeSwitcherDisabledPackage : false
06-30 16:45:13.558  1282  1547 D InputMethodManagerService: checkDisplayOfStartInputAndUpdateKeyboard: displayId=0, mFocusedDisplayId=0
06-30 16:45:13.558  1282  1547 D InputTransport: Input channel constructed: 'ClientS', fd=1023
06-30 16:45:13.558  1282  1547 D InputTransport: Input channel destroyed: 'ClientS', fd=1023
06-30 16:45:13.559  6001  6001 I HBD     : HoneyBoardService onFinishInput
06-30 16:45:13.559   873  2742 I SurfaceFlinger: id=9222 createSurf flag=24004, Surface(name=ee45561 InputMethod)/@0x4417547 - animation-leash of insets_animation#9222
06-30 16:45:13.559  6001  6001 I HBD     : a IC have been unbinding,  RemoteInputConnection{idHash=#7d1dbdb}
06-30 16:45:13.559  6001  6001 I HBD     : HoneyBoardService [PF_CL][onFinishInput]  0 ms
06-30 16:45:13.559  6001  6001 I HBD     : HoneyBoardService [IMI] onStartInput - caller pid : 27856 , caller uid : 10286
06-30 16:45:13.560  6001  6001 I HBD     : j updateConfigs
06-30 16:45:13.560  6001  6001 I HBD     : j isEnabledNightMode : true
06-30 16:45:13.560  6001  6001 I HBD     : a IC have been binding, RemoteInputConnection{idHash=#7d1dbdb}
06-30 16:45:13.560  6001  6001 I HBD     : h [EditorInputType]setPrivateImeOptionsToTable privateImeOptions ( null )
06-30 16:45:13.560  6001  6001 I HBD     : b incognitoMode : false
06-30 16:45:13.560  6001  6001 I HBD     : a needOff = true , isForceOff = false, isNullInputClass : true
06-30 16:45:13.560  6001  6001 I HBD     : h getDefaultInputRange : UNKNOWN
06-30 16:45:13.560  6001  6001 I HBD     : h getDefaultInputRange : UNKNOWN
06-30 16:45:13.560  6001  6001 I HBD     : h getDefaultInputRange : UNKNOWN
06-30 16:45:13.561   873   873 D SurfaceFlinger: Display 4633128672291735937 HWC layers:
06-30 16:45:13.561   873   873 D SurfaceFlinger:      CLIENT | 0x718d8693d0 | 0102 | RGBA_8888    |    0.0    0.0    0.0    0.0 |    0 2396 1080 2400 | bbq-wrapper#9221
06-30 16:45:13.561   873   873 D SurfaceFlinger:      DEVICE | 0x718d824790 | 0102 | RGBA_8888    |    0.0    4.0 1080.0 2400.0 |    0    0 1080 2396 | com.example.dogglers/com.example.dogglers.MainActivity$_27856#9200
06-30 16:45:13.561   873   873 D SurfaceFlinger:      DEVICE | 0x718d873ff0 | 0102 | RGBA_8888    |    0.0    0.0 1080.0    1.0 |    0    0 1080  427 | bbq-wrapper#9218
06-30 16:45:13.561   873   873 D SurfaceFlinger:      DEVICE | 0x718d860cd0 | 0102 | RGBA_8888    |    0.0    0.0 1080.0 1973.0 |    0  427 1080 2400 | com.example.dogglers/com.example.dogglers.HorizontalListActivity$_27856#9207
06-30 16:45:13.561   873   873 D SurfaceFlinger:      DEVICE | 0x718d8724f0 | 0100 | RGBA_8888    |    0.0    0.0 1080.0   78.0 |    0    0 1080   78 | StatusBar$_1751#88
06-30 16:45:13.561   873   873 D SurfaceFlinger:      DEVICE | 0x718d8202f0 | 0100 | RGBA_8888    |    0.0    0.0   67.0  493.0 |    0 1188   67 1681 | com.samsung.android.app.cocktailbars[...]ervice.CocktailBarService$_4690#9140
06-30 16:45:13.561   873   873 D SurfaceFlinger:      DEVICE | 0x718d862350 | 0100 | RGBA_8888    |    0.0    0.0  388.0   48.0 |  692 2352
06-30 16:45:13.561   873   873 D SurfaceFlinger:  1080 2400 | SGestureOverlayWindow$_2243#9132
06-30 16:45:13.561   873   873 D SurfaceFlinger:      DEVICE | 0x718d856650 | 0100 | RGBA_8888    |    0.0    0.0 1080.0  126.0 |    0 2274 1080 2400 | NavigationBar0$_1751#83
06-30 16:45:13.561   873   873 D SurfaceFlinger:
06-30 16:45:13.562  6001  6001 I HBD     : a needOff = true , isForceOff = false, isNullInputClass : true
06-30 16:45:13.562  6001  6001 I HBD     : a update cached prediction status : false
06-30 16:45:13.562  6001  6001 I HBD     : h getDefaultInputRange : UNKNOWN
06-30 16:45:13.562  6001  6001 I HBD     : a currentState : 0
06-30 16:45:13.562  6001  6001 I HBD     : a [UpdatePolicy] [post] a: 0 cl: 4325376 kit: [0/0] vt: 0 ir: 1
06-30 16:45:13.562  6001  6001 I HBD     : a [NRIC] resetNoResponseState
06-30 16:45:13.562  6001  6001 I HBD     : a needOff = true , isForceOff = false, isNullInputClass : true
06-30 16:45:13.562  6001  6001 I HBD     : a update cached prediction status : false
06-30 16:45:13.563  1282  1547 D InputMethodManagerService: isImeSwitcherDisabledPackage : false
06-30 16:45:13.563  6001  6001 I HBD     : HoneyBoardService [PF_OP][onStartInput]  4 ms
06-30 16:45:13.563   873   873 I Layer   : id=9204 removeFromCurrentState Surface(name=ee45561 InputMethod)/@0x4417547 - animation-leash of insets_animation#9204 (132)
06-30 16:45:13.563   873   873 I SurfaceFlinger: id=9204 Removed Surface(name=ee45561 InputMethod)/@0x4417547 - animation-leash of insets_animation#9204 (132)
06-30 16:45:13.563   873   873 I Layer   : id=9204 Destroyed Surface(name=ee45561 InputMethod)/@0x4417547 - animation-leash of insets_animation#9204
06-30 16:45:13.565  6001  6001 I InputMethodService: removeImeSurface
06-30 16:45:13.565  6001  6001 I MSHandlerLifeCycle: check: return. pkg=com.samsung.android.honeyboard isActivity=false callers=com.android.internal.policy.DecorView.setVisibility:4416 android.app.Dialog.hide:767 android.inputmethodservice.InputMethodService.removeImeSurface:1290 android.inputmethodservice.InputMethodService.scheduleImeSurfaceRemoval:1279 android.inputmethodservice.InputMethodService.-$$Nest$mscheduleImeSurfaceRemoval:0
06-30 16:45:13.565  6001  6001 I MSHandlerLifeCycle: removeMultiSplitHandler: no exist. decor=DecorView@cd7d792[InputMethod]
06-30 16:45:13.568   873   873 D SurfaceFlinger: Display 4633128672291735937 HWC layers:
06-30 16:45:13.568   873   873 D SurfaceFlinger:      CLIENT | 0x718d8693d0 | 0102 | RGBA_8888    |    0.0    0.0    0.0    0.0 |    0 2392 1080 2400 | bbq-wrapper#9221
06-30 16:45:13.568   873   873 D SurfaceFlinger:      DEVICE | 0x718d865710 | 0102 | RGBA_8888    |    0.0    8.0 1080.0 2400.0 |    0    0 1080 2392 | com.example.dogglers/com.example.dogglers.MainActivity$_27856#9200
06-30 16:45:13.568   873   873 D SurfaceFlinger:      DEVICE | 0x718d873ff0 | 0102 | RGBA_8888    |    0.0    0.0 1080.0    1.0 |    0    0 1080  399 | bbq-wrapper#9218
06-30 16:45:13.568   873   873 D SurfaceFlinger:  SOLID_COLOR |              | 0000 |  Unknown  |    0.0    0.0    0.0    0.0 |    0    0 1080 2400 | DimAnimationLayer for ActivityRecord[...]/.HorizontalListActivity} t302}#9212
06-30 16:45:13.568   873   873 D SurfaceFlinger:      DEVICE | 0x718d860cd0 | 0102 | RGBA_8888    |    0.0    0.0 1080.0 2001.0 |    0  399 1080 2400 | com.example.dogglers/com.example.dogglers.HorizontalListActivity$_27856#9207
06-30 16:45:13.568   873   873 D SurfaceFlinger:      DEVICE | 0x718d8724f0 | 0100 | RGBA_8888    |    0.0    0.0 1080.0   78.0 |    0    0 1080   78 | StatusBar$_1751#88
06-30 16:45:13.568   873   873 D SurfaceFlinger:      DEVICE | 0x718d8202f0 | 0100 | RGBA_8888    |    0.0    0.0   67.0  493.0 |    0 1188
06-30 16:45:13.568   873   873 D SurfaceFlinger:  67 1681 | com.samsung.android.app.cocktailbars[...]ervice.CocktailBarService$_4690#9140
06-30 16:45:13.568   873   873 D SurfaceFlinger:      DEVICE | 0x718d862350 | 0100 | RGBA_8888    |    0.0    0.0  388.0   48.0 |  692 2352 1080 2400 | SGestureOverlayWindow$_2243#9132
06-30 16:45:13.568   873   873 D SurfaceFlinger:      DEVICE | 0x718d856650 | 0100 | RGBA_8888    |    0.0    0.0 1080.0  126.0 |    0 2274 1080 2400 | NavigationBar0$_1751#83
06-30 16:45:13.568   873   873 D SurfaceFlinger:
06-30 16:45:13.615  1282  1306 I GestureDetector: handleMessage TAP
06-30 16:45:13.616  1282  1282 I GestureDetector: handleMessage TAP
06-30 16:45:13.650   873   873 D SurfaceFlinger: Display 4633128672291735937 HWC layers:
06-30 16:45:13.650   873   873 D SurfaceFlinger:      CLIENT | 0x718d873ff0 | 0102 | RGBA_8888    |    0.0    0.0    0.0    0.0 |    0    0 1080  110 | bbq-wrapper#9218
06-30 16:45:13.650   873   873 D SurfaceFlinger:  SOLID_COLOR |              | 0000 |  Unknown  |    0.0    0.0    0.0    0.0 |    0    0 1080 2400 | DimAnimationLayer for ActivityRecord[...]/.HorizontalListActivity} t302}#9212
06-30 16:45:13.650   873   873 D SurfaceFlinger:      DEVICE | 0x718d860cd0 | 0102 | RGBA_8888    |    0.0    0.0 1080.0 2290.0 |    0  110 1080 2400 | com.example.dogglers/com.example.dogglers.HorizontalListActivity$_27856#9207
06-30 16:45:13.650   873   873 D SurfaceFlinger:      DEVICE | 0x718d8724f0 | 0100 | RGBA_8888    |    0.0    0.0 1080.0   78.0 |    0    0 1080   78 | StatusBar$_1751#88
06-30 16:45:13.650   873   873 D SurfaceFlinger:      DEVICE | 0x718d8202f0 | 0100 | RGBA_8888    |    0.0    0.0   67.0  493.0 |    0 1188   67 1681 | com.samsung.android.app.cocktailbars[...]ervice.CocktailBarService$_4690#9140
06-30 16:45:13.650   873   873 D SurfaceFlinger:      DEVICE | 0x718d862350 | 0100 | RGBA_8888    |    0.0    0.0  388.0   48.0 |  692 2352 1080 2400 | SGestureOverlayWindow$_2243#9132
06-30 16:45:13.650   873   873 D SurfaceFlinger:      DEVICE | 0x718d856650 | 0100 | RGBA_8888    |    0.0    0.0
06-30 16:45:13.650   873   873 D SurfaceFlinger: 1080.0  126.0 |    0 2274 1080 2400 | NavigationBar0$_1751#83
06-30 16:45:13.650   873   873 D SurfaceFlinger:
06-30 16:45:13.695  1282  4200 D SemWifiUsabilityStatsMonitor: onWifiUsabilityStats - seqNum 6336, isSameBssidAndFreq true
06-30 16:45:13.695  1282  1654 I SemWifiLinkQualityMonitor: Link Qos Query: 0.119 ms / 67.026 Mbps (72 / 0.003 / 1.045)
06-30 16:45:13.695  1282  1597 D ConnectivityService: notifyType CALLBACK_CAP_CHANGED for [121 WIFI]
06-30 16:45:13.696  1282  1628 I WifiConnectivityMonitor.NCC: sNetworkCallback(oCC) FULL : 121(true/false)[ Transports: WIFI Capabilities: NOT_METERED&INTERNET&NOT_RESTRICTED&TRUSTED&NOT_VPN&VALIDATED&NOT_ROAMING&FOREGROUND&NOT_CONGESTED&NOT_SUSPENDED&NOT_VCN_MANAGED LinkUpBandwidth>=12752Kbps LinkDnBandwidth>=11374Kbps TransportInfo: <SSID: <unknown ssid>, BSSID: 02:00:00:**:**:00, MAC: 02:00:00:**:**:00, IP: /192.168.2.219, Security type: 2, Supplicant state: COMPLETED, Wi-Fi standard: 4, RSSI: -48, Link speed: 72Mbps, Tx Link speed: 72Mbps, Max Supported Tx Link speed: 150Mbps, Rx Link speed: 65Mbps, Max Supported Rx Link speed: 150Mbps, Frequency: 2412MHz, Net ID: -1, Metered hint: false, score: 60, isUsable: true, CarrierMerged: false, SubscriptionId: -1, IsPrimary: 1, Trusted: true, Restricted: false, Ephemeral: false, OEM paid: false, OEM private: false, OSU AP: false, FQDN: <none>, Provider friendly name: <none>, Requesting package name: <none><none>MLO Information: , AP MLD Address: <none>, AP MLO Link Id: <none>, AP MLO Affiliated links: <none>> SignalStrength: -48 AdminUids: [1000] SSID: "kanarya" UnderlyingNetworks: Null]
06-30 16:45:13.696  1282  1670 I WifiConnectivityMonitor: current mode : 3
06-30 16:45:13.696  1282  1670 D OpenNetworkQos[4.00]: updateBssidNoInternet: mBssidNoInternet = false
06-30 16:45:13.696  1282  1670 D OpenNetworkQos[4.00]: getOpenNetworkQosNoInternetStatus: false
06-30 16:45:13.696  1282  1670 D OpenNetworkQos[4.00]: getOpenNetworkQosScores: 26 26 23
06-30 16:45:13.696  1282  1670 I WifiProfileShare: network QoS data was changed (internet), updateQoSData networkType: true, qosData: false
06-30 16:45:13.696  1282  1670 D WifiConnectivityMonitor: VALIDATED_DETECTED
06-30 16:45:13.696  1282  2878 V WifiProfileShare.Caster: update wips network, size: 0
06-30 16:45:13.696  1282  2878 D WifiProfileShare: nearby scanning settings run
06-30 16:45:13.696  1282  2878 D WifiProfileShare: network score provider settings enabled
06-30 16:45:13.696  1282  2878 D OpenNetworkQos[4.00]: getOpenNetworkQosScores: 26 26 23
06-30 16:45:13.696  1282  2878 D OpenNetworkQos[4.00]: getOpenNetworkQosNoInternetStatus: false
06-30 16:45:13.696  1282  2878 I WifiProfileShare.Caster: current network type: 0, score: [26, 26, 23]
06-30 16:45:13.697  1282  2878 V WifiProfileShare.Cache: update network score 00:1c:a8:**:**:b9
06-30 16:45:13.697  1282  2878 D WifiProfileShare.ScanMatcher: getMcfDataList size:1
06-30 16:45:13.697  1282  2878 I WifiProfileShare.Caster: qos data was updated , before:type:QOS, pBssid:b7:d7:b9, qosData:7b after:type:QOS, pBssid:b7:d7:b9, qosData:7b
06-30 16:45:13.697  1282  2878 I [MCFSDK_android_1.2.4010]_4_b: isNetworkEnabled - type : 1 ret : true
06-30 16:45:13.697  1282  2878 D WifiProfileShare.McfCast: -ME--- mIsNetworkEnabled :true
06-30 16:45:13.697  1282  2878 D WifiProfileShare.McfCast: updateQoSData ignored, same contents
06-30 16:45:13.697  1282  2878 D WifiProfileShare.MCF: success update QosData !
06-30 16:45:13.697  1282  2878 I [MCFSDK_android_1.2.4010]_4_b: isNetworkEnabled - type : 1 ret : true
06-30 16:45:13.697  1282  2878 D WifiProfileShare.McfCast: -ME--- mIsNetworkEnabled :true
06-30 16:45:13.697  1282  2878 D WifiProfileShare.McfCast: -ME--- updatePasswordDate pwdData size:1
06-30 16:45:13.699  3168  6278 I ChimeraSrvcProxy: NullBinder for android.net.action.RECOMMEND_NETWORKS triggering remote TransactionTooLargeException due to Service without Chimera impl
06-30 16:45:13.699  3168  6278 W .gms.persistent: Large reply transaction of 1056768 bytes, interface descriptor , code 1
06-30 16:45:13.699  6001  7013 I HBD     : g onCapabilitiesChanged network : 121 current network state : wifi
06-30 16:45:13.701  1282  1597 D ConnectivityService: notifyType CALLBACK_CAP_CHANGED for [123 WIFI|VPN]
06-30 16:45:13.702  2136  2301 I WfcEpdgManager: mDefaultNetworkCallback onCapabilitiesChanged(): isWifi :true,validated :true
06-30 16:45:13.702  2136  2420 I WfcEpdgManager: [Disconnected] processMessage WIFI_CONNECTED
06-30 16:45:13.703  2136  2420 I SimManager: getRilSimOperator: ETC
06-30 16:45:13.703  2136  2420 I SimManager<0>: hasIsim: [false]
06-30 16:45:13.703  2136  2420 E GlobalSettingsRepoBase: globalgcsettings No matched key : use_usim_on_invalid_isim
06-30 16:45:13.703  2136  2420 I SimManager: mSimState:LOADED, mIsimLoaded:false, hasIsim():false
06-30 16:45:13.703  2136  2420 I SimManager: getRilSimOperator: ETC
06-30 16:45:13.703  2136  2420 I SimManager<0>: hasIsim: [false]
06-30 16:45:13.703  2136  2420 E GlobalSettingsRepoBase: globalgcsettings No matched key : use_usim_on_invalid_isim
06-30 16:45:13.703  3168  9352 D TrafficStats: tagSocket(203) with statsTag=0xffffffff, statsUid=-1
06-30 16:45:13.703  2136  2420 E GlobalSettingsRepoBase: globalgcsettings No matched key : support_configserver
06-30 16:45:13.703  2136  2420 I EntitlementContentProvider<0>: isVoWiFiEntitlementRequired: false
06-30 16:45:13.703  2136  2420 I WfcEpdgManager: isEntitlementRequired : false
06-30 16:45:13.703 14936 15136 I ControllerEventHandler: [#CMH#] Capabilities of network has been changed:  123
06-30 16:45:13.703 14936 15136 I ControllerEventHandler: [#CMH#] Setting POIConnectedValue to true
06-30 16:45:13.704  2136  2420 I ImsServiceStub<0>: isServiceAvailable: mmtel, rat: 18, profileFind:true, Enabled:true
06-30 16:45:13.704  2136  2420 I SimManager: getRilSimOperator: ETC
06-30 16:45:13.704  2136  2420 I SimManager<1>: hasIsim: [false]
06-30 16:45:13.704  2136  2420 I SimManager: mSimState:ABSENT, mIsimLoaded:false, hasIsim():false
06-30 16:45:13.705 27823  9242 D TrafficStats: tagSocket(150) with statsTag=0xffffffff, statsUid=-1
06-30 16:45:13.705 10689 11240 I ControllerEventHandler: [#CMH#] Capabilities of network has been changed:  121
06-30 16:45:13.705 10689 11240 I ControllerEventHandler: [#CMH#] Setting POIConnectedValue to true
06-30 16:45:13.708 30323 30367 D TrafficStats: tagSocket(148) with statsTag=0xffffffff, statsUid=-1
06-30 16:45:13.708 25560 25679 D TrafficStats: tagSocket(140) with statsTag=0xffffffff, statsUid=-1
06-30 16:45:13.709 27788 30719 D TrafficStats: tagSocket(194) with statsTag=0xffffffff, statsUid=-1
06-30 16:45:13.711 15795 16063 D TrafficStats: tagSocket(6) with statsTag=0xffffffff, statsUid=-1
06-30 16:45:13.712  4690  4690 I Utils   : isCurrentUser current = 0, ownerId = 0
06-30 16:45:13.712  4690  4690 I TrayVisibilityController: getComputedTrayVisible : keyguardState = 1
06-30 16:45:13.713  4690  4690 I TrayVisibilityController: updateTrayVisible: State=1 visible=1 mCurrentVisible=1 specificMode=0
06-30 16:45:13.713  4690  4690 I TrayStateController: onNotifyUpdateTray: state=0
06-30 16:45:13.741 27856 27856 I ViewInteraction: Checking 'MatchesViewAssertion{viewMatcher=(view has effective visibility <VISIBLE> and view.getGlobalVisibleRect() to return non-empty rectangle)}' assertion on view view.getId() is <2131230938/com.example.dogglers:id/horizontal_recycler_view>
06-30 16:45:13.743  1282  1308 I ChimeraSystemEventListener: appLaunchIntent package name is: com.example.dogglers
06-30 16:45:13.744  1282  1547 I SemDvfsHyPerManager: acquire hyper - AMS_ACT_START/1282@18, type = -999
06-30 16:45:13.744   795   895 I HYPER-HAL: [RequestManager.cpp]acquire(): Acquired ID : 845668  [1282 / 18]    HINT : AMS_ACT_START    list :
06-30 16:45:13.745   873   908 I SurfaceFlinger: id=9223 createSurf flag=80004, ActivityRecord{180d215 u0 com.example.dogglers/androidx.test.core.app.InstrumentationActivityInvoker$EmptyActivity} t302}#9223
06-30 16:45:13.745   795   895 I HYPER-HAL: [ResourceManager.cpp]updateResource(): [CPUMinFreq] UpdateResource Request ID : 845668    Value : 1930195
06-30 16:45:13.746  1282  1308 I SemPersonaManager: SecureFolder personaId = 150
06-30 16:45:13.748  2894  2894 E pageboostd: Received HALT command code 2
06-30 16:45:13.749 27856 27856 D LifecycleMonitor: Lifecycle status change: com.example.dogglers.HorizontalListActivity@349945f in: PAUSED
