06-30 16:45:17.699 27856 27925 I TestRunner: started: horizontal_list_button_is_displayed(com.example.dogglers.ButtonTests)
06-30 16:45:17.701   873   873 I Layer   : id=9331 Destroyed com.example.dogglers/com.example.dogglers.VerticalListActivity$_27856#9331
06-30 16:45:17.701   873   873 I Layer   : id=9330 Destroyed a5e70a7 com.example.dogglers/com.example.dogglers.VerticalListActivity#9330
06-30 16:45:17.707  2243  2243 I RecentsView: onTaskRemoved() taskId : 304
06-30 16:45:17.707  2243  2243 I TopTaskTracker: onTaskRemoved : taskId = 304
06-30 16:45:17.707  2243  2243 I RecentsView: onTaskRemoved() taskId : 304
06-30 16:45:17.707  2243  2243 I TopTaskTracker: onTaskRemoved : taskId = 304
06-30 16:45:17.709   873   873 I Layer   : id=9329 removeFromCurrentState ActivityRecord{ce12bb7 u0 com.example.dogglers/.VerticalListActivity} t304}#9329 (121)
06-30 16:45:17.709   873   873 I Layer   : id=9339 removeFromCurrentState dade2b6 ActivityRecordInputSink com.example.dogglers/.VerticalListActivity#9339 (121)
06-30 16:45:17.709   873   873 I Layer   : id=9308 removeFromCurrentState Task=304#9308 (121)
06-30 16:45:17.709   873   873 I Layer   : id=9370 removeFromCurrentState Task=304#9370 (121)
06-30 16:45:17.709   873   873 I SurfaceFlinger: id=9329 Removed ActivityRecord{ce12bb7 u0 com.example.dogglers/.VerticalListActivity} t304}#9329 (121)
06-30 16:45:17.709   873   873 I SurfaceFlinger: id=9370 Removed Task=304#9370 (121)
06-30 16:45:17.710   873   873 I Layer   : id=9329 Destroyed ActivityRecord{ce12bb7 u0 com.example.dogglers/.VerticalListActivity} t304}#9329
06-30 16:45:17.710   873   873 I Layer   : id=9339 Destroyed dade2b6 ActivityRecordInputSink com.example.dogglers/.VerticalListActivity#9339
06-30 16:45:17.710   873   873 I Layer   : id=9370 Destroyed Task=304#9370
06-30 16:45:17.721 27856 27925 W Settings: Setting always_finish_activities has moved from android.provider.Settings.System to android.provider.Settings.Global, returning read-only value.
06-30 16:45:17.725  1282  1308 I ChimeraSystemEventListener: appLaunchIntent package name is: com.example.dogglers
06-30 16:45:17.727   873  2742 I SurfaceFlinger: id=9371 createSurf flag=24004, Task=305#9371
06-30 16:45:17.727  1282  2478 I SemDvfsHyPerManager: acquire hyper - AMS_APP_SWITCH/1282@26, type = -999
06-30 16:45:17.729   795   895 I HYPER-HAL: [RequestManager.cpp]acquire(): Acquired ID : 856112  [1282 / 26]    HINT : AMS_APP_SWITCH    list :
06-30 16:45:17.729   873   909 I SurfaceFlinger: id=9372 createSurf flag=80004, ActivityRecord{c18551f u0 com.example.dogglers/.MainActivity} t305}#9372
06-30 16:45:17.730   795   895 I HYPER-HAL: [ResourceManager.cpp]updateResource(): [CPUMinFreq] UpdateResource Request ID : 856112    Value : 2623359
06-30 16:45:17.732  4448  4448 I SemDvfsHyPerManager: acquire hyper - APP_START_SHORT/4448@12, type = -999
06-30 16:45:17.740   795   895 I HYPER-HAL: [RequestManager.cpp]acquire(): Acquired ID : 9948042  [4448 / 12]    HINT : APP_START    list : [TIMEOUT / 1500]
06-30 16:45:17.740  1751  1828 D NativeCustomFrequencyManager: [NativeCFMS] BpCustomFrequencyManager::BpCustomFrequencyManager()
06-30 16:45:17.740   795   895 I HYPER-HAL: [ResourceManager.cpp]updateResource(): [CPUMaxFreq] UpdateResource Request ID : 9948042    Value : 2730000
06-30 16:45:17.740  1004  4003 I CameraService: onUidStateChanged: uid=10054, procState is changed. (0 -> 1)
06-30 16:45:17.741  1282  2386 I SemDvfsHyPerManager: acquire hyper - AMS_APP_LAUNCH/1282@19, type = -999
06-30 16:45:17.741   795   895 I HYPER-HAL: [RequestManager.cpp]acquire(): Acquired ID : 846970  [1282 / 19]    HINT : AMS_APP_LAUNCH    list :
06-30 16:45:17.741   795   895 I HYPER-HAL: [ResourceManager.cpp]updateResource(): [CPUMinFreq] UpdateResource Request ID : 846970    Value : 2623359
06-30 16:45:17.741  1282  1327 W libprocessgroup: Failed to open /dev/blkio//cgroup.procs: No such file or directory
06-30 16:45:17.741  4448  4448 I SemDvfsHyPerManager: acquire hyper - APP_START/4448@14, type = -999
06-30 16:45:17.744  2243  2243 I TopTaskTracker: onTaskMovedToFront : taskId = 305
06-30 16:45:17.745   795   895 I HYPER-HAL: [RequestManager.cpp]acquire(): Acquired ID : 9956967  [4448 / 14]    HINT : APP_START    list :
06-30 16:45:17.745   795   895 I HYPER-HAL: [ResourceManager.cpp]updateResource(): [CPUMaxFreq] UpdateResource Request ID : 9956967    Value : 2730000
06-30 16:45:17.747  2894  2894 E pageboostd: Received HALT command code 2
06-30 16:45:17.750  1282  2386 D InputDispatcher: Focused application(0): ActivityRecord{c18551f u0 com.example.dogglers/.MainActivity} t305}
06-30 16:45:17.756  1282  1815 D InputTransport: Input channel constructed: '173c56e', fd=1178
06-30 16:45:17.756  1282  1815 D InputTransport: Input channel constructed: '173c56e', fd=1233
06-30 16:45:17.756  1282  1815 D InputTransport: Input channel constructed: '173c56e', fd=1236
06-30 16:45:17.756   873   909 I SurfaceFlinger: id=9373 createSurf flag=80004, 173c56e Splash Screen com.example.dogglers#9373
06-30 16:45:17.757  1282  1815 D InputTransport: Input channel destroyed: '173c56e', fd=1236
06-30 16:45:17.758  1751  1817 D InsetsController: onStateChanged: InsetsState: {mDisplayFrame=Rect(0, 0 - 1080, 2400), mDisplayCutout=DisplayCutout{insets=Rect(0, 78 - 0, 0) waterfall=Insets{left=0, top=0, right=0, bottom=0} boundingRect={Bounds=[Rect(0, 0 - 0, 0), Rect(690, 0 - 750, 78), Rect(0, 0 - 0, 0), Rect(0, 0 - 0, 0)]} cutoutPathParserInfo={CutoutPathParserInfo{displayWidth=1080 displayHeight=2400 physicalDisplayWidth=1440 physicalDisplayHeight=3200 density={3.0} cutoutSpec={M 0,0 H -10 V 26 H 10 V 0 H 0 Z @dp} rotation={0} scale={1.0} physicalPixelDisplaySizeRatio={1.0}}}}, mRoundedCorners=RoundedCorners{[RoundedCorner{position=TopLeft, radius=63, center=Point(63, 63)}, RoundedCorner{position=TopRight, radius=63, center=Point(1017, 63)}, RoundedCorner{position=BottomRight, radius=63, center=Point(1017, 2337)}, RoundedCorner{position=BottomLeft, radius=63, center=Point(63, 2337)}]}  mRoundedCornerFrame=Rect(0, 0 - 1080, 2400), mPrivacyIndicatorBounds=PrivacyIndicatorBounds {static bounds=Rect(964, 0 - 1080, 78) rotation=0}, mSources= { InsetsSource: {mType=ITYPE_STATUS_BAR, mFrame=[0,0][1080,78], mVisible=true, mInsetsRoundedCornerFrame=false}, InsetsSource: {mType=ITYPE_NAVIGATION_BAR, mFrame=[0,2400][1080,2400], mVisible=true, mInsetsRoundedCornerFrame=false}, InsetsSource: {mType=ITYPE_LEFT_GESTURES, mFrame=[0,0][0,2400], mVisible=true, mInsetsRoundedCornerFrame=false}, InsetsSource: {mType=ITYPE_RIGHT_GESTURES, mFrame=[1080,0][1080,2400], mVisible=true, mInsetsRoundedCornerFrame=false}, InsetsSource: {mType=ITYPE_TOP_MANDATORY_GESTURES, mFrame=[0,0][1080,110], mVisible=true, mInsetsRoundedCornerFrame=false}, InsetsSource: {mType=ITYPE_BOTTOM_MANDATORY_GESTURES, mFrame=[0,2348][1080,2400], mVisible=true, mInsetsRoundedCornerFrame=false}, InsetsSource: {mType=ITYPE_LEFT_DISPLAY_CUTOUT, mFrame=[0,0][-100000,2400], mVisible=true, mInsetsRoundedCornerFrame=false}, InsetsSource: {mType=ITYPE_TOP_DISPLAY_CUTOUT, mFrame=[0,0][1080,78], mVisible=true, mInsetsRoundedCornerFrame=false}, InsetsSource: {mType=ITYPE_RIGHT_DISPLAY_CUTOUT, mFrame=[100000,0][1080,2400], mVisible=true, mInsetsRoundedCornerFrame=false}, InsetsSource: {mType=ITYPE_BOTTOM_DISPLAY_CUTOUT, mFrame=[0,100000][1080,2400], mVisible=true, mInsetsRoundedCornerFrame=false}, InsetsSource: {mType=ITYPE_TOP_TAPPABLE_ELEMENT, mFrame=[0,0][1080,78], mVisible=true, mInsetsRoundedCornerFrame=false}, InsetsSource: {mType=ITYPE_BOTTOM_TAPPABLE_ELEMENT, mFrame=[0,0][0,0], mVisible=true, mInsetsRoundedCornerFrame=false}, InsetsSource: {mType=ITYPE_IME, mFrame=[0,0][0,0], mVisibleFrame=[0,1478][1080,2400], mVisible=false, mInsetsRoundedCornerFrame=false} } host=Splash Screen com.example.dogglers from=android.view.ViewRootImpl.setView:1732
06-30 16:45:17.759   873   873 I SurfaceFlinger: [b38452c com.whatsapp/com.whatsapp.Conversation#9067] FrameRatePriority: -1
06-30 16:45:17.760  1751  1817 I ViewRootImpl@4ff1b19[dogglers]: setView = android.widget.FrameLayout@a5d4fd5 TM=true
06-30 16:45:17.760  1282  1327 W libprocessgroup: Failed to open /dev/blkio//cgroup.procs: No such file or directory
06-30 16:45:17.761  1751  1817 I ViewRootImpl@4ff1b19[dogglers]: performTraversals params={(0,0)(fillxfill) sim={adjust=pan} ty=APPLICATION_STARTING fmt=TRANSLUCENT wanim=0x1030309
06-30 16:45:17.761  1751  1817 I ViewRootImpl@4ff1b19[dogglers]:   fl=81030118
06-30 16:45:17.761  1751  1817 I ViewRootImpl@4ff1b19[dogglers]:   pfl=16000010
06-30 16:45:17.761  1751  1817 I ViewRootImpl@4ff1b19[dogglers]:   bhv=DEFAULT
06-30 16:45:17.761  1751  1817 I ViewRootImpl@4ff1b19[dogglers]:   fitSides= naviIconColor=0}
06-30 16:45:17.761  1751  1817 I ViewRootImpl@4ff1b19[dogglers]: performTraversals mFirst=true windowShouldResize=true viewVisibilityChanged=false mForceNextWindowRelayout=false params={(0,0)(fillxfill) sim={adjust=pan} ty=APPLICATION_STARTING fmt=TRANSLUCENT wanim=0x1030309
06-30 16:45:17.761  1751  1817 I ViewRootImpl@4ff1b19[dogglers]:   fl=81030118
06-30 16:45:17.761  1751  1817 I ViewRootImpl@4ff1b19[dogglers]:   pfl=16000010
06-30 16:45:17.761  1751  1817 I ViewRootImpl@4ff1b19[dogglers]:   bhv=DEFAULT
06-30 16:45:17.761  1751  1817 I ViewRootImpl@4ff1b19[dogglers]:   fitSides= naviIconColor=0}
06-30 16:45:17.761  1282  2386 V WindowManager: Relayout Window{173c56e u0 Splash Screen com.example.dogglers}: viewVisibility=0 req=1080x2400 d0
06-30 16:45:17.762   873  2450 I SurfaceFlinger: id=9374 createSurf flag=40004, Splash Screen com.example.dogglers$_1751#9374
06-30 16:45:17.765 27856 27856 D LifecycleMonitor: Lifecycle status change: com.example.dogglers.MainActivity@6b8af71 in: PRE_ON_CREATE
06-30 16:45:17.765  1282  2386 V WindowManager: Relayout hash=173c56e, pid=1751, syncId=-1: mAttrs={(0,0)(fillxfill) sim={adjust=pan} ty=APPLICATION_STARTING fmt=TRANSLUCENT wanim=0x1030309
06-30 16:45:17.765  1282  2386 V WindowManager:   fl=81030118
06-30 16:45:17.765  1282  2386 V WindowManager:   pfl=16000010
06-30 16:45:17.765  1282  2386 V WindowManager:   bhv=DEFAULT
06-30 16:45:17.765  1282  2386 V WindowManager:   fitSides= naviIconColor=0}
06-30 16:45:17.765 27856 27856 V ActivityScenario: Activity lifecycle changed event received but ignored because the reported transition was not ON_CREATE while the last known transition was PRE_ON_CREATE
06-30 16:45:17.765  1751  1817 I ViewRootImpl@4ff1b19[dogglers]: updateBlastSurfaceIfNeeded mBlastBufferQueue=null isSameSurfaceControl=false
06-30 16:45:17.766  1751  1817 I BLASTBufferQueue: new BLASTBufferQueue, mName= ViewRootImpl@4ff1b19[dogglers] mNativeObject= 0x7c598b24d0 sc.mNativeObject= 0x7be9973f70 caller= android.view.ViewRootImpl.updateBlastSurfaceIfNeeded:2909 android.view.ViewRootImpl.relayoutWindow:9847 android.view.ViewRootImpl.performTraversals:3884 android.view.ViewRootImpl.doTraversal:3116 android.view.ViewRootImpl$TraversalRunnable.run:10885 android.view.Choreographer$CallbackRecord.run:1301 android.view.Choreographer$CallbackRecord.run:1309 android.view.Choreographer.doCallbacks:923 android.view.Choreographer.doFrame:852 android.view.Choreographer$FrameDisplayEventReceiver.run:1283
06-30 16:45:17.766  1751  1817 I BLASTBufferQueue: update, w= 1080 h= 2400 mName = ViewRootImpl@4ff1b19[dogglers] mNativeObject= 0x7c598b24d0 sc.mNativeObject= 0x7be9973f70 format= -3 caller= android.graphics.BLASTBufferQueue.<init>:84 android.view.ViewRootImpl.updateBlastSurfaceIfNeeded:2909 android.view.ViewRootImpl.relayoutWindow:9847 android.view.ViewRootImpl.performTraversals:3884 android.view.ViewRootImpl.doTraversal:3116 android.view.ViewRootImpl$TraversalRunnable.run:10885
06-30 16:45:17.766  1751  1817 I ViewRootImpl@4ff1b19[dogglers]: Relayout returned: old=(0,0,1080,2400) new=(0,0,1080,2400) req=(1080,2400)0 dur=4 res=0x3 s={true 0x7ce9acafc0} ch=true seqId=0
06-30 16:45:17.766  1751  1817 I ViewRootImpl@4ff1b19[dogglers]: mThreadedRenderer.initialize() mSurface={isValid=true 0x7ce9acafc0} hwInitialized=true
06-30 16:45:17.767  1751  1828 D OpenGLRenderer: eglCreateWindowSurface
06-30 16:45:17.767   873   873 D SurfaceFlinger: [input] inputWindowCommands.focusRequests size is 1
06-30 16:45:17.768  1282  1308 I SemPersonaManager: SecureFolder personaId = 150
06-30 16:45:17.769   873   984 D SurfaceFlinger: [input] setFocusedWindow: <null>
06-30 16:45:17.769  1282  1547 D InputDispatcher: Focus request (0): <null> but waiting because NOT_FOCUSABLE
06-30 16:45:17.769  1282  1547 D InputDispatcher: Focus left window (0): b38452c com.whatsapp/com.whatsapp.Conversation
06-30 16:45:17.769  1751  1817 I ViewRootImpl@4ff1b19[dogglers]: reportNextDraw android.view.ViewRootImpl.performTraversals:4438 android.view.ViewRootImpl.doTraversal:3116 android.view.ViewRootImpl$TraversalRunnable.run:10885 android.view.Choreographer$CallbackRecord.run:1301 android.view.Choreographer$CallbackRecord.run:1309
06-30 16:45:17.769  1751  1817 I ViewRootImpl@4ff1b19[dogglers]: Setup new sync id=0
06-30 16:45:17.769  1751  1817 I ViewRootImpl@4ff1b19[dogglers]: Setting syncFrameCallback
06-30 16:45:17.769  1751  1817 I ViewRootImpl@4ff1b19[dogglers]: registerCallbacksForSync syncBuffer=false
06-30 16:45:17.769 31662 31662 I ViewRootImpl@ffcf06a[Conversation]: MSG_WINDOW_FOCUS_CHANGED 0 0
06-30 16:45:17.769  1751  1853 I ViewRootImpl@4ff1b19[dogglers]: Received frameDrawingCallback syncResult=0 frameNum=1.
06-30 16:45:17.770  1751  1853 I ViewRootImpl@4ff1b19[dogglers]: Setting up sync and frameCommitCallback
06-30 16:45:17.770   782   782 D gralloc : [mali_gralloc_allocate] begin
06-30 16:45:17.770   782   782 D gralloc : buffer_descriptor: wh(1080 2400) usage_pc(0x40000000000b00 0x40000000000b00) hal_format(0x1) layer_count(1) sizes(0 0 0) strde(0) byte_stride(0) alloc_wh(0 0) internal_format(0x0) alloc_format(0x0) fd_count(1) plane_count(0)
06-30 16:45:17.771   782   782 D gralloc : [mali_gralloc_allocate] allocation successful
06-30 16:45:17.773  1751  1828 I BLASTBufferQueue: [ViewRootImpl@4ff1b19[dogglers]#345](f:0,a:0) onFrameAvailable the first frame is available
06-30 16:45:17.774  1751  1828 I ViewRootImpl@4ff1b19[dogglers]: Received frameCommittedCallback lastAttemptedDrawFrameNum=1 didProduceBuffer=true
06-30 16:45:17.775  1751  1828 D OpenGLRenderer: CFMS:: SetUp Pid : 1751    Tid : 1828
06-30 16:45:17.775  1751  1828 W Parcel  : Expecting binder but got null!
06-30 16:45:17.775  1751  1817 I ViewRootImpl@4ff1b19[dogglers]: onSyncComplete
06-30 16:45:17.775  1751  1817 I ViewRootImpl@4ff1b19[dogglers]: setupSync seqId=0 mSyncId=0 fn=1 caller=android.view.ViewRootImpl$$ExternalSyntheticLambda11.accept:6 android.window.SurfaceSyncer.lambda$setupSync$1$android-window-SurfaceSyncer:128 android.window.SurfaceSyncer$$ExternalSyntheticLambda1.accept:8 android.window.SurfaceSyncer$SyncSet.checkIfSyncIsComplete:382 android.window.SurfaceSyncer$SyncSet.markSyncReady:359 android.window.SurfaceSyncer.markSyncReady:151 android.view.ViewRootImpl.performTraversals:4503
06-30 16:45:17.775  1751  1817 I ViewRootImpl@4ff1b19[dogglers]: reportDrawFinished seqId=0 mSyncId=-1 fn=1 mSurfaceChangedTransaction=0x7c19971bb0
06-30 16:45:17.781   782   782 D gralloc : [mali_gralloc_allocate] begin
06-30 16:45:17.781   782   782 D gralloc : buffer_descriptor: wh(1080 2400) usage_pc(0x40000000000b00 0x40000000000b00) hal_format(0x1) layer_count(1) sizes(0 0 0) strde(0) byte_stride(0) alloc_wh(0 0) internal_format(0x0) alloc_format(0x0) fd_count(1) plane_count(0)
06-30 16:45:17.781   782   782 D gralloc : [mali_gralloc_allocate] allocation successful
06-30 16:45:17.781   782   782 D gralloc : [mali_gralloc_allocate] begin
06-30 16:45:17.781   782   782 D gralloc : buffer_descriptor: wh(1080 2400) usage_pc(0x40000000000b00 0x40000000000b00) hal_format(0x1) layer_count(1) sizes(0 0 0) strde(0) byte_stride(0) alloc_wh(0 0) internal_format(0x0) alloc_format(0x0) fd_count(1) plane_count(0)
06-30 16:45:17.782   782   782 D gralloc : [mali_gralloc_allocate] allocation successful
06-30 16:45:17.782   782   782 D gralloc : [mali_gralloc_allocate] begin
06-30 16:45:17.782   782   782 D gralloc : buffer_descriptor: wh(1080 2400) usage_pc(0x40000000000b00 0x40000000000b00) hal_format(0x1) layer_count(1) sizes(0 0 0) strde(0) byte_stride(0) alloc_wh(0 0) internal_format(0x0) alloc_format(0x0) fd_count(1) plane_count(0)
06-30 16:45:17.783   873  2742 I SurfaceFlinger: id=9375 createSurf flag=24000, Surface(name=Task=300)/@0xec4c80 - animation-leash of app_transition#9375
06-30 16:45:17.785   873  2742 I SurfaceFlinger: id=9376 createSurf flag=20004, DimAnimationLayer for Task=305#9376
06-30 16:45:17.786   873   909 I SurfaceFlinger: id=9377 createSurf flag=24004, Surface(name=Task=305)/@0xdab3b85 - animation-leash of app_transition#9377
06-30 16:45:17.786   782   782 D gralloc : [mali_gralloc_allocate] allocation successful
06-30 16:45:17.788   782   782 D gralloc : [mali_gralloc_allocate] begin
06-30 16:45:17.788   782   782 D gralloc : buffer_descriptor: wh(1080 2400) usage_pc(0xb66 0xb06) hal_format(0x1) layer_count(1) sizes(0 0 0) strde(0) byte_stride(0) alloc_wh(0 0) internal_format(0x0) alloc_format(0x0) fd_count(1) plane_count(0)
06-30 16:45:17.789   782   782 D gralloc : [mali_gralloc_allocate] allocation successful
06-30 16:45:17.789   873   873 I Layer   : id=9378 Destroyed Screenshot Parent#9378
06-30 16:45:17.791  1282  1308 D EnterpriseDeviceManagerService: isMdmAdminPresentInternal() : MDM Admin Found - com.samsung.knox.securefolder
06-30 16:45:17.795   873  2742 I SurfaceFlinger: id=9379 createSurf flag=80000, d9bb0be ActivityRecordInputSink com.example.dogglers/.MainActivity#9379
06-30 16:45:17.801 27856 27856 I DecorView: [INFO] isPopOver=false config=true
06-30 16:45:17.801  1282  2881 I MediaSessionMonitor: Media session stopped : controllerList empty
06-30 16:45:17.801 27856 27856 I DecorView: updateCaptionType: isFloating=false isApplication=true hasWindowDecorCaption=false this=DecorView@ff6fff9[]
06-30 16:45:17.801 27856 27856 D DecorView: setCaptionType = 0, this = DecorView@ff6fff9[]
06-30 16:45:17.801   873   873 I Layer   : Layer [Splash Screen com.example.dogglers$_1751#9374] hidden!! flag(0)
06-30 16:45:17.804 27856 27856 I DecorView: getCurrentDensityDpi: from real metrics. densityDpi=420 msg=resources_loaded
06-30 16:45:17.804 27856 27856 I DecorView: setWindowBackground: isPopOver=false color=ff121212 d=android.graphics.drawable.ColorDrawable@3b8dd9f
06-30 16:45:17.805   782   782 D gralloc : [mali_gralloc_allocate] begin
06-30 16:45:17.805   782   782 D gralloc : buffer_descriptor: wh(1080 1) usage_pc(0xb66 0xb06) hal_format(0x1) layer_count(1) sizes(0 0 0) strde(0) byte_stride(0) alloc_wh(0 0) internal_format(0x0) alloc_format(0x0) fd_count(1) plane_count(0)
06-30 16:45:17.806   782   782 D gralloc : [mali_gralloc_allocate] allocation successful
06-30 16:45:17.808   873   873 I Layer   : id=9380 Destroyed Screenshot Parent#9380
06-30 16:45:17.809 27856 27856 D LifecycleMonitor: Lifecycle status change: com.example.dogglers.MainActivity@6b8af71 in: CREATED
06-30 16:45:17.809 27856 27856 V ActivityScenario: Update currentActivityStage to CREATED, currentActivity=com.example.dogglers.MainActivity@6b8af71
06-30 16:45:17.810  4690  4690 I ActivityUtils: HomePackage : com.sec.android.app.launcher, resumePackageName : com.example.dogglers
06-30 16:45:17.810 27856 27856 D LifecycleMonitor: Lifecycle status change: com.example.dogglers.MainActivity@6b8af71 in: STARTED
06-30 16:45:17.810 27856 27856 V ActivityScenario: Update currentActivityStage to STARTED, currentActivity=com.example.dogglers.MainActivity@6b8af71
06-30 16:45:17.811 27856 27856 D LifecycleMonitor: Lifecycle status change: com.example.dogglers.MainActivity@6b8af71 in: RESUMED
06-30 16:45:17.811   873  2742 I SurfaceFlinger: id=9381 createSurf flag=40404, Bottom Edge Extension#9381
06-30 16:45:17.811 27856 27856 V ActivityScenario: Update currentActivityStage to RESUMED, currentActivity=com.example.dogglers.MainActivity@6b8af71
06-30 16:45:17.811 27856 27856 I MSHandlerLifeCycle: check: return. pkg=com.example.dogglers parent=null callers=com.android.internal.policy.DecorView.setVisibility:4416 android.app.ActivityThread.handleResumeActivity:5476 android.app.servertransaction.ResumeActivityItem.execute:54 android.app.servertransaction.ActivityTransactionItem.execute:45 android.app.servertransaction.TransactionExecutor.executeLifecycleState:176
06-30 16:45:17.811 27856 27856 I MSHandlerLifeCycle: removeMultiSplitHandler: no exist. decor=DecorView@ff6fff9[]
06-30 16:45:17.812   873  2742 I SurfaceFlinger: id=9382 createSurf flag=400, bbq-wrapper#9382
06-30 16:45:17.813  1282 14500 I BLASTBufferQueue: [bbq-adapter#414](f:0,a:0) onFrameAvailable the first frame is available
06-30 16:45:17.813   782   782 D gralloc : [mali_gralloc_allocate] begin
06-30 16:45:17.813   782   782 D gralloc : buffer_descriptor: wh(1080 1) usage_pc(0xb66 0xb06) hal_format(0x1) layer_count(1) sizes(0 0 0) strde(0) byte_stride(0) alloc_wh(0 0) internal_format(0x0) alloc_format(0x0) fd_count(1) plane_count(0)
06-30 16:45:17.814   782   782 D gralloc : [mali_gralloc_allocate] allocation successful
06-30 16:45:17.814 27856 27962 D NativeCustomFrequencyManager: [NativeCFMS] BpCustomFrequencyManager::BpCustomFrequencyManager()
06-30 16:45:17.814   873   873 I Layer   : id=9383 Destroyed Screenshot Parent#9383
06-30 16:45:17.818   873  2742 I SurfaceFlinger: id=9384 createSurf flag=40404, Top Edge Extension#9384
06-30 16:45:17.818   873  2450 I SurfaceFlinger: id=9385 createSurf flag=400, bbq-wrapper#9385
06-30 16:45:17.820  1282 14499 I BLASTBufferQueue: [bbq-adapter#415](f:0,a:0) onFrameAvailable the first frame is available
06-30 16:45:17.821   873   873 D SurfaceFlinger: Display 4633128672291735937 HWC layers:
06-30 16:45:17.821   873   873 D SurfaceFlinger:      CLIENT | 0x718d859fb0 | 0102 | RGBA_8888    |    0.0    0.0    0.0    0.0 |    0    0    0    0 | bbq-wrapper#9382
06-30 16:45:17.821   873   873 D SurfaceFlinger:      DEVICE | 0x718d85b750 | 0102 | RGBA_8888    |    0.0    0.0 1080.0 2400.0 |    0    0 1080 2400 | com.whatsapp/com.whatsapp.Conversation$_31662#9358
06-30 16:45:17.821   873   873 D SurfaceFlinger:      DEVICE | 0x718d8724f0 | 0100 | RGBA_8888    |    0.0    0.0 1080.0   78.0 |    0    0 1080   78 | StatusBar$_1751#88
06-30 16:45:17.821   873   873 D SurfaceFlinger:      DEVICE | 0x718d8202f0 | 0100 | RGBA_8888    |    0.0    0.0   67.0  493.0 |    0 1188   67 1681 | com.samsung.android.app.cocktailbars[...]ervice.CocktailBarService$_4690#9140
06-30 16:45:17.821   873   873 D SurfaceFlinger:      DEVICE | 0x718d862350 | 0100 | RGBA_8888    |    0.0    0.0  388.0   48.0 |  692 2352 1080 2400 | SGestureOverlayWindow$_2243#9132
06-30 16:45:17.821   873   873 D SurfaceFlinger:      DEVICE | 0x718d856650 | 0100 | RGBA_8888    |    0.0    0.0 1080.0  126.0 |    0 2274 1080 2400 | NavigationBar0$_1751#83
06-30 16:45:17.821   873   873 D SurfaceFlinger:
06-30 16:45:17.822   873  2747 D NativeSemDvfsManager: acquire:: timeout = 2000 mIsAcquired = 1  mTagName : SurfaceFlinger
06-30 16:45:17.822   873  2747 E NativeCustomFrequencyManager: [NativeCFMS] BpCustomFrequencyManager::acquire()
06-30 16:45:17.822   795   895 I HYPER-HAL: [RequestManager.cpp]acquire(): Acquired ID : 1756001  [873 / 1000]    HINT : SF_GPU_MINLOCK    list : [TIMEOUT / 2000]
06-30 16:45:17.823  1282  4455 D InputTransport: Input channel constructed: '1d9e4d7', fd=1175
06-30 16:45:17.823  1282  4455 D InputTransport: Input channel constructed: '1d9e4d7', fd=1245
06-30 16:45:17.823  1282  4455 D InputTransport: Input channel constructed: '1d9e4d7', fd=1246
06-30 16:45:17.824   873  2450 I SurfaceFlinger: id=9386 createSurf flag=80004, 1d9e4d7 com.example.dogglers/com.example.dogglers.MainActivity#9386
06-30 16:45:17.824  1282  4455 D InputTransport: Input channel destroyed: '1d9e4d7', fd=1246
06-30 16:45:17.825 27856 27856 D InsetsController: onStateChanged: InsetsState: {mDisplayFrame=Rect(0, 0 - 1080, 2400), mDisplayCutout=DisplayCutout{insets=Rect(0, 78 - 0, 0) waterfall=Insets{left=0, top=0, right=0, bottom=0} boundingRect={Bounds=[Rect(0, 0 - 0, 0), Rect(690, 0 - 750, 78), Rect(0, 0 - 0, 0), Rect(0, 0 - 0, 0)]} cutoutPathParserInfo={CutoutPathParserInfo{displayWidth=1080 displayHeight=2400 physicalDisplayWidth=1440 physicalDisplayHeight=3200 density={3.0} cutoutSpec={M 0,0 H -10 V 26 H 10 V 0 H 0 Z @dp} rotation={0} scale={1.0} physicalPixelDisplaySizeRatio={1.0}}}}, mRoundedCorners=RoundedCorners{[RoundedCorner{position=TopLeft, radius=63, center=Point(63, 63)}, RoundedCorner{position=TopRight, radius=63, center=Point(1017, 63)}, RoundedCorner{position=BottomRight, radius=63, center=Point(1017, 2337)}, RoundedCorner{position=BottomLeft, radius=63, center=Point(63, 2337)}]}  mRoundedCornerFrame=Rect(0, 0 - 1080, 2400), mPrivacyIndicatorBounds=PrivacyIndicatorBounds {static bounds=Rect(964, 0 - 1080, 78) rotation=0}, mSources= { InsetsSource: {mType=ITYPE_STATUS_BAR, mFrame=[0,0][1080,78], mVisible=true, mInsetsRoundedCornerFrame=false}, InsetsSource: {mType=ITYPE_NAVIGATION_BAR, mFrame=[0,2400][1080,2400], mVisible=true, mInsetsRoundedCornerFrame=false}, InsetsSource: {mType=ITYPE_LEFT_GESTURES, mFrame=[0,0][0,2400], mVisible=true, mInsetsRoundedCornerFrame=false}, InsetsSource: {mType=ITYPE_RIGHT_GESTURES, mFrame=[1080,0][1080,2400], mVisible=true, mInsetsRoundedCornerFrame=false}, InsetsSource: {mType=ITYPE_TOP_MANDATORY_GESTURES, mFrame=[0,0][1080,110], mVisible=true, mInsetsRoundedCornerFrame=false}, InsetsSource: {mType=ITYPE_BOTTOM_MANDATORY_GESTURES, mFrame=[0,2348][1080,2400], mVisible=true, mInsetsRoundedCornerFrame=false}, InsetsSource: {mType=ITYPE_LEFT_DISPLAY_CUTOUT, mFrame=[0,0][-100000,2400], mVisible=true, mInsetsRoundedCornerFrame=false}, InsetsSource: {mType=ITYPE_TOP_DISPLAY_CUTOUT, mFrame=[0,0][1080,78], mVisible=true, mInsetsRoundedCornerFrame=false}, InsetsSource: {mType=ITYPE_RIGHT_DISPLAY_CUTOUT, mFrame=[100000,0][1080,2400], mVisible=true, mInsetsRoundedCornerFrame=false}, InsetsSource: {mType=ITYPE_BOTTOM_DISPLAY_CUTOUT, mFrame=[0,100000][1080,2400], mVisible=true, mInsetsRoundedCornerFrame=false}, InsetsSource: {mType=ITYPE_TOP_TAPPABLE_ELEMENT, mFrame=[0,0][1080,78], mVisible=true, mInsetsRoundedCornerFrame=false}, InsetsSource: {mType=ITYPE_BOTTOM_TAPPABLE_ELEMENT, mFrame=[0,0][0,0], mVisible=true, mInsetsRoundedCornerFrame=false}, InsetsSource: {mType=ITYPE_IME, mFrame=[0,0][0,0], mVisibleFrame=[0,1478][1080,2400], mVisible=false, mInsetsRoundedCornerFrame=false} } host=com.example.dogglers/com.example.dogglers.MainActivity from=android.view.ViewRootImpl.setView:1732
06-30 16:45:17.827 27856 27856 I ViewRootImpl@49ad969[MainActivity]: setView = com.android.internal.policy.DecorView@ff6fff9 TM=true
06-30 16:45:17.828 27856 27856 I MSHandlerLifeCycle: removeMultiSplitHandler: no exist. decor=DecorView@ff6fff9[MainActivity]
06-30 16:45:17.830  1282  1327 W libprocessgroup: Failed to open /dev/blkio//cgroup.procs: No such file or directory
06-30 16:45:17.833  1282  1399 D AnalyticsContainerHandler: handleMessage : { when=0 what=1 target=com.android.server.knox.KnoxAnalyticsContainer$AnalyticsHandler }
06-30 16:45:17.833 27856 27856 I ViewRootImpl@49ad969[MainActivity]: performTraversals params={(0,0)(fillxfill) sim={adjust=pan forwardNavigation} ty=BASE_APPLICATION wanim=0x1030309
06-30 16:45:17.833 27856 27856 I ViewRootImpl@49ad969[MainActivity]:   fl=81810100
06-30 16:45:17.833 27856 27856 I ViewRootImpl@49ad969[MainActivity]:   pfl=12020040
06-30 16:45:17.833 27856 27856 I ViewRootImpl@49ad969[MainActivity]:   bhv=DEFAULT
06-30 16:45:17.833 27856 27856 I ViewRootImpl@49ad969[MainActivity]:   fitSides= naviIconColor=0}
06-30 16:45:17.834 27856 27856 I ViewRootImpl@49ad969[MainActivity]: performTraversals mFirst=true windowShouldResize=true viewVisibilityChanged=false mForceNextWindowRelayout=false params={(0,0)(fillxfill) sim={adjust=pan forwardNavigation} ty=BASE_APPLICATION wanim=0x1030309
06-30 16:45:17.834 27856 27856 I ViewRootImpl@49ad969[MainActivity]:   fl=81810100
06-30 16:45:17.834 27856 27856 I ViewRootImpl@49ad969[MainActivity]:   pfl=12020040
06-30 16:45:17.834 27856 27856 I ViewRootImpl@49ad969[MainActivity]:   bhv=DEFAULT
06-30 16:45:17.834 27856 27856 I ViewRootImpl@49ad969[MainActivity]:   fitSides= naviIconColor=0}
06-30 16:45:17.834  1282  1815 V WindowManager: Relayout Window{1d9e4d7 u0 com.example.dogglers/com.example.dogglers.MainActivity}: viewVisibility=0 req=1080x2400 d0
06-30 16:45:17.835   873  2450 I SurfaceFlinger: id=9387 createSurf flag=40004, com.example.dogglers/com.example.dogglers.MainActivity$_27856#9387
06-30 16:45:17.838   873   873 D SurfaceFlinger: Display 4633128672291735937 HWC layers:
06-30 16:45:17.838   873   873 D SurfaceFlinger:      CLIENT | 0x718d859fb0 | 0102 | RGBA_8888    |    0.0    0.0    0.0    0.0 |    0 2396 1080 2400 | bbq-wrapper#9382
06-30 16:45:17.838   873   873 D SurfaceFlinger:      DEVICE | 0x718d85b750 | 0102 | RGBA_8888    |    0.0    4.0 1080.0 2400.0 |    0    0 1080 2396 | com.whatsapp/com.whatsapp.Conversation$_31662#9358
06-30 16:45:17.838   873   873 D SurfaceFlinger:      DEVICE | 0x718d87a650 | 0102 | RGBA_8888    |    0.0    0.0 1080.0    1.0 |    0    0 1080  427 | bbq-wrapper#9385
06-30 16:45:17.838   873   873 D SurfaceFlinger:      DEVICE | 0x718d86fb50 | 0100 | RGBA_8888    |    0.0    0.0 1080.0 1973.0 |    0  427 1080 2400 | Splash Screen com.example.dogglers$_1751#9374
06-30 16:45:17.838   873   873 D SurfaceFlinger:      DEVICE | 0x718d8724f0 | 0100 | RGBA_8888    |    0.0    0.0 1080.0   78.0 |    0    0 1080   78 | StatusBar$_1751#88
06-30 16:45:17.838   873   873 D SurfaceFlinger:      DEVICE | 0x718d8202f0 | 0100 | RGBA_8888    |    0.0    0.0   67.0  493.0 |    0 1188   67 1681 | com.samsung.android.app.cocktailbars[...]ervice.CocktailBarService$_4690#9140
06-30 16:45:17.838   873   873 D SurfaceFlinger:      DEVICE | 0x718d862350 | 0100 | RGBA_8888    |    0.0    0.0  388.0   48.0 |  692 2352 1080 2400 | SGestureOverlayWindow$_2243#9132
06-30 16:45:17.838   873   873 D SurfaceFlinger:
06-30 16:45:17.838   873   873 D SurfaceFlinger:     DEVICE | 0x718d856650 | 0100 | RGBA_8888    |    0.0    0.0 1080.0  126.0 |    0 2274 1080 2400 | NavigationBar0$_1751#83
06-30 16:45:17.838   873   873 D SurfaceFlinger:
06-30 16:45:17.840   873  2742 I SurfaceFlinger: id=9388 createSurf flag=24000, Surface(name=1c611dd StatusBar)/@0xee99fdd - animation-leash of insets_animation#9388
06-30 16:45:17.841   873  2742 I SurfaceFlinger: id=9389 createSurf flag=24000, Surface(name=37aeaf NavigationBar0)/@0x2817b20 - animation-leash of insets_animation#9389
06-30 16:45:17.843  1282  1815 V WindowManager: Relayout hash=1d9e4d7, pid=27856, syncId=-1: mAttrs={(0,0)(fillxfill) sim={adjust=pan forwardNavigation} ty=BASE_APPLICATION wanim=0x1030309
06-30 16:45:17.843  1282  1815 V WindowManager:   fl=81810100
06-30 16:45:17.843  1282  1815 V WindowManager:   pfl=12020040
06-30 16:45:17.843  1282  1815 V WindowManager:   bhv=DEFAULT
06-30 16:45:17.843  1282  1815 V WindowManager:   fitSides= naviIconColor=0}
06-30 16:45:17.845 27856 27856 I ViewRootImpl@49ad969[MainActivity]: updateBlastSurfaceIfNeeded mBlastBufferQueue=null isSameSurfaceControl=false
06-30 16:45:17.845 27856 27856 I BLASTBufferQueue: new BLASTBufferQueue, mName= ViewRootImpl@49ad969[MainActivity] mNativeObject= 0x7c59795ed0 sc.mNativeObject= 0x7be97ba810 caller= android.view.ViewRootImpl.updateBlastSurfaceIfNeeded:2909 android.view.ViewRootImpl.relayoutWindow:9847 android.view.ViewRootImpl.performTraversals:3884 android.view.ViewRootImpl.doTraversal:3116 android.view.ViewRootImpl$TraversalRunnable.run:10885 android.view.Choreographer$CallbackRecord.run:1301 android.view.Choreographer$CallbackRecord.run:1309 android.view.Choreographer.doCallbacks:923 android.view.Choreographer.doFrame:852 android.view.Choreographer$FrameDisplayEventReceiver.run:1283
06-30 16:45:17.845 27856 27856 I BLASTBufferQueue: update, w= 1080 h= 2400 mName = ViewRootImpl@49ad969[MainActivity] mNativeObject= 0x7c59795ed0 sc.mNativeObject= 0x7be97ba810 format= -1 caller= android.graphics.BLASTBufferQueue.<init>:84 android.view.ViewRootImpl.updateBlastSurfaceIfNeeded:2909 android.view.ViewRootImpl.relayoutWindow:9847 android.view.ViewRootImpl.performTraversals:3884 android.view.ViewRootImpl.doTraversal:3116 android.view.ViewRootImpl$TraversalRunnable.run:10885
06-30 16:45:17.846 27856 27856 I ViewRootImpl@49ad969[MainActivity]: Relayout returned: old=(0,0,1080,2400) new=(0,0,1080,2400) req=(1080,2400)0 dur=11 res=0x3 s={true 0x7ce97732a0} ch=true seqId=0
06-30 16:45:17.846 27856 27856 I ViewRootImpl@49ad969[MainActivity]: mThreadedRenderer.initialize() mSurface={isValid=true 0x7ce97732a0} hwInitialized=true
06-30 16:45:17.846   873   873 D SurfaceFlinger: Display 4633128672291735937 HWC layers:
06-30 16:45:17.846   873   873 D SurfaceFlinger:      CLIENT | 0x718d859fb0 | 0102 | RGBA_8888    |    0.0    0.0    0.0    0.0 |    0 2392 1080 2400 | bbq-wrapper#9382
06-30 16:45:17.846   873   873 D SurfaceFlinger:      DEVICE | 0x718d85b750 | 0102 | RGBA_8888    |    0.0    8.0 1080.0 2400.0 |    0    0 1080 2392 | com.whatsapp/com.whatsapp.Conversation$_31662#9358
06-30 16:45:17.846   873   873 D SurfaceFlinger:      DEVICE | 0x718d87a650 | 0102 | RGBA_8888    |    0.0    0.0 1080.0    1.0 |    0    0 1080  403 | bbq-wrapper#9385
06-30 16:45:17.846   873   873 D SurfaceFlinger:  SOLID_COLOR |              | 0000 |  Unknown  |    0.0    0.0    0.0    0.0 |    0    0 1080 2400 | DimAnimationLayer for Task=305#9376
06-30 16:45:17.846   873   873 D SurfaceFlinger:      DEVICE | 0x718d86fb50 | 0100 | RGBA_8888    |    0.0    0.0 1080.0 1997.0 |    0  403 1080 2400 | Splash Screen com.example.dogglers$_1751#9374
06-30 16:45:17.846   873   873 D SurfaceFlinger:      DEVICE | 0x718d8724f0 | 0100 | RGBA_8888    |    0.0    0.0 1080.0   78.0 |    0    0 1080   78 | StatusBar$_1751#88
06-30 16:45:17.846   873   873 D SurfaceFlinger:      DEVICE | 0x718d8202f0 | 0100 | RGBA_8888    |    0.0    0.0   67.0  493.0 |    0 1188   67 1681 | com.samsung.android.app.cocktailbars[...]ervice.CocktailBarService$_4690#9140
06-30 16:45:17.846   873   873 D SurfaceFlinger:      DEVICE | 0x718d862350 | 0100 | RGBA_8888    |    0.0    0.0  388.0   48.0 |  692 2352 1080 2400 | SGestureOverlayWindow$_2243#9132
06-30 16:45:17.846   873   873 D SurfaceFlinger:      DEVICE | 0x718d856650 | 0100 | RGBA_8888    |    0.0    0.0 1080.0  126.0 |    0 2274 1080 2400 | NavigationBar0$_1751#83
06-30 16:45:17.846   873   873 D SurfaceFlinger:
06-30 16:45:17.847 27856 27962 D OpenGLRenderer: eglCreateWindowSurface
06-30 16:45:17.847   782   782 D gralloc : [mali_gralloc_allocate] begin
06-30 16:45:17.847   782   782 D gralloc : buffer_descriptor: wh(1080 2400) usage_pc(0x40000000000b00 0x40000000000b00) hal_format(0x1) layer_count(1) sizes(0 0 0) strde(0) byte_stride(0) alloc_wh(0 0) internal_format(0x0) alloc_format(0x0) fd_count(1) plane_count(0)
06-30 16:45:17.847   782   782 D gralloc : [mali_gralloc_allocate] allocation successful
06-30 16:45:17.848   782   782 D gralloc : [mali_gralloc_allocate] begin
06-30 16:45:17.848   782   782 D gralloc : buffer_descriptor: wh(1080 2400) usage_pc(0x40000000000b00 0x40000000000b00) hal_format(0x1) layer_count(1) sizes(0 0 0) strde(0) byte_stride(0) alloc_wh(0 0) internal_format(0x0) alloc_format(0x0) fd_count(1) plane_count(0)
06-30 16:45:17.849   782   782 D gralloc : [mali_gralloc_allocate] allocation successful
06-30 16:45:17.850   782   782 D gralloc : [mali_gralloc_allocate] begin
06-30 16:45:17.850   782   782 D gralloc : buffer_descriptor: wh(1080 2400) usage_pc(0x40000000000b00 0x40000000000b00) hal_format(0x1) layer_count(1) sizes(0 0 0) strde(0) byte_stride(0) alloc_wh(0 0) internal_format(0x0) alloc_format(0x0) fd_count(1) plane_count(0)
06-30 16:45:17.850 27856 27856 I ViewRootImpl@49ad969[MainActivity]: reportNextDraw android.view.ViewRootImpl.performTraversals:4438 android.view.ViewRootImpl.doTraversal:3116 android.view.ViewRootImpl$TraversalRunnable.run:10885 android.view.Choreographer$CallbackRecord.run:1301 android.view.Choreographer$CallbackRecord.run:1309
06-30 16:45:17.850 27856 27856 I ViewRootImpl@49ad969[MainActivity]: Setup new sync id=0
06-30 16:45:17.850 27856 27856 I ViewRootImpl@49ad969[MainActivity]: Setting syncFrameCallback
06-30 16:45:17.850 27856 27856 I ViewRootImpl@49ad969[MainActivity]: registerCallbacksForSync syncBuffer=false
06-30 16:45:17.855   782   782 D gralloc : [mali_gralloc_allocate] allocation successful
06-30 16:45:17.855  2243 16445 I RecentModel: onTaskStackChangedBackground
06-30 16:45:17.857 27856 28012 I ViewRootImpl@49ad969[MainActivity]: Received frameDrawingCallback syncResult=0 frameNum=1.
06-30 16:45:17.857 27856 28012 I ViewRootImpl@49ad969[MainActivity]: Setting up sync and frameCommitCallback
06-30 16:45:17.857   782   782 D gralloc : [mali_gralloc_allocate] begin
06-30 16:45:17.857   782   782 D gralloc : buffer_descriptor: wh(1080 2400) usage_pc(0x40000000000b00 0x40000000000b00) hal_format(0x1) layer_count(1) sizes(0 0 0) strde(0) byte_stride(0) alloc_wh(0 0) internal_format(0x0) alloc_format(0x0) fd_count(1) plane_count(0)
06-30 16:45:17.859   873   873 I Layer   : id=9359 removeFromCurrentState Surface(name=1c611dd StatusBar)/@0xee99fdd - animation-leash of insets_animation#9359 (134)
06-30 16:45:17.859   873   873 I Layer   : id=9360 removeFromCurrentState Surface(name=37aeaf NavigationBar0)/@0x2817b20 - animation-leash of insets_animation#9360 (134)
06-30 16:45:17.859   873   873 I SurfaceFlinger: [1d9e4d7 com.example.dogglers/com.example.dogglers.MainActivity#9386] FrameRatePriority: 1
06-30 16:45:17.859   873   873 D SurfaceFlinger: [input] inputWindowCommands.focusRequests size is 1
06-30 16:45:17.859   873   873 I SurfaceFlinger: id=9359 Removed Surface(name=1c611dd StatusBar)/@0xee99fdd - animation-leash of insets_animation#9359 (134)
06-30 16:45:17.859   873   873 I SurfaceFlinger: id=9360 Removed Surface(name=37aeaf NavigationBar0)/@0x2817b20 - animation-leash of insets_animation#9360 (134)
06-30 16:45:17.859   873   873 I Layer   : id=9359 Destroyed Surface(name=1c611dd StatusBar)/@0xee99fdd - animation-leash of insets_animation#9359
06-30 16:45:17.859   873   873 I Layer   : id=9360 Destroyed Surface(name=37aeaf NavigationBar0)/@0x2817b20 - animation-leash of insets_animation#9360
06-30 16:45:17.860   873   984 D SurfaceFlinger: [input] setFocusedWindow: 1d9e4d7 com.example.dogglers/com.example.dogglers.MainActivity
06-30 16:45:17.860  1282  2792 D InputDispatcher: Focus request (0): 1d9e4d7 com.example.dogglers/com.example.dogglers.MainActivity but waiting because NO_WINDOW
06-30 16:45:17.862   782   782 D gralloc : [mali_gralloc_allocate] allocation successful
06-30 16:45:17.863 27856 27962 I BLASTBufferQueue: [ViewRootImpl@49ad969[MainActivity]#11](f:0,a:0) onFrameAvailable the first frame is available
06-30 16:45:17.864 27856 27962 I ViewRootImpl@49ad969[MainActivity]: Received frameCommittedCallback lastAttemptedDrawFrameNum=1 didProduceBuffer=true
06-30 16:45:17.864 27856 27962 D OpenGLRenderer: CFMS:: SetUp Pid : 27856    Tid : 27962
06-30 16:45:17.864 27856 27962 W Parcel  : Expecting binder but got null!
06-30 16:45:17.864 27856 27856 I ViewRootImpl@49ad969[MainActivity]: onSyncComplete
06-30 16:45:17.865 27856 27856 I ViewRootImpl@49ad969[MainActivity]: setupSync seqId=0 mSyncId=0 fn=1 caller=android.view.ViewRootImpl$$ExternalSyntheticLambda11.accept:6 android.window.SurfaceSyncer.lambda$setupSync$1$android-window-SurfaceSyncer:128 android.window.SurfaceSyncer$$ExternalSyntheticLambda1.accept:8 android.window.SurfaceSyncer$SyncSet.checkIfSyncIsComplete:382 android.window.SurfaceSyncer$SyncSet.markSyncReady:359 android.window.SurfaceSyncer.markSyncReady:151 android.view.ViewRootImpl.performTraversals:4503
06-30 16:45:17.865 27856 27856 I ViewRootImpl@49ad969[MainActivity]: reportDrawFinished seqId=0 mSyncId=-1 fn=1 mSurfaceChangedTransaction=0x7c19796c50
06-30 16:45:17.867   873   873 D SurfaceFlinger: GPIS:: requestGPIS
06-30 16:45:17.871  1282  2792 I SemDvfsHyPerManager: acquire hyper - AMS_RESUME_TAIL/1282@20, type = -999
06-30 16:45:17.872  1282  2792 I SemDvfsHyPerManager: acquire hyper - AMS_ACT_LAZY/1282@21, type = -999
06-30 16:45:17.872   795   895 I HYPER-HAL: [RequestManager.cpp]acquire(): Acquired ID : 848273  [1282 / 20]    HINT : AMS_RESUME_TAIL    list :
06-30 16:45:17.873   795   895 I HYPER-HAL: [ResourceManager.cpp]updateResource(): [CPUMinFreq] UpdateResource Request ID : 848273    Value : 1844882
06-30 16:45:17.874   873   909 I SurfaceFlinger: id=9390 createSurf flag=24000, Surface(name=1d9e4d7 com.example.dogglers/com.example.dogglers.MainActivity)/@0x817706 - animation-leash of starting_reveal#9390
06-30 16:45:17.875   873   873 I Layer   : Layer [com.example.dogglers/com.example.dogglers.MainActivity$_27856#9387] hidden!! flag(0)
06-30 16:45:17.876  1282  2792 D InputDispatcher: Focus entered window (0): 1d9e4d7 com.example.dogglers/com.example.dogglers.MainActivity
06-30 16:45:17.877 27856 27856 I ViewRootImpl@49ad969[MainActivity]: MSG_WINDOW_FOCUS_CHANGED 1 0
06-30 16:45:17.877 27856 27856 I ViewRootImpl@49ad969[MainActivity]: mThreadedRenderer.initializeIfNeeded()#2 mSurface={isValid=true 0x7ce97732a0}
06-30 16:45:17.877  1282  1305 W ziparchive: Unable to open '/data/app/~~SrSoTLjCMttZvpcb7KR4-A==/com.example.dogglers-uNnBO5hcT2MPht_HF8qqww==/base.dm': No such file or directory
06-30 16:45:17.877   795   895 I HYPER-HAL: [ResourceManager.cpp]removeResource(): [CPUMinFreq] RemoveResource Request ID : 856112
06-30 16:45:17.878   795   895 I HYPER-HAL: [RequestManager.cpp]releaseLocked(): Released ID : 856112
06-30 16:45:17.878  1282  1305 I PkgPredictorService-SecIpmManagerServiceImpl: reportToNAP uid:10286 com.example.dogglers/com.example.dogglers.MainActivity thisTime:144
06-30 16:45:17.878 27856 27856 D InputMethodManager: startInputInner - Id : 0
06-30 16:45:17.878 27856 27856 I InputMethodManager: startInputInner - mService.startInputOrWindowGainedFocus
06-30 16:45:17.879  1282  1305 I ActivityTaskManager: Displayed com.example.dogglers/.MainActivity: +144ms
06-30 16:45:17.880  1282  2792 D InputMethodManagerService: DESKTOP MODE! : 2
06-30 16:45:17.880  1282  2792 D InputMethodManagerService: NOT IN KNOX DESKTOP MODE!
06-30 16:45:17.880  1282  2792 V InputMethodManagerService: getDisplayIdOfInputMethodWindowToBeAdded: displayId=0
06-30 16:45:17.880  1282  2792 D InputMethodManagerService: isImeSwitcherDisabledPackage : false
06-30 16:45:17.881  1282  2792 D InputMethodManagerService: checkDisplayOfStartInputAndUpdateKeyboard: displayId=0, mFocusedDisplayId=0
06-30 16:45:17.881  1282  2792 D InputTransport: Input channel constructed: 'ClientS', fd=1252
06-30 16:45:17.881  1282  2792 D InputTransport: Input channel destroyed: 'ClientS', fd=1252
06-30 16:45:17.881 31662 31662 D InputTransport: Input channel destroyed: 'ClientS', fd=225
06-30 16:45:17.881  6001  6001 I HBD     : HoneyBoardService onFinishInput
06-30 16:45:17.882  2894  2894 E pageboostd: Received HALT command code 2
06-30 16:45:17.882   873   873 D SurfaceFlinger: Display 4633128672291735937 HWC layers:
06-30 16:45:17.882   873   873 D SurfaceFlinger:      CLIENT | 0x718d859fb0 | 0102 | RGBA_8888    |    0.0    0.0    0.0    0.0 |    0 2368 1080 2400 | bbq-wrapper#9382
06-30 16:45:17.882   873   873 D SurfaceFlinger:      DEVICE | 0x718d85b750 | 0102 | RGBA_8888    |    0.0   32.0 1080.0 2400.0 |    0    0 1080 2368 | com.whatsapp/com.whatsapp.Conversation$_31662#9358
06-30 16:45:17.882   873   873 D SurfaceFlinger:      DEVICE | 0x718d87a650 | 0102 | RGBA_8888    |    0.0    0.0 1080.0    1.0 |    0    0 1080  252 | bbq-wrapper#9385
06-30 16:45:17.882   873   873 D SurfaceFlinger:  SOLID_COLOR |              | 0000 |  Unknown  |    0.0    0.0    0.0    0.0 |    0    0 1080 2400 | DimAnimationLayer for Task=305#9376
06-30 16:45:17.882   873   873 D SurfaceFlinger:      DEVICE | 0x718d86d3f0 | 0102 | RGBA_8888    |    0.0    0.0 1080.0 2148.0 |    0  252 1080 2400 | com.example.dogglers/com.example.dogglers.MainActivity$_27856#9387
06-30 16:45:17.882   873   873 D SurfaceFlinger:      DEVICE | 0x718d86fb50 | 0100 | RGBA_8888    |    0.0    0.0 1080.0 2148.0 |    0  252 1080 2400 | Splash Screen com.example.dogglers$_1751#9374
06-30 16:45:17.882   873   873 D SurfaceFlinger:      DEVICE | 0x718d8724f0 | 0100 | RGBA_8888    |    0.0    0.0 1080.0   78.0 |    0    0 1080   78 | StatusBar$_1751#88
06-30 16:45:17.882   873   873 D SurfaceFlinger:      DEVICE
06-30 16:45:17.882   873   873 D SurfaceFlinger:  | 0x718d8202f0 | 0100 | RGBA_8888    |    0.0    0.0   67.0  493.0 |    0 1188   67 1681 | com.samsung.android.app.cocktailbars[...]ervice.CocktailBarService$_4690#9140
06-30 16:45:17.882   873   873 D SurfaceFlinger:      DEVICE | 0x718d862350 | 0100 | RGBA_8888    |    0.0    0.0  388.0   48.0 |  692 2352 1080 2400 | SGestureOverlayWindow$_2243#9132
06-30 16:45:17.882   873   873 D SurfaceFlinger:      DEVICE | 0x718d856650 | 0100 | RGBA_8888    |    0.0    0.0 1080.0  126.0 |    0 2274 1080 2400 | NavigationBar0$_1751#83
06-30 16:45:17.882   873   873 D SurfaceFlinger:
06-30 16:45:17.882  6001  6001 I HBD     : a IC have been unbinding,  RemoteInputConnection{idHash=#e3c9224}
06-30 16:45:17.882  6001  6001 I HBD     : HoneyBoardService [PF_CL][onFinishInput]  1 ms
06-30 16:45:17.882   873  2742 I SurfaceFlinger: id=9391 createSurf flag=24004, Surface(name=ee45561 InputMethod)/@0x4417547 - animation-leash of insets_animation#9391
06-30 16:45:17.882  6001  6001 I HBD     : HoneyBoardService [IMI] onStartInput - caller pid : 27856 , caller uid : 10286
06-30 16:45:17.882  6001  6001 I HBD     : j updateConfigs
06-30 16:45:17.882  6001  6001 I HBD     : j isEnabledNightMode : true
06-30 16:45:17.883  6001  6001 I HBD     : a IC have been binding, RemoteInputConnection{idHash=#29618d}
06-30 16:45:17.883  6001  6001 I HBD     : h [EditorInputType]setPrivateImeOptionsToTable privateImeOptions ( null )
06-30 16:45:17.883  6001  6001 I HBD     : b incognitoMode : false
06-30 16:45:17.883  6001  6001 I HBD     : a needOff = true , isForceOff = false, isNullInputClass : true
06-30 16:45:17.883  6001  6001 I HBD     : h getDefaultInputRange : UNKNOWN
06-30 16:45:17.883  6001  6001 I HBD     : h getDefaultInputRange : UNKNOWN
06-30 16:45:17.883  6001  6001 I HBD     : h getDefaultInputRange : UNKNOWN
06-30 16:45:17.885  1751  1854 I ViewRootImpl@4ff1b19[dogglers]: mWNT: t=0x7c19938910 mBlastBufferQueue=0x7c598b24d0 fn= 2 caller= android.view.SyncRtSurfaceTransactionApplier.applyTransaction:96 android.view.SyncRtSurfaceTransactionApplier.lambda$scheduleApply$0$android-view-SyncRtSurfaceTransactionApplier:69 android.view.SyncRtSurfaceTransactionApplier$$ExternalSyntheticLambda0.onFrameDraw:4
06-30 16:45:17.885  1751  1854 I ViewRootImpl@4ff1b19[dogglers]: mWNT: t=0x7c1996ea30 mBlastBufferQueue=0x7c598b24d0 fn= 2 caller= android.view.SyncRtSurfaceTransactionApplier.applyTransaction:96 android.view.SyncRtSurfaceTransactionApplier.lambda$scheduleApply$0$android-view-SyncRtSurfaceTransactionApplier:69 android.view.SyncRtSurfaceTransactionApplier$$ExternalSyntheticLambda0.onFrameDraw:4
06-30 16:45:17.889  6001  6001 I HBD     : a needOff = true , isForceOff = false, isNullInputClass : true
06-30 16:45:17.889  6001  6001 I HBD     : a update cached prediction status : false
06-30 16:45:17.889  6001  6001 I HBD     : h getDefaultInputRange : UNKNOWN
06-30 16:45:17.889  6001  6001 I HBD     : a currentState : 0
06-30 16:45:17.890  6001  6001 I HBD     : a [UpdatePolicy] [post] a: 0 cl: 4325376 kit: [0/0] vt: 0 ir: 1
06-30 16:45:17.890  6001  6001 I HBD     : a [NRIC] resetNoResponseState
06-30 16:45:17.890  6001  6001 I HBD     : a needOff = true , isForceOff = false, isNullInputClass : true
06-30 16:45:17.890  6001  6001 I HBD     : a update cached prediction status : false
06-30 16:45:17.891  6001  6001 I HBD     : HoneyBoardService [PF_OP][onStartInput]  9 ms
06-30 16:45:17.891  1282  2792 D InputMethodManagerService: isImeSwitcherDisabledPackage : false
06-30 16:45:17.892   873   873 I Layer   : id=9369 removeFromCurrentState Surface(name=ee45561 InputMethod)/@0x4417547 - animation-leash of insets_animation#9369 (134)
06-30 16:45:17.892   873   873 I Layer   : id=126 removeFromCurrentState ee45561 InputMethod#126 (134)
06-30 16:45:17.892   873   873 I Layer   : id=126 addToCurrentState ee45561 InputMethod#126 (134)
06-30 16:45:17.892   873   873 I SurfaceFlinger: id=9369 Removed Surface(name=ee45561 InputMethod)/@0x4417547 - animation-leash of insets_animation#9369 (134)
06-30 16:45:17.892   873   873 I Layer   : id=9369 Destroyed Surface(name=ee45561 InputMethod)/@0x4417547 - animation-leash of insets_animation#9369
06-30 16:45:17.892  6001  6001 I InputMethodService: removeImeSurface
06-30 16:45:17.893  6001  6001 I MSHandlerLifeCycle: check: return. pkg=com.samsung.android.honeyboard isActivity=false callers=com.android.internal.policy.DecorView.setVisibility:4416 android.app.Dialog.hide:767 android.inputmethodservice.InputMethodService.removeImeSurface:1290 android.inputmethodservice.InputMethodService.scheduleImeSurfaceRemoval:1279 android.inputmethodservice.InputMethodService.-$$Nest$mscheduleImeSurfaceRemoval:0
06-30 16:45:17.893  6001  6001 I MSHandlerLifeCycle: removeMultiSplitHandler: no exist. decor=DecorView@cd7d792[InputMethod]
06-30 16:45:17.894  1751  1853 I ViewRootImpl@4ff1b19[dogglers]: mWNT: t=0x7c19961d70 mBlastBufferQueue=0x7c598b24d0 fn= 3 caller= android.view.SyncRtSurfaceTransactionApplier.applyTransaction:96 android.view.SyncRtSurfaceTransactionApplier.lambda$scheduleApply$0$android-view-SyncRtSurfaceTransactionApplier:69 android.view.SyncRtSurfaceTransactionApplier$$ExternalSyntheticLambda0.onFrameDraw:4
