06-30 16:45:18.853 27856 27925 I TestRunner: started: vertical_list_button_is_displayed(com.example.dogglers.ButtonTests)
06-30 16:45:18.857   567   567 W keymaster_tee: [WRN]begin req PARAMS: A1 P4
06-30 16:45:18.859  1282  1303 D ConnectivityService: ConnectivityService NetworkRequestInfo binderDied(uid/pid:15010257/25559, [NetworkRequest [ REQUEST id=3018, [ Capabilities: INTERNET&NOT_RESTRICTED&TRUSTED&NOT_VCN_MANAGED Uid: 15010257 RequestorUid: 15010257 RequestorPkg: com.google.android.apps.maps UnderlyingNetworks: Null] ]], android.os.BinderProxy@6d47e1d)
06-30 16:45:18.859  1282  4480 D ConnectivityService: ConnectivityService NetworkRequestInfo binderDied(uid/pid:15010257/25559, [NetworkRequest [ REQUEST id=3022, [ Capabilities: INTERNET&NOT_RESTRICTED&TRUSTED&NOT_VCN_MANAGED Uid: 15010257 RequestorUid: 15010257 RequestorPkg: com.google.android.apps.maps UnderlyingNetworks: Null] ]], android.os.BinderProxy@d3b4263)
06-30 16:45:18.859  1282  4455 D ConnectivityService: ConnectivityService NetworkRequestInfo binderDied(uid/pid:15010257/25559, [NetworkRequest [ LISTEN id=3023, [ Capabilities: INTERNET&NOT_RESTRICTED&TRUSTED&NOT_VCN_MANAGED Uid: 15010257 RequestorUid: 15010257 RequestorPkg: com.google.android.apps.maps UnderlyingNetworks: Null] ]], android.os.BinderProxy@c079e60)
06-30 16:45:18.859  1282  1597 D ConnectivityService: releasing NetworkRequest [ REQUEST id=3018, [ Capabilities: INTERNET&NOT_RESTRICTED&TRUSTED&NOT_VCN_MANAGED Uid: 15010257 RequestorUid: 15010257 RequestorPkg: com.google.android.apps.maps UnderlyingNetworks: Null] ] (release request)
06-30 16:45:18.860  1282  1597 D ConnectivityService:  Removing from current network [121 WIFI], leaving 61 requests.
06-30 16:45:18.860  1282  1597 D ConnectivityService: releasing NetworkRequest [ REQUEST id=3022, [ Capabilities: INTERNET&NOT_RESTRICTED&TRUSTED&NOT_VCN_MANAGED Uid: 15010257 RequestorUid: 15010257 RequestorPkg: com.google.android.apps.maps UnderlyingNetworks: Null] ] (release request)
06-30 16:45:18.860  1282  1597 D ConnectivityService:  Removing from current network [121 WIFI], leaving 60 requests.
06-30 16:45:18.860   763   763 I Zygote  : Process 25559 exited due to signal 9 (Killed)
06-30 16:45:18.872 27856 27925 W Settings: Setting always_finish_activities has moved from android.provider.Settings.System to android.provider.Settings.Global, returning read-only value.
06-30 16:45:18.872  1282  1322 I libprocessgroup: Successfully killed process cgroup uid 15010257 pid 25559 in 41ms
06-30 16:45:18.877  1282  1308 I ChimeraSystemEventListener: appLaunchIntent package name is: com.example.dogglers
06-30 16:45:18.882  1282  2478 I SemDvfsHyPerManager: acquire hyper - AMS_APP_SWITCH/1282@26, type = -999
06-30 16:45:18.883   795   895 I HYPER-HAL: [RequestManager.cpp]acquire(): Acquired ID : 856112  [1282 / 26]    HINT : AMS_APP_SWITCH    list :
06-30 16:45:18.883   873  2742 I SurfaceFlinger: id=9414 createSurf flag=24004, Task=306#9414
06-30 16:45:18.884   795   895 I HYPER-HAL: [ResourceManager.cpp]updateResource(): [CPUMinFreq] UpdateResource Request ID : 856112    Value : 2623359
06-30 16:45:18.885   873  2742 I SurfaceFlinger: id=9415 createSurf flag=80004, ActivityRecord{b8408c u0 com.example.dogglers/.MainActivity} t306}#9415
06-30 16:45:18.886  4448  4448 I SemDvfsHyPerManager: acquire hyper - APP_START_SHORT/4448@12, type = -999
06-30 16:45:18.889  1282  4440 I SemDvfsHyPerManager: acquire hyper - AMS_APP_LAUNCH/1282@19, type = -999
06-30 16:45:18.890  2894  2894 E pageboostd: Received HALT command code 2
06-30 16:45:18.890   795   895 I HYPER-HAL: [RequestManager.cpp]acquire(): Acquired ID : 9948042  [4448 / 12]    HINT : APP_START    list : [TIMEOUT / 1500]
06-30 16:45:18.890   795   895 I HYPER-HAL: [ResourceManager.cpp]updateResource(): [CPUMaxFreq] UpdateResource Request ID : 9948042    Value : 2730000
06-30 16:45:18.891   795   895 I HYPER-HAL: [RequestManager.cpp]acquire(): Acquired ID : 846970  [1282 / 19]    HINT : AMS_APP_LAUNCH    list :
06-30 16:45:18.891 28222 28323 I SmpLog  : [SMP] set uid
06-30 16:45:18.891   795   895 I HYPER-HAL: [ResourceManager.cpp]updateResource(): [CPUMinFreq] UpdateResource Request ID : 846970    Value : 2623359
06-30 16:45:18.893  1004  4718 I CameraService: onUidStateChanged: uid=10054, procState is changed. (0 -> 1)
06-30 16:45:18.893  1751  1828 D NativeCustomFrequencyManager: [NativeCFMS] BpCustomFrequencyManager::BpCustomFrequencyManager()
06-30 16:45:18.894  4448  4448 I SemDvfsHyPerManager: acquire hyper - APP_START/4448@14, type = -999
06-30 16:45:18.894  1282  1327 W libprocessgroup: Failed to open /dev/blkio//cgroup.procs: No such file or directory
06-30 16:45:18.895   795   895 I HYPER-HAL: [RequestManager.cpp]acquire(): Acquired ID : 9956967  [4448 / 14]    HINT : APP_START    list :
06-30 16:45:18.895   795   895 I HYPER-HAL: [ResourceManager.cpp]updateResource(): [CPUMaxFreq] UpdateResource Request ID : 9956967    Value : 2730000
06-30 16:45:18.896  2243  2243 I TopTaskTracker: onTaskMovedToFront : taskId = 306
06-30 16:45:18.898  1282  4350 D InputDispatcher: Focused application(0): ActivityRecord{b8408c u0 com.example.dogglers/.MainActivity} t306}
06-30 16:45:18.901  1282  4440 D InputTransport: Input channel constructed: 'e786a42', fd=844
06-30 16:45:18.901  1282  4440 D InputTransport: Input channel constructed: 'e786a42', fd=875
06-30 16:45:18.901  1282  4440 D InputTransport: Input channel constructed: 'e786a42', fd=920
06-30 16:45:18.901   873  2742 I SurfaceFlinger: id=9416 createSurf flag=80004, e786a42 Splash Screen com.example.dogglers#9416
06-30 16:45:18.902  1282  4440 D InputTransport: Input channel destroyed: 'e786a42', fd=920
06-30 16:45:18.902  1282  1327 W libprocessgroup: Failed to open /dev/blkio//cgroup.procs: No such file or directory
06-30 16:45:18.903  1751  1817 D InsetsController: onStateChanged: InsetsState: {mDisplayFrame=Rect(0, 0 - 1080, 2400), mDisplayCutout=DisplayCutout{insets=Rect(0, 78 - 0, 0) waterfall=Insets{left=0, top=0, right=0, bottom=0} boundingRect={Bounds=[Rect(0, 0 - 0, 0), Rect(690, 0 - 750, 78), Rect(0, 0 - 0, 0), Rect(0, 0 - 0, 0)]} cutoutPathParserInfo={CutoutPathParserInfo{displayWidth=1080 displayHeight=2400 physicalDisplayWidth=1440 physicalDisplayHeight=3200 density={3.0} cutoutSpec={M 0,0 H -10 V 26 H 10 V 0 H 0 Z @dp} rotation={0} scale={1.0} physicalPixelDisplaySizeRatio={1.0}}}}, mRoundedCorners=RoundedCorners{[RoundedCorner{position=TopLeft, radius=63, center=Point(63, 63)}, RoundedCorner{position=TopRight, radius=63, center=Point(1017, 63)}, RoundedCorner{position=BottomRight, radius=63, center=Point(1017, 2337)}, RoundedCorner{position=BottomLeft, radius=63, center=Point(63, 2337)}]}  mRoundedCornerFrame=Rect(0, 0 - 1080, 2400), mPrivacyIndicatorBounds=PrivacyIndicatorBounds {static bounds=Rect(964, 0 - 1080, 78) rotation=0}, mSources= { InsetsSource: {mType=ITYPE_STATUS_BAR, mFrame=[0,0][1080,78], mVisible=true, mInsetsRoundedCornerFrame=false}, InsetsSource: {mType=ITYPE_NAVIGATION_BAR, mFrame=[0,2400][1080,2400], mVisible=true, mInsetsRoundedCornerFrame=false}, InsetsSource: {mType=ITYPE_LEFT_GESTURES, mFrame=[0,0][0,2400], mVisible=true, mInsetsRoundedCornerFrame=false}, InsetsSource: {mType=ITYPE_RIGHT_GESTURES, mFrame=[1080,0][1080,2400], mVisible=true, mInsetsRoundedCornerFrame=false}, InsetsSource: {mType=ITYPE_TOP_MANDATORY_GESTURES, mFrame=[0,0][1080,110], mVisible=true, mInsetsRoundedCornerFrame=false}, InsetsSource: {mType=ITYPE_BOTTOM_MANDATORY_GESTURES, mFrame=[0,2348][1080,2400], mVisible=true, mInsetsRoundedCornerFrame=false}, InsetsSource: {mType=ITYPE_LEFT_DISPLAY_CUTOUT, mFrame=[0,0][-100000,2400], mVisible=true, mInsetsRoundedCornerFrame=false}, InsetsSource: {mType=ITYPE_TOP_DISPLAY_CUTOUT, mFrame=[0,0][1080,78], mVisible=true, mInsetsRoundedCornerFrame=false}, InsetsSource: {mType=ITYPE_RIGHT_DISPLAY_CUTOUT, mFrame=[100000,0][1080,2400], mVisible=true, mInsetsRoundedCornerFrame=false}, InsetsSource: {mType=ITYPE_BOTTOM_DISPLAY_CUTOUT, mFrame=[0,100000][1080,2400], mVisible=true, mInsetsRoundedCornerFrame=false}, InsetsSource: {mType=ITYPE_TOP_TAPPABLE_ELEMENT, mFrame=[0,0][1080,78], mVisible=true, mInsetsRoundedCornerFrame=false}, InsetsSource: {mType=ITYPE_BOTTOM_TAPPABLE_ELEMENT, mFrame=[0,0][0,0], mVisible=true, mInsetsRoundedCornerFrame=false}, InsetsSource: {mType=ITYPE_IME, mFrame=[0,0][0,0], mVisibleFrame=[0,1478][1080,2400], mVisible=false, mInsetsRoundedCornerFrame=false} } host=Splash Screen com.example.dogglers from=android.view.ViewRootImpl.setView:1732
06-30 16:45:18.903  1282  1308 I SemPersonaManager: SecureFolder personaId = 150
06-30 16:45:18.904  1751  1817 I ViewRootImpl@ec73642[dogglers]: setView = android.widget.FrameLayout@716748e TM=true
06-30 16:45:18.905  1751  1817 I ViewRootImpl@ec73642[dogglers]: performTraversals params={(0,0)(fillxfill) sim={adjust=pan} ty=APPLICATION_STARTING fmt=TRANSLUCENT wanim=0x1030309
06-30 16:45:18.905  1751  1817 I ViewRootImpl@ec73642[dogglers]:   fl=81030118
06-30 16:45:18.905  1751  1817 I ViewRootImpl@ec73642[dogglers]:   pfl=16000010
06-30 16:45:18.905  1751  1817 I ViewRootImpl@ec73642[dogglers]:   bhv=DEFAULT
06-30 16:45:18.905  1751  1817 I ViewRootImpl@ec73642[dogglers]:   fitSides= naviIconColor=0}
06-30 16:45:18.905  1751  1817 I ViewRootImpl@ec73642[dogglers]: performTraversals mFirst=true windowShouldResize=true viewVisibilityChanged=false mForceNextWindowRelayout=false params={(0,0)(fillxfill) sim={adjust=pan} ty=APPLICATION_STARTING fmt=TRANSLUCENT wanim=0x1030309
06-30 16:45:18.905  1751  1817 I ViewRootImpl@ec73642[dogglers]:   fl=81030118
06-30 16:45:18.905  1751  1817 I ViewRootImpl@ec73642[dogglers]:   pfl=16000010
06-30 16:45:18.905  1751  1817 I ViewRootImpl@ec73642[dogglers]:   bhv=DEFAULT
06-30 16:45:18.905  1751  1817 I ViewRootImpl@ec73642[dogglers]:   fitSides= naviIconColor=0}
06-30 16:45:18.906   873   873 I SurfaceFlinger: [b38452c com.whatsapp/com.whatsapp.Conversation#9067] FrameRatePriority: -1
06-30 16:45:18.907  1282  4464 V WindowManager: Relayout Window{e786a42 u0 Splash Screen com.example.dogglers}: viewVisibility=0 req=1080x2400 d0
06-30 16:45:18.907   873  2742 I SurfaceFlinger: id=9417 createSurf flag=40004, Splash Screen com.example.dogglers$_1751#9417
06-30 16:45:18.908  1282  1652 D SemNscXgbMsL1: Probability - Cloud gaming: [0.034984715]
06-30 16:45:18.909  1282  1652 D SemNscXgbMsL1: Probability - Real time: [0.0426476]
06-30 16:45:18.909  1282  1652 D SemNscXgbMsL1: Probability - Non real time: [0.9900877]
06-30 16:45:18.909  1282  1652 D SemNscXgbMsL1: 1 sample inference time: 0.188115 msecs
06-30 16:45:18.909  1282  1652 D SemNscXgbL2Rt: L2 RT 1 sample inference time: 0.372346 msecs
06-30 16:45:18.909  1282  1652 D SemNscXgbL2Nrt: L2 NRT 1 sample inference time: 0.321577 msecs
06-30 16:45:18.910  1282  4464 V WindowManager: Relayout hash=e786a42, pid=1751, syncId=-1: mAttrs={(0,0)(fillxfill) sim={adjust=pan} ty=APPLICATION_STARTING fmt=TRANSLUCENT wanim=0x1030309
06-30 16:45:18.910  1282  4464 V WindowManager:   fl=81030118
06-30 16:45:18.910  1282  4464 V WindowManager:   pfl=16000010
06-30 16:45:18.910  1282  4464 V WindowManager:   bhv=DEFAULT
06-30 16:45:18.910  1282  4464 V WindowManager:   fitSides= naviIconColor=0}
06-30 16:45:18.910 27856 27856 D LifecycleMonitor: Lifecycle status change: com.example.dogglers.MainActivity@d7e6298 in: PRE_ON_CREATE
06-30 16:45:18.911  1282  1308 D EnterpriseDeviceManagerService: isMdmAdminPresentInternal() : MDM Admin Found - com.samsung.knox.securefolder
06-30 16:45:18.911  1751  1817 I ViewRootImpl@ec73642[dogglers]: updateBlastSurfaceIfNeeded mBlastBufferQueue=null isSameSurfaceControl=false
06-30 16:45:18.911 27856 27856 V ActivityScenario: Activity lifecycle changed event received but ignored because the reported transition was not ON_CREATE while the last known transition was PRE_ON_CREATE
06-30 16:45:18.911  1751  1817 I BLASTBufferQueue: new BLASTBufferQueue, mName= ViewRootImpl@ec73642[dogglers] mNativeObject= 0x7c597cc390 sc.mNativeObject= 0x7be99b9040 caller= android.view.ViewRootImpl.updateBlastSurfaceIfNeeded:2909 android.view.ViewRootImpl.relayoutWindow:9847 android.view.ViewRootImpl.performTraversals:3884 android.view.ViewRootImpl.doTraversal:3116 android.view.ViewRootImpl$TraversalRunnable.run:10885 android.view.Choreographer$CallbackRecord.run:1301 android.view.Choreographer$CallbackRecord.run:1309 android.view.Choreographer.doCallbacks:923 android.view.Choreographer.doFrame:852 android.view.Choreographer$FrameDisplayEventReceiver.run:1283
06-30 16:45:18.911  1751  1817 I BLASTBufferQueue: update, w= 1080 h= 2400 mName = ViewRootImpl@ec73642[dogglers] mNativeObject= 0x7c597cc390 sc.mNativeObject= 0x7be99b9040 format= -3 caller= android.graphics.BLASTBufferQueue.<init>:84 android.view.ViewRootImpl.updateBlastSurfaceIfNeeded:2909 android.view.ViewRootImpl.relayoutWindow:9847 android.view.ViewRootImpl.performTraversals:3884 android.view.ViewRootImpl.doTraversal:3116 android.view.ViewRootImpl$TraversalRunnable.run:10885
06-30 16:45:18.911  1282  2881 I MediaSessionMonitor: Media session stopped : controllerList empty
06-30 16:45:18.911  1751  1817 I ViewRootImpl@ec73642[dogglers]: Relayout returned: old=(0,0,1080,2400) new=(0,0,1080,2400) req=(1080,2400)0 dur=6 res=0x3 s={true 0x7ce9acafc0} ch=true seqId=0
06-30 16:45:18.912  1751  1817 I ViewRootImpl@ec73642[dogglers]: mThreadedRenderer.initialize() mSurface={isValid=true 0x7ce9acafc0} hwInitialized=true
06-30 16:45:18.912  1751  1828 D OpenGLRenderer: eglCreateWindowSurface
06-30 16:45:18.912  1751  1817 I ViewRootImpl@ec73642[dogglers]: reportNextDraw android.view.ViewRootImpl.performTraversals:4438 android.view.ViewRootImpl.doTraversal:3116 android.view.ViewRootImpl$TraversalRunnable.run:10885 android.view.Choreographer$CallbackRecord.run:1301 android.view.Choreographer$CallbackRecord.run:1309
06-30 16:45:18.912  1751  1817 I ViewRootImpl@ec73642[dogglers]: Setup new sync id=0
06-30 16:45:18.912  1751  1817 I ViewRootImpl@ec73642[dogglers]: Setting syncFrameCallback
06-30 16:45:18.912  1751  1817 I ViewRootImpl@ec73642[dogglers]: registerCallbacksForSync syncBuffer=false
06-30 16:45:18.913   782  4128 D gralloc : [mali_gralloc_allocate] begin
06-30 16:45:18.913   782  4128 D gralloc : buffer_descriptor: wh(1080 2400) usage_pc(0x40000000000b00 0x40000000000b00) hal_format(0x1) layer_count(1) sizes(0 0 0) strde(0) byte_stride(0) alloc_wh(0 0) internal_format(0x0) alloc_format(0x0) fd_count(1) plane_count(0)
06-30 16:45:18.913   782  4128 D gralloc : [mali_gralloc_allocate] allocation successful
06-30 16:45:18.913  1751  1854 I ViewRootImpl@ec73642[dogglers]: Received frameDrawingCallback syncResult=0 frameNum=1.
06-30 16:45:18.913  1751  1854 I ViewRootImpl@ec73642[dogglers]: Setting up sync and frameCommitCallback
06-30 16:45:18.914   873   873 D SurfaceFlinger: [input] inputWindowCommands.focusRequests size is 1
06-30 16:45:18.914   873   984 D SurfaceFlinger: [input] setFocusedWindow: <null>
06-30 16:45:18.915  1282  2236 D InputDispatcher: Focus left window (0): b38452c com.whatsapp/com.whatsapp.Conversation
06-30 16:45:18.915  4690  4690 I ActivityUtils: HomePackage : com.sec.android.app.launcher, resumePackageName : com.example.dogglers
06-30 16:45:18.916 31662 31662 I ViewRootImpl@ffcf06a[Conversation]: MSG_WINDOW_FOCUS_CHANGED 0 0
06-30 16:45:18.916   782  4128 D gralloc : [mali_gralloc_allocate] begin
06-30 16:45:18.916   782  4128 D gralloc : buffer_descriptor: wh(1080 2400) usage_pc(0x40000000000b00 0x40000000000b00) hal_format(0x1) layer_count(1) sizes(0 0 0) strde(0) byte_stride(0) alloc_wh(0 0) internal_format(0x0) alloc_format(0x0) fd_count(1) plane_count(0)
06-30 16:45:18.916  1751  1828 I BLASTBufferQueue: [ViewRootImpl@ec73642[dogglers]#346](f:0,a:0) onFrameAvailable the first frame is available
06-30 16:45:18.917  1751  1828 I ViewRootImpl@ec73642[dogglers]: Received frameCommittedCallback lastAttemptedDrawFrameNum=1 didProduceBuffer=true
06-30 16:45:18.917   782  4128 D gralloc : [mali_gralloc_allocate] allocation successful
06-30 16:45:18.917   782  4128 D gralloc : [mali_gralloc_allocate] begin
06-30 16:45:18.917   782  4128 D gralloc : buffer_descriptor: wh(1080 2400) usage_pc(0x40000000000b00 0x40000000000b00) hal_format(0x1) layer_count(1) sizes(0 0 0) strde(0) byte_stride(0) alloc_wh(0 0) internal_format(0x0) alloc_format(0x0) fd_count(1) plane_count(0)
06-30 16:45:18.918   782  4128 D gralloc : [mali_gralloc_allocate] allocation successful
06-30 16:45:18.919  1282  1327 W libprocessgroup: Failed to open /dev/blkio//cgroup.procs: No such file or directory
06-30 16:45:18.920   782  4128 D gralloc : [mali_gralloc_allocate] begin
06-30 16:45:18.920   782  4128 D gralloc : buffer_descriptor: wh(1080 2400) usage_pc(0x40000000000b00 0x40000000000b00) hal_format(0x1) layer_count(1) sizes(0 0 0) strde(0) byte_stride(0) alloc_wh(0 0) internal_format(0x0) alloc_format(0x0) fd_count(1) plane_count(0)
06-30 16:45:18.921   782  4128 D gralloc : [mali_gralloc_allocate] allocation successful
06-30 16:45:18.921  1751  1828 D OpenGLRenderer: CFMS:: SetUp Pid : 1751    Tid : 1828
06-30 16:45:18.922  1751  1828 W Parcel  : Expecting binder but got null!
06-30 16:45:18.922  1751  1817 I ViewRootImpl@ec73642[dogglers]: onSyncComplete
06-30 16:45:18.922  1751  1817 I ViewRootImpl@ec73642[dogglers]: setupSync seqId=0 mSyncId=0 fn=1 caller=android.view.ViewRootImpl$$ExternalSyntheticLambda11.accept:6 android.window.SurfaceSyncer.lambda$setupSync$1$android-window-SurfaceSyncer:128 android.window.SurfaceSyncer$$ExternalSyntheticLambda1.accept:8 android.window.SurfaceSyncer$SyncSet.checkIfSyncIsComplete:382 android.window.SurfaceSyncer$SyncSet.markSyncReady:359 android.window.SurfaceSyncer.markSyncReady:151 android.view.ViewRootImpl.performTraversals:4503
06-30 16:45:18.922  1751  1817 I ViewRootImpl@ec73642[dogglers]: reportDrawFinished seqId=0 mSyncId=-1 fn=1 mSurfaceChangedTransaction=0x7c1993f870
06-30 16:45:18.926   873  2450 I SurfaceFlinger: id=9418 createSurf flag=24000, Surface(name=Task=300)/@0xec4c80 - animation-leash of app_transition#9418
06-30 16:45:18.929 27856 27856 I DecorView: [INFO] isPopOver=false config=true
06-30 16:45:18.929 27856 27856 I DecorView: updateCaptionType: isFloating=false isApplication=true hasWindowDecorCaption=false this=DecorView@ec4d040[]
06-30 16:45:18.929 27856 27856 D DecorView: setCaptionType = 0, this = DecorView@ec4d040[]
06-30 16:45:18.929   873  2742 I SurfaceFlinger: id=9419 createSurf flag=20004, DimAnimationLayer for Task=306#9419
06-30 16:45:18.930 27856 27856 I DecorView: getCurrentDensityDpi: from real metrics. densityDpi=420 msg=resources_loaded
06-30 16:45:18.930 27856 27856 I DecorView: setWindowBackground: isPopOver=false color=ff121212 d=android.graphics.drawable.ColorDrawable@5c00be
06-30 16:45:18.930   873  2742 I SurfaceFlinger: id=9420 createSurf flag=24004, Surface(name=Task=306)/@0xe9f8a16 - animation-leash of app_transition#9420
06-30 16:45:18.934 27856 27856 D LifecycleMonitor: Lifecycle status change: com.example.dogglers.MainActivity@d7e6298 in: CREATED
06-30 16:45:18.934   782  4128 D gralloc : [mali_gralloc_allocate] begin
06-30 16:45:18.934   782  4128 D gralloc : buffer_descriptor: wh(1080 2400) usage_pc(0xb66 0xb06) hal_format(0x1) layer_count(1) sizes(0 0 0) strde(0) byte_stride(0) alloc_wh(0 0) internal_format(0x0) alloc_format(0x0) fd_count(1) plane_count(0)
06-30 16:45:18.934 27856 27856 V ActivityScenario: Update currentActivityStage to CREATED, currentActivity=com.example.dogglers.MainActivity@d7e6298
06-30 16:45:18.936 27856 27856 D LifecycleMonitor: Lifecycle status change: com.example.dogglers.MainActivity@d7e6298 in: STARTED
06-30 16:45:18.936 27856 27856 V ActivityScenario: Update currentActivityStage to STARTED, currentActivity=com.example.dogglers.MainActivity@d7e6298
06-30 16:45:18.936   782  4128 D gralloc : [mali_gralloc_allocate] allocation successful
06-30 16:45:18.936 27856 27856 D LifecycleMonitor: Lifecycle status change: com.example.dogglers.MainActivity@d7e6298 in: RESUMED
06-30 16:45:18.936 27856 27856 V ActivityScenario: Update currentActivityStage to RESUMED, currentActivity=com.example.dogglers.MainActivity@d7e6298
06-30 16:45:18.936   873   873 I Layer   : id=9421 Destroyed Screenshot Parent#9421
06-30 16:45:18.937 27856 27856 I MSHandlerLifeCycle: check: return. pkg=com.example.dogglers parent=null callers=com.android.internal.policy.DecorView.setVisibility:4416 android.app.ActivityThread.handleResumeActivity:5476 android.app.servertransaction.ResumeActivityItem.execute:54 android.app.servertransaction.ActivityTransactionItem.execute:45 android.app.servertransaction.TransactionExecutor.executeLifecycleState:176
06-30 16:45:18.937 27856 27856 I MSHandlerLifeCycle: removeMultiSplitHandler: no exist. decor=DecorView@ec4d040[]
06-30 16:45:18.940 27856 27962 D NativeCustomFrequencyManager: [NativeCFMS] BpCustomFrequencyManager::BpCustomFrequencyManager()
06-30 16:45:18.942   873  2450 I SurfaceFlinger: id=9422 createSurf flag=80000, 595a1bf ActivityRecordInputSink com.example.dogglers/.MainActivity#9422
06-30 16:45:18.944  1282  4440 D InputTransport: Input channel constructed: '7f5c5ee', fd=1016
06-30 16:45:18.944  1282  4440 D InputTransport: Input channel constructed: '7f5c5ee', fd=1040
06-30 16:45:18.944  1282  4440 D InputTransport: Input channel constructed: '7f5c5ee', fd=1042
06-30 16:45:18.945   873  1054 I SurfaceFlinger: id=9423 createSurf flag=80004, 7f5c5ee com.example.dogglers/com.example.dogglers.MainActivity#9423
06-30 16:45:18.946  1282  4440 D InputTransport: Input channel destroyed: '7f5c5ee', fd=1042
06-30 16:45:18.947   873   873 I Layer   : Layer [Splash Screen com.example.dogglers$_1751#9417] hidden!! flag(0)
06-30 16:45:18.947 27856 27856 D InsetsController: onStateChanged: InsetsState: {mDisplayFrame=Rect(0, 0 - 1080, 2400), mDisplayCutout=DisplayCutout{insets=Rect(0, 78 - 0, 0) waterfall=Insets{left=0, top=0, right=0, bottom=0} boundingRect={Bounds=[Rect(0, 0 - 0, 0), Rect(690, 0 - 750, 78), Rect(0, 0 - 0, 0), Rect(0, 0 - 0, 0)]} cutoutPathParserInfo={CutoutPathParserInfo{displayWidth=1080 displayHeight=2400 physicalDisplayWidth=1440 physicalDisplayHeight=3200 density={3.0} cutoutSpec={M 0,0 H -10 V 26 H 10 V 0 H 0 Z @dp} rotation={0} scale={1.0} physicalPixelDisplaySizeRatio={1.0}}}}, mRoundedCorners=RoundedCorners{[RoundedCorner{position=TopLeft, radius=63, center=Point(63, 63)}, RoundedCorner{position=TopRight, radius=63, center=Point(1017, 63)}, RoundedCorner{position=BottomRight, radius=63, center=Point(1017, 2337)}, RoundedCorner{position=BottomLeft, radius=63, center=Point(63, 2337)}]}  mRoundedCornerFrame=Rect(0, 0 - 1080, 2400), mPrivacyIndicatorBounds=PrivacyIndicatorBounds {static bounds=Rect(964, 0 - 1080, 78) rotation=0}, mSources= { InsetsSource: {mType=ITYPE_STATUS_BAR, mFrame=[0,0][1080,78], mVisible=true, mInsetsRoundedCornerFrame=false}, InsetsSource: {mType=ITYPE_NAVIGATION_BAR, mFrame=[0,2400][1080,2400], mVisible=true, mInsetsRoundedCornerFrame=false}, InsetsSource: {mType=ITYPE_LEFT_GESTURES, mFrame=[0,0][0,2400], mVisible=true, mInsetsRoundedCornerFrame=false}, InsetsSource: {mType=ITYPE_RIGHT_GESTURES, mFrame=[1080,0][1080,2400], mVisible=true, mInsetsRoundedCornerFrame=false}, InsetsSource: {mType=ITYPE_TOP_MANDATORY_GESTURES, mFrame=[0,0][1080,110], mVisible=true, mInsetsRoundedCornerFrame=false}, InsetsSource: {mType=ITYPE_BOTTOM_MANDATORY_GESTURES, mFrame=[0,2348][1080,2400], mVisible=true, mInsetsRoundedCornerFrame=false}, InsetsSource: {mType=ITYPE_LEFT_DISPLAY_CUTOUT, mFrame=[0,0][-100000,2400], mVisible=true, mInsetsRoundedCornerFrame=false}, InsetsSource: {mType=ITYPE_TOP_DISPLAY_CUTOUT, mFrame=[0,0][1080,78], mVisible=true, mInsetsRoundedCornerFrame=false}, InsetsSource: {mType=ITYPE_RIGHT_DISPLAY_CUTOUT, mFrame=[100000,0][1080,2400], mVisible=true, mInsetsRoundedCornerFrame=false}, InsetsSource: {mType=ITYPE_BOTTOM_DISPLAY_CUTOUT, mFrame=[0,100000][1080,2400], mVisible=true, mInsetsRoundedCornerFrame=false}, InsetsSource: {mType=ITYPE_TOP_TAPPABLE_ELEMENT, mFrame=[0,0][1080,78], mVisible=true, mInsetsRoundedCornerFrame=false}, InsetsSource: {mType=ITYPE_BOTTOM_TAPPABLE_ELEMENT, mFrame=[0,0][0,0], mVisible=true, mInsetsRoundedCornerFrame=false}, InsetsSource: {mType=ITYPE_IME, mFrame=[0,0][0,0], mVisibleFrame=[0,1478][1080,2400], mVisible=false, mInsetsRoundedCornerFrame=false} } host=com.example.dogglers/com.example.dogglers.MainActivity from=android.view.ViewRootImpl.setView:1732
06-30 16:45:18.949 27856 27856 I ViewRootImpl@3ccc970[MainActivity]: setView = com.android.internal.policy.DecorView@ec4d040 TM=true
06-30 16:45:18.949 27856 27856 I MSHandlerLifeCycle: removeMultiSplitHandler: no exist. decor=DecorView@ec4d040[MainActivity]
06-30 16:45:18.951  1282  1399 D AnalyticsContainerHandler: handleMessage : { when=0 what=1 target=com.android.server.knox.KnoxAnalyticsContainer$AnalyticsHandler }
06-30 16:45:18.951   782  4128 D gralloc : [mali_gralloc_allocate] begin
06-30 16:45:18.951   782  4128 D gralloc : buffer_descriptor: wh(1080 1) usage_pc(0xb66 0xb06) hal_format(0x1) layer_count(1) sizes(0 0 0) strde(0) byte_stride(0) alloc_wh(0 0) internal_format(0x0) alloc_format(0x0) fd_count(1) plane_count(0)
06-30 16:45:18.951   782  4128 D gralloc : [mali_gralloc_allocate] allocation successful
06-30 16:45:18.952   873   873 I Layer   : id=9424 Destroyed Screenshot Parent#9424
06-30 16:45:18.953   873  2742 I SurfaceFlinger: id=9425 createSurf flag=40404, Bottom Edge Extension#9425
06-30 16:45:18.954   873  2742 I SurfaceFlinger: id=9426 createSurf flag=400, bbq-wrapper#9426
06-30 16:45:18.955  1282 14499 I BLASTBufferQueue: [bbq-adapter#418](f:0,a:0) onFrameAvailable the first frame is available
06-30 16:45:18.958   782  4128 D gralloc : [mali_gralloc_allocate] begin
06-30 16:45:18.958   782  4128 D gralloc : buffer_descriptor: wh(1080 1) usage_pc(0xb66 0xb06) hal_format(0x1) layer_count(1) sizes(0 0 0) strde(0) byte_stride(0) alloc_wh(0 0) internal_format(0x0) alloc_format(0x0) fd_count(1) plane_count(0)
06-30 16:45:18.958   782  4128 D gralloc : [mali_gralloc_allocate] allocation successful
06-30 16:45:18.958   873   873 I Layer   : id=9427 Destroyed Screenshot Parent#9427
06-30 16:45:18.960   873  2450 I SurfaceFlinger: id=9428 createSurf flag=40404, Top Edge Extension#9428
06-30 16:45:18.960 27856 27856 I ViewRootImpl@3ccc970[MainActivity]: performTraversals params={(0,0)(fillxfill) sim={adjust=pan forwardNavigation} ty=BASE_APPLICATION wanim=0x1030309
06-30 16:45:18.960 27856 27856 I ViewRootImpl@3ccc970[MainActivity]:   fl=81810100
06-30 16:45:18.960 27856 27856 I ViewRootImpl@3ccc970[MainActivity]:   pfl=12020040
06-30 16:45:18.960 27856 27856 I ViewRootImpl@3ccc970[MainActivity]:   bhv=DEFAULT
06-30 16:45:18.960 27856 27856 I ViewRootImpl@3ccc970[MainActivity]:   fitSides= naviIconColor=0}
06-30 16:45:18.960   873  2450 I SurfaceFlinger: id=9429 createSurf flag=400, bbq-wrapper#9429
06-30 16:45:18.961 27856 27856 I ViewRootImpl@3ccc970[MainActivity]: performTraversals mFirst=true windowShouldResize=true viewVisibilityChanged=false mForceNextWindowRelayout=false params={(0,0)(fillxfill) sim={adjust=pan forwardNavigation} ty=BASE_APPLICATION wanim=0x1030309
06-30 16:45:18.961 27856 27856 I ViewRootImpl@3ccc970[MainActivity]:   fl=81810100
06-30 16:45:18.961 27856 27856 I ViewRootImpl@3ccc970[MainActivity]:   pfl=12020040
06-30 16:45:18.961 27856 27856 I ViewRootImpl@3ccc970[MainActivity]:   bhv=DEFAULT
06-30 16:45:18.961 27856 27856 I ViewRootImpl@3ccc970[MainActivity]:   fitSides= naviIconColor=0}
06-30 16:45:18.961  1282 14500 I BLASTBufferQueue: [bbq-adapter#419](f:0,a:0) onFrameAvailable the first frame is available
06-30 16:45:18.962  1282  1869 V WindowManager: Relayout Window{7f5c5ee u0 com.example.dogglers/com.example.dogglers.MainActivity}: viewVisibility=0 req=1080x2400 d0
06-30 16:45:18.963   873   909 I SurfaceFlinger: id=9430 createSurf flag=40004, com.example.dogglers/com.example.dogglers.MainActivity$_27856#9430
06-30 16:45:18.966   873  2450 I SurfaceFlinger: id=9431 createSurf flag=24000, Surface(name=1c611dd StatusBar)/@0xee99fdd - animation-leash of insets_animation#9431
06-30 16:45:18.966   873   909 I SurfaceFlinger: id=9432 createSurf flag=24000, Surface(name=37aeaf NavigationBar0)/@0x2817b20 - animation-leash of insets_animation#9432
06-30 16:45:18.966   873   873 D SurfaceFlinger: Display 4633128672291735937 HWC layers:
06-30 16:45:18.966   873   873 D SurfaceFlinger:      CLIENT | 0x718d860190 | 0102 | RGBA_8888    |    0.0    0.0    0.0    0.0 |    0    0    0    0 | bbq-wrapper#9426
06-30 16:45:18.966   873   873 D SurfaceFlinger:      DEVICE | 0x718d86b590 | 0102 | RGBA_8888    |    0.0    0.0 1080.0 2400.0 |    0    0 1080 2400 | com.whatsapp/com.whatsapp.Conversation$_31662#9401
06-30 16:45:18.966   873   873 D SurfaceFlinger:      DEVICE | 0x718d8724f0 | 0100 | RGBA_8888    |    0.0    0.0 1080.0   78.0 |    0    0 1080   78 | StatusBar$_1751#88
06-30 16:45:18.966   873   873 D SurfaceFlinger:      DEVICE | 0x718d8202f0 | 0100 | RGBA_8888    |    0.0    0.0   67.0  493.0 |    0 1188   67 1681 | com.samsung.android.app.cocktailbars[...]ervice.CocktailBarService$_4690#9140
06-30 16:45:18.966   873   873 D SurfaceFlinger:      DEVICE | 0x718d862350 | 0100 | RGBA_8888    |    0.0    0.0  388.0   48.0 |  692 2352 1080 2400 | SGestureOverlayWindow$_2243#9132
06-30 16:45:18.966   873   873 D SurfaceFlinger:      DEVICE | 0x718d856650 | 0100 | RGBA_8888    |    0.0    0.0 1080.0  126.0 |    0 2274 1080 2400 | NavigationBar0$_1751#83
06-30 16:45:18.966   873   873 D SurfaceFlinger:
06-30 16:45:18.967  1282  1869 V WindowManager: Relayout hash=7f5c5ee, pid=27856, syncId=-1: mAttrs={(0,0)(fillxfill) sim={adjust=pan forwardNavigation} ty=BASE_APPLICATION wanim=0x1030309
06-30 16:45:18.967  1282  1869 V WindowManager:   fl=81810100
06-30 16:45:18.967  1282  1869 V WindowManager:   pfl=12020040
06-30 16:45:18.967  1282  1869 V WindowManager:   bhv=DEFAULT
06-30 16:45:18.967  1282  1869 V WindowManager:   fitSides= naviIconColor=0}
06-30 16:45:18.969 27856 27856 I ViewRootImpl@3ccc970[MainActivity]: updateBlastSurfaceIfNeeded mBlastBufferQueue=null isSameSurfaceControl=false
06-30 16:45:18.969 27856 27856 I BLASTBufferQueue: new BLASTBufferQueue, mName= ViewRootImpl@3ccc970[MainActivity] mNativeObject= 0x7c597a10f0 sc.mNativeObject= 0x7be97b9840 caller= android.view.ViewRootImpl.updateBlastSurfaceIfNeeded:2909 android.view.ViewRootImpl.relayoutWindow:9847 android.view.ViewRootImpl.performTraversals:3884 android.view.ViewRootImpl.doTraversal:3116 android.view.ViewRootImpl$TraversalRunnable.run:10885 android.view.Choreographer$CallbackRecord.run:1301 android.view.Choreographer$CallbackRecord.run:1309 android.view.Choreographer.doCallbacks:923 android.view.Choreographer.doFrame:852 android.view.Choreographer$FrameDisplayEventReceiver.run:1283
06-30 16:45:18.969 27856 27856 I BLASTBufferQueue: update, w= 1080 h= 2400 mName = ViewRootImpl@3ccc970[MainActivity] mNativeObject= 0x7c597a10f0 sc.mNativeObject= 0x7be97b9840 format= -1 caller= android.graphics.BLASTBufferQueue.<init>:84 android.view.ViewRootImpl.updateBlastSurfaceIfNeeded:2909 android.view.ViewRootImpl.relayoutWindow:9847 android.view.ViewRootImpl.performTraversals:3884 android.view.ViewRootImpl.doTraversal:3116 android.view.ViewRootImpl$TraversalRunnable.run:10885
06-30 16:45:18.970 27856 27856 I ViewRootImpl@3ccc970[MainActivity]: Relayout returned: old=(0,0,1080,2400) new=(0,0,1080,2400) req=(1080,2400)0 dur=8 res=0x3 s={true 0x7ce97fb6a0} ch=true seqId=0
06-30 16:45:18.970 27856 27856 I ViewRootImpl@3ccc970[MainActivity]: mThreadedRenderer.initialize() mSurface={isValid=true 0x7ce97fb6a0} hwInitialized=true
06-30 16:45:18.970 27856 27962 D OpenGLRenderer: eglCreateWindowSurface
06-30 16:45:18.971   782  4128 D gralloc : [mali_gralloc_allocate] begin
06-30 16:45:18.971   782  4128 D gralloc : buffer_descriptor: wh(1080 2400) usage_pc(0x40000000000b00 0x40000000000b00) hal_format(0x1) layer_count(1) sizes(0 0 0) strde(0) byte_stride(0) alloc_wh(0 0) internal_format(0x0) alloc_format(0x0) fd_count(1) plane_count(0)
06-30 16:45:18.972   873   873 D SurfaceFlinger: GPIS:: requestGPIS
06-30 16:45:18.973   782  4128 D gralloc : [mali_gralloc_allocate] allocation successful
06-30 16:45:18.974 27856 27856 I ViewRootImpl@3ccc970[MainActivity]: reportNextDraw android.view.ViewRootImpl.performTraversals:4438 android.view.ViewRootImpl.doTraversal:3116 android.view.ViewRootImpl$TraversalRunnable.run:10885 android.view.Choreographer$CallbackRecord.run:1301 android.view.Choreographer$CallbackRecord.run:1309
06-30 16:45:18.974   782  4128 D gralloc : [mali_gralloc_allocate] begin
06-30 16:45:18.974   782  4128 D gralloc : buffer_descriptor: wh(1080 2400) usage_pc(0x40000000000b00 0x40000000000b00) hal_format(0x1) layer_count(1) sizes(0 0 0) strde(0) byte_stride(0) alloc_wh(0 0) internal_format(0x0) alloc_format(0x0) fd_count(1) plane_count(0)
06-30 16:45:18.974 27856 27856 I ViewRootImpl@3ccc970[MainActivity]: Setup new sync id=0
06-30 16:45:18.974 27856 27856 I ViewRootImpl@3ccc970[MainActivity]: Setting syncFrameCallback
06-30 16:45:18.974 27856 27856 I ViewRootImpl@3ccc970[MainActivity]: registerCallbacksForSync syncBuffer=false
06-30 16:45:18.977   782  4128 D gralloc : [mali_gralloc_allocate] allocation successful
06-30 16:45:18.977   873   873 D SurfaceFlinger: Display 4633128672291735937 HWC layers:
06-30 16:45:18.977   873   873 D SurfaceFlinger:      CLIENT | 0x718d860190 | 0102 | RGBA_8888    |    0.0    0.0    0.0    0.0 |    0 2396 1080 2400 | bbq-wrapper#9426
06-30 16:45:18.977   873   873 D SurfaceFlinger:      DEVICE | 0x718d86b590 | 0102 | RGBA_8888    |    0.0    4.0 1080.0 2400.0 |    0    0 1080 2396 | com.whatsapp/com.whatsapp.Conversation$_31662#9401
06-30 16:45:18.977   873   873 D SurfaceFlinger:      DEVICE | 0x718d85fd10 | 0102 | RGBA_8888    |    0.0    0.0 1080.0    1.0 |    0    0 1080  427 | bbq-wrapper#9429
06-30 16:45:18.977   873   873 D SurfaceFlinger:      DEVICE | 0x718d8643f0 | 0100 | RGBA_8888    |    0.0    0.0 1080.0 1973.0 |    0  427 1080 2400 | Splash Screen com.example.dogglers$_1751#9417
06-30 16:45:18.977   873   873 D SurfaceFlinger:      DEVICE | 0x718d8724f0 | 0100 | RGBA_8888    |    0.0    0.0 1080.0   78.0 |    0    0 1080   78 | StatusBar$_1751#88
06-30 16:45:18.977   873   873 D SurfaceFlinger:      DEVICE | 0x718d8202f0 | 0100 | RGBA_8888    |    0.0    0.0   67.0  493.0 |    0 1188   67 1681 | com.samsung.android.app.cocktailbars[...]ervice.CocktailBarService$_4690#9140
06-30 16:45:18.977   873   873 D SurfaceFlinger:      DEVICE | 0x718d862350 | 0100 | RGBA_8888    |    0.0    0.0  388.0   48.0 |  692 2352 1080 2400 | SGestureOverlayWindow$_2243#9132
06-30 16:45:18.977   873   873 D SurfaceFlinger:
06-30 16:45:18.977   873   873 D SurfaceFlinger:     DEVICE | 0x718d856650 | 0100 | RGBA_8888    |    0.0    0.0 1080.0  126.0 |    0 2274 1080 2400 | NavigationBar0$_1751#83
06-30 16:45:18.977   873   873 D SurfaceFlinger:
06-30 16:45:18.977   782  4128 D gralloc : [mali_gralloc_allocate] begin
06-30 16:45:18.977   782  4128 D gralloc : buffer_descriptor: wh(1080 2400) usage_pc(0x40000000000b00 0x40000000000b00) hal_format(0x1) layer_count(1) sizes(0 0 0) strde(0) byte_stride(0) alloc_wh(0 0) internal_format(0x0) alloc_format(0x0) fd_count(1) plane_count(0)
06-30 16:45:18.978   782  4128 D gralloc : [mali_gralloc_allocate] allocation successful
06-30 16:45:18.979   782  4128 D gralloc : [mali_gralloc_allocate] begin
06-30 16:45:18.979   782  4128 D gralloc : buffer_descriptor: wh(1080 2400) usage_pc(0x40000000000b00 0x40000000000b00) hal_format(0x1) layer_count(1) sizes(0 0 0) strde(0) byte_stride(0) alloc_wh(0 0) internal_format(0x0) alloc_format(0x0) fd_count(1) plane_count(0)
06-30 16:45:18.980   873   873 I Layer   : id=9402 removeFromCurrentState Surface(name=1c611dd StatusBar)/@0xee99fdd - animation-leash of insets_animation#9402 (136)
06-30 16:45:18.980   873   873 I Layer   : id=9403 removeFromCurrentState Surface(name=37aeaf NavigationBar0)/@0x2817b20 - animation-leash of insets_animation#9403 (136)
06-30 16:45:18.980   873   873 I SurfaceFlinger: [7f5c5ee com.example.dogglers/com.example.dogglers.MainActivity#9423] FrameRatePriority: 1
06-30 16:45:18.980   873   873 D SurfaceFlinger: [input] inputWindowCommands.focusRequests size is 1
06-30 16:45:18.980   873   873 I SurfaceFlinger: id=9402 Removed Surface(name=1c611dd StatusBar)/@0xee99fdd - animation-leash of insets_animation#9402 (136)
06-30 16:45:18.980   873   873 I SurfaceFlinger: id=9403 Removed Surface(name=37aeaf NavigationBar0)/@0x2817b20 - animation-leash of insets_animation#9403 (136)
06-30 16:45:18.980   873   873 I Layer   : id=9402 Destroyed Surface(name=1c611dd StatusBar)/@0xee99fdd - animation-leash of insets_animation#9402
06-30 16:45:18.980   873   873 I Layer   : id=9403 Destroyed Surface(name=37aeaf NavigationBar0)/@0x2817b20 - animation-leash of insets_animation#9403
06-30 16:45:18.981   873   984 D SurfaceFlinger: [input] setFocusedWindow: 7f5c5ee com.example.dogglers/com.example.dogglers.MainActivity
06-30 16:45:18.981  1282  4440 D InputDispatcher: Focus request (0): 7f5c5ee com.example.dogglers/com.example.dogglers.MainActivity but waiting because NOT_VISIBLE
06-30 16:45:18.982 27856 28012 I ViewRootImpl@3ccc970[MainActivity]: Received frameDrawingCallback syncResult=0 frameNum=1.
06-30 16:45:18.982 27856 28012 I ViewRootImpl@3ccc970[MainActivity]: Setting up sync and frameCommitCallback
06-30 16:45:18.983   782  4128 D gralloc : [mali_gralloc_allocate] allocation successful
06-30 16:45:18.984   873   873 D SurfaceFlinger: Display 4633128672291735937 HWC layers:
06-30 16:45:18.984   873   873 D SurfaceFlinger:      CLIENT | 0x718d860190 | 0102 | RGBA_8888    |    0.0    0.0    0.0    0.0 |    0 2392 1080 2400 | bbq-wrapper#9426
06-30 16:45:18.984   873   873 D SurfaceFlinger:      DEVICE | 0x718d86b590 | 0102 | RGBA_8888    |    0.0    8.0 1080.0 2400.0 |    0    0 1080 2392 | com.whatsapp/com.whatsapp.Conversation$_31662#9401
06-30 16:45:18.984   873   873 D SurfaceFlinger:      DEVICE | 0x718d85fd10 | 0102 | RGBA_8888    |    0.0    0.0 1080.0    1.0 |    0    0 1080  403 | bbq-wrapper#9429
06-30 16:45:18.984   873   873 D SurfaceFlinger:  SOLID_COLOR |              | 0000 |  Unknown  |    0.0    0.0    0.0    0.0 |    0    0 1080 2400 | DimAnimationLayer for Task=306#9419
06-30 16:45:18.984   873   873 D SurfaceFlinger:      DEVICE | 0x718d8643f0 | 0100 | RGBA_8888    |    0.0    0.0 1080.0 1997.0 |    0  403 1080 2400 | Splash Screen com.example.dogglers$_1751#9417
06-30 16:45:18.984   873   873 D SurfaceFlinger:      DEVICE | 0x718d8724f0 | 0100 | RGBA_8888    |    0.0    0.0 1080.0   78.0 |    0    0 1080   78 | StatusBar$_1751#88
06-30 16:45:18.984   873   873 D SurfaceFlinger:      DEVICE | 0x718d8202f0 | 0100 | RGBA_8888    |    0.0    0.0   67.0  493.0 |    0 1188   67 1681 | com.samsung.android.app.cocktailbars[...]ervice.CocktailBarService$_4690#9140
06-30 16:45:18.984   873   873 D SurfaceFlinger:      DEVICE | 0x718d862350 | 0100 | RGBA_8888    |    0.0    0.0  388.0   48.0 |  692 2352 1080 2400 | SGestureOverlayWindow$_2243#9132
06-30 16:45:18.984   873   873 D SurfaceFlinger:      DEVICE | 0x718d856650 | 0100 | RGBA_8888    |    0.0    0.0 1080.0  126.0 |    0 2274 1080 2400 | NavigationBar0$_1751#83
06-30 16:45:18.984   873   873 D SurfaceFlinger:
06-30 16:45:18.985 27856 27962 I BLASTBufferQueue: [ViewRootImpl@3ccc970[MainActivity]#13](f:0,a:0) onFrameAvailable the first frame is available
06-30 16:45:18.985 27856 27962 I ViewRootImpl@3ccc970[MainActivity]: Received frameCommittedCallback lastAttemptedDrawFrameNum=1 didProduceBuffer=true
06-30 16:45:18.986 27856 27962 D OpenGLRenderer: CFMS:: SetUp Pid : 27856    Tid : 27962
06-30 16:45:18.986 27856 27962 W Parcel  : Expecting binder but got null!
06-30 16:45:18.986 27856 27856 I ViewRootImpl@3ccc970[MainActivity]: onSyncComplete
06-30 16:45:18.986 27856 27856 I ViewRootImpl@3ccc970[MainActivity]: setupSync seqId=0 mSyncId=0 fn=1 caller=android.view.ViewRootImpl$$ExternalSyntheticLambda11.accept:6 android.window.SurfaceSyncer.lambda$setupSync$1$android-window-SurfaceSyncer:128 android.window.SurfaceSyncer$$ExternalSyntheticLambda1.accept:8 android.window.SurfaceSyncer$SyncSet.checkIfSyncIsComplete:382 android.window.SurfaceSyncer$SyncSet.markSyncReady:359 android.window.SurfaceSyncer.markSyncReady:151 android.view.ViewRootImpl.performTraversals:4503
06-30 16:45:18.986 27856 27856 I ViewRootImpl@3ccc970[MainActivity]: reportDrawFinished seqId=0 mSyncId=-1 fn=1 mSurfaceChangedTransaction=0x7c1978da10
06-30 16:45:18.991 28222 28338 I [SA_INIT]: createTaskForServiceInitialize()
06-30 16:45:18.991  1282  1305 W ziparchive: Unable to open '/data/app/~~SrSoTLjCMttZvpcb7KR4-A==/com.example.dogglers-uNnBO5hcT2MPht_HF8qqww==/base.dm': No such file or directory
06-30 16:45:18.991  1282  1305 I PkgPredictorService-SecIpmManagerServiceImpl: reportToNAP uid:10286 com.example.dogglers/com.example.dogglers.MainActivity thisTime:113
06-30 16:45:18.993   873  2450 I SurfaceFlinger: id=9433 createSurf flag=24000, Surface(name=7f5c5ee com.example.dogglers/com.example.dogglers.MainActivity)/@0x8343e11 - animation-leash of starting_reveal#9433
06-30 16:45:18.993  1282  1305 I ActivityTaskManager: Displayed com.example.dogglers/.MainActivity: +113ms
06-30 16:45:18.993  1282  4464 I SemDvfsHyPerManager: acquire hyper - AMS_RESUME_TAIL/1282@20, type = -999
06-30 16:45:18.993  1282  4464 I SemDvfsHyPerManager: acquire hyper - AMS_ACT_LAZY/1282@21, type = -999
06-30 16:45:18.993  2894  2894 E pageboostd: Received HALT command code 2
06-30 16:45:18.994   795   895 I HYPER-HAL: [RequestManager.cpp]acquire(): Acquired ID : 848273  [1282 / 20]    HINT : AMS_RESUME_TAIL    list :
06-30 16:45:18.994   795   895 I HYPER-HAL: [ResourceManager.cpp]updateResource(): [CPUMinFreq] UpdateResource Request ID : 848273    Value : 1844882
06-30 16:45:18.995   795   895 I HYPER-HAL: [ResourceManager.cpp]removeResource(): [CPUMinFreq] RemoveResource Request ID : 856112
06-30 16:45:18.995   795   895 I HYPER-HAL: [RequestManager.cpp]releaseLocked(): Released ID : 856112
06-30 16:45:18.996   873   873 I Layer   : Layer [com.example.dogglers/com.example.dogglers.MainActivity$_27856#9430] hidden!! flag(0)
06-30 16:45:18.997  1282  4440 D InputDispatcher: Focus entered window (0): 7f5c5ee com.example.dogglers/com.example.dogglers.MainActivity
06-30 16:45:18.998  1751  1853 I ViewRootImpl@ec73642[dogglers]: mWNT: t=0x7c19947f70 mBlastBufferQueue=0x7c597cc390 fn= 2 caller= android.view.SyncRtSurfaceTransactionApplier.applyTransaction:96 android.view.SyncRtSurfaceTransactionApplier.lambda$scheduleApply$0$android-view-SyncRtSurfaceTransactionApplier:69 android.view.SyncRtSurfaceTransactionApplier$$ExternalSyntheticLambda0.onFrameDraw:4
06-30 16:45:18.998  1751  1853 I ViewRootImpl@ec73642[dogglers]: mWNT: t=0x7c198fcbb0 mBlastBufferQueue=0x7c597cc390 fn= 2 caller= android.view.SyncRtSurfaceTransactionApplier.applyTransaction:96 android.view.SyncRtSurfaceTransactionApplier.lambda$scheduleApply$0$android-view-SyncRtSurfaceTransactionApplier:69 android.view.SyncRtSurfaceTransactionApplier$$ExternalSyntheticLambda0.onFrameDraw:4
06-30 16:45:19.001 27856 27856 I ViewRootImpl@3ccc970[MainActivity]: MSG_WINDOW_FOCUS_CHANGED 1 0
06-30 16:45:19.001 27856 27856 I ViewRootImpl@3ccc970[MainActivity]: mThreadedRenderer.initializeIfNeeded()#2 mSurface={isValid=true 0x7ce97fb6a0}
06-30 16:45:19.002   873   873 D SurfaceFlinger: Display 4633128672291735937 HWC layers:
06-30 16:45:19.002   873   873 D SurfaceFlinger:      CLIENT | 0x718d860190 | 0102 | RGBA_8888    |    0.0    0.0    0.0    0.0 |    0 2381 1080 2400 | bbq-wrapper#9426
06-30 16:45:19.002   873   873 D SurfaceFlinger:      DEVICE | 0x718d86b590 | 0102 | RGBA_8888    |    0.0   19.0 1080.0 2400.0 |    0    0 1080 2381 | com.whatsapp/com.whatsapp.Conversation$_31662#9401
06-30 16:45:19.002   873   873 D SurfaceFlinger:      DEVICE | 0x718d85fd10 | 0102 | RGBA_8888    |    0.0    0.0 1080.0    1.0 |    0    0 1080  333 | bbq-wrapper#9429
06-30 16:45:19.002   873   873 D SurfaceFlinger:  SOLID_COLOR |              | 0000 |  Unknown  |    0.0    0.0    0.0    0.0 |    0    0 1080 2400 | DimAnimationLayer for Task=306#9419
06-30 16:45:19.002   873   873 D SurfaceFlinger:      DEVICE | 0x718d846db0 | 0102 | RGBA_8888    |    0.0    0.0 1080.0 2067.0 |    0  333 1080 2400 | com.example.dogglers/com.example.dogglers.MainActivity$_27856#9430
06-30 16:45:19.002   873   873 D SurfaceFlinger:      DEVICE | 0x718d8643f0 | 0100 | RGBA_8888    |    0.0    0.0 1080.0 2067.0 |    0  333 1080 2400 | Splash Screen com.example.dogglers$_1751#9417
06-30 16:45:19.002   873   873 D SurfaceFlinger:      DEVICE | 0x718d8724f0 | 0100 | RGBA_8888    |    0.0    0.0 1080.0   78.0 |    0    0 1080   78 | StatusBar$_1751#88
06-30 16:45:19.002   873   873 D SurfaceFlinger:      DEVICE
06-30 16:45:19.002   873   873 D SurfaceFlinger:  | 0x718d8202f0 | 0100 | RGBA_8888    |    0.0    0.0   67.0  493.0 |    0 1188   67 1681 | com.samsung.android.app.cocktailbars[...]ervice.CocktailBarService$_4690#9140
06-30 16:45:19.002   873   873 D SurfaceFlinger:      DEVICE | 0x718d862350 | 0100 | RGBA_8888    |    0.0    0.0  388.0   48.0 |  692 2352 1080 2400 | SGestureOverlayWindow$_2243#9132
06-30 16:45:19.002   873   873 D SurfaceFlinger:      DEVICE | 0x718d856650 | 0100 | RGBA_8888    |    0.0    0.0 1080.0  126.0 |    0 2274 1080 2400 | NavigationBar0$_1751#83
06-30 16:45:19.002   873   873 D SurfaceFlinger:
06-30 16:45:19.002 27856 27856 D InputMethodManager: startInputInner - Id : 0
06-30 16:45:19.002 27856 27856 I InputMethodManager: startInputInner - mService.startInputOrWindowGainedFocus
06-30 16:45:19.003  2243 17974 I RecentModel: onTaskStackChangedBackground
06-30 16:45:19.004  1282  4350 D InputMethodManagerService: DESKTOP MODE! : 2
06-30 16:45:19.004  1282  4350 D InputMethodManagerService: NOT IN KNOX DESKTOP MODE!
06-30 16:45:19.004  1282  4350 V InputMethodManagerService: getDisplayIdOfInputMethodWindowToBeAdded: displayId=0
06-30 16:45:19.004  1282  4350 D InputMethodManagerService: isImeSwitcherDisabledPackage : false
06-30 16:45:19.004 31662 31662 D InputTransport: Input channel destroyed: 'ClientS', fd=225
06-30 16:45:19.004  1282  4350 D InputMethodManagerService: checkDisplayOfStartInputAndUpdateKeyboard: displayId=0, mFocusedDisplayId=0
06-30 16:45:19.004  1282  4350 D InputTransport: Input channel constructed: 'ClientS', fd=1014
06-30 16:45:19.004  1282  4350 D InputTransport: Input channel destroyed: 'ClientS', fd=1014
06-30 16:45:19.007  1751  1854 I ViewRootImpl@ec73642[dogglers]: mWNT: t=0x7c199927f0 mBlastBufferQueue=0x7c597cc390 fn= 3 caller= android.view.SyncRtSurfaceTransactionApplier.applyTransaction:96 android.view.SyncRtSurfaceTransactionApplier.lambda$scheduleApply$0$android-view-SyncRtSurfaceTransactionApplier:69 android.view.SyncRtSurfaceTransactionApplier$$ExternalSyntheticLambda0.onFrameDraw:4
06-30 16:45:19.007  6001  6001 I HBD     : HoneyBoardService onFinishInput
06-30 16:45:19.009   873   909 I SurfaceFlinger: id=9434 createSurf flag=24004, Surface(name=ee45561 InputMethod)/@0x4417547 - animation-leash of insets_animation#9434
06-30 16:45:19.009  6001  6001 I HBD     : a IC have been unbinding,  RemoteInputConnection{idHash=#d65af42}
06-30 16:45:19.009  6001  6001 I HBD     : HoneyBoardService [PF_CL][onFinishInput]  2 ms
06-30 16:45:19.010  6001  6001 I HBD     : HoneyBoardService [IMI] onStartInput - caller pid : 27856 , caller uid : 10286
06-30 16:45:19.010  6001  6001 I HBD     : j updateConfigs
06-30 16:45:19.012   770   797 D audio_hw_primary: device-adev_set_parameters: enter with key(audioHDR=0)
06-30 16:45:19.012   770   797 I audio_hw_primary_odm: odm_adev_set_parameters: enter with key(audioHDR=0)
06-30 16:45:19.012  6001  6001 I HBD     : j isEnabledNightMode : true
06-30 16:45:19.012  6001  6001 I HBD     : a IC have been binding, RemoteInputConnection{idHash=#ebdeb53}
06-30 16:45:19.012  6001  6001 I HBD     : h [EditorInputType]setPrivateImeOptionsToTable privateImeOptions ( null )
06-30 16:45:19.013   770   797 I Audio_a2dpsink_hw: adev_set_parameters: kevpairs=[audioHDR=0]
06-30 16:45:19.013  6001  6001 I HBD     : b incognitoMode : false
06-30 16:45:19.013  6001  6001 I HBD     : a needOff = true , isForceOff = false, isNullInputClass : true
06-30 16:45:19.013  6001  6001 I HBD     : h getDefaultInputRange : UNKNOWN
06-30 16:45:19.013  6001  6001 I HBD     : h getDefaultInputRange : UNKNOWN
06-30 16:45:19.013  6001  6001 I HBD     : h getDefaultInputRange : UNKNOWN
06-30 16:45:19.013   873   873 I Layer   : id=9412 removeFromCurrentState Surface(name=ee45561 InputMethod)/@0x4417547 - animation-leash of insets_animation#9412 (136)
06-30 16:45:19.013   873   873 I Layer   : id=126 removeFromCurrentState ee45561 InputMethod#126 (136)
06-30 16:45:19.013   873   873 I Layer   : id=126 addToCurrentState ee45561 InputMethod#126 (136)
06-30 16:45:19.016  6001  6001 I HBD     : a needOff = true , isForceOff = false, isNullInputClass : true
06-30 16:45:19.016  6001  6001 I HBD     : a update cached prediction status : false
06-30 16:45:19.016  6001  6001 I HBD     : h getDefaultInputRange : UNKNOWN
06-30 16:45:19.017  6001  6001 I HBD     : a currentState : 0
06-30 16:45:19.018  1751  1853 I ViewRootImpl@ec73642[dogglers]: mWNT: t=0x7c1996baf0 mBlastBufferQueue=0x7c597cc390 fn= 4 caller= android.view.SyncRtSurfaceTransactionApplier.applyTransaction:96 android.view.SyncRtSurfaceTransactionApplier.lambda$scheduleApply$0$android-view-SyncRtSurfaceTransactionApplier:69 android.view.SyncRtSurfaceTransactionApplier$$ExternalSyntheticLambda0.onFrameDraw:4
