06-30 16:45:17.066 27856 27856 V ActivityScenario: Activity lifecycle changed event received but ignored because the intent does not match. startActivityIntent=Intent { act=android.intent.action.MAIN cat=[android.intent.category.LAUNCHER] flg=0x10008000 cmp=com.example.dogglers/.MainActivity }, activity.getIntent()=Intent { cmp=com.example.dogglers/.VerticalListActivity }, activity=com.example.dogglers.VerticalListActivity@b778903
06-30 16:45:17.068  1282  4455 D InputMethodManagerService: isImeSwitcherDisabledPackage : false
06-30 16:45:17.068 27856 27856 I MSHandlerLifeCycle: removeMultiSplitHandler: no exist. decor=DecorView@c77157b[VerticalListActivity]
06-30 16:45:17.068  6001  6001 I InputMethodService: removeImeSurface
06-30 16:45:17.069  6001  6001 I MSHandlerLifeCycle: check: return. pkg=com.samsung.android.honeyboard isActivity=false callers=com.android.internal.policy.DecorView.setVisibility:4416 android.app.Dialog.hide:767 android.inputmethodservice.InputMethodService.removeImeSurface:1290 android.inputmethodservice.InputMethodService.scheduleImeSurfaceRemoval:1279 android.inputmethodservice.InputMethodService.-$$Nest$mscheduleImeSurfaceRemoval:0
06-30 16:45:17.069  6001  6001 I MSHandlerLifeCycle: removeMultiSplitHandler: no exist. decor=DecorView@cd7d792[InputMethod]
06-30 16:45:17.069 27856 27856 I ViewRootImpl@9b95eb8[InstrumentationActivityInvoker$EmptyActivity]: handleAppVisibility mAppVisible = true visible = false
06-30 16:45:17.070  1282  1399 D AnalyticsContainerHandler: handleMessage : { when=0 what=1 target=com.android.server.knox.KnoxAnalyticsContainer$AnalyticsHandler }
06-30 16:45:17.070   873   873 I Layer   : id=9350 removeFromCurrentState Surface(name=1c611dd StatusBar)/@0xee99fdd - animation-leash of insets_animation#9350 (140)
06-30 16:45:17.070 27856 27856 I ViewRootImpl@9b95eb8[InstrumentationActivityInvoker$EmptyActivity]: MSG_WINDOW_FOCUS_CHANGED 0 0
06-30 16:45:17.070   873   873 I Layer   : id=9351 removeFromCurrentState Surface(name=37aeaf NavigationBar0)/@0x2817b20 - animation-leash of insets_animation#9351 (140)
06-30 16:45:17.070   873   873 I SurfaceFlinger: [a5e70a7 com.example.dogglers/com.example.dogglers.VerticalListActivity#9330] FrameRatePriority: 1
06-30 16:45:17.070   873   873 I SurfaceFlinger: [b04e777 com.example.dogglers/androidx.test.core.app.InstrumentationActivityInvoker$EmptyActivity#9348] FrameRatePriority: -1
06-30 16:45:17.070   873   873 I Layer   : Layer [com.example.dogglers/androidx.test.core.app.InstrumentationActivityInvoker$EmptyActivity$_27856#9349] hidden!! flag(1)
06-30 16:45:17.070   873   873 D SurfaceFlinger: [input] inputWindowCommands.focusRequests size is 1
06-30 16:45:17.070   873   873 I SurfaceFlinger: id=9350 Removed Surface(name=1c611dd StatusBar)/@0xee99fdd - animation-leash of insets_animation#9350 (140)
06-30 16:45:17.070   873   873 I SurfaceFlinger: id=9351 Removed Surface(name=37aeaf NavigationBar0)/@0x2817b20 - animation-leash of insets_animation#9351 (140)
06-30 16:45:17.071   873   873 I Layer   : id=9346 Destroyed Surface(name=ee45561 InputMethod)/@0x4417547 - animation-leash of insets_animation#9346
06-30 16:45:17.071   873   873 I Layer   : id=9350 Destroyed Surface(name=1c611dd StatusBar)/@0xee99fdd - animation-leash of insets_animation#9350
06-30 16:45:17.071   873   873 I Layer   : id=9351 Destroyed Surface(name=37aeaf NavigationBar0)/@0x2817b20 - animation-leash of insets_animation#9351
06-30 16:45:17.072   873   984 D SurfaceFlinger: [input] setFocusedWindow: a5e70a7 com.example.dogglers/com.example.dogglers.VerticalListActivity
06-30 16:45:17.072  1282  1547 D InputDispatcher: Focus entered window (0): a5e70a7 com.example.dogglers/com.example.dogglers.VerticalListActivity
06-30 16:45:17.073  1282  1308 D EnterpriseDeviceManagerService: isMdmAdminPresentInternal() : MDM Admin Found - com.samsung.knox.securefolder
06-30 16:45:17.073  1282  2881 I MediaSessionMonitor: Media session stopped : controllerList empty
06-30 16:45:17.075  4690  4690 I ActivityUtils: HomePackage : com.sec.android.app.launcher, resumePackageName : com.example.dogglers
06-30 16:45:17.076   873   873 D SurfaceFlinger: Display 4633128672291735937 HWC layers:
06-30 16:45:17.076   873   873 D SurfaceFlinger:      CLIENT | 0x718d80e410 | 0102 | RGBA_8888    |    0.0    0.0    0.0    0.0 |    0    0 1080    8 | bbq-wrapper#9342
06-30 16:45:17.076   873   873 D SurfaceFlinger:      DEVICE | 0x718d84aa70 | 0102 | RGBA_8888    |    0.0    0.0 1080.0 2392.0 |    0    8 1080 2400 | com.example.dogglers/com.example.dogglers.VerticalListActivity$_27856#9331
06-30 16:45:17.076   873   873 D SurfaceFlinger:      DEVICE | 0x718d8724f0 | 0100 | RGBA_8888    |    0.0    0.0 1080.0   78.0 |    0    0 1080   78 | StatusBar$_1751#88
06-30 16:45:17.076   873   873 D SurfaceFlinger:      DEVICE | 0x718d8202f0 | 0100 | RGBA_8888    |    0.0    0.0   67.0  493.0 |    0 1188   67 1681 | com.samsung.android.app.cocktailbars[...]ervice.CocktailBarService$_4690#9140
06-30 16:45:17.076   873   873 D SurfaceFlinger:      DEVICE | 0x718d862350 | 0100 | RGBA_8888    |    0.0    0.0  388.0   48.0 |  692 2352 1080 2400 | SGestureOverlayWindow$_2243#9132
06-30 16:45:17.076   873   873 D SurfaceFlinger:      DEVICE | 0x718d856650 | 0100 | RGBA_8888    |    0.0    0.0 1080.0  126.0 |    0 2274 1080 2400 | NavigationBar0$_1751#83
06-30 16:45:17.076   873   873 D SurfaceFlinger:
06-30 16:45:17.078 27856 27962 D OpenGLRenderer: setSurface called with nullptr
06-30 16:45:17.078 27856 27962 D OpenGLRenderer: setSurface() destroyed EGLSurface
06-30 16:45:17.078 27856 27962 D OpenGLRenderer: destroyEglSurface
06-30 16:45:17.079 27856 27856 I ViewRootImpl@9b95eb8[InstrumentationActivityInvoker$EmptyActivity]: performTraversals mFirst=false windowShouldResize=false viewVisibilityChanged=true mForceNextWindowRelayout=false params=null
06-30 16:45:17.079  1282  4455 V WindowManager: Relayout Window{b04e777 u0 com.example.dogglers/androidx.test.core.app.InstrumentationActivityInvoker$EmptyActivity}: viewVisibility=8 req=1080x2400 d0
06-30 16:45:17.080  1282  4455 V WindowManager: Relayout hash=b04e777, pid=27856, syncId=-1: mAttrs={(0,0)(fillxfill) sim={adjust=pan forwardNavigation} ty=BASE_APPLICATION
06-30 16:45:17.080  1282  4455 V WindowManager:   fl=81810100
06-30 16:45:17.080  1282  4455 V WindowManager:   pfl=12020040
06-30 16:45:17.080  1282  4455 V WindowManager:   bhv=DEFAULT
06-30 16:45:17.080  1282  4455 V WindowManager:   fitSides= naviIconColor=0}
06-30 16:45:17.082 27856 27856 I ViewRootImpl@9b95eb8[InstrumentationActivityInvoker$EmptyActivity]: Relayout returned: old=(0,0,1080,2400) new=(0,0,1080,2400) req=(1080,2400)8 dur=2 res=0x2 s={false 0x0} ch=true seqId=0
06-30 16:45:17.082 27856 27856 I ViewRootImpl@8f4536b[VerticalListActivity]: MSG_WINDOW_FOCUS_CHANGED 1 0
06-30 16:45:17.082 27856 27856 I ViewRootImpl@8f4536b[VerticalListActivity]: mThreadedRenderer.initializeIfNeeded()#2 mSurface={isValid=true 0x7ce9803ee0}
06-30 16:45:17.083 27856 27856 D InputMethodManager: startInputInner - Id : 0
06-30 16:45:17.083 27856 27856 I InputMethodManager: startInputInner - mService.startInputOrWindowGainedFocus
06-30 16:45:17.083  1282  4455 D InputMethodManagerService: DESKTOP MODE! : 2
06-30 16:45:17.083  1282  4455 D InputMethodManagerService: NOT IN KNOX DESKTOP MODE!
06-30 16:45:17.083  1282  4455 V InputMethodManagerService: getDisplayIdOfInputMethodWindowToBeAdded: displayId=0
06-30 16:45:17.083  1282  4455 D InputMethodManagerService: isImeSwitcherDisabledPackage : false
06-30 16:45:17.083  1282  4455 D InputMethodManagerService: checkDisplayOfStartInputAndUpdateKeyboard: displayId=0, mFocusedDisplayId=0
06-30 16:45:17.083  1282  4455 D InputTransport: Input channel constructed: 'ClientS', fd=1236
06-30 16:45:17.083  1282  4455 D InputTransport: Input channel destroyed: 'ClientS', fd=1236
06-30 16:45:17.084  6001  6001 I HBD     : HoneyBoardService onFinishInput
06-30 16:45:17.084  6001  6001 I HBD     : a IC have been unbinding,  RemoteInputConnection{idHash=#8885ab7}
06-30 16:45:17.084  6001  6001 I HBD     : HoneyBoardService [PF_CL][onFinishInput]  0 ms
06-30 16:45:17.085  6001  6001 I HBD     : HoneyBoardService [IMI] onStartInput - caller pid : 27856 , caller uid : 10286
06-30 16:45:17.085  6001  6001 I HBD     : j updateConfigs
06-30 16:45:17.085  6001  6001 I HBD     : j isEnabledNightMode : true
06-30 16:45:17.085  6001  6001 I HBD     : a IC have been binding, RemoteInputConnection{idHash=#8885ab7}
06-30 16:45:17.085  6001  6001 I HBD     : h [EditorInputType]setPrivateImeOptionsToTable privateImeOptions ( null )
06-30 16:45:17.085  6001  6001 I HBD     : b incognitoMode : false
06-30 16:45:17.085  6001  6001 I HBD     : a needOff = true , isForceOff = false, isNullInputClass : true
06-30 16:45:17.085  6001  6001 I HBD     : h getDefaultInputRange : UNKNOWN
06-30 16:45:17.085  6001  6001 I HBD     : h getDefaultInputRange : UNKNOWN
06-30 16:45:17.085  6001  6001 I HBD     : h getDefaultInputRange : UNKNOWN
06-30 16:45:17.085 27856 27856 I ViewRootImpl@9b95eb8[InstrumentationActivityInvoker$EmptyActivity]: stopped(true) old = false
06-30 16:45:17.085 27856 27856 I ViewRootImpl@9b95eb8[InstrumentationActivityInvoker$EmptyActivity]: WindowStopped on com.example.dogglers/androidx.test.core.app.InstrumentationActivityInvoker$EmptyActivity set to true
06-30 16:45:17.085   873  2742 I SurfaceFlinger: id=9356 createSurf flag=24004, Surface(name=ee45561 InputMethod)/@0x4417547 - animation-leash of insets_animation#9356
06-30 16:45:17.086 27856 27856 D LifecycleMonitor: Lifecycle status change: androidx.test.core.app.InstrumentationActivityInvoker$EmptyActivity@d1fc3d2 in: STOPPED
06-30 16:45:17.086  6001  6001 I HBD     : a needOff = true , isForceOff = false, isNullInputClass : true
06-30 16:45:17.086  6001  6001 I HBD     : a update cached prediction status : false
06-30 16:45:17.086 27856 27856 V ActivityScenario: Activity lifecycle changed event received but ignored because the intent does not match. startActivityIntent=Intent { act=android.intent.action.MAIN cat=[android.intent.category.LAUNCHER] flg=0x10008000 cmp=com.example.dogglers/.MainActivity }, activity.getIntent()=Intent { act=android.intent.action.MAIN cat=[android.intent.category.LAUNCHER] flg=0x10000000 cmp=com.example.dogglers/androidx.test.core.app.InstrumentationActivityInvoker$EmptyActivity }, activity=androidx.test.core.app.InstrumentationActivityInvoker$EmptyActivity@d1fc3d2
06-30 16:45:17.086  6001  6001 I HBD     : h getDefaultInputRange : UNKNOWN
06-30 16:45:17.086  6001  6001 I HBD     : a currentState : 0
06-30 16:45:17.086  6001  6001 I HBD     : a [UpdatePolicy] [post] a: 0 cl: 4325376 kit: [0/0] vt: 0 ir: 1
06-30 16:45:17.087  6001  6001 I HBD     : a [NRIC] resetNoResponseState
06-30 16:45:17.087  6001  6001 I HBD     : a needOff = true , isForceOff = false, isNullInputClass : true
06-30 16:45:17.087  6001  6001 I HBD     : a update cached prediction status : false
06-30 16:45:17.087  6001  6001 I HBD     : HoneyBoardService [PF_OP][onStartInput]  2 ms
06-30 16:45:17.088 27856 27856 I MSHandlerLifeCycle: removeMultiSplitHandler: no exist. decor=DecorView@a614fff[InstrumentationActivityInvoker$EmptyActivity]
06-30 16:45:17.089 27856 27856 D LifecycleMonitor: Lifecycle status change: androidx.test.core.app.InstrumentationActivityInvoker$EmptyActivity@d1fc3d2 in: DESTROYED
06-30 16:45:17.089 27856 27856 V ActivityScenario: Activity lifecycle changed event received but ignored because the intent does not match. startActivityIntent=Intent { act=android.intent.action.MAIN cat=[android.intent.category.LAUNCHER] flg=0x10008000 cmp=com.example.dogglers/.MainActivity }, activity.getIntent()=Intent { act=android.intent.action.MAIN cat=[android.intent.category.LAUNCHER] flg=0x10000000 cmp=com.example.dogglers/androidx.test.core.app.InstrumentationActivityInvoker$EmptyActivity }, activity=androidx.test.core.app.InstrumentationActivityInvoker$EmptyActivity@d1fc3d2
06-30 16:45:17.089 27856 27856 I MSHandlerLifeCycle: removeMultiSplitHandler: no exist. decor=DecorView@a614fff[InstrumentationActivityInvoker$EmptyActivity]
06-30 16:45:17.089 27856 27962 D OpenGLRenderer: setSurface called with nullptr
06-30 16:45:17.090 27856 27856 I ViewRootImpl@9b95eb8[InstrumentationActivityInvoker$EmptyActivity]: dispatchDetachedFromWindow
06-30 16:45:17.090  1282  1547 D InputTransport: Input channel destroyed: 'b04e777', fd=1208
06-30 16:45:17.090  1282  1547 W InputManager-JNI: Input channel object 'b04e777 com.example.dogglers/androidx.test.core.app.InstrumentationActivityInvoker$EmptyActivity (client)' was disposed without first being removed with the input manager!
06-30 16:45:17.090  1282  1547 D InputTransport: Input channel destroyed: 'b04e777', fd=1233
06-30 16:45:17.092 27856 27856 D InputTransport: Input channel destroyed: 'b04e777', fd=131
06-30 16:45:17.093   873  2450 I SurfaceFlinger: id=9352 Removed 7c432ab ActivityRecordInputSink com.example.dogglers/androidx.test.core.app.InstrumentationActivityInvoker$EmptyActivity#9352 (138)
06-30 16:45:17.093  1282  1547 D InputMethodManagerService: isImeSwitcherDisabledPackage : false
06-30 16:45:17.094  6001  6001 I InputMethodService: removeImeSurface
06-30 16:45:17.094  6001  6001 I MSHandlerLifeCycle: check: return. pkg=com.samsung.android.honeyboard isActivity=false callers=com.android.internal.policy.DecorView.setVisibility:4416 android.app.Dialog.hide:767 android.inputmethodservice.InputMethodService.removeImeSurface:1290 android.inputmethodservice.InputMethodService.scheduleImeSurfaceRemoval:1279 android.inputmethodservice.InputMethodService.-$$Nest$mscheduleImeSurfaceRemoval:0
06-30 16:45:17.094  6001  6001 I MSHandlerLifeCycle: removeMultiSplitHandler: no exist. decor=DecorView@cd7d792[InputMethod]
06-30 16:45:17.094   873   873 I Layer   : id=9353 removeFromCurrentState Surface(name=ee45561 InputMethod)/@0x4417547 - animation-leash of insets_animation#9353 (138)
06-30 16:45:17.094   873   873 I Layer   : id=9349 removeFromCurrentState com.example.dogglers/androidx.test.core.app.InstrumentationActivityInvoker$EmptyActivity$_27856#9349 (138)
06-30 16:45:17.095   873   873 I Layer   : id=9348 removeFromCurrentState b04e777 com.example.dogglers/androidx.test.core.app.InstrumentationActivityInvoker$EmptyActivity#9348 (138)
06-30 16:45:17.095   873   873 I SurfaceFlinger: id=9349 Removed com.example.dogglers/androidx.test.core.app.InstrumentationActivityInvoker$EmptyActivity$_27856#9349 (138)
06-30 16:45:17.095   873   873 I SurfaceFlinger: id=9348 Removed b04e777 com.example.dogglers/androidx.test.core.app.InstrumentationActivityInvoker$EmptyActivity#9348 (138)
06-30 16:45:17.095   873   873 I SurfaceFlinger: id=9353 Removed Surface(name=ee45561 InputMethod)/@0x4417547 - animation-leash of insets_animation#9353 (138)
06-30 16:45:17.095   873   873 I Layer   : id=9353 Destroyed Surface(name=ee45561 InputMethod)/@0x4417547 - animation-leash of insets_animation#9353
06-30 16:45:17.095   873   873 I Layer   : id=9348 Destroyed b04e777 com.example.dogglers/androidx.test.core.app.InstrumentationActivityInvoker$EmptyActivity#9348
06-30 16:45:17.095   873   873 I Layer   : id=9349 Destroyed com.example.dogglers/androidx.test.core.app.InstrumentationActivityInvoker$EmptyActivity$_27856#9349
06-30 16:45:17.103   873   873 I Layer   : id=9347 removeFromCurrentState ActivityRecord{13bdd08 u0 com.example.dogglers/androidx.test.core.app.InstrumentationActivityInvoker$EmptyActivity} t304}#9347 (135)
06-30 16:45:17.103   873   873 I Layer   : id=9352 removeFromCurrentState 7c432ab ActivityRecordInputSink com.example.dogglers/androidx.test.core.app.InstrumentationActivityInvoker$EmptyActivity#9352 (135)
06-30 16:45:17.103   873   873 I SurfaceFlinger: id=9347 Removed ActivityRecord{13bdd08 u0 com.example.dogglers/androidx.test.core.app.InstrumentationActivityInvoker$EmptyActivity} t304}#9347 (135)
06-30 16:45:17.103   873   873 I Layer   : id=9347 Destroyed ActivityRecord{13bdd08 u0 com.example.dogglers/androidx.test.core.app.InstrumentationActivityInvoker$EmptyActivity} t304}#9347
06-30 16:45:17.103   873   873 I Layer   : id=9352 Destroyed 7c432ab ActivityRecordInputSink com.example.dogglers/androidx.test.core.app.InstrumentationActivityInvoker$EmptyActivity#9352
06-30 16:45:17.124  1282  1668 D SemWifiSwitchForIndividualAppsService: isPackageException - result:3, com.example.dogglers
06-30 16:45:17.131   795 28179 I HYPER-HAL: [ResourceManager.cpp]removeResource(): [CPUMinFreq] RemoveResource Request ID : 846970
06-30 16:45:17.131   795 28179 I HYPER-HAL: [RequestManager.cpp]releaseLocked(): Released ID : 846970
06-30 16:45:17.163  2243  2464 I RecentModel: onTaskStackChangedBackground
06-30 16:45:17.163  2801  2863 I RequestManager_FLP: onOpChanged, op=0 / packageName=com.whatsapp
06-30 16:45:17.164   873   873 D SurfaceFlinger: Display 4633128672291735937 HWC layers:
06-30 16:45:17.164   873   873 D SurfaceFlinger:      DEVICE | 0x718d84aa70 | 0102 | RGBA_8888    |    0.0    0.0 1080.0 2400.0 |    0    0 1080 2400 | com.example.dogglers/com.example.dogglers.VerticalListActivity$_27856#9331
06-30 16:45:17.164   873   873 D SurfaceFlinger:      DEVICE | 0x718d8724f0 | 0100 | RGBA_8888    |    0.0    0.0 1080.0   78.0 |    0    0 1080   78 | StatusBar$_1751#88
06-30 16:45:17.164   873   873 D SurfaceFlinger:      DEVICE | 0x718d8202f0 | 0100 | RGBA_8888    |    0.0    0.0   67.0  493.0 |    0 1188   67 1681 | com.samsung.android.app.cocktailbars[...]ervice.CocktailBarService$_4690#9140
06-30 16:45:17.164   873   873 D SurfaceFlinger:      DEVICE | 0x718d862350 | 0100 | RGBA_8888    |    0.0    0.0  388.0   48.0 |  692 2352 1080 2400 | SGestureOverlayWindow$_2243#9132
06-30 16:45:17.164   873   873 D SurfaceFlinger:      DEVICE | 0x718d856650 | 0100 | RGBA_8888    |    0.0    0.0 1080.0  126.0 |    0 2274 1080 2400 | NavigationBar0$_1751#83
06-30 16:45:17.164   873   873 D SurfaceFlinger:
06-30 16:45:17.187   795   895 I HYPER-HAL: [ResourceManager.cpp]removeResource(): [CPUMinFreq] RemoveResource Request ID : 863987
06-30 16:45:17.188   795   895 I HYPER-HAL: [RequestManager.cpp]releaseLocked(): Released ID : 863987
06-30 16:45:17.188 27856 27856 I ViewRootImpl@c9cbc25[MainActivity]: handleAppVisibility mAppVisible = true visible = false
06-30 16:45:17.194   873   873 I Layer   : id=9337 removeFromCurrentState Surface(name=ActivityRecord{ce12bb7 u0 com.example.dogglers/.VerticalListActivity} t304})/@0x424a4bb - animation-leash of app_transition#9337 (133)
06-30 16:45:17.194   873   873 I Layer   : id=9341 removeFromCurrentState Top Edge Extension#9341 (133)
06-30 16:45:17.194   873   873 I Layer   : id=9342 removeFromCurrentState bbq-wrapper#9342 (133)
06-30 16:45:17.195   873   873 I Layer   : id=9341 removeFromCurrentState Top Edge Extension#9341 (133)
06-30 16:45:17.195   873   873 I Layer   : id=9342 removeFromCurrentState bbq-wrapper#9342 (133)
06-30 16:45:17.195   873   873 I Layer   : id=9338 removeFromCurrentState Surface(name=ActivityRecord{ce12bb7 u0 com.example.dogglers/.VerticalListActivity} t304})/@0x424a4bb - animation-bounds#9338 (133)
06-30 16:45:17.195   873   873 I Layer   : id=9334 removeFromCurrentState Surface(name=ActivityRecord{38dc05e u0 com.example.dogglers/.MainActivity} t304})/@0x30bd485 - animation-leash of app_transition#9334 (133)
06-30 16:45:17.195   873   873 I Layer   : id=9344 removeFromCurrentState Bottom Edge Extension#9344 (133)
06-30 16:45:17.195   873   873 I Layer   : id=9345 removeFromCurrentState bbq-wrapper#9345 (133)
06-30 16:45:17.195   873   873 I Layer   : id=9344 removeFromCurrentState Bottom Edge Extension#9344 (133)
06-30 16:45:17.195   873   873 I Layer   : id=9345 removeFromCurrentState bbq-wrapper#9345 (133)
06-30 16:45:17.195   873   873 I Layer   : id=9335 removeFromCurrentState Surface(name=ActivityRecord{38dc05e u0 com.example.dogglers/.MainActivity} t304})/@0x30bd485 - animation-bounds#9335 (133)
06-30 16:45:17.195   873   873 I Layer   : Layer [com.example.dogglers/com.example.dogglers.MainActivity$_27856#9324] hidden!! flag(1)
06-30 16:45:17.195   873   873 I SurfaceFlinger: id=9345 Removed bbq-wrapper#9345 (133)
06-30 16:45:17.195 27856 27962 D OpenGLRenderer: setSurface called with nullptr
06-30 16:45:17.195 27856 27962 D OpenGLRenderer: setSurface() destroyed EGLSurface
06-30 16:45:17.195 27856 27962 D OpenGLRenderer: destroyEglSurface
06-30 16:45:17.196   873   909 I SurfaceFlinger: id=9335 Removed Surface(name=ActivityRecord{38dc05e u0 com.example.dogglers/.MainActivity} t304})/@0x30bd485 - animation-bounds#9335 (133)
06-30 16:45:17.196   873  2742 I SurfaceFlinger: id=9337 Removed Surface(name=ActivityRecord{ce12bb7 u0 com.example.dogglers/.VerticalListActivity} t304})/@0x424a4bb - animation-leash of app_transition#9337 (133)
06-30 16:45:17.196   873  2742 I SurfaceFlinger: id=9341 Removed Top Edge Extension#9341 (133)
06-30 16:45:17.196   873  2742 I SurfaceFlinger: id=9338 Removed Surface(name=ActivityRecord{ce12bb7 u0 com.example.dogglers/.VerticalListActivity} t304})/@0x424a4bb - animation-bounds#9338 (133)
06-30 16:45:17.197   873  2742 I SurfaceFlinger: id=9334 Removed Surface(name=ActivityRecord{38dc05e u0 com.example.dogglers/.MainActivity} t304})/@0x30bd485 - animation-leash of app_transition#9334 (133)
06-30 16:45:17.197   873  2742 I SurfaceFlinger: id=9344 Removed Bottom Edge Extension#9344 (133)
06-30 16:45:17.197 27856 27856 I ViewRootImpl@c9cbc25[MainActivity]: performTraversals mFirst=false windowShouldResize=false viewVisibilityChanged=true mForceNextWindowRelayout=false params=null
06-30 16:45:17.201  1282  1547 V WindowManager: Relayout Window{542bc15 u0 com.example.dogglers/com.example.dogglers.MainActivity}: viewVisibility=8 req=1080x2400 d0
06-30 16:45:17.202   873   873 I SurfaceFlinger: id=9342 Removed bbq-wrapper#9342 (133)
06-30 16:45:17.203   873   873 I Layer   : id=9341 Destroyed Top Edge Extension#9341
06-30 16:45:17.203   873   873 I Layer   : id=9338 Destroyed Surface(name=ActivityRecord{ce12bb7 u0 com.example.dogglers/.VerticalListActivity} t304})/@0x424a4bb - animation-bounds#9338
06-30 16:45:17.203   873   873 I Layer   : id=9334 Destroyed Surface(name=ActivityRecord{38dc05e u0 com.example.dogglers/.MainActivity} t304})/@0x30bd485 - animation-leash of app_transition#9334
06-30 16:45:17.203   873   873 I Layer   : id=9335 Destroyed Surface(name=ActivityRecord{38dc05e u0 com.example.dogglers/.MainActivity} t304})/@0x30bd485 - animation-bounds#9335
06-30 16:45:17.203   873   873 I Layer   : id=9342 Destroyed bbq-wrapper#9342
06-30 16:45:17.203   873   873 I Layer   : id=9337 Destroyed Surface(name=ActivityRecord{ce12bb7 u0 com.example.dogglers/.VerticalListActivity} t304})/@0x424a4bb - animation-leash of app_transition#9337
06-30 16:45:17.203   873   873 I Layer   : id=9344 Destroyed Bottom Edge Extension#9344
06-30 16:45:17.203   873   873 I Layer   : id=9345 Destroyed bbq-wrapper#9345
06-30 16:45:17.208  1282  1547 V WindowManager: Relayout hash=542bc15, pid=27856, syncId=-1: mAttrs={(0,0)(fillxfill) sim={adjust=pan forwardNavigation} ty=BASE_APPLICATION wanim=0x1030309
06-30 16:45:17.208  1282  1547 V WindowManager:   fl=81810100
06-30 16:45:17.208  1282  1547 V WindowManager:   pfl=12020040
06-30 16:45:17.208  1282  1547 V WindowManager:   bhv=DEFAULT
06-30 16:45:17.208  1282  1547 V WindowManager:   fitSides= naviIconColor=0}
06-30 16:45:17.212 27856 27856 I ViewRootImpl@c9cbc25[MainActivity]: Relayout returned: old=(0,0,1080,2400) new=(0,0,1080,2400) req=(1080,2400)8 dur=14 res=0x2 s={false 0x0} ch=true seqId=0
06-30 16:45:17.213 27856 27856 I ViewRootImpl@c9cbc25[MainActivity]: stopped(true) old = false
06-30 16:45:17.213 27856 27856 I ViewRootImpl@c9cbc25[MainActivity]: WindowStopped on com.example.dogglers/com.example.dogglers.MainActivity set to true
06-30 16:45:17.214 27856 27856 D LifecycleMonitor: Lifecycle status change: com.example.dogglers.MainActivity@7eecaad in: STOPPED
06-30 16:45:17.214 27856 27856 V ActivityScenario: Update currentActivityStage to STOPPED, currentActivity=com.example.dogglers.MainActivity@7eecaad
06-30 16:45:17.215 27856 27856 I MSHandlerLifeCycle: removeMultiSplitHandler: no exist. decor=DecorView@2947bb5[MainActivity]
06-30 16:45:17.216 27856 27856 D LifecycleMonitor: Lifecycle status change: com.example.dogglers.MainActivity@7eecaad in: DESTROYED
06-30 16:45:17.217 27856 27856 V ActivityScenario: Update currentActivityStage to DESTROYED, currentActivity=null
06-30 16:45:17.217 27856 27925 I TestRunner: finished: clicking_vertical_list_button_displays_vertical_list(com.example.dogglers.ButtonTests)
