06-30 16:45:19.439 27856 27856 I ViewRootImpl@3ccc970[MainActivity]: MSG_WINDOW_FOCUS_CHANGED 0 0
06-30 16:45:19.443  1282  1305 I ActivityTaskManager: Displayed com.example.dogglers/androidx.test.core.app.InstrumentationActivityInvoker$EmptyActivity: +58ms
06-30 16:45:19.443  1282  1309 I SemDvfsHyPerManager: acquire hyper - AMS_RESUME_TAIL/1282@20, type = -999
06-30 16:45:19.443  1282  1309 I SemDvfsHyPerManager: acquire hyper - AMS_ACT_LAZY/1282@21, type = -999
06-30 16:45:19.443   795   895 I HYPER-HAL: [RequestManager.cpp]acquire(): Acquired ID : 848273  [1282 / 20]    HINT : AMS_RESUME_TAIL    list :
06-30 16:45:19.443  2894  2894 E pageboostd: Received HALT command code 2
06-30 16:45:19.444   795   895 I HYPER-HAL: [ResourceManager.cpp]updateResource(): [CPUMinFreq] UpdateResource Request ID : 848273    Value : 1844882
06-30 16:45:19.444   795   895 I HYPER-HAL: [ResourceManager.cpp]removeResource(): [CPUMinFreq] RemoveResource Request ID : 845668
06-30 16:45:19.444   795   895 I HYPER-HAL: [RequestManager.cpp]releaseLocked(): Released ID : 845668
06-30 16:45:19.444   873  2450 I SurfaceFlinger: id=9440 createSurf flag=80000, f87698e ActivityRecordInputSink com.example.dogglers/androidx.test.core.app.InstrumentationActivityInvoker$EmptyActivity#9440
06-30 16:45:19.445   873   873 I Layer   : Layer [com.example.dogglers/androidx.test.core.app.InstrumentationActivityInvoker$EmptyActivity$_27856#9437] hidden!! flag(0)
06-30 16:45:19.445   873   873 I Layer   : Layer [com.example.dogglers/com.example.dogglers.MainActivity$_27856#9430] hidden!! flag(1)
06-30 16:45:19.446  1282  1869 D InputDispatcher: Focus entered window (0): c996b16 com.example.dogglers/androidx.test.core.app.InstrumentationActivityInvoker$EmptyActivity
06-30 16:45:19.448   873   873 D SurfaceFlinger: Display 4633128672291735937 HWC layers:
06-30 16:45:19.448   873   873 D SurfaceFlinger:      DEVICE | 0x718d85e570 | 0102 | RGBA_8888    |    0.0    0.0 1080.0 2400.0 |    0    0 1080 2400 | com.example.dogglers/androidx.test.c[...]ityInvoker$EmptyActivity$_27856#9437
06-30 16:45:19.448   873   873 D SurfaceFlinger:      DEVICE | 0x718d8724f0 | 0100 | RGBA_8888    |    0.0    0.0 1080.0   78.0 |    0    0 1080   78 | StatusBar$_1751#88
06-30 16:45:19.448   873   873 D SurfaceFlinger:      DEVICE | 0x718d8202f0 | 0100 | RGBA_8888    |    0.0    0.0   67.0  493.0 |    0 1188   67 1681 | com.samsung.android.app.cocktailbars[...]ervice.CocktailBarService$_4690#9140
06-30 16:45:19.448   873   873 D SurfaceFlinger:      DEVICE | 0x718d862350 | 0100 | RGBA_8888    |    0.0    0.0  388.0   48.0 |  692 2352 1080 2400 | SGestureOverlayWindow$_2243#9132
06-30 16:45:19.448   873   873 D SurfaceFlinger:      DEVICE | 0x718d856650 | 0100 | RGBA_8888    |    0.0    0.0 1080.0  126.0 |    0 2274 1080 2400 | NavigationBar0$_1751#83
06-30 16:45:19.448   873   873 D SurfaceFlinger:
06-30 16:45:19.450   873   909 I SurfaceFlinger: id=9432 Removed Surface(name=37aeaf NavigationBar0)/@0x2817b20 - animation-leash of insets_animation#9432 (123)
06-30 16:45:19.450   873   909 I SurfaceFlinger: id=9431 Removed Surface(name=1c611dd StatusBar)/@0xee99fdd - animation-leash of insets_animation#9431 (123)
06-30 16:45:19.450 27856 27856 I ViewRootImpl@3ccc970[MainActivity]: handleAppVisibility mAppVisible = true visible = false
06-30 16:45:19.451 27856 27856 I ViewRootImpl@3ccc970[MainActivity]: stopped(true) old = false
06-30 16:45:19.451 27856 27856 I ViewRootImpl@3ccc970[MainActivity]: WindowStopped on com.example.dogglers/com.example.dogglers.MainActivity set to true
06-30 16:45:19.452 27856 27856 D LifecycleMonitor: Lifecycle status change: com.example.dogglers.MainActivity@d7e6298 in: STOPPED
06-30 16:45:19.452 27856 27856 V ActivityScenario: Update currentActivityStage to STOPPED, currentActivity=com.example.dogglers.MainActivity@d7e6298
06-30 16:45:19.452 27856 27856 I MSHandlerLifeCycle: removeMultiSplitHandler: no exist. decor=DecorView@ec4d040[MainActivity]
06-30 16:45:19.453 27856 27856 D LifecycleMonitor: Lifecycle status change: com.example.dogglers.MainActivity@d7e6298 in: DESTROYED
06-30 16:45:19.453 27856 27856 V ActivityScenario: Update currentActivityStage to DESTROYED, currentActivity=null
06-30 16:45:19.453   873   873 I Layer   : id=9432 Destroyed Surface(name=37aeaf NavigationBar0)/@0x2817b20 - animation-leash of insets_animation#9432
06-30 16:45:19.453   873   873 I Layer   : id=9431 Destroyed Surface(name=1c611dd StatusBar)/@0xee99fdd - animation-leash of insets_animation#9431
06-30 16:45:19.454 27856 27856 I MSHandlerLifeCycle: removeMultiSplitHandler: no exist. decor=DecorView@ec4d040[MainActivity]
06-30 16:45:19.454 27856 27962 D OpenGLRenderer: setSurface called with nullptr
06-30 16:45:19.454 27856 27962 D OpenGLRenderer: setSurface() destroyed EGLSurface
06-30 16:45:19.454 27856 27962 D OpenGLRenderer: destroyEglSurface
06-30 16:45:19.455 27856 27856 I ViewRootImpl@3ccc970[MainActivity]: dispatchDetachedFromWindow
06-30 16:45:19.455  1282  1869 D InputTransport: Input channel destroyed: '7f5c5ee', fd=1016
06-30 16:45:19.456  1282  1869 W InputManager-JNI: Input channel object '7f5c5ee com.example.dogglers/com.example.dogglers.MainActivity (client)' was disposed without first being removed with the input manager!
06-30 16:45:19.456  1282  1869 D InputTransport: Input channel destroyed: '7f5c5ee', fd=1040
06-30 16:45:19.457   873  2450 I SurfaceFlinger: id=9441 createSurf flag=24004, Surface(name=ee45561 InputMethod)/@0x4417547 - animation-leash of insets_animation#9441
06-30 16:45:19.459 27856 27856 D InputTransport: Input channel destroyed: '7f5c5ee', fd=108
06-30 16:45:19.460 27856 27856 I ViewRootImpl@be83bc9[InstrumentationActivityInvoker$EmptyActivity]: MSG_WINDOW_FOCUS_CHANGED 1 0
06-30 16:45:19.460   873  2742 I SurfaceFlinger: id=9398 Removed Surface(name=ee45561 InputMethod)/@0x4417547 - animation-leash of insets_animation#9398 (122)
06-30 16:45:19.460 27856 27856 I ViewRootImpl@be83bc9[InstrumentationActivityInvoker$EmptyActivity]: mThreadedRenderer.initializeIfNeeded()#2 mSurface={isValid=true 0x7ce97c8520}
06-30 16:45:19.460 27856 27856 D InputMethodManager: startInputInner - Id : 0
06-30 16:45:19.460  6001  6001 I InputMethodService: removeImeSurface
06-30 16:45:19.460 27856 27856 I InputMethodManager: startInputInner - mService.startInputOrWindowGainedFocus
06-30 16:45:19.460   873  2450 I SurfaceFlinger: id=9422 Removed 595a1bf ActivityRecordInputSink com.example.dogglers/.MainActivity#9422 (122)
06-30 16:45:19.461  6001  6001 I MSHandlerLifeCycle: check: return. pkg=com.samsung.android.honeyboard isActivity=false callers=com.android.internal.policy.DecorView.setVisibility:4416 android.app.Dialog.hide:767 android.inputmethodservice.InputMethodService.removeImeSurface:1290 android.inputmethodservice.InputMethodService.scheduleImeSurfaceRemoval:1279 android.inputmethodservice.InputMethodService.-$$Nest$mscheduleImeSurfaceRemoval:0
06-30 16:45:19.461  6001  6001 I MSHandlerLifeCycle: removeMultiSplitHandler: no exist. decor=DecorView@cd7d792[InputMethod]
06-30 16:45:19.461  1282  1869 D InputMethodManagerService: DESKTOP MODE! : 2
06-30 16:45:19.461  1282  1869 D InputMethodManagerService: NOT IN KNOX DESKTOP MODE!
06-30 16:45:19.461  1282  1869 V InputMethodManagerService: getDisplayIdOfInputMethodWindowToBeAdded: displayId=0
06-30 16:45:19.461  1282  1869 D InputMethodManagerService: isImeSwitcherDisabledPackage : false
06-30 16:45:19.462   873   873 I Layer   : id=9430 removeFromCurrentState com.example.dogglers/com.example.dogglers.MainActivity$_27856#9430 (122)
06-30 16:45:19.462   873   873 I Layer   : id=9423 removeFromCurrentState 7f5c5ee com.example.dogglers/com.example.dogglers.MainActivity#9423 (122)
06-30 16:45:19.462   873   873 I Layer   : id=9434 removeFromCurrentState Surface(name=ee45561 InputMethod)/@0x4417547 - animation-leash of insets_animation#9434 (122)
06-30 16:45:19.462   873   873 I SurfaceFlinger: id=9423 Removed 7f5c5ee com.example.dogglers/com.example.dogglers.MainActivity#9423 (122)
06-30 16:45:19.462   873   873 I SurfaceFlinger: id=9434 Removed Surface(name=ee45561 InputMethod)/@0x4417547 - animation-leash of insets_animation#9434 (122)
06-30 16:45:19.462   873   873 I SurfaceFlinger: id=9430 Removed com.example.dogglers/com.example.dogglers.MainActivity$_27856#9430 (122)
06-30 16:45:19.462  1282  1869 D InputMethodManagerService: checkDisplayOfStartInputAndUpdateKeyboard: displayId=0, mFocusedDisplayId=0
06-30 16:45:19.462   873   873 I Layer   : id=9398 Destroyed Surface(name=ee45561 InputMethod)/@0x4417547 - animation-leash of insets_animation#9398
06-30 16:45:19.462  1282  1869 D InputTransport: Input channel constructed: 'ClientS', fd=1014
06-30 16:45:19.462  1282  1869 D InputTransport: Input channel destroyed: 'ClientS', fd=1014
06-30 16:45:19.462   873   873 I Layer   : id=9423 Destroyed 7f5c5ee com.example.dogglers/com.example.dogglers.MainActivity#9423
06-30 16:45:19.463  6001  6001 I HBD     : HoneyBoardService onFinishInput
06-30 16:45:19.464  6001  6001 I HBD     : a IC have been unbinding,  RemoteInputConnection{idHash=#ebdeb53}
06-30 16:45:19.464  6001  6001 I HBD     : HoneyBoardService [PF_CL][onFinishInput]  1 ms
06-30 16:45:19.464   873   873 I Layer   : id=9430 Destroyed com.example.dogglers/com.example.dogglers.MainActivity$_27856#9430
06-30 16:45:19.464  6001  6001 I HBD     : HoneyBoardService [IMI] onStartInput - caller pid : 27856 , caller uid : 10286
06-30 16:45:19.464  6001  6001 I HBD     : j updateConfigs
06-30 16:45:19.464  6001  6001 I HBD     : j isEnabledNightMode : true
06-30 16:45:19.464   873   873 I Layer   : id=9434 Destroyed Surface(name=ee45561 InputMethod)/@0x4417547 - animation-leash of insets_animation#9434
06-30 16:45:19.464  6001  6001 I HBD     : a IC have been binding, RemoteInputConnection{idHash=#ebdeb53}
06-30 16:45:19.464  6001  6001 I HBD     : h [EditorInputType]setPrivateImeOptionsToTable privateImeOptions ( null )
06-30 16:45:19.464  6001  6001 I HBD     : b incognitoMode : false
06-30 16:45:19.464  6001  6001 I HBD     : a needOff = true , isForceOff = false, isNullInputClass : true
06-30 16:45:19.464   782   972 D gralloc : [mali_gralloc_allocate] begin
06-30 16:45:19.464   782   972 D gralloc : buffer_descriptor: wh(1080 2400) usage_pc(0xb66 0xb06) hal_format(0x1) layer_count(1) sizes(0 0 0) strde(0) byte_stride(0) alloc_wh(0 0) internal_format(0x0) alloc_format(0x0) fd_count(1) plane_count(0)
06-30 16:45:19.464  6001  6001 I HBD     : h getDefaultInputRange : UNKNOWN
06-30 16:45:19.464   782   972 D gralloc : [mali_gralloc_allocate] allocation successful
06-30 16:45:19.464  6001  6001 I HBD     : h getDefaultInputRange : UNKNOWN
06-30 16:45:19.464  6001  6001 I HBD     : h getDefaultInputRange : UNKNOWN
06-30 16:45:19.466   873   873 I Layer   : id=9442 Destroyed Screenshot Parent#9442
06-30 16:45:19.467  6001  6001 I HBD     : a needOff = true , isForceOff = false, isNullInputClass : true
06-30 16:45:19.467  6001  6001 I HBD     : a update cached prediction status : false
06-30 16:45:19.467  6001  6001 I HBD     : h getDefaultInputRange : UNKNOWN
06-30 16:45:19.467  6001  6001 I HBD     : a currentState : 0
06-30 16:45:19.467  6001  6001 I HBD     : a [UpdatePolicy] [post] a: 0 cl: 4325376 kit: [0/0] vt: 0 ir: 1
06-30 16:45:19.467  6001  6001 I HBD     : a [NRIC] resetNoResponseState
06-30 16:45:19.467  6001  6001 I HBD     : a needOff = true , isForceOff = false, isNullInputClass : true
06-30 16:45:19.467  6001  6001 I HBD     : a update cached prediction status : false
06-30 16:45:19.470   873   873 I Layer   : id=9415 removeFromCurrentState ActivityRecord{b8408c u0 com.example.dogglers/.MainActivity} t306}#9415 (118)
06-30 16:45:19.470  6001  6001 I HBD     : HoneyBoardService [PF_OP][onStartInput]  6 ms
06-30 16:45:19.470   873   873 I Layer   : id=9422 removeFromCurrentState 595a1bf ActivityRecordInputSink com.example.dogglers/.MainActivity#9422 (118)
06-30 16:45:19.470   873   873 I SurfaceFlinger: id=9415 Removed ActivityRecord{b8408c u0 com.example.dogglers/.MainActivity} t306}#9415 (118)
06-30 16:45:19.470   873   873 I Layer   : id=9415 Destroyed ActivityRecord{b8408c u0 com.example.dogglers/.MainActivity} t306}#9415
06-30 16:45:19.470   873   873 I Layer   : id=9422 Destroyed 595a1bf ActivityRecordInputSink com.example.dogglers/.MainActivity#9422
06-30 16:45:19.472   873  2450 I SurfaceFlinger: id=9443 createSurf flag=24004, Surface(name=ee45561 InputMethod)/@0x4417547 - animation-leash of insets_animation#9443
06-30 16:45:19.475  2243  2243 I TopTaskTracker: onTaskMovedToFront : taskId = 300
06-30 16:45:19.478 27856 27856 D LifecycleMonitor: Lifecycle status change: androidx.test.core.app.InstrumentationActivityInvoker$EmptyActivity@63e6c1b in: PAUSED
06-30 16:45:19.478   873   873 I Layer   : id=9441 removeFromCurrentState Surface(name=ee45561 InputMethod)/@0x4417547 - animation-leash of insets_animation#9441 (117)
06-30 16:45:19.478 27856 27856 V ActivityScenario: Activity lifecycle changed event received but ignored because the intent does not match. startActivityIntent=Intent { act=android.intent.action.MAIN cat=[android.intent.category.LAUNCHER] flg=0x10008000 cmp=com.example.dogglers/.MainActivity }, activity.getIntent()=Intent { act=android.intent.action.MAIN cat=[android.intent.category.LAUNCHER] flg=0x10000000 cmp=com.example.dogglers/androidx.test.core.app.InstrumentationActivityInvoker$EmptyActivity }, activity=androidx.test.core.app.InstrumentationActivityInvoker$EmptyActivity@63e6c1b
06-30 16:45:19.481  1282  4350 D InputDispatcher: Focus left window (0): c996b16 com.example.dogglers/androidx.test.core.app.InstrumentationActivityInvoker$EmptyActivity
06-30 16:45:19.481  1282  4440 I SemDvfsHyPerManager: acquire hyper - AMS_ACT_RESUME/1282@32, type = -999
06-30 16:45:19.481   795   895 I HYPER-HAL: [RequestManager.cpp]acquire(): Acquired ID : 863987  [1282 / 32]    HINT : AMS_ACT_RESUME    list :
06-30 16:45:19.482   795   895 I HYPER-HAL: [ResourceManager.cpp]updateResource(): [CPUMinFreq] UpdateResource Request ID : 863987    Value : 1687587
06-30 16:45:19.485  1282  4440 D InputDispatcher: Focused application(0): ActivityRecord{a49baf7 u0 com.whatsapp/.Conversation} t300}
06-30 16:45:19.489 31662 31662 I ViewRootImpl@ffcf06a[Conversation]: handleAppVisibility mAppVisible = false visible = true
06-30 16:45:19.495 31662 31662 I ViewRootImpl@ffcf06a[Conversation]: stopped(false) old = true
06-30 16:45:19.495 31662 31662 I ViewRootImpl@ffcf06a[Conversation]: WindowStopped on com.whatsapp/com.whatsapp.Conversation set to false
06-30 16:45:19.499  1282  1327 W libprocessgroup: Failed to open /dev/blkio//cgroup.procs: No such file or directory
06-30 16:45:19.499 27856 27856 I ViewRootImpl@be83bc9[InstrumentationActivityInvoker$EmptyActivity]: MSG_WINDOW_FOCUS_CHANGED 0 0
06-30 16:45:19.500 27856 27925 I TestRunner: finished: vertical_list_button_is_displayed(com.example.dogglers.ButtonTests)
