06-30 16:45:12.720 27856 27925 I TestRunner: started: clicking_horizontal_list_button_displays_horizontal_list(com.example.dogglers.ButtonTests)
06-30 16:45:12.721 27856 27856 D InputTransport: Input channel destroyed: 'bd73d1 ', fd=125
06-30 16:45:12.724   873   873 I Layer   : id=9164 removeFromCurrentState com.example.dogglers/androidx.test.core.app.InstrumentationActivityInvoker$EmptyActivity$_27856#9164 (119)
06-30 16:45:12.724   873   873 I Layer   : id=9163 removeFromCurrentState bd73d1 com.example.dogglers/androidx.test.core.app.InstrumentationActivityInvoker$EmptyActivity#9163 (119)
06-30 16:45:12.724   873   873 I SurfaceFlinger: id=9164 Removed com.example.dogglers/androidx.test.core.app.InstrumentationActivityInvoker$EmptyActivity$_27856#9164 (119)
06-30 16:45:12.724   873   873 I SurfaceFlinger: id=9163 Removed bd73d1 com.example.dogglers/androidx.test.core.app.InstrumentationActivityInvoker$EmptyActivity#9163 (119)
06-30 16:45:12.724   873   873 I Layer   : id=9163 Destroyed bd73d1 com.example.dogglers/androidx.test.core.app.InstrumentationActivityInvoker$EmptyActivity#9163
06-30 16:45:12.724   873   873 I Layer   : id=9164 Destroyed com.example.dogglers/androidx.test.core.app.InstrumentationActivityInvoker$EmptyActivity$_27856#9164
06-30 16:45:12.726   873   908 I SurfaceFlinger: id=9167 Removed 8259644 ActivityRecordInputSink com.example.dogglers/androidx.test.core.app.InstrumentationActivityInvoker$EmptyActivity#9167 (117)
06-30 16:45:12.727   873   909 I SurfaceFlinger: id=9183 createSurf flag=24004, Task=301#9183
06-30 16:45:12.732   873   873 I Layer   : id=9162 removeFromCurrentState ActivityRecord{861e32d u0 com.example.dogglers/androidx.test.core.app.InstrumentationActivityInvoker$EmptyActivity} t301}#9162 (118)
06-30 16:45:12.732   873   873 I Layer   : id=9167 removeFromCurrentState 8259644 ActivityRecordInputSink com.example.dogglers/androidx.test.core.app.InstrumentationActivityInvoker$EmptyActivity#9167 (118)
06-30 16:45:12.732   873   873 I Layer   : id=9141 removeFromCurrentState Task=301#9141 (118)
06-30 16:45:12.732   873   873 I Layer   : id=9183 removeFromCurrentState Task=301#9183 (118)
06-30 16:45:12.732   873   873 I SurfaceFlinger: id=9162 Removed ActivityRecord{861e32d u0 com.example.dogglers/androidx.test.core.app.InstrumentationActivityInvoker$EmptyActivity} t301}#9162 (118)
06-30 16:45:12.732   873   873 I SurfaceFlinger: id=9183 Removed Task=301#9183 (118)
06-30 16:45:12.732   873   873 I Layer   : id=9183 Destroyed Task=301#9183
06-30 16:45:12.732   873   873 I Layer   : id=9162 Destroyed ActivityRecord{861e32d u0 com.example.dogglers/androidx.test.core.app.InstrumentationActivityInvoker$EmptyActivity} t301}#9162
06-30 16:45:12.732   873   873 I Layer   : id=9167 Destroyed 8259644 ActivityRecordInputSink com.example.dogglers/androidx.test.core.app.InstrumentationActivityInvoker$EmptyActivity#9167
06-30 16:45:12.733  2243  2243 I RecentsView: onTaskRemoved() taskId : 301
06-30 16:45:12.734  2243  2243 I TopTaskTracker: onTaskRemoved : taskId = 301
06-30 16:45:12.734  2243  2243 I RecentsView: onTaskRemoved() taskId : 301
06-30 16:45:12.734  2243  2243 I TopTaskTracker: onTaskRemoved : taskId = 301
06-30 16:45:12.748 27856 27925 W Settings: Setting always_finish_activities has moved from android.provider.Settings.System to android.provider.Settings.Global, returning read-only value.
06-30 16:45:12.752  1282  1308 I ChimeraSystemEventListener: appLaunchIntent package name is: com.example.dogglers
06-30 16:45:12.754  1282  2478 I SemDvfsHyPerManager: acquire hyper - AMS_APP_SWITCH/1282@26, type = -999
06-30 16:45:12.754   873   909 I SurfaceFlinger: id=9184 createSurf flag=24004, Task=302#9184
06-30 16:45:12.756   795   895 I HYPER-HAL: [RequestManager.cpp]acquire(): Acquired ID : 856112  [1282 / 26]    HINT : AMS_APP_SWITCH    list :
06-30 16:45:12.756   873   908 I SurfaceFlinger: id=9185 createSurf flag=80004, ActivityRecord{5567583 u0 com.example.dogglers/.MainActivity} t302}#9185
06-30 16:45:12.758   795   895 I HYPER-HAL: [ResourceManager.cpp]updateResource(): [CPUMinFreq] UpdateResource Request ID : 856112    Value : 2623359
06-30 16:45:12.762  1282  2386 I SemDvfsHyPerManager: acquire hyper - AMS_APP_LAUNCH/1282@19, type = -999
06-30 16:45:12.763  4448  4448 I SemDvfsHyPerManager: acquire hyper - APP_START/4448@14, type = -999
06-30 16:45:12.764  1751  1828 D NativeCustomFrequencyManager: [NativeCFMS] BpCustomFrequencyManager::BpCustomFrequencyManager()
06-30 16:45:12.765  2894  2894 E pageboostd: Received HALT command code 2
06-30 16:45:12.766  1282  1327 W libprocessgroup: Failed to open /dev/blkio//cgroup.procs: No such file or directory
06-30 16:45:12.767  1282  2386 I SemDvfsHyPerManager: acquire hyper - AMS_ACT_RESUME/1282@32, type = -999
06-30 16:45:12.768  1004  4002 I CameraService: onUidStateChanged: uid=10054, procState is changed. (0 -> 1)
06-30 16:45:12.770   795   895 I HYPER-HAL: [RequestManager.cpp]acquire(): Acquired ID : 846970  [1282 / 19]    HINT : AMS_APP_LAUNCH    list :
06-30 16:45:12.771  1282  2386 D InputDispatcher: Focused application(0): ActivityRecord{5567583 u0 com.example.dogglers/.MainActivity} t302}
06-30 16:45:12.771   795   895 I HYPER-HAL: [ResourceManager.cpp]updateResource(): [CPUMinFreq] UpdateResource Request ID : 846970    Value : 2623359
06-30 16:45:12.771   795   895 I HYPER-HAL: [RequestManager.cpp]acquire(): Acquired ID : 9956967  [4448 / 14]    HINT : APP_START    list :
06-30 16:45:12.771   795   895 I HYPER-HAL: [ResourceManager.cpp]updateResource(): [CPUMaxFreq] UpdateResource Request ID : 9956967    Value : 2730000
06-30 16:45:12.771   795   895 I HYPER-HAL: [RequestManager.cpp]acquire(): Acquired ID : 863987  [1282 / 32]    HINT : AMS_ACT_RESUME    list :
06-30 16:45:12.772   795   895 I HYPER-HAL: [ResourceManager.cpp]updateResource(): [CPUMinFreq] UpdateResource Request ID : 863987    Value : 1687587
06-30 16:45:12.774   873   873 I SurfaceFlinger: [b38452c com.whatsapp/com.whatsapp.Conversation#9067] FrameRatePriority: -1
06-30 16:45:12.774  4448  4448 I SemDvfsHyPerManager: acquire hyper - APP_START_SHORT/4448@12, type = -999
06-30 16:45:12.776  1282  4455 D InputTransport: Input channel constructed: '2997471', fd=1078
06-30 16:45:12.776  1282  4455 D InputTransport: Input channel constructed: '2997471', fd=1111
06-30 16:45:12.776  1282  4455 D InputTransport: Input channel constructed: '2997471', fd=1119
06-30 16:45:12.776   873  2742 I SurfaceFlinger: id=9186 createSurf flag=80004, 2997471 Splash Screen com.example.dogglers#9186
06-30 16:45:12.777  1282  4455 D InputTransport: Input channel destroyed: '2997471', fd=1119
06-30 16:45:12.778   795   895 I HYPER-HAL: [RequestManager.cpp]acquire(): Acquired ID : 9948042  [4448 / 12]    HINT : APP_START    list : [TIMEOUT / 1500]
06-30 16:45:12.778   795   895 I HYPER-HAL: [ResourceManager.cpp]updateResource(): [CPUMaxFreq] UpdateResource Request ID : 9948042    Value : 2730000
06-30 16:45:12.779 27856 27856 D LifecycleMonitor: Lifecycle status change: com.example.dogglers.MainActivity@fae018 in: PRE_ON_CREATE
06-30 16:45:12.779 27856 27856 V ActivityScenario: Activity lifecycle changed event received but ignored because the reported transition was not ON_CREATE while the last known transition was PRE_ON_CREATE
06-30 16:45:12.779  1751  1817 D InsetsController: onStateChanged: InsetsState: {mDisplayFrame=Rect(0, 0 - 1080, 2400), mDisplayCutout=DisplayCutout{insets=Rect(0, 78 - 0, 0) waterfall=Insets{left=0, top=0, right=0, bottom=0} boundingRect={Bounds=[Rect(0, 0 - 0, 0), Rect(690, 0 - 750, 78), Rect(0, 0 - 0, 0), Rect(0, 0 - 0, 0)]} cutoutPathParserInfo={CutoutPathParserInfo{displayWidth=1080 displayHeight=2400 physicalDisplayWidth=1440 physicalDisplayHeight=3200 density={3.0} cutoutSpec={M 0,0 H -10 V 26 H 10 V 0 H 0 Z @dp} rotation={0} scale={1.0} physicalPixelDisplaySizeRatio={1.0}}}}, mRoundedCorners=RoundedCorners{[RoundedCorner{position=TopLeft, radius=63, center=Point(63, 63)}, RoundedCorner{position=TopRight, radius=63, center=Point(1017, 63)}, RoundedCorner{position=BottomRight, radius=63, center=Point(1017, 2337)}, RoundedCorner{position=BottomLeft, radius=63, center=Point(63, 2337)}]}  mRoundedCornerFrame=Rect(0, 0 - 1080, 2400), mPrivacyIndicatorBounds=PrivacyIndicatorBounds {static bounds=Rect(964, 0 - 1080, 78) rotation=0}, mSources= { InsetsSource: {mType=ITYPE_STATUS_BAR, mFrame=[0,0][1080,78], mVisible=true, mInsetsRoundedCornerFrame=false}, InsetsSource: {mType=ITYPE_NAVIGATION_BAR, mFrame=[0,2400][1080,2400], mVisible=true, mInsetsRoundedCornerFrame=false}, InsetsSource: {mType=ITYPE_LEFT_GESTURES, mFrame=[0,0][0,2400], mVisible=true, mInsetsRoundedCornerFrame=false}, InsetsSource: {mType=ITYPE_RIGHT_GESTURES, mFrame=[1080,0][1080,2400], mVisible=true, mInsetsRoundedCornerFrame=false}, InsetsSource: {mType=ITYPE_TOP_MANDATORY_GESTURES, mFrame=[0,0][1080,110], mVisible=true, mInsetsRoundedCornerFrame=false}, InsetsSource: {mType=ITYPE_BOTTOM_MANDATORY_GESTURES, mFrame=[0,2348][1080,2400], mVisible=true, mInsetsRoundedCornerFrame=false}, InsetsSource: {mType=ITYPE_LEFT_DISPLAY_CUTOUT, mFrame=[0,0][-100000,2400], mVisible=true, mInsetsRoundedCornerFrame=false}, InsetsSource: {mType=ITYPE_TOP_DISPLAY_CUTOUT, mFrame=[0,0][1080,78], mVisible=true, mInsetsRoundedCornerFrame=false}, InsetsSource: {mType=ITYPE_RIGHT_DISPLAY_CUTOUT, mFrame=[100000,0][1080,2400], mVisible=true, mInsetsRoundedCornerFrame=false}, InsetsSource: {mType=ITYPE_BOTTOM_DISPLAY_CUTOUT, mFrame=[0,100000][1080,2400], mVisible=true, mInsetsRoundedCornerFrame=false}, InsetsSource: {mType=ITYPE_TOP_TAPPABLE_ELEMENT, mFrame=[0,0][1080,78], mVisible=true, mInsetsRoundedCornerFrame=false}, InsetsSource: {mType=ITYPE_BOTTOM_TAPPABLE_ELEMENT, mFrame=[0,0][0,0], mVisible=true, mInsetsRoundedCornerFrame=false}, InsetsSource: {mType=ITYPE_IME, mFrame=[0,0][0,0], mVisibleFrame=[0,1478][1080,2400], mVisible=false, mInsetsRoundedCornerFrame=false} } host=Splash Screen com.example.dogglers from=android.view.ViewRootImpl.setView:1732
06-30 16:45:12.781  1282  1327 W libprocessgroup: Failed to open /dev/blkio//cgroup.procs: No such file or directory
06-30 16:45:12.784  2243  2243 I TopTaskTracker: onTaskMovedToFront : taskId = 302
06-30 16:45:12.786  1751  1817 I ViewRootImpl@22436d3[dogglers]: setView = android.widget.FrameLayout@4f16d2f TM=true
06-30 16:45:12.788  1282  1666 D TrafficStats: tagSocket(920) with statsTag=0xffffffff, statsUid=-1
06-30 16:45:12.788  1751  1817 I ViewRootImpl@22436d3[dogglers]: performTraversals params={(0,0)(fillxfill) sim={adjust=pan} ty=APPLICATION_STARTING fmt=TRANSLUCENT wanim=0x1030309
06-30 16:45:12.788  1751  1817 I ViewRootImpl@22436d3[dogglers]:   fl=81030118
06-30 16:45:12.788  1751  1817 I ViewRootImpl@22436d3[dogglers]:   pfl=16000010
06-30 16:45:12.788  1751  1817 I ViewRootImpl@22436d3[dogglers]:   bhv=DEFAULT
06-30 16:45:12.788  1751  1817 I ViewRootImpl@22436d3[dogglers]:   fitSides= naviIconColor=0}
06-30 16:45:12.789  1282  1308 I SemPersonaManager: SecureFolder personaId = 150
06-30 16:45:12.789  1751  1817 I ViewRootImpl@22436d3[dogglers]: performTraversals mFirst=true windowShouldResize=true viewVisibilityChanged=false mForceNextWindowRelayout=false params={(0,0)(fillxfill) sim={adjust=pan} ty=APPLICATION_STARTING fmt=TRANSLUCENT wanim=0x1030309
06-30 16:45:12.789  1751  1817 I ViewRootImpl@22436d3[dogglers]:   fl=81030118
06-30 16:45:12.789  1751  1817 I ViewRootImpl@22436d3[dogglers]:   pfl=16000010
06-30 16:45:12.789  1751  1817 I ViewRootImpl@22436d3[dogglers]:   bhv=DEFAULT
06-30 16:45:12.789  1751  1817 I ViewRootImpl@22436d3[dogglers]:   fitSides= naviIconColor=0}
06-30 16:45:12.789  1282  2386 V WindowManager: Relayout Window{2997471 u0 Splash Screen com.example.dogglers}: viewVisibility=0 req=1080x2400 d0
06-30 16:45:12.790   873  2742 I SurfaceFlinger: id=9187 createSurf flag=40004, Splash Screen com.example.dogglers$_1751#9187
06-30 16:45:12.790   873   873 D SurfaceFlinger: [input] inputWindowCommands.focusRequests size is 1
06-30 16:45:12.792   873   984 D SurfaceFlinger: [input] setFocusedWindow: <null>
06-30 16:45:12.792  1282  1547 D InputDispatcher: Focus request (0): <null> but waiting because NOT_FOCUSABLE
06-30 16:45:12.792  1282  1547 D InputDispatcher: Focus left window (0): b38452c com.whatsapp/com.whatsapp.Conversation
06-30 16:45:12.792 31662 31662 I ViewRootImpl@ffcf06a[Conversation]: MSG_WINDOW_FOCUS_CHANGED 0 0
06-30 16:45:12.797  1282  1308 D EnterpriseDeviceManagerService: isMdmAdminPresentInternal() : MDM Admin Found - com.samsung.knox.securefolder
06-30 16:45:12.804  1282  2386 V WindowManager: Relayout hash=2997471, pid=1751, syncId=-1: mAttrs={(0,0)(fillxfill) sim={adjust=pan} ty=APPLICATION_STARTING fmt=TRANSLUCENT wanim=0x1030309
06-30 16:45:12.804  1282  2386 V WindowManager:   fl=81030118
06-30 16:45:12.804  1282  2386 V WindowManager:   pfl=16000010
06-30 16:45:12.804  1282  2386 V WindowManager:   bhv=DEFAULT
06-30 16:45:12.804  1282  2386 V WindowManager:   fitSides= naviIconColor=0}
06-30 16:45:12.805  1751  1817 I ViewRootImpl@22436d3[dogglers]: updateBlastSurfaceIfNeeded mBlastBufferQueue=null isSameSurfaceControl=false
06-30 16:45:12.805  1282  2881 I MediaSessionMonitor: Media session stopped : controllerList empty
06-30 16:45:12.806  1751  1817 I BLASTBufferQueue: new BLASTBufferQueue, mName= ViewRootImpl@22436d3[dogglers] mNativeObject= 0x7c598ac710 sc.mNativeObject= 0x7be9927180 caller= android.view.ViewRootImpl.updateBlastSurfaceIfNeeded:2909 android.view.ViewRootImpl.relayoutWindow:9847 android.view.ViewRootImpl.performTraversals:3884 android.view.ViewRootImpl.doTraversal:3116 android.view.ViewRootImpl$TraversalRunnable.run:10885 android.view.Choreographer$CallbackRecord.run:1301 android.view.Choreographer$CallbackRecord.run:1309 android.view.Choreographer.doCallbacks:923 android.view.Choreographer.doFrame:852 android.view.Choreographer$FrameDisplayEventReceiver.run:1283
06-30 16:45:12.806  1751  1817 I BLASTBufferQueue: update, w= 1080 h= 2400 mName = ViewRootImpl@22436d3[dogglers] mNativeObject= 0x7c598ac710 sc.mNativeObject= 0x7be9927180 format= -3 caller= android.graphics.BLASTBufferQueue.<init>:84 android.view.ViewRootImpl.updateBlastSurfaceIfNeeded:2909 android.view.ViewRootImpl.relayoutWindow:9847 android.view.ViewRootImpl.performTraversals:3884 android.view.ViewRootImpl.doTraversal:3116 android.view.ViewRootImpl$TraversalRunnable.run:10885
06-30 16:45:12.806  1751  1817 I ViewRootImpl@22436d3[dogglers]: Relayout returned: old=(0,0,1080,2400) new=(0,0,1080,2400) req=(1080,2400)0 dur=16 res=0x3 s={true 0x7ce9a58060} ch=true seqId=0
06-30 16:45:12.807  1751  1828 D OpenGLRenderer: eglCreateWindowSurface
06-30 16:45:12.807  1751  1817 I ViewRootImpl@22436d3[dogglers]: mThreadedRenderer.initialize() mSurface={isValid=true 0x7ce9a58060} hwInitialized=true
06-30 16:45:12.808   782   782 D gralloc : [mali_gralloc_allocate] begin
06-30 16:45:12.808   782   782 D gralloc : buffer_descriptor: wh(1080 2400) usage_pc(0x40000000000b00 0x40000000000b00) hal_format(0x1) layer_count(1) sizes(0 0 0) strde(0) byte_stride(0) alloc_wh(0 0) internal_format(0x0) alloc_format(0x0) fd_count(1) plane_count(0)
06-30 16:45:12.809  4690  4690 I ActivityUtils: HomePackage : com.sec.android.app.launcher, resumePackageName : com.example.dogglers
06-30 16:45:12.809  1751  1817 I ViewRootImpl@22436d3[dogglers]: reportNextDraw android.view.ViewRootImpl.performTraversals:4438 android.view.ViewRootImpl.doTraversal:3116 android.view.ViewRootImpl$TraversalRunnable.run:10885 android.view.Choreographer$CallbackRecord.run:1301 android.view.Choreographer$CallbackRecord.run:1309
06-30 16:45:12.809   782   782 D gralloc : [mali_gralloc_allocate] allocation successful
06-30 16:45:12.809  1751  1817 I ViewRootImpl@22436d3[dogglers]: Setup new sync id=0
06-30 16:45:12.809  1751  1817 I ViewRootImpl@22436d3[dogglers]: Setting syncFrameCallback
06-30 16:45:12.809  1751  1817 I ViewRootImpl@22436d3[dogglers]: registerCallbacksForSync syncBuffer=false
06-30 16:45:12.812 27856 27856 I DecorView: [INFO] isPopOver=false config=true
06-30 16:45:12.812 27856 27856 I DecorView: updateCaptionType: isFloating=false isApplication=true hasWindowDecorCaption=false this=DecorView@a62cc4a[]
06-30 16:45:12.812 27856 27856 D DecorView: setCaptionType = 0, this = DecorView@a62cc4a[]
06-30 16:45:12.812   782   782 D gralloc : [mali_gralloc_allocate] begin
06-30 16:45:12.812   782   782 D gralloc : buffer_descriptor: wh(1080 2400) usage_pc(0x40000000000b00 0x40000000000b00) hal_format(0x1) layer_count(1) sizes(0 0 0) strde(0) byte_stride(0) alloc_wh(0 0) internal_format(0x0) alloc_format(0x0) fd_count(1) plane_count(0)
06-30 16:45:12.812 27856 27856 I DecorView: getCurrentDensityDpi: from real metrics. densityDpi=420 msg=resources_loaded
06-30 16:45:12.813 27856 27856 I DecorView: setWindowBackground: isPopOver=false color=ff121212 d=android.graphics.drawable.ColorDrawable@1a64d8
06-30 16:45:12.812  1282  1327 W libprocessgroup: Failed to open /dev/blkio//cgroup.procs: No such file or directory
06-30 16:45:12.813   782   782 D gralloc : [mali_gralloc_allocate] allocation successful
06-30 16:45:12.813   782   782 D gralloc : [mali_gralloc_allocate] begin
06-30 16:45:12.813   782   782 D gralloc : buffer_descriptor: wh(1080 2400) usage_pc(0x40000000000b00 0x40000000000b00) hal_format(0x1) layer_count(1) sizes(0 0 0) strde(0) byte_stride(0) alloc_wh(0 0) internal_format(0x0) alloc_format(0x0) fd_count(1) plane_count(0)
06-30 16:45:12.814  1751  1854 I ViewRootImpl@22436d3[dogglers]: Received frameDrawingCallback syncResult=0 frameNum=1.
06-30 16:45:12.814  1751  1854 I ViewRootImpl@22436d3[dogglers]: Setting up sync and frameCommitCallback
06-30 16:45:12.814   782   782 D gralloc : [mali_gralloc_allocate] allocation successful
06-30 16:45:12.815   782   782 D gralloc : [mali_gralloc_allocate] begin
06-30 16:45:12.815   782   782 D gralloc : buffer_descriptor: wh(1080 2400) usage_pc(0x40000000000b00 0x40000000000b00) hal_format(0x1) layer_count(1) sizes(0 0 0) strde(0) byte_stride(0) alloc_wh(0 0) internal_format(0x0) alloc_format(0x0) fd_count(1) plane_count(0)
06-30 16:45:12.816  1751  1828 I BLASTBufferQueue: [ViewRootImpl@22436d3[dogglers]#342](f:0,a:0) onFrameAvailable the first frame is available
06-30 16:45:12.816   782   782 D gralloc : [mali_gralloc_allocate] allocation successful
06-30 16:45:12.816  1751  1828 I ViewRootImpl@22436d3[dogglers]: Received frameCommittedCallback lastAttemptedDrawFrameNum=1 didProduceBuffer=true
06-30 16:45:12.817  1751  1828 D OpenGLRenderer: CFMS:: SetUp Pid : 1751    Tid : 1828
06-30 16:45:12.817  1751  1828 W Parcel  : Expecting binder but got null!
06-30 16:45:12.817  1751  1817 I ViewRootImpl@22436d3[dogglers]: onSyncComplete
06-30 16:45:12.817  1751  1817 I ViewRootImpl@22436d3[dogglers]: setupSync seqId=0 mSyncId=0 fn=1 caller=android.view.ViewRootImpl$$ExternalSyntheticLambda11.accept:6 android.window.SurfaceSyncer.lambda$setupSync$1$android-window-SurfaceSyncer:128 android.window.SurfaceSyncer$$ExternalSyntheticLambda1.accept:8 android.window.SurfaceSyncer$SyncSet.checkIfSyncIsComplete:382 android.window.SurfaceSyncer$SyncSet.markSyncReady:359 android.window.SurfaceSyncer.markSyncReady:151 android.view.ViewRootImpl.performTraversals:4503
06-30 16:45:12.817  1751  1817 I ViewRootImpl@22436d3[dogglers]: reportDrawFinished seqId=0 mSyncId=-1 fn=1 mSurfaceChangedTransaction=0x7c199897f0
06-30 16:45:12.818 27856 27856 D LifecycleMonitor: Lifecycle status change: com.example.dogglers.MainActivity@fae018 in: CREATED
06-30 16:45:12.818 27856 27856 V ActivityScenario: Update currentActivityStage to CREATED, currentActivity=com.example.dogglers.MainActivity@fae018
06-30 16:45:12.819 27856 27856 D LifecycleMonitor: Lifecycle status change: com.example.dogglers.MainActivity@fae018 in: STARTED
06-30 16:45:12.819 27856 27856 V ActivityScenario: Update currentActivityStage to STARTED, currentActivity=com.example.dogglers.MainActivity@fae018
06-30 16:45:12.820   873   908 I SurfaceFlinger: id=9188 createSurf flag=24000, Surface(name=Task=300)/@0xec4c80 - animation-leash of app_transition#9188
06-30 16:45:12.820 27856 27856 D LifecycleMonitor: Lifecycle status change: com.example.dogglers.MainActivity@fae018 in: RESUMED
06-30 16:45:12.820 27856 27856 V ActivityScenario: Update currentActivityStage to RESUMED, currentActivity=com.example.dogglers.MainActivity@fae018
06-30 16:45:12.821 27856 27856 I MSHandlerLifeCycle: check: return. pkg=com.example.dogglers parent=null callers=com.android.internal.policy.DecorView.setVisibility:4416 android.app.ActivityThread.handleResumeActivity:5476 android.app.servertransaction.ResumeActivityItem.execute:54 android.app.servertransaction.ActivityTransactionItem.execute:45 android.app.servertransaction.TransactionExecutor.executeLifecycleState:176
06-30 16:45:12.821   873  2742 I SurfaceFlinger: id=9189 createSurf flag=20004, DimAnimationLayer for Task=302#9189
06-30 16:45:12.821 27856 27856 I MSHandlerLifeCycle: removeMultiSplitHandler: no exist. decor=DecorView@a62cc4a[]
06-30 16:45:12.821   873  2450 I SurfaceFlinger: id=9190 createSurf flag=24004, Surface(name=Task=302)/@0xb1dbc78 - animation-leash of app_transition#9190
06-30 16:45:12.822   782   782 D gralloc : [mali_gralloc_allocate] begin
06-30 16:45:12.822   782   782 D gralloc : buffer_descriptor: wh(1080 2400) usage_pc(0xb66 0xb06) hal_format(0x1) layer_count(1) sizes(0 0 0) strde(0) byte_stride(0) alloc_wh(0 0) internal_format(0x0) alloc_format(0x0) fd_count(1) plane_count(0)
06-30 16:45:12.823   782   782 D gralloc : [mali_gralloc_allocate] allocation successful
06-30 16:45:12.823 27856 27962 D NativeCustomFrequencyManager: [NativeCFMS] BpCustomFrequencyManager::BpCustomFrequencyManager()
06-30 16:45:12.823   873   873 I Layer   : id=9191 Destroyed Screenshot Parent#9191
06-30 16:45:12.832   873   908 I SurfaceFlinger: id=9192 createSurf flag=80000, b1e4432 ActivityRecordInputSink com.example.dogglers/.MainActivity#9192
06-30 16:45:12.835  1282  2792 D InputTransport: Input channel constructed: 'd190da7', fd=1121
06-30 16:45:12.835  1282  2792 D InputTransport: Input channel constructed: 'd190da7', fd=1134
06-30 16:45:12.835  1282  2792 D InputTransport: Input channel constructed: 'd190da7', fd=1136
06-30 16:45:12.835   873   908 I SurfaceFlinger: id=9193 createSurf flag=80004, d190da7 com.example.dogglers/com.example.dogglers.MainActivity#9193
06-30 16:45:12.836  1282  2792 D InputTransport: Input channel destroyed: 'd190da7', fd=1136
06-30 16:45:12.837 27856 27856 D InsetsController: onStateChanged: InsetsState: {mDisplayFrame=Rect(0, 0 - 1080, 2400), mDisplayCutout=DisplayCutout{insets=Rect(0, 78 - 0, 0) waterfall=Insets{left=0, top=0, right=0, bottom=0} boundingRect={Bounds=[Rect(0, 0 - 0, 0), Rect(690, 0 - 750, 78), Rect(0, 0 - 0, 0), Rect(0, 0 - 0, 0)]} cutoutPathParserInfo={CutoutPathParserInfo{displayWidth=1080 displayHeight=2400 physicalDisplayWidth=1440 physicalDisplayHeight=3200 density={3.0} cutoutSpec={M 0,0 H -10 V 26 H 10 V 0 H 0 Z @dp} rotation={0} scale={1.0} physicalPixelDisplaySizeRatio={1.0}}}}, mRoundedCorners=RoundedCorners{[RoundedCorner{position=TopLeft, radius=63, center=Point(63, 63)}, RoundedCorner{position=TopRight, radius=63, center=Point(1017, 63)}, RoundedCorner{position=BottomRight, radius=63, center=Point(1017, 2337)}, RoundedCorner{position=BottomLeft, radius=63, center=Point(63, 2337)}]}  mRoundedCornerFrame=Rect(0, 0 - 1080, 2400), mPrivacyIndicatorBounds=PrivacyIndicatorBounds {static bounds=Rect(964, 0 - 1080, 78) rotation=0}, mSources= { InsetsSource: {mType=ITYPE_STATUS_BAR, mFrame=[0,0][1080,78], mVisible=true, mInsetsRoundedCornerFrame=false}, InsetsSource: {mType=ITYPE_NAVIGATION_BAR, mFrame=[0,2400][1080,2400], mVisible=true, mInsetsRoundedCornerFrame=false}, InsetsSource: {mType=ITYPE_LEFT_GESTURES, mFrame=[0,0][0,2400], mVisible=true, mInsetsRoundedCornerFrame=false}, InsetsSource: {mType=ITYPE_RIGHT_GESTURES, mFrame=[1080,0][1080,2400], mVisible=true, mInsetsRoundedCornerFrame=false}, InsetsSource: {mType=ITYPE_TOP_MANDATORY_GESTURES, mFrame=[0,0][1080,110], mVisible=true, mInsetsRoundedCornerFrame=false}, InsetsSource: {mType=ITYPE_BOTTOM_MANDATORY_GESTURES, mFrame=[0,2348][1080,2400], mVisible=true, mInsetsRoundedCornerFrame=false}, InsetsSource: {mType=ITYPE_LEFT_DISPLAY_CUTOUT, mFrame=[0,0][-100000,2400], mVisible=true, mInsetsRoundedCornerFrame=false}, InsetsSource: {mType=ITYPE_TOP_DISPLAY_CUTOUT, mFrame=[0,0][1080,78], mVisible=true, mInsetsRoundedCornerFrame=false}, InsetsSource: {mType=ITYPE_RIGHT_DISPLAY_CUTOUT, mFrame=[100000,0][1080,2400], mVisible=true, mInsetsRoundedCornerFrame=false}, InsetsSource: {mType=ITYPE_BOTTOM_DISPLAY_CUTOUT, mFrame=[0,100000][1080,2400], mVisible=true, mInsetsRoundedCornerFrame=false}, InsetsSource: {mType=ITYPE_TOP_TAPPABLE_ELEMENT, mFrame=[0,0][1080,78], mVisible=true, mInsetsRoundedCornerFrame=false}, InsetsSource: {mType=ITYPE_BOTTOM_TAPPABLE_ELEMENT, mFrame=[0,0][0,0], mVisible=true, mInsetsRoundedCornerFrame=false}, InsetsSource: {mType=ITYPE_IME, mFrame=[0,0][0,0], mVisibleFrame=[0,1478][1080,2400], mVisible=false, mInsetsRoundedCornerFrame=false} } host=com.example.dogglers/com.example.dogglers.MainActivity from=android.view.ViewRootImpl.setView:1732
06-30 16:45:12.838 27856 27856 I ViewRootImpl@b6edbfa[MainActivity]: setView = com.android.internal.policy.DecorView@a62cc4a TM=true
06-30 16:45:12.839 27856 27856 I MSHandlerLifeCycle: removeMultiSplitHandler: no exist. decor=DecorView@a62cc4a[MainActivity]
06-30 16:45:12.839  1282  1399 D AnalyticsContainerHandler: handleMessage : { when=0 what=1 target=com.android.server.knox.KnoxAnalyticsContainer$AnalyticsHandler }
06-30 16:45:12.840   873   873 I Layer   : Layer [Splash Screen com.example.dogglers$_1751#9187] hidden!! flag(0)
06-30 16:45:12.845 27856 27856 I ViewRootImpl@b6edbfa[MainActivity]: performTraversals params={(0,0)(fillxfill) sim={adjust=pan forwardNavigation} ty=BASE_APPLICATION wanim=0x1030309
06-30 16:45:12.845 27856 27856 I ViewRootImpl@b6edbfa[MainActivity]:   fl=81810100
06-30 16:45:12.845 27856 27856 I ViewRootImpl@b6edbfa[MainActivity]:   pfl=12020040
06-30 16:45:12.845 27856 27856 I ViewRootImpl@b6edbfa[MainActivity]:   bhv=DEFAULT
06-30 16:45:12.845 27856 27856 I ViewRootImpl@b6edbfa[MainActivity]:   fitSides= naviIconColor=0}
06-30 16:45:12.845 27856 27856 I ViewRootImpl@b6edbfa[MainActivity]: performTraversals mFirst=true windowShouldResize=true viewVisibilityChanged=false mForceNextWindowRelayout=false params={(0,0)(fillxfill) sim={adjust=pan forwardNavigation} ty=BASE_APPLICATION wanim=0x1030309
06-30 16:45:12.845 27856 27856 I ViewRootImpl@b6edbfa[MainActivity]:   fl=81810100
06-30 16:45:12.845 27856 27856 I ViewRootImpl@b6edbfa[MainActivity]:   pfl=12020040
06-30 16:45:12.845 27856 27856 I ViewRootImpl@b6edbfa[MainActivity]:   bhv=DEFAULT
06-30 16:45:12.845 27856 27856 I ViewRootImpl@b6edbfa[MainActivity]:   fitSides= naviIconColor=0}
06-30 16:45:12.846   782   782 D gralloc : [mali_gralloc_allocate] begin
06-30 16:45:12.846   782   782 D gralloc : buffer_descriptor: wh(1080 1) usage_pc(0xb66 0xb06) hal_format(0x1) layer_count(1) sizes(0 0 0) strde(0) byte_stride(0) alloc_wh(0 0) internal_format(0x0) alloc_format(0x0) fd_count(1) plane_count(0)
06-30 16:45:12.846   782   782 D gralloc : [mali_gralloc_allocate] allocation successful
06-30 16:45:12.846   873   873 I Layer   : id=9194 Destroyed Screenshot Parent#9194
06-30 16:45:12.872  2243 13886 I RecentModel: onTaskStackChangedBackground
06-30 16:45:12.876   873  2742 I SurfaceFlinger: id=9195 createSurf flag=40404, Bottom Edge Extension#9195
06-30 16:45:12.877   873  2742 I SurfaceFlinger: id=9196 createSurf flag=400, bbq-wrapper#9196
06-30 16:45:12.877  1282 14500 I BLASTBufferQueue: [bbq-adapter#396](f:0,a:0) onFrameAvailable the first frame is available
06-30 16:45:12.878   782   782 D gralloc : [mali_gralloc_allocate] begin
06-30 16:45:12.878   782   782 D gralloc : buffer_descriptor: wh(1080 1) usage_pc(0xb66 0xb06) hal_format(0x1) layer_count(1) sizes(0 0 0) strde(0) byte_stride(0) alloc_wh(0 0) internal_format(0x0) alloc_format(0x0) fd_count(1) plane_count(0)
06-30 16:45:12.878   782   782 D gralloc : [mali_gralloc_allocate] allocation successful
06-30 16:45:12.878   873   873 I Layer   : id=9197 Destroyed Screenshot Parent#9197
06-30 16:45:12.880   873   908 I SurfaceFlinger: id=9198 createSurf flag=40404, Top Edge Extension#9198
06-30 16:45:12.881   873   908 I SurfaceFlinger: id=9199 createSurf flag=400, bbq-wrapper#9199
06-30 16:45:12.881  1282 14499 I BLASTBufferQueue: [bbq-adapter#397](f:0,a:0) onFrameAvailable the first frame is available
06-30 16:45:12.882  1282  2386 V WindowManager: Relayout Window{d190da7 u0 com.example.dogglers/com.example.dogglers.MainActivity}: viewVisibility=0 req=1080x2400 d0
06-30 16:45:12.885   873   873 D SurfaceFlinger: Display 4633128672291735937 HWC layers:
06-30 16:45:12.885   873   873 D SurfaceFlinger:      CLIENT | 0x718d861030 | 0102 | RGBA_8888    |    0.0    0.0    0.0    0.0 |    0    0    0    0 | bbq-wrapper#9196
06-30 16:45:12.885   873   873 D SurfaceFlinger:      DEVICE | 0x718d868650 | 0102 | RGBA_8888    |    0.0    0.0 1080.0 2400.0 |    0    0 1080 2400 | com.whatsapp/com.whatsapp.Conversation$_31662#9171
06-30 16:45:12.885   873   873 D SurfaceFlinger:      DEVICE | 0x718d8596b0 | 0100 | RGBA_8888    |    0.0    0.0 1080.0   78.0 |    0    0 1080   78 | StatusBar$_1751#88
06-30 16:45:12.885   873   873 D SurfaceFlinger:      DEVICE | 0x718d8202f0 | 0100 | RGBA_8888    |    0.0    0.0   67.0  493.0 |    0 1188   67 1681 | com.samsung.android.app.cocktailbars[...]ervice.CocktailBarService$_4690#9140
06-30 16:45:12.885   873   873 D SurfaceFlinger:      DEVICE | 0x718d862350 | 0100 | RGBA_8888    |    0.0    0.0  388.0   48.0 |  692 2352 1080 2400 | SGestureOverlayWindow$_2243#9132
06-30 16:45:12.885   873   873 D SurfaceFlinger:      DEVICE | 0x718d856650 | 0100 | RGBA_8888    |    0.0    0.0 1080.0  126.0 |    0 2274 1080 2400 | NavigationBar0$_1751#83
06-30 16:45:12.885   873   873 D SurfaceFlinger:
06-30 16:45:12.886   873   909 I SurfaceFlinger: id=9200 createSurf flag=40004, com.example.dogglers/com.example.dogglers.MainActivity$_27856#9200
06-30 16:45:12.889   873   909 I SurfaceFlinger: id=9201 createSurf flag=24000, Surface(name=1c611dd StatusBar)/@0xee99fdd - animation-leash of insets_animation#9201
06-30 16:45:12.891   873   909 I SurfaceFlinger: id=9202 createSurf flag=24000, Surface(name=37aeaf NavigationBar0)/@0x2817b20 - animation-leash of insets_animation#9202
06-30 16:45:12.892  1282  2386 V WindowManager: Relayout hash=d190da7, pid=27856, syncId=-1: mAttrs={(0,0)(fillxfill) sim={adjust=pan forwardNavigation} ty=BASE_APPLICATION wanim=0x1030309
06-30 16:45:12.892  1282  2386 V WindowManager:   fl=81810100
06-30 16:45:12.892  1282  2386 V WindowManager:   pfl=12020040
06-30 16:45:12.892  1282  2386 V WindowManager:   bhv=DEFAULT
06-30 16:45:12.892  1282  2386 V WindowManager:   fitSides= naviIconColor=0}
06-30 16:45:12.894 27856 27856 I ViewRootImpl@b6edbfa[MainActivity]: updateBlastSurfaceIfNeeded mBlastBufferQueue=null isSameSurfaceControl=false
06-30 16:45:12.895 27856 27856 I BLASTBufferQueue: new BLASTBufferQueue, mName= ViewRootImpl@b6edbfa[MainActivity] mNativeObject= 0x7c59795ed0 sc.mNativeObject= 0x7be9796740 caller= android.view.ViewRootImpl.updateBlastSurfaceIfNeeded:2909 android.view.ViewRootImpl.relayoutWindow:9847 android.view.ViewRootImpl.performTraversals:3884 android.view.ViewRootImpl.doTraversal:3116 android.view.ViewRootImpl$TraversalRunnable.run:10885 android.view.Choreographer$CallbackRecord.run:1301 android.view.Choreographer$CallbackRecord.run:1309 android.view.Choreographer.doCallbacks:923 android.view.Choreographer.doFrame:852 android.view.Choreographer$FrameDisplayEventReceiver.run:1283
06-30 16:45:12.895 27856 27856 I BLASTBufferQueue: update, w= 1080 h= 2400 mName = ViewRootImpl@b6edbfa[MainActivity] mNativeObject= 0x7c59795ed0 sc.mNativeObject= 0x7be9796740 format= -1 caller= android.graphics.BLASTBufferQueue.<init>:84 android.view.ViewRootImpl.updateBlastSurfaceIfNeeded:2909 android.view.ViewRootImpl.relayoutWindow:9847 android.view.ViewRootImpl.performTraversals:3884 android.view.ViewRootImpl.doTraversal:3116 android.view.ViewRootImpl$TraversalRunnable.run:10885
06-30 16:45:12.896 27856 27856 I ViewRootImpl@b6edbfa[MainActivity]: Relayout returned: old=(0,0,1080,2400) new=(0,0,1080,2400) req=(1080,2400)0 dur=48 res=0x3 s={true 0x7ce97732a0} ch=true seqId=0
06-30 16:45:12.897 27856 27962 D OpenGLRenderer: eglCreateWindowSurface
06-30 16:45:12.897 27856 27856 I ViewRootImpl@b6edbfa[MainActivity]: mThreadedRenderer.initialize() mSurface={isValid=true 0x7ce97732a0} hwInitialized=true
06-30 16:45:12.897   782   782 D gralloc : [mali_gralloc_allocate] begin
06-30 16:45:12.897   782   782 D gralloc : buffer_descriptor: wh(1080 2400) usage_pc(0x40000000000b00 0x40000000000b00) hal_format(0x1) layer_count(1) sizes(0 0 0) strde(0) byte_stride(0) alloc_wh(0 0) internal_format(0x0) alloc_format(0x0) fd_count(1) plane_count(0)
06-30 16:45:12.899   782   782 D gralloc : [mali_gralloc_allocate] allocation successful
06-30 16:45:12.900   782   782 D gralloc : [mali_gralloc_allocate] begin
06-30 16:45:12.900   782   782 D gralloc : buffer_descriptor: wh(1080 2400) usage_pc(0x40000000000b00 0x40000000000b00) hal_format(0x1) layer_count(1) sizes(0 0 0) strde(0) byte_stride(0) alloc_wh(0 0) internal_format(0x0) alloc_format(0x0) fd_count(1) plane_count(0)
06-30 16:45:12.902 27856 27856 I ViewRootImpl@b6edbfa[MainActivity]: reportNextDraw android.view.ViewRootImpl.performTraversals:4438 android.view.ViewRootImpl.doTraversal:3116 android.view.ViewRootImpl$TraversalRunnable.run:10885 android.view.Choreographer$CallbackRecord.run:1301 android.view.Choreographer$CallbackRecord.run:1309
06-30 16:45:12.902 27856 27856 I ViewRootImpl@b6edbfa[MainActivity]: Setup new sync id=0
06-30 16:45:12.902 27856 27856 I ViewRootImpl@b6edbfa[MainActivity]: Setting syncFrameCallback
06-30 16:45:12.902 27856 27856 I ViewRootImpl@b6edbfa[MainActivity]: registerCallbacksForSync syncBuffer=false
06-30 16:45:12.902   782   782 D gralloc : [mali_gralloc_allocate] allocation successful
06-30 16:45:12.903   782   782 D gralloc : [mali_gralloc_allocate] begin
06-30 16:45:12.903   782   782 D gralloc : buffer_descriptor: wh(1080 2400) usage_pc(0x40000000000b00 0x40000000000b00) hal_format(0x1) layer_count(1) sizes(0 0 0) strde(0) byte_stride(0) alloc_wh(0 0) internal_format(0x0) alloc_format(0x0) fd_count(1) plane_count(0)
06-30 16:45:12.903   873   873 D SurfaceFlinger: Display 4633128672291735937 HWC layers:
06-30 16:45:12.903   873   873 D SurfaceFlinger:      CLIENT | 0x718d861030 | 0102 | RGBA_8888    |    0.0    0.0    0.0    0.0 |    0 2396 1080 2400 | bbq-wrapper#9196
06-30 16:45:12.903   873   873 D SurfaceFlinger:      DEVICE | 0x718d868650 | 0102 | RGBA_8888    |    0.0    4.0 1080.0 2400.0 |    0    0 1080 2396 | com.whatsapp/com.whatsapp.Conversation$_31662#9171
06-30 16:45:12.903   873   873 D SurfaceFlinger:      DEVICE | 0x718d866910 | 0102 | RGBA_8888    |    0.0    0.0 1080.0    1.0 |    0    0 1080  427 | bbq-wrapper#9199
06-30 16:45:12.903   873   873 D SurfaceFlinger:      DEVICE | 0x718d84f030 | 0100 | RGBA_8888    |    0.0    0.0 1080.0 1973.0 |    0  427 1080 2400 | Splash Screen com.example.dogglers$_1751#9187
06-30 16:45:12.903   873   873 D SurfaceFlinger:      DEVICE | 0x718d8596b0 | 0100 | RGBA_8888    |    0.0    0.0 1080.0   78.0 |    0    0 1080   78 | StatusBar$_1751#88
06-30 16:45:12.903   873   873 D SurfaceFlinger:      DEVICE | 0x718d8202f0 | 0100 | RGBA_8888    |    0.0    0.0   67.0  493.0 |    0 1188   67 1681 | com.samsung.android.app.cocktailbars[...]ervice.CocktailBarService$_4690#9140
06-30 16:45:12.903   873   873 D SurfaceFlinger:      DEVICE | 0x718d862350 | 0100 | RGBA_8888    |    0.0    0.0  388.0   48.0 |  692 2352 1080 2400 | SGestureOverlayWindow$_2243#9132
06-30 16:45:12.903   873   873 D SurfaceFlinger:
06-30 16:45:12.903   873   873 D SurfaceFlinger:     DEVICE | 0x718d856650 | 0100 | RGBA_8888    |    0.0    0.0 1080.0  126.0 |    0 2274 1080 2400 | NavigationBar0$_1751#83
06-30 16:45:12.903   873   873 D SurfaceFlinger:
06-30 16:45:12.905  1282  1327 W libprocessgroup: Failed to open /dev/blkio//cgroup.procs: No such file or directory
06-30 16:45:12.906   782   782 D gralloc : [mali_gralloc_allocate] allocation successful
06-30 16:45:12.906   782   782 D gralloc : [mali_gralloc_allocate] begin
06-30 16:45:12.906   782   782 D gralloc : buffer_descriptor: wh(1080 2400) usage_pc(0x40000000000b00 0x40000000000b00) hal_format(0x1) layer_count(1) sizes(0 0 0) strde(0) byte_stride(0) alloc_wh(0 0) internal_format(0x0) alloc_format(0x0) fd_count(1) plane_count(0)
06-30 16:45:12.907   873   873 I Layer   : id=9172 removeFromCurrentState Surface(name=1c611dd StatusBar)/@0xee99fdd - animation-leash of insets_animation#9172 (131)
06-30 16:45:12.907   873   873 I SurfaceFlinger: [d190da7 com.example.dogglers/com.example.dogglers.MainActivity#9193] FrameRatePriority: 1
06-30 16:45:12.907   873   873 I Layer   : id=9173 removeFromCurrentState Surface(name=37aeaf NavigationBar0)/@0x2817b20 - animation-leash of insets_animation#9173 (131)
06-30 16:45:12.907   873   873 D SurfaceFlinger: [input] inputWindowCommands.focusRequests size is 1
06-30 16:45:12.907   873   873 I SurfaceFlinger: id=9172 Removed Surface(name=1c611dd StatusBar)/@0xee99fdd - animation-leash of insets_animation#9172 (131)
06-30 16:45:12.907   873   873 I SurfaceFlinger: id=9173 Removed Surface(name=37aeaf NavigationBar0)/@0x2817b20 - animation-leash of insets_animation#9173 (131)
06-30 16:45:12.907   873   873 I Layer   : id=9172 Destroyed Surface(name=1c611dd StatusBar)/@0xee99fdd - animation-leash of insets_animation#9172
06-30 16:45:12.907   873   873 I Layer   : id=9173 Destroyed Surface(name=37aeaf NavigationBar0)/@0x2817b20 - animation-leash of insets_animation#9173
06-30 16:45:12.908   873   984 D SurfaceFlinger: [input] setFocusedWindow: d190da7 com.example.dogglers/com.example.dogglers.MainActivity
06-30 16:45:12.908  1282  4455 D InputDispatcher: Focus request (0): d190da7 com.example.dogglers/com.example.dogglers.MainActivity but waiting because NO_WINDOW
06-30 16:45:12.909   782   782 D gralloc : [mali_gralloc_allocate] allocation successful
06-30 16:45:12.911 27856 28011 I ViewRootImpl@b6edbfa[MainActivity]: Received frameDrawingCallback syncResult=0 frameNum=1.
06-30 16:45:12.911 27856 28011 I ViewRootImpl@b6edbfa[MainActivity]: Setting up sync and frameCommitCallback
06-30 16:45:12.912 26881 28052 I GOS:GameIntentService: onHandleIntent. GameIntentService. type: 15, pkgName: com.example.dogglers
06-30 16:45:12.912   873   873 D SurfaceFlinger: Display 4633128672291735937 HWC layers:
06-30 16:45:12.912   873   873 D SurfaceFlinger:      CLIENT | 0x718d861030 | 0102 | RGBA_8888    |    0.0    0.0    0.0    0.0 |    0 2392 1080 2400 | bbq-wrapper#9196
06-30 16:45:12.912   873   873 D SurfaceFlinger:      DEVICE | 0x718d868650 | 0102 | RGBA_8888    |    0.0    8.0 1080.0 2400.0 |    0    0 1080 2392 | com.whatsapp/com.whatsapp.Conversation$_31662#9171
06-30 16:45:12.912   873   873 D SurfaceFlinger:      DEVICE | 0x718d866910 | 0102 | RGBA_8888    |    0.0    0.0 1080.0    1.0 |    0    0 1080  403 | bbq-wrapper#9199
06-30 16:45:12.912   873   873 D SurfaceFlinger:  SOLID_COLOR |              | 0000 |  Unknown  |    0.0    0.0    0.0    0.0 |    0    0 1080 2400 | DimAnimationLayer for Task=302#9189
06-30 16:45:12.912   873   873 D SurfaceFlinger:      DEVICE | 0x718d84f030 | 0100 | RGBA_8888    |    0.0    0.0 1080.0 1997.0 |    0  403 1080 2400 | Splash Screen com.example.dogglers$_1751#9187
06-30 16:45:12.912   873   873 D SurfaceFlinger:      DEVICE | 0x718d8596b0 | 0100 | RGBA_8888    |    0.0    0.0 1080.0   78.0 |    0    0 1080   78 | StatusBar$_1751#88
06-30 16:45:12.912   873   873 D SurfaceFlinger:      DEVICE | 0x718d8202f0 | 0100 | RGBA_8888    |    0.0    0.0   67.0  493.0 |    0 1188   67 1681 | com.samsung.android.app.cocktailbars[...]ervice.CocktailBarService$_4690#9140
06-30 16:45:12.912   873   873 D SurfaceFlinger:      DEVICE | 0x718d862350 | 0100 | RGBA_8888    |    0.0    0.0  388.0   48.0 |  692 2352 1080 2400 | SGestureOverlayWindow$_2243#9132
06-30 16:45:12.912   873   873 D SurfaceFlinger:      DEVICE | 0x718d856650 | 0100 | RGBA_8888    |    0.0    0.0 1080.0  126.0 |    0 2274 1080 2400 | NavigationBar0$_1751#83
06-30 16:45:12.912   873   873 D SurfaceFlinger:
06-30 16:45:12.916  1282  1316 I SearchManagerService: updateSearchables
06-30 16:45:12.918 27856 27962 I BLASTBufferQueue: [ViewRootImpl@b6edbfa[MainActivity]#2](f:0,a:0) onFrameAvailable the first frame is available
06-30 16:45:12.918 27856 27962 I ViewRootImpl@b6edbfa[MainActivity]: Received frameCommittedCallback lastAttemptedDrawFrameNum=1 didProduceBuffer=true
06-30 16:45:12.919 27856 27962 D OpenGLRenderer: CFMS:: SetUp Pid : 27856    Tid : 27962
06-30 16:45:12.919 27856 27962 W Parcel  : Expecting binder but got null!
06-30 16:45:12.919 27856 27856 I ViewRootImpl@b6edbfa[MainActivity]: onSyncComplete
06-30 16:45:12.919 27856 27856 I ViewRootImpl@b6edbfa[MainActivity]: setupSync seqId=0 mSyncId=0 fn=1 caller=android.view.ViewRootImpl$$ExternalSyntheticLambda11.accept:6 android.window.SurfaceSyncer.lambda$setupSync$1$android-window-SurfaceSyncer:128 android.window.SurfaceSyncer$$ExternalSyntheticLambda1.accept:8 android.window.SurfaceSyncer$SyncSet.checkIfSyncIsComplete:382 android.window.SurfaceSyncer$SyncSet.markSyncReady:359 android.window.SurfaceSyncer.markSyncReady:151 android.view.ViewRootImpl.performTraversals:4503
06-30 16:45:12.920 27856 27856 I ViewRootImpl@b6edbfa[MainActivity]: reportDrawFinished seqId=0 mSyncId=-1 fn=1 mSurfaceChangedTransaction=0x7c19787dd0
06-30 16:45:12.924   873   873 D SurfaceFlinger: GPIS:: requestGPIS
06-30 16:45:12.924  1282  1305 W ziparchive: Unable to open '/data/app/~~SrSoTLjCMttZvpcb7KR4-A==/com.example.dogglers-uNnBO5hcT2MPht_HF8qqww==/base.dm': No such file or directory
06-30 16:45:12.924  1282  1305 I PkgPredictorService-SecIpmManagerServiceImpl: reportToNAP uid:10286 com.example.dogglers/com.example.dogglers.MainActivity thisTime:171
06-30 16:45:12.929  1282  1305 I ActivityTaskManager: Displayed com.example.dogglers/.MainActivity: +171ms
06-30 16:45:12.929   873   908 I SurfaceFlinger: id=9203 createSurf flag=24000, Surface(name=d190da7 com.example.dogglers/com.example.dogglers.MainActivity)/@0x6e83967 - animation-leash of starting_reveal#9203
06-30 16:45:12.929  1282  1652 D SemNscXgbMsL1: Probability - Cloud gaming: [0.05397948]
06-30 16:45:12.929  1282  1652 D SemNscXgbMsL1: Probability - Real time: [0.11633717]
06-30 16:45:12.929  1282  1652 D SemNscXgbMsL1: Probability - Non real time: [0.972244]
06-30 16:45:12.929  1282  1652 D SemNscXgbMsL1: 1 sample inference time: 0.238308 msecs
06-30 16:45:12.929  2894  2894 E pageboostd: Received HALT command code 2
06-30 16:45:12.930  1282  1652 D SemNscXgbL2Rt: L2 RT 1 sample inference time: 0.51 msecs
06-30 16:45:12.930  1282  1652 D SemNscXgbL2Nrt: L2 NRT 1 sample inference time: 0.427192 msecs
06-30 16:45:12.931   873   873 I Layer   : Layer [com.example.dogglers/com.example.dogglers.MainActivity$_27856#9200] hidden!! flag(0)
06-30 16:45:12.932  1751  1853 I ViewRootImpl@22436d3[dogglers]: mWNT: t=0x7c19983a90 mBlastBufferQueue=0x7c598ac710 fn= 2 caller= android.view.SyncRtSurfaceTransactionApplier.applyTransaction:96 android.view.SyncRtSurfaceTransactionApplier.lambda$scheduleApply$0$android-view-SyncRtSurfaceTransactionApplier:69 android.view.SyncRtSurfaceTransactionApplier$$ExternalSyntheticLambda0.onFrameDraw:4
06-30 16:45:12.932  1751  1853 I ViewRootImpl@22436d3[dogglers]: mWNT: t=0x7c198c1510 mBlastBufferQueue=0x7c598ac710 fn= 2 caller= android.view.SyncRtSurfaceTransactionApplier.applyTransaction:96 android.view.SyncRtSurfaceTransactionApplier.lambda$scheduleApply$0$android-view-SyncRtSurfaceTransactionApplier:69 android.view.SyncRtSurfaceTransactionApplier$$ExternalSyntheticLambda0.onFrameDraw:4
06-30 16:45:12.933  1282  2792 D InputDispatcher: Focus entered window (0): d190da7 com.example.dogglers/com.example.dogglers.MainActivity
06-30 16:45:12.933 27856 27856 I ViewRootImpl@b6edbfa[MainActivity]: MSG_WINDOW_FOCUS_CHANGED 1 0
06-30 16:45:12.934 27856 27856 I ViewRootImpl@b6edbfa[MainActivity]: mThreadedRenderer.initializeIfNeeded()#2 mSurface={isValid=true 0x7ce97732a0}
06-30 16:45:12.934  1282  4455 I SemDvfsHyPerManager: acquire hyper - AMS_RESUME_TAIL/1282@20, type = -999
06-30 16:45:12.934  1282  4455 I SemDvfsHyPerManager: acquire hyper - AMS_ACT_LAZY/1282@21, type = -999
06-30 16:45:12.935 27856 27856 D InputMethodManager: startInputInner - Id : 0
06-30 16:45:12.935 27856 27856 I InputMethodManager: startInputInner - mService.startInputOrWindowGainedFocus
06-30 16:45:12.937  1282  4455 D InputMethodManagerService: DESKTOP MODE! : 2
06-30 16:45:12.937  1282  4455 D InputMethodManagerService: NOT IN KNOX DESKTOP MODE!
06-30 16:45:12.937  1282  4455 V InputMethodManagerService: getDisplayIdOfInputMethodWindowToBeAdded: displayId=0
06-30 16:45:12.937  1282  4455 D InputMethodManagerService: isImeSwitcherDisabledPackage : false
06-30 16:45:12.937  1282  4455 D InputMethodManagerService: checkDisplayOfStartInputAndUpdateKeyboard: displayId=0, mFocusedDisplayId=0
06-30 16:45:12.938  1282  4455 D InputTransport: Input channel constructed: 'ClientS', fd=1179
06-30 16:45:12.938  1282  4455 D InputTransport: Input channel destroyed: 'ClientS', fd=1179
06-30 16:45:12.939   873   873 D SurfaceFlinger: Display 4633128672291735937 HWC layers:
06-30 16:45:12.939   873   873 D SurfaceFlinger:      CLIENT | 0x718d861030 | 0102 | RGBA_8888    |    0.0    0.0    0.0    0.0 |    0 2375 1080 2400 | bbq-wrapper#9196
06-30 16:45:12.939   873   873 D SurfaceFlinger:      DEVICE | 0x718d868650 | 0102 | RGBA_8888    |    0.0   25.0 1080.0 2400.0 |    0    0 1080 2375 | com.whatsapp/com.whatsapp.Conversation$_31662#9171
06-30 16:45:12.939   873   873 D SurfaceFlinger:      DEVICE | 0x718d866910 | 0102 | RGBA_8888    |    0.0    0.0 1080.0    1.0 |    0    0 1080  296 | bbq-wrapper#9199
06-30 16:45:12.939   873   873 D SurfaceFlinger:  SOLID_COLOR |              | 0000 |  Unknown  |    0.0    0.0    0.0    0.0 |    0    0 1080 2400 | DimAnimationLayer for Task=302#9189
06-30 16:45:12.939   873   873 D SurfaceFlinger:      DEVICE | 0x718d824790 | 0102 | RGBA_8888    |    0.0    0.0 1080.0 2104.0 |    0  296 1080 2400 | com.example.dogglers/com.example.dogglers.MainActivity$_27856#9200
06-30 16:45:12.939   873   873 D SurfaceFlinger:      DEVICE | 0x718d84f030 | 0100 | RGBA_8888    |    0.0    0.0 1080.0 2104.0 |    0  296 1080 2400 | Splash Screen com.example.dogglers$_1751#9187
06-30 16:45:12.939   873   873 D SurfaceFlinger:      DEVICE | 0x718d8596b0 | 0100 | RGBA_8888    |    0.0    0.0 1080.0   78.0 |    0    0 1080   78 | StatusBar$_1751#88
06-30 16:45:12.939   873   873 D SurfaceFlinger:      DEVICE
06-30 16:45:12.939   873   873 D SurfaceFlinger:  | 0x718d8202f0 | 0100 | RGBA_8888    |    0.0    0.0   67.0  493.0 |    0 1188   67 1681 | com.samsung.android.app.cocktailbars[...]ervice.CocktailBarService$_4690#9140
06-30 16:45:12.939   873   873 D SurfaceFlinger:      DEVICE | 0x718d862350 | 0100 | RGBA_8888    |    0.0    0.0  388.0   48.0 |  692 2352 1080 2400 | SGestureOverlayWindow$_2243#9132
06-30 16:45:12.939   873   873 D SurfaceFlinger:      DEVICE | 0x718d856650 | 0100 | RGBA_8888    |    0.0    0.0 1080.0  126.0 |    0 2274 1080 2400 | NavigationBar0$_1751#83
06-30 16:45:12.939   873   873 D SurfaceFlinger:
06-30 16:45:12.941   795   895 I HYPER-HAL: [ResourceManager.cpp]removeResource(): [CPUMinFreq] RemoveResource Request ID : 863987
06-30 16:45:12.941   795   895 I HYPER-HAL: [RequestManager.cpp]releaseLocked(): Released ID : 863987
06-30 16:45:12.941   795   895 I HYPER-HAL: [RequestManager.cpp]acquire(): Acquired ID : 848273  [1282 / 20]    HINT : AMS_RESUME_TAIL    list :
06-30 16:45:12.941   795   895 I HYPER-HAL: [ResourceManager.cpp]updateResource(): [CPUMinFreq] UpdateResource Request ID : 848273    Value : 1844882
06-30 16:45:12.941   795   895 I HYPER-HAL: [ResourceManager.cpp]removeResource(): [CPUMinFreq] RemoveResource Request ID : 856112
06-30 16:45:12.941   795   895 I HYPER-HAL: [RequestManager.cpp]releaseLocked(): Released ID : 856112
06-30 16:45:12.942 31662 31662 D InputTransport: Input channel destroyed: 'ClientS', fd=225
06-30 16:45:12.945  1751  1854 I ViewRootImpl@22436d3[dogglers]: mWNT: t=0x7c1992eb90 mBlastBufferQueue=0x7c598ac710 fn= 3 caller= android.view.SyncRtSurfaceTransactionApplier.applyTransaction:96 android.view.SyncRtSurfaceTransactionApplier.lambda$scheduleApply$0$android-view-SyncRtSurfaceTransactionApplier:69 android.view.SyncRtSurfaceTransactionApplier$$ExternalSyntheticLambda0.onFrameDraw:4
06-30 16:45:12.945  6001  6001 I HBD     : HoneyBoardService onFinishInput
06-30 16:45:12.946  6001  6001 I HBD     : a IC have been unbinding,  RemoteInputConnection{idHash=#2586cea}
06-30 16:45:12.946  6001  6001 I HBD     : HoneyBoardService [PF_CL][onFinishInput]  1 ms
06-30 16:45:12.946  6001  6001 I HBD     : HoneyBoardService [IMI] onStartInput - caller pid : 27856 , caller uid : 10286
06-30 16:45:12.946  6001  6001 I HBD     : j updateConfigs
06-30 16:45:12.946  6001  6001 I HBD     : j isEnabledNightMode : true
06-30 16:45:12.946  6001  6001 I HBD     : a IC have been binding, RemoteInputConnection{idHash=#7d1dbdb}
06-30 16:45:12.946  6001  6001 I HBD     : h [EditorInputType]setPrivateImeOptionsToTable privateImeOptions ( null )
06-30 16:45:12.946  6001  6001 I HBD     : b incognitoMode : false
06-30 16:45:12.946  6001  6001 I HBD     : a needOff = true , isForceOff = false, isNullInputClass : true
