06-30 16:45:13.035  2243  2603 I AppsModelWriter: normalizeVisibleItems(visibleItems)> 0, 396, 0, -102, 6, 9, UserHandle{0}, 0, Deer Pide, -1, -1
06-30 16:45:13.035  2243  2603 I AppsModelWriter: normalizeVisibleItems(visibleItems)> 0, 399, 0, -102, 6, 10, UserHandle{0}, 0, benimAudim, -1, -1
06-30 16:45:13.035  2243  2603 I AppsModelWriter: normalizeVisibleItems(visibleItems)> 0, 400, 0, -102, 6, 11, UserHandle{0}, 0, Signeasy, -1, -1
06-30 16:45:13.035  2243  2603 I AppsModelWriter: normalizeVisibleItems(visibleItems)> 0, 401, 0, -102, 6, 12, UserHandle{0}, 0, Adobe Fill & Sign, -1, -1
06-30 16:45:13.035  2243  2603 I AppsModelWriter: normalizeVisibleItems(visibleItems)> 0, 402, 0, -102, 6, 13, UserHandle{0}, 0, SPARK, -1, -1
06-30 16:45:13.035  2243  2603 I AppsModelWriter: normalizeVisibleItems(visibleItems)> 0, 403, 0, -102, 6, 14, UserHandle{0}, 0, SkyView Free, -1, -1
06-30 16:45:13.035  2243  2603 I AppsModelWriter: normalizeVisibleItems(visibleItems)> 0, 410, 0, -102, 6, 15, UserHandle{0}, 0, Allianz'm, -1, -1
06-30 16:45:13.035  2243  2603 I AppsModelWriter: normalizeVisibleItems(visibleItems)> 0, 416, 0, -102, 6, 16, UserHandle{0}, 0, Booking.com, -1, -1
06-30 16:45:13.035  2243  2603 I AppsModelWriter: normalizeVisibleItems(visibleItems)> 0, 417, 0, -102, 6, 17, UserHandle{0}, 0, Authenticator, -1, -1
06-30 16:45:13.035  2243  2603 I AppsModelWriter: normalizeVisibleItems(visibleItems)> 0, 420, 0, -102, 7, 0, UserHandle{0}, 0, Vodafone Menu, -1, -1
06-30 16:45:13.035  2243  2603 I AppsModelWriter: normalizeVisibleItems(visibleItems)> 0, 422, 0, -102, 7, 1, UserHandle{0}, 0, MAC+, -1, -1
06-30 16:45:13.035  2243  2603 I AppsModelWriter: normalizeVisibleItems(visibleItems)> 0, 424, 0, -102, 7, 2, UserHandle{0}, 0, StrengthLog, -1, -1
06-30 16:45:13.035  2243  2603 I AppsModelWriter: normalizeVisibleItems(visibleItems)> 0, 428, 0, -102, 7, 3, UserHandle{0}, 0, Docs, -1, -1
06-30 16:45:13.035  2243  2603 I AppsModelWriter: normalizeVisibleItems(visibleItems)> 0, 430, 0, -102, 7, 4, UserHandle{0}, 0, Slides, -1, -1
06-30 16:45:13.035  2243  2603 I AppsModelWriter: normalizeVisibleItems(visibleItems)> 0, 433, 0, -102, 7, 5, UserHandle{0}, 0, IMM Mobile Traffic, -1, -1
06-30 16:45:13.035  2243  2603 I AppsModelWriter: normalizeVisibleItems(visibleItems)> 0, 441, 0, -102, 7, 6, UserHandle{0}, 0, ehir Tiyatrolar, -1, -1
06-30 16:45:13.035  2243  2603 I AppsModelWriter: normalizeVisibleItems(visibleItems)> 0, 442, 0, -102, 7, 7, UserHandle{0}, 0, Airalo, -1, -1
06-30 16:45:13.035  2243  2603 I AppsModelWriter: normalizeVisibleItems(visibleItems)> 0, 444, 0, -102, 7, 8, UserHandle{0}, 0, FlixBus, -1, -1
06-30 16:45:13.035  2243  2603 I AppsModelWriter: normalizeVisibleItems(visibleItems)> 0, 448, 0, -102, 7, 9, UserHandle{0}, 0, Six Pack in 30 Days, -1, -1
06-30 16:45:13.035  2243  2603 I AppsModelWriter: normalizeVisibleItems(visibleItems)> 0, 450, 0, -102, 7, 10, UserHandle{0}, 0, Kaspersky, -1, -1
06-30 16:45:13.035  2243  2603 I AppsModelWriter: normalizeVisibleItems(visibleItems)> 0, 451, 0, -102, 7, 11, UserHandle{0}, 0, Quizlet, -1, -1
06-30 16:45:13.035  2243  2603 I AppsModelWriter: normalizeVisibleItems(visibleItems)> 0, 453, 0, -102, 7, 12, UserHandle{0}, 0, Circuit, -1, -1
06-30 16:45:13.035  2243  2603 I AppsModelWriter: normalizeVisibleItems(visibleItems)> 0, 454, 0, -102, 7, 13, UserHandle{0}, 0, SEPHORA, -1, -1
06-30 16:45:13.035  2243  2603 I AppsModelWriter: normalizeVisibleItems(visibleItems)> 0, 455, 0, -102, 7, 14, UserHandle{0}, 0, ZARA, -1, -1
06-30 16:45:13.035  2243  2603 I AppsModelWriter: normalizeVisibleItems(visibleItems)> 0, 460, 2, -102, 7, 15, UserHandle{0}, 0, Complete Lib, -1, -1
06-30 16:45:13.035  2243  2603 I AppsModelWriter: normalizeVisibleItems(visibleItems)> 0, 461, 0, -102, 7, 16, UserHandle{0}, 0, Developer Assistant, -1, -1
06-30 16:45:13.035  2243  2603 I AppsModelWriter: normalizeVisibleItems(visibleItems)> 0, 462, 0, -102, 7, 17, UserHandle{0}, 0, Share apk file, -1, -1
06-30 16:45:13.036  1282  1517 D SEP_UNION_SemDeviceInfoManagerService: reportUriChanged() uri = content://com.sec.android.app.launcher.settings/hiddenApps, tag =
06-30 16:45:13.037  1282  1517 D SEP_UNION_SemDeviceInfoManagerService: UnionContentObserver onChange: content://com.sec.android.app.launcher.settings/hiddenApps
06-30 16:45:13.037  1282  1517 D SEP_UNION_SemDeviceInfoManagerService: Uri matches exactly. Reporting chagnes...
06-30 16:45:13.037  1282  1517 D SEP_UNION_SemDeviceInfoManagerService: reportUriChanged() uri = content://com.sec.android.app.launcher.settings/hiddenApps, tag =
06-30 16:45:13.042 26881 28052 I GOS:SystemEventReactor: checkReservedCategory() - reservedList is null or empty!
06-30 16:45:13.045   770   797 D audio_hw_primary: device-adev_set_parameters: enter with key(audioHDR=0)
06-30 16:45:13.045   770   797 I audio_hw_primary_odm: odm_adev_set_parameters: enter with key(audioHDR=0)
06-30 16:45:13.045   770   797 I Audio_a2dpsink_hw: adev_set_parameters: kevpairs=[audioHDR=0]
06-30 16:45:13.047   763   763 D Zygote  : Forked child process 28057
06-30 16:45:13.060 28057 28057 I nder:appservice: Using CollectorTypeCC GC.
06-30 16:45:13.068 28057 28057 E nder:appservice: Not starting debugger since process cannot load the jdwp agent.
06-30 16:45:13.073 28057 28057 D ActivityThread: setConscryptValidator
06-30 16:45:13.073 28057 28057 D ActivityThread: setConscryptValidator - put
06-30 16:45:13.082  1751  1773 W System  : A resource failed to call release.
06-30 16:45:13.087 28057 28057 D CompatibilityChangeReporter: Compat change id reported: 171979766; UID 10078; state: ENABLED
06-30 16:45:13.095  1751  1773 W System  : A resource failed to call release.
06-30 16:45:13.095   873  2450 I SurfaceFlinger: id=9128 Removed Surface(name=Task=300)/@0xec4c80 - animation-leash of app_transition#9128 (129)
06-30 16:45:13.098   873   873 I Layer   : id=9128 Destroyed Surface(name=Task=300)/@0xec4c80 - animation-leash of app_transition#9128
06-30 16:45:13.109  4690  4690 I Utils   : isCurrentUser current = 0, ownerId = 0
06-30 16:45:13.110  4690  4690 I TrayVisibilityController: getComputedTrayVisible : keyguardState = 1
06-30 16:45:13.110  4690  4690 I TrayVisibilityController: updateTrayVisible: State=1 visible=1 mCurrentVisible=1 specificMode=0
06-30 16:45:13.110  4690  4690 I TrayStateController: onNotifyUpdateTray: state=0
06-30 16:45:13.120  2243 17974 I LauncherProvider: External provider call by package : com.samsung.android.app.galaxyfinder  for method : get_home_mode
06-30 16:45:13.120  2243 17974 I ExternalMethodFactory: get_home_mode
06-30 16:45:13.132  1282  1327 W libprocessgroup: Failed to open /dev/blkio//cgroup.procs: No such file or directory
06-30 16:45:13.134  1282  1316 I SearchManagerService: updateSearchables
06-30 16:45:13.134  1282  1316 I SearchManagerService: updateSearchables
06-30 16:45:13.134 26881 28082 I GOS:GameIntentService: onHandleIntent. GameIntentService. type: 15, pkgName: com.example.dogglers
06-30 16:45:13.135  1751  1751 D BubblesManager: setupNotifPipeline(), onEntryRemoved : reason=8
06-30 16:45:13.140  1751  1751 D PluginInstanceManager: stopListening
06-30 16:45:13.141  1751  1751 I FaceWidgetPositionAlgorithm: getClockContainerHeight() supplier = 462, bottom margin = 0, real height = 525
06-30 16:45:13.142  1751  1751 I FaceWidgetPositionAlgorithm: getClockContainerHeight() supplier = 462, bottom margin = 63, real height = 525
06-30 16:45:13.142  1751  1751 I FaceWidgetPositionAlgorithm: getMediaContainerHeight() height = 456 container Visibility = 8, isValid = false, mIsDozing = false, fraction = 1.0, source = 0, target = 0
06-30 16:45:13.142  1751  1751 I FaceWidgetPositionAlgorithm: getMediaContainerHeight() supplier = 0
06-30 16:45:13.143  1751  1751 I ResourceType: [SWT] Success lookup value directly, data = 0x010607cc
06-30 16:45:13.143  1751  1751 I ResourceType: [SWT] Success lookup value directly, data = 0x010607cc
06-30 16:45:13.143  1751  1751 I ResourceType: [SWT] Success lookup value directly, data = 0x010607cc
06-30 16:45:13.143  1751  1751 I ResourceType: [SWT] Success lookup value directly, data = 0x010607cc
06-30 16:45:13.145  4880 28083 W Notfiy_NotificationPushListener: 1200104330|R|W|onNotificationRemoved, Notification: StatusBarNotification(pkg=com.kms.free user=UserHandle{0} id=2 tag=null key=0|com.kms.free|2|null|10577: Notification(channel=NotificationChannelId:Other shortcut=null contentView=null vibrate=null sound=null tick defaults=0x0 flags=0x0 color=0x00000000 vis=PRIVATE semFlags=0x0 semPriority=0 semMissedCount=0)) isJumpSmsCheck:false
06-30 16:45:13.147  4880 28083 W Notfiy_NotificationPushListener: 1200104330|R|W|onNotificationRemoved filter type is else
06-30 16:45:13.158  2243 17974 I LauncherProvider: External provider call by package : com.samsung.android.app.galaxyfinder  for method : get_home_mode
06-30 16:45:13.158  2243 17974 I ExternalMethodFactory: get_home_mode
06-30 16:45:13.164  2243 17974 I LauncherProvider: External provider call by package : com.samsung.android.app.galaxyfinder  for method : get_home_mode
06-30 16:45:13.164  2243 17974 I ExternalMethodFactory: get_home_mode
06-30 16:45:13.174  2243 17974 I LauncherProvider: External provider call by package : com.samsung.android.app.galaxyfinder  for method : get_home_mode
06-30 16:45:13.174  2243 17974 I ExternalMethodFactory: get_home_mode
06-30 16:45:13.181 28057 28057 I Process : Sending signal. PID: 28057 SIG: 9
06-30 16:45:13.197  1282  1316 D EnterpriseDeviceManagerService: onPackageUpdateFinished - packageName: com.example.dogglers, uid: 10286
06-30 16:45:13.197 26881 28082 I GOS:GameIntentService: onPackageChanged(). extras: Bundle[{changeType=0, userId=0, pkgName=com.example.dogglers, type=15, packageName=com.example.dogglers}]
06-30 16:45:13.197  1282  1316 D EnterpriseDeviceManagerService: Package has changed for user 0
06-30 16:45:13.197  1282  1316 D EnterpriseDeviceManagerService: Admin package name: com.samsung.android.kgclient
06-30 16:45:13.197 26881 28082 I GOS:GameIntentService: onPackageChanged(). changeType(INSTALLED), pkgName(com.example.dogglers), UserHandle(0), userId(0), Installed(true)
06-30 16:45:13.198  4690  4690 I AppsEdge.PanelContainer: onPackageChanged
06-30 16:45:13.198  2243  2243 I Launcher.Model: isValidStateInKnoxMode:false user:UserHandle{0}
06-30 16:45:13.198  2243  2243 I Launcher.Model: package changed received : com.example.dogglers
06-30 16:45:13.198  2243  2603 I PackageUpdatedTask: mAllAppsList.updatePackage com.example.dogglers
06-30 16:45:13.199  1282  1327 W libprocessgroup: Failed to open /dev/blkio//cgroup.procs: No such file or directory
06-30 16:45:13.200  1282  1316 I SemExecuteManagerService: onPackageModified
06-30 16:45:13.200  1282  1316 I SemExecuteManagerService: onSomePackagesChanged
06-30 16:45:13.200 27351 28088 I AppsEdge.Service: changeItem()
06-30 16:45:13.200 27351 28088 I AppsEdge.Service: updateOrDeleteItem package=com.example.dogglers,userId=0
06-30 16:45:13.200 27351 28088 I AppsEdge.DBHelper: getFavoriteItems : true
06-30 16:45:13.201  1282  1327 W libprocessgroup: Failed to open /dev/blkio//cgroup.procs: No such file or directory
06-30 16:45:13.201  2243  2603 I AppIconSolution: return adaptive icon for com.example.dogglers, isNight = true
06-30 16:45:13.202 26881 28082 I GOS:SystemEventReactor: checkReservedCategory() - reservedList is null or empty!
06-30 16:45:13.202 26881 28082 I GOS:GameIntentService: onHandleIntent. GameIntentService. type: 15, pkgName: com.example.dogglers
06-30 16:45:13.202 26881 28082 I GOS:GameIntentService: onPackageChanged(). extras: Bundle[{changeType=8, userId=0, pkgName=com.example.dogglers, type=15, packageName=com.example.dogglers}]
06-30 16:45:13.202 26881 28082 I GOS:GameIntentService: onPackageChanged(). changeType(REPLACED), pkgName(com.example.dogglers), UserHandle(0), userId(0), Installed(true)
06-30 16:45:13.205  2243  2603 I AppIconSolution: getThemeIconWithBG called with public API, pkg = com.example.dogglers, mode = 48
06-30 16:45:13.205  2243  2603 I AppIconSolution: return adaptive icon for com.example.dogglers, isNight = true
06-30 16:45:13.206  2243  2603 I LauncherActivityInfo: packageName: com.example.dogglers, useThemeIcon: false, height: 189, width: 189, density: 640
06-30 16:45:13.212 27351 28088 I AppsEdge.DBHelper: getFavoriteItems type = 0, pos = 0, id = 1, item = 0@com.sec.android.app.popupcalculator/com.sec.android.app.popupcalculator.Calculator&0
06-30 16:45:13.213  1751  1751 D BubblesManager: onNotificationChannelModified : pkg=com.samsung.android.app.routines ,modificationType:3
06-30 16:45:13.214  1751  1751 D BubblesManager: onNotificationChannelModified : pkg=com.samsung.android.app.routines ,modificationType:1
06-30 16:45:13.214 27351 28088 I AppsEdge.DBHelper: getFavoriteItems type = 0, pos = 1, id = 2, item = 0@com.sec.android.gallery3d/com.samsung.android.gallery.app.activity.GalleryActivity&0
06-30 16:45:13.218  2243  2603 I HsAllAppsList: set ComponentInfo{com.example.dogglers/com.example.dogglers.MainActivity} app progress level to 100
06-30 16:45:13.219  2243  2603 I WidgetsModel: EasyModeWidget will be excluded on WidgetList.
06-30 16:45:13.220  2243  2603 I AppIconSolution: return adaptive icon for com.example.dogglers, isNight = true
06-30 16:45:13.222 27351 28088 I AppsEdge.DBHelper: getFavoriteItems type = 0, pos = 2, id = 3, item = 0@com.google.android.youtube/com.google.android.youtube.app.honeycomb.Shell$HomeActivity&0
06-30 16:45:13.227   763   763 D Zygote  : Forked child process 28089
06-30 16:45:13.227 27351 28088 I AppsEdge.DBHelper: getFavoriteItems type = 0, pos = 3, id = 4, item = 0@com.android.chrome/com.google.android.apps.chrome.Main&0
06-30 16:45:13.229  2243  2603 I PackageUpdatedTask: modified, appInfo : AppInfo(id=470 type=APP hidden=0 container=all_apps screen=7 rank=26 rankOfList=-1 user=UserHandle{0} title=Dogglers componentName=ComponentInfo{com.example.dogglers/com.example.dogglers.MainActivity} screenType=0 runtimeStatusFlags=384 status=0)
06-30 16:45:13.229  2243  2603 I AppsModelWriter: updateItems(start) : needToNormalize = true
06-30 16:45:13.229  2243  2603 I AppsModelWriter: updateItems(start) > needToBind = true
06-30 16:45:13.229  2243  2603 I AppsModelWriter: updateItems(start)> 0, 470, 0, -102, 7, 26, UserHandle{0}, 0, Dogglers, -1, -1
06-30 16:45:13.229  2243  2603 I AppsModelWriter: normalizeVisibleItems : [matched = true] col = 5, raw : 6
06-30 16:45:13.229  2243  2603 I AppsModelWriter: normalizeVisibleItems(visibleItems)> 0, 121, 2, -102, 0, 0, UserHandle{0}, 0, Samsung, -1, -1
06-30 16:45:13.229  2243  2603 I AppsModelWriter: normalizeVisibleItems(visibleItems)> 0, 130, 2, -102, 0, 1, UserHandle{0}, 0, Google, -1, -1
06-30 16:45:13.229  2243  2603 I AppsModelWriter: normalizeVisibleItems(visibleItems)> 0, 134, 0, -102, 0, 2, UserHandle{0}, 0, Play Store, -1, -1
06-30 16:45:13.229  2243  2603 I AppsModelWriter: normalizeVisibleItems(visibleItems)> 0, 135, 0, -102, 0, 3, UserHandle{0}, 0, Maps, -1, -1
06-30 16:45:13.229  1282  1322 I libprocessgroup: Successfully killed process cgroup uid 10078 pid 28057 in 0ms
06-30 16:45:13.229  2243  2603 I AppsModelWriter: normalizeVisibleItems(visibleItems)> 0, 136, 0, -102, 0, 4, UserHandle{0}, 0, YouTube, -1, -1
06-30 16:45:13.229  2243  2603 I AppsModelWriter: normalizeVisibleItems(visibleItems)> 0, 137, 0, -102, 0, 5, UserHandle{0}, 0, Google, -1, -1
06-30 16:45:13.229  2243  2603 I AppsModelWriter: normalizeVisibleItems(visibleItems)> 0, 138, 0, -102, 0, 6, UserHandle{0}, 0, Chrome, -1, -1
06-30 16:45:13.229  2243  2603 I AppsModelWriter: normalizeVisibleItems(visibleItems)> 0, 139, 0, -102, 0, 7, UserHandle{0}, 0, Gmail, -1, -1
06-30 16:45:13.230  2243  2603 I AppsModelWriter: normalizeVisibleItems(visibleItems)> 0, 141, 0, -102, 0, 8, UserHandle{0}, 0, Phone, -1, -1
06-30 16:45:13.230  2243  2603 I AppsModelWriter: normalizeVisibleItems(visibleItems)> 0, 142, 0, -102, 0, 9, UserHandle{0}, 0, Messages, -1, -1
06-30 16:45:13.230  2243  2603 I AppsModelWriter: normalizeVisibleItems(visibleItems)> 0, 143, 0, -102, 0, 10, UserHandle{0}, 0, Camera, -1, -1
06-30 16:45:13.230  2243  2603 I AppsModelWriter: normalizeVisibleItems(visibleItems)> 0, 144, 0, -102, 0, 11, UserHandle{0}, 0, Gallery, -1, -1
06-30 16:45:13.230  2243  2603 I AppsModelWriter: normalizeVisibleItems(visibleItems)> 0, 145, 0, -102, 0, 12, UserHandle{0}, 0, Clock, -1, -1
06-30 16:45:13.230  2243  2603 I AppsModelWriter: normalizeVisibleItems(visibleItems)> 0, 146, 0, -102, 0, 13, UserHandle{0}, 0, Contacts, -1, -1
06-30 16:45:13.230  2243  2603 I AppsModelWriter: normalizeVisibleItems(visibleItems)> 0, 147, 0, -102, 0, 14, UserHandle{0}, 0, Settings, -1, -1
06-30 16:45:13.230  2243  2603 I AppsModelWriter: normalizeVisibleItems(visibleItems)> 0, 148, 0, -102, 0, 15, UserHandle{0}, 0, Calendar, -1, -1
06-30 16:45:13.230  2243  2603 I AppsModelWriter: normalizeVisibleItems(visibleItems)> 0, 149, 0, -102, 0, 16, UserHandle{0}, 0, Calculator, -1, -1
06-30 16:45:13.230  2243  2603 I AppsModelWriter: normalizeVisibleItems(visibleItems)> 0, 150, 0, -102, 0, 17, UserHandle{0}, 0, Samsung Notes, -1, -1
06-30 16:45:13.230  2243  2603 I AppsModelWriter: normalizeVisibleItems(visibleItems)> 0, 213, 0, -102, 0, 18, UserHandle{0}, 0, Reminder, -1, -1
06-30 16:45:13.230  2243  2603 I AppsModelWriter: normalizeVisibleItems(visibleItems)> 0, 165, 0, -102, 1, 0, UserHandle{0}, 0, Bixby, -1, -1
06-30 16:45:13.230  2243  2603 I AppsModelWriter: normalizeVisibleItems(visibleItems)> 0, 168, 0, -102, 1, 1, UserHandle{0}, 0, Galaxy Store, -1, -1
06-30 16:45:13.230  2243  2603 I AppsModelWriter: normalizeVisibleItems(visibleItems)> 0, 169, 0, -102, 1, 2, UserHandle{0}, 0, LinkedIn, -1, -1
06-30 16:45:13.230  2243  2603 I AppsModelWriter: normalizeVisibleItems(visibleItems)> 0, 171, 0, -102, 1, 3, UserHandle{0}, 0, Google TV, -1, -1
06-30 16:45:13.230  2243  2603 I AppsModelWriter: normalizeVisibleItems(visibleItems)> 0, 173, 0, -102, 1, 4, UserHandle{0}, 0, Samsung Global Goals, -1, -1
06-30 16:45:13.230  2243  2603 I AppsModelWriter: normalizeVisibleItems(visibleItems)> 0, 151, 0, -102, 1, 5, UserHandle{0}, 0, WhatsApp, -1, -1
06-30 16:45:13.230  2243  2603 I AppsModelWriter: normalizeVisibleItems(visibleItems)> 0, 157, 0, -102, 1, 6, UserHandle{0}, 0, Game Launcher, -1, -1
06-30 16:45:13.230  2243  2603 I AppsModelWriter: normalizeVisibleItems(visibleItems)> 0, 155, 0, -102, 1, 7, UserHandle{0}, 0, Outlook, -1, -1
06-30 16:45:13.230  2243  2603 I AppsModelWriter: normalizeVisibleItems(visibleItems)> 0, 156, 0, -102, 1, 8, UserHandle{0}, 0, Netflix, -1, -1
06-30 16:45:13.230  2243  2603 I AppsModelWriter: normalizeVisibleItems(visibleItems)> 0, 232, 0, -102, 2, 0, UserHandle{0}, 0, Hepsiburada, -1, -1
06-30 16:45:13.230  2243  2603 I AppsModelWriter: normalizeVisibleItems(visibleItems)> 0, 228, 0, -102, 2, 1, UserHandle{0}, 0, Discord, -1, -1
06-30 16:45:13.230  2243  2603 I AppsModelWriter: normalizeVisibleItems(visibleItems)> 0, 215, 0, -102, 2, 2, UserHandle{0}, 0, AR Zone, -1, -1
06-30 16:45:13.230  2243  2603 I AppsModelWriter: normalizeVisibleItems(visibleItems)> 0, 216, 0, -102, 2, 3, UserHandle{0}, 0, Tips, -1, -1
06-30 16:45:13.230  2243  2603 I AppsModelWriter: normalizeVisibleItems(visibleItems)> 0, 220, 0, -102, 2, 4, UserHandle{0}, 0, Instagram, -1, -1
06-30 16:45:13.230  2243  2603 I AppsModelWriter: normalizeVisibleItems(visibleItems)> 0, 223, 0, -102, 2, 5, UserHandle{0}, 0, Adobe Scan, -1, -1
06-30 16:45:13.230  2243  2603 I AppsModelWriter: normalizeVisibleItems(visibleItems)> 0, 226, 0, -102, 2, 6, UserHandle{0}, 0, T Mobil, -1, -1
06-30 16:45:13.230  2243  2603 I AppsModelWriter: normalizeVisibleItems(visibleItems)> 0, 229, 0, -102, 2, 7, UserHandle{0}, 0, Headphones, -1, -1
06-30 16:45:13.230  2243  2603 I AppsModelWriter: normalizeVisibleItems(visibleItems)> 0, 231, 0, -102, 2, 8, UserHandle{0}, 0, Yemeksepeti, -1, -1
06-30 16:45:13.230  2243  2603 I AppsModelWriter: normalizeVisibleItems(visibleItems)> 0, 233, 0, -102, 2, 9, UserHandle{0}, 0, Akake, -1, -1
06-30 16:45:13.230  2243  2603 I AppsModelWriter: normalizeVisibleItems(visibleItems)> 0, 235, 0, -102, 2, 10, UserHandle{0}, 0, Sheets, -1, -1
06-30 16:45:13.230  2243  2603 I AppsModelWriter: normalizeVisibleItems(visibleItems)> 0, 236, 0, -102, 2, 11, UserHandle{0}, 0, Adobe Acrobat, -1, -1
06-30 16:45:13.230  2243  2603 I AppsModelWriter: normalizeVisibleItems(visibleItems)> 0, 238, 0, -102, 2, 12, UserHandle{0}, 0, IMDb, -1, -1
06-30 16:45:13.230  2243  2603 I AppsModelWriter: normalizeVisibleItems(visibleItems)> 0, 239, 0, -102, 2, 13, UserHandle{0}, 0, Ziraat Mobile, -1, -1
06-30 16:45:13.230  2243  2603 I AppsModelWriter: normalizeVisibleItems(visibleItems)> 0, 242, 0, -102, 2, 14, UserHandle{0}, 0, Translate, -1, -1
06-30 16:45:13.230  2243  2603 I AppsModelWriter: normalizeVisibleItems(visibleItems)> 0, 243, 0, -102, 2, 15, UserHandle{0}, 0, Yanmda, -1, -1
06-30 16:45:13.230  2243  2603 I AppsModelWriter: normalizeVisibleItems(visibleItems)> 0, 245, 0, -102, 3, 0, UserHandle{0}, 0, Zoom, -1, -1
06-30 16:45:13.230  2243  2603 I AppsModelWriter: normalizeVisibleItems(visibleItems)> 0, 246, 0, -102, 3, 1, UserHandle{0}, 0, Disc In, -1, -1
06-30 16:45:13.230  2243  2603 I AppsModelWriter: normalizeVisibleItems(visibleItems)> 0, 251, 0, -102, 3, 2, UserHandle{0}, 0, Shazam, -1, -1
06-30 16:45:13.230  2243  2603 I AppsModelWriter: normalizeVisibleItems(visibleItems)> 0, 254, 0, -102, 3, 3, UserHandle{0}, 0, Mimo, -1, -1
06-30 16:45:13.230  2243  2603 I AppsModelWriter: normalizeVisibleItems(visibleItems)> 0, 255, 0, -102, 3, 4, UserHandle{0}, 0, Enki, -1, -1
06-30 16:45:13.230  2243  2603 I AppsModelWriter: normalizeVisibleItems(visibleItems)> 0, 256, 0, -102, 3, 5, UserHandle{0}, 0, Sololearn, -1, -1
06-30 16:45:13.230  2243  2603 I AppsModelWriter: normalizeVisibleItems(visibleItems)> 0, 257, 0, -102, 3, 6, UserHandle{0}, 0, Grasshopper, -1, -1
06-30 16:45:13.230  2243  2603 I AppsModelWriter: normalizeVisibleItems(visibleItems)> 0, 258, 0, -102, 3, 7, UserHandle{0}, 0, Programming Hub, -1, -1
06-30 16:45:13.230  2243  2603 I AppsModelWriter: normalizeVisibleItems(visibleItems)> 0, 261, 0, -102, 3, 8, UserHandle{0}, 0, Sahibinden, -1, -1
06-30 16:45:13.230  2243  2603 I AppsModelWriter: normalizeVisibleItems(visibleItems)> 0, 267, 0, -102, 3, 9, UserHandle{0}, 0, CDAS, -1, -1
06-30 16:45:13.230  2243  2603 I AppsModelWriter: normalizeVisibleItems(visibleItems)> 0, 271, 0, -102, 3, 10, UserHandle{0}, 0, Quick measure, -1, -1
06-30 16:45:13.230  2243  2603 I AppsModelWriter: normalizeVisibleItems(visibleItems)> 0, 272, 0, -102, 3, 11, UserHandle{0}, 0, MATLAB, -1, -1
06-30 16:45:13.230  2243  2603 I AppsModelWriter: normalizeVisibleItems(visibleItems)> 0, 279, 0, -102, 3, 12, UserHandle{0}, 0, Math, -1, -1
06-30 16:45:13.230  2243  2603 I AppsModelWriter: normalizeVisibleItems(visibleItems)> 0, 280, 0, -102, 3, 13, UserHandle{0}, 0, Photomath, -1, -1
06-30 16:45:13.230  2243  2603 I AppsModelWriter: normalizeVisibleItems(visibleItems)> 0, 281, 0, -102, 3, 14, UserHandle{0}, 0, e-Nabz, -1, -1
06-30 16:45:13.230  2243  2603 I AppsModelWriter: normalizeVisibleItems(visibleItems)> 0, 260, 0, -102, 3, 15, UserHandle{0}, 0, getir, -1, -1
06-30 16:45:13.230  2243  2603 I AppsModelWriter: normalizeVisibleItems(visibleItems)> 0, 244, 0, -102, 3, 16, UserHandle{0}, 0, Nike Training, -1, -1
06-30 16:45:13.230  2243  2603 I AppsModelWriter: normalizeVisibleItems(visibleItems)> 0, 283, 0, -102, 4, 0, UserHandle{0}, 0, stanbulkart, -1, -1
06-30 16:45:13.230  2243  2603 I AppsModelWriter: normalizeVisibleItems(visibleItems)> 0, 289, 0, -102, 4, 1, UserHandle{0}, 0, Trendyol, -1, -1
06-30 16:45:13.230  2243  2603 I AppsModelWriter: normalizeVisibleItems(visibleItems)> 0, 293, 0, -102, 4, 2, UserHandle{0}, 0, e-Devlet, -1, -1
06-30 16:45:13.230  2243  2603 I AppsModelWriter: normalizeVisibleItems(visibleItems)> 0, 297, 0, -102, 4, 3, UserHandle{0}, 0, Samsung Pass, -1, -1
06-30 16:45:13.230  2243  2603 I AppsModelWriter: normalizeVisibleItems(visibleItems)> 0, 299, 0, -102, 4, 4, UserHandle{0}, 0, Steam, -1, -1
06-30 16:45:13.230  2243  2603 I AppsModelWriter: normalizeVisibleItems(visibleItems)> 0, 301, 0, -102, 4, 5, UserHandle{0}, 0, Square Pic, -1, -1
06-30 16:45:13.230  2243  2603 I AppsModelWriter: normalizeVisibleItems(visibleItems)> 0, 305, 0, -102, 4, 6, UserHandle{0}, 0, Skyscanner, -1, -1
06-30 16:45:13.230  2243  2603 I AppsModelWriter: normalizeVisibleItems(visibleItems)> 0, 306, 0, -102, 4, 7, UserHandle{0}, 0, Tricount, -1, -1
06-30 16:45:13.230  2243  2603 I AppsModelWriter: normalizeVisibleItems(visibleItems)> 0, 308, 0, -102, 4, 8, UserHandle{0}, 0, Mobiett, -1, -1
06-30 16:45:13.230  2243  2603 I AppsModelWriter: normalizeVisibleItems(visibleItems)> 0, 313, 0, -102, 4, 9, UserHandle{0}, 0, Turkish Airlines, -1, -1
06-30 16:45:13.230  2243  2603 I AppsModelWriter: normalizeVisibleItems(visibleItems)> 0, 319, 0, -102, 4, 10, UserHandle{0}, 0, Health, -1, -1
06-30 16:45:13.230  2243  2603 I AppsModelWriter: normalizeVisibleItems(visibleItems)> 0, 321, 0, -102, 5, 0, UserHandle{0}, 0, AI Life, -1, -1
06-30 16:45:13.230  2243  2603 I AppsModelWriter: normalizeVisibleItems(visibleItems)> 0, 323, 0, -102, 5, 1, UserHandle{0}, 0, Migros, -1, -1
06-30 16:45:13.230  2243  2603 I AppsModelWriter: normalizeVisibleItems(visibleItems)> 0, 329, 0, -102, 5, 2, UserHandle{0}, 0, Bubble Level, -1, -1
06-30 16:45:13.230  2243  2603 I AppsModelWriter: normalizeVisibleItems(visibleItems)> 0, 339, 0, -102, 5, 3, UserHandle{0}, 0, Soundcore, -1, -1
06-30 16:45:13.230  2243  2603 I AppsModelWriter: normalizeVisibleItems(visibleItems)> 0, 345, 0, -102, 5, 4, UserHandle{0}, 0, Brave, -1, -1
06-30 16:45:13.230  2243  2603 I AppsModelWriter: normalizeVisibleItems(visibleItems)> 0, 347, 0, -102, 5, 5, UserHandle{0}, 0, Pegasus, -1, -1
06-30 16:45:13.230  2243  2603 I AppsModelWriter: normalizeVisibleItems(visibleItems)> 0, 349, 0, -102, 5, 6, UserHandle{0}, 0, Snapchat, -1, -1
06-30 16:45:13.230  2243  2603 I AppsModelWriter: normalizeVisibleItems(visibleItems)> 0, 351, 0, -102, 5, 7, UserHandle{0}, 0, Spotify, -1, -1
06-30 16:45:13.230  2243  2603 I AppsModelWriter: normalizeVisibleItems(visibleItems)> 0, 358, 0, -102, 5, 8, UserHandle{0}, 0, Nike, -1, -1
06-30 16:45:13.230  2243  2603 I AppsModelWriter: normalizeVisibleItems(visibleItems)> 0, 361, 0, -102, 5, 9, UserHandle{0}, 0, Yap Kredi Mobil, -1, -1
06-30 16:45:13.230  2243  2603 I AppsModelWriter: normalizeVisibleItems(visibleItems)> 0, 364, 0, -102, 5, 10, UserHandle{0}, 0, GitHub, -1, -1
06-30 16:45:13.230  2243  2603 I AppsModelWriter: normalizeVisibleItems(visibleItems)> 0, 366, 0, -102, 6, 0, UserHandle{0}, 0, Authenticator, -1, -1
06-30 16:45:13.230  2243  2603 I AppsModelWriter: normalizeVisibleItems(visibleItems)> 0, 374, 0, -102, 6, 1, UserHandle{0}, 0, Health Pass, -1, -1
06-30 16:45:13.230  2243  2603 I AppsModelWriter: normalizeVisibleItems(visibleItems)> 0, 379, 0, -102, 6, 2, UserHandle{0}, 0, Any OTP, -1, -1
06-30 16:45:13.230  2243  2603 I AppsModelWriter: normalizeVisibleItems(visibleItems)> 0, 380, 0, -102, 6, 3, UserHandle{0}, 0, Floor Plan Creator, -1, -1
06-30 16:45:13.230  2243  2603 I AppsModelWriter: normalizeVisibleItems(visibleItems)> 0, 382, 0, -102, 6, 4, UserHandle{0}, 0, Prime Video, -1, -1
06-30 16:45:13.230  2243  2603 I AppsModelWriter: normalizeVisibleItems(visibleItems)> 0, 383, 0, -102, 6, 5, UserHandle{0}, 0, e.mobil +, -1, -1
06-30 16:45:13.230  2243  2603 I AppsModelWriter: normalizeVisibleItems(visibleItems)> 0, 384, 0, -102, 6, 6, UserHandle{0}, 0, Ksk Ate, -1, -1
06-30 16:45:13.230  2243  2603 I AppsModelWriter: normalizeVisibleItems(visibleItems)> 0, 385, 0, -102, 6, 7, UserHandle{0}, 0, Tasty, -1, -1
06-30 16:45:13.230  2243  2603 I AppsModelWriter: normalizeVisibleItems(visibleItems)> 0, 391, 0, -102, 6, 8, UserHandle{0}, 0, Code Editor, -1, -1
06-30 16:45:13.230  2243  2603 I AppsModelWriter: normalizeVisibleItems(visibleItems)> 0, 396, 0, -102, 6, 9, UserHandle{0}, 0, Deer Pide, -1, -1
06-30 16:45:13.230  2243  2603 I AppsModelWriter: normalizeVisibleItems(visibleItems)> 0, 399, 0, -102, 6, 10, UserHandle{0}, 0, benimAudim, -1, -1
06-30 16:45:13.230  2243  2603 I AppsModelWriter: normalizeVisibleItems(visibleItems)> 0, 400, 0, -102, 6, 11, UserHandle{0}, 0, Signeasy, -1, -1
06-30 16:45:13.230  2243  2603 I AppsModelWriter: normalizeVisibleItems(visibleItems)> 0, 401, 0, -102, 6, 12, UserHandle{0}, 0, Adobe Fill & Sign, -1, -1
06-30 16:45:13.230  2243  2603 I AppsModelWriter: normalizeVisibleItems(visibleItems)> 0, 402, 0, -102, 6, 13, UserHandle{0}, 0, SPARK, -1, -1
06-30 16:45:13.230  2243  2603 I AppsModelWriter: normalizeVisibleItems(visibleItems)> 0, 403, 0, -102, 6, 14, UserHandle{0}, 0, SkyView Free, -1, -1
06-30 16:45:13.230  2243  2603 I AppsModelWriter: normalizeVisibleItems(visibleItems)> 0, 410, 0, -102, 6, 15, UserHandle{0}, 0, Allianz'm, -1, -1
06-30 16:45:13.230  2243  2603 I AppsModelWriter: normalizeVisibleItems(visibleItems)> 0, 416, 0, -102, 6, 16, UserHandle{0}, 0, Booking.com, -1, -1
06-30 16:45:13.230  2243  2603 I AppsModelWriter: normalizeVisibleItems(visibleItems)> 0, 417, 0, -102, 6, 17, UserHandle{0}, 0, Authenticator, -1, -1
06-30 16:45:13.230  2243  2603 I AppsModelWriter: normalizeVisibleItems(visibleItems)> 0, 420, 0, -102, 7, 0, UserHandle{0}, 0, Vodafone Menu, -1, -1
06-30 16:45:13.230  2243  2603 I AppsModelWriter: normalizeVisibleItems(visibleItems)> 0, 422, 0, -102, 7, 1, UserHandle{0}, 0, MAC+, -1, -1
06-30 16:45:13.230  2243  2603 I AppsModelWriter: normalizeVisibleItems(visibleItems)> 0, 424, 0, -102, 7, 2, UserHandle{0}, 0, StrengthLog, -1, -1
06-30 16:45:13.230  2243  2603 I AppsModelWriter: normalizeVisibleItems(visibleItems)> 0, 428, 0, -102, 7, 3, UserHandle{0}, 0, Docs, -1, -1
06-30 16:45:13.230  2243  2603 I AppsModelWriter: normalizeVisibleItems(visibleItems)> 0, 430, 0, -102, 7, 4, UserHandle{0}, 0, Slides, -1, -1
06-30 16:45:13.230  2243  2603 I AppsModelWriter: normalizeVisibleItems(visibleItems)> 0, 433, 0, -102, 7, 5, UserHandle{0}, 0, IMM Mobile Traffic, -1, -1
06-30 16:45:13.230  2243  2603 I AppsModelWriter: normalizeVisibleItems(visibleItems)> 0, 441, 0, -102, 7, 6, UserHandle{0}, 0, ehir Tiyatrolar, -1, -1
06-30 16:45:13.230  2243  2603 I AppsModelWriter: normalizeVisibleItems(visibleItems)> 0, 442, 0, -102, 7, 7, UserHandle{0}, 0, Airalo, -1, -1
06-30 16:45:13.230  2243  2603 I AppsModelWriter: normalizeVisibleItems(visibleItems)> 0, 444, 0, -102, 7, 8, UserHandle{0}, 0, FlixBus, -1, -1
06-30 16:45:13.230  2243  2603 I AppsModelWriter: normalizeVisibleItems(visibleItems)> 0, 448, 0, -102, 7, 9, UserHandle{0}, 0, Six Pack in 30 Days, -1, -1
06-30 16:45:13.230  2243  2603 I AppsModelWriter: normalizeVisibleItems(visibleItems)> 0, 450, 0, -102, 7, 10, UserHandle{0}, 0, Kaspersky, -1, -1
06-30 16:45:13.230  2243  2603 I AppsModelWriter: normalizeVisibleItems(visibleItems)> 0, 451, 0, -102, 7, 11, UserHandle{0}, 0, Quizlet, -1, -1
06-30 16:45:13.230  2243  2603 I AppsModelWriter: normalizeVisibleItems(visibleItems)> 0, 453, 0, -102, 7, 12, UserHandle{0}, 0, Circuit, -1, -1
06-30 16:45:13.230  2243  2603 I AppsModelWriter: normalizeVisibleItems(visibleItems)> 0, 454, 0, -102, 7, 13, UserHandle{0}, 0, SEPHORA, -1, -1
06-30 16:45:13.230  2243  2603 I AppsModelWriter: normalizeVisibleItems(visibleItems)> 0, 455, 0, -102, 7, 14, UserHandle{0}, 0, ZARA, -1, -1
06-30 16:45:13.230  2243  2603 I AppsModelWriter: normalizeVisibleItems(visibleItems)> 0, 460, 2, -102, 7, 15, UserHandle{0}, 0, Complete Lib, -1, -1
06-30 16:45:13.230  2243  2603 I AppsModelWriter: normalizeVisibleItems(visibleItems)> 0, 461, 0, -102, 7, 16, UserHandle{0}, 0, Developer Assistant, -1, -1
06-30 16:45:13.230  2243  2603 I AppsModelWriter: normalizeVisibleItems(visibleItems)> 0, 462, 0, -102, 7, 17, UserHandle{0}, 0, Share apk file, -1, -1
06-30 16:45:13.230  2243  2603 I AppsModelWriter: normalizeVisibleItems(visibleItems)> 0, 463, 0, -102, 7, 18, UserHandle{0}, 0, Design Patterns, -1, -1
06-30 16:45:13.230  2243  2603 I AppsModelWriter: normalizeVisibleItems(visibleItems)> 0, 464, 0, -102, 7, 19, UserHandle{0}, 0, Compose Material Catalog, -1, -1
06-30 16:45:13.230  2243  2603 I AppsModelWriter: normalizeVisibleItems(visibleItems)> 0, 456, 0, -102, 7, 20, UserHandle{0}, 0, SelamAndroid, -1, -1
06-30 16:45:13.230  2243  2603 I AppsModelWriter: normalizeVisibleItems(visibleItems)> 0, 465, 0, -102, 7, 21, UserHandle{0}, 0, Happy Birthday, -1, -1
06-30 16:45:13.230  2243  2603 I AppsModelWriter: normalizeVisibleItems(visibleItems)> 0, 466, 0, -102, 7, 22, UserHandle{0}, 0, Dice Roller, -1, -1
06-30 16:45:13.230  2243  2603 I AppsModelWriter: normalizeVisibleItems(visibleItems)> 0, 467, 0, -102, 7, 23, UserHandle{0}, 0, Debugging, -1, -1
06-30 16:45:13.230  2243  2603 I AppsModelWriter: normalizeVisibleItems(visibleItems)> 0, 468, 0, -102, 7, 24, UserHandle{0}, 0, Tip Time, -1, -1
06-30 16:45:13.230  2243  2603 I AppsModelWriter: normalizeVisibleItems(visibleItems)> 0, 469, 0, -102, 7, 25, UserHandle{0}, 0, Affirmations, -1, -1
06-30 16:45:13.230  2243  2603 I AppsModelWriter: normalizeVisibleItems(visibleItems)> 0, 470, 0, -102, 7, 26, UserHandle{0}, 0, Dogglers, -1, -1
06-30 16:45:13.230  2243  2603 I AppsModelWriter: normalizeVisibleItems(visibleItems)> 0, 471, 0, -102, 7, 27, UserHandle{0}, 0, Words, -1, -1
06-30 16:45:13.232  2243  2603 I AppsModelWriter: updateItems(end) : updateItem> 0, 470, 0, -102, 7, 26, UserHandle{0}, 0, Dogglers, -1, -1
06-30 16:45:13.232  2243  2603 I PostPositionOperator: addAllItems() - Invalid state!
06-30 16:45:13.232 27351 28088 I AppsEdge.DBHelper: getFavoriteItems type = 0, pos = 4, id = 5, item = 0@com.samsung.android.app.reminder/com.samsung.android.app.reminder.ui.LaunchMainActivity&0
06-30 16:45:13.233  2243  2243 I AppsModelWriter: bindAppsItems() - visibleAddItems : 0, visibleUpdateItems : 1, removeItems : 0
06-30 16:45:13.234  2243  2243 I Launcher.AppsContainerView: bindAppsUpdates() => add: 0, update: 1, remove: 0
06-30 16:45:13.234  2243  2243 I Launcher.AppsPagedView: UpdateItems => id: 470, rank: 26, screenId: 7, cellX: 1, cellY: 5, container: -102, dirty: false, title: Dogglers, isFolder: false, user: UserHandle{0}, disabled: false, screenType: 0
06-30 16:45:13.236 27351 28088 I AppsEdge.DBHelper: getFavoriteItems type = 0, pos = 5, id = 6, item = 0@com.android.settings/com.android.settings.Settings&0
06-30 16:45:13.236   763   763 I Zygote  : Process 28057 exited due to signal 9 (Killed)
06-30 16:45:13.237  2243  2603 I WidgetsModel: EasyModeWidget will be excluded on WidgetList.
06-30 16:45:13.239 28089 28089 I .android.authfw: Using CollectorTypeCC GC.
06-30 16:45:13.239  2243  2603 W PackageUpdatedTask: refreshSearchLayout return, operation is not matched
06-30 16:45:13.241   795 28053 I HYPER-HAL: [ResourceManager.cpp]removeResource(): [CPUMinFreq] RemoveResource Request ID : 848273
06-30 16:45:13.241   795 28053 I HYPER-HAL: [RequestManager.cpp]releaseLocked(): Released ID : 848273
06-30 16:45:13.242 27351 28088 I AppsEdge.DBHelper: getFavoriteItems type = 0, pos = 6, id = 8, item = 0@com.sec.android.app.clockpackage/com.sec.android.app.clockpackage.ClockPackage&0
06-30 16:45:13.242 28089 28089 E .android.authfw: Not starting debugger since process cannot load the jdwp agent.
06-30 16:45:13.244 21630 21630 I ContactsProvider: onTrimMemory-success
06-30 16:45:13.244 26881 26881 I GOS:App : onTrimMemory 80
06-30 16:45:13.245 27351 28088 I AppsEdge.DBHelper: getFavoriteItems type = 0, pos = 7, id = 9, item = 0@com.google.android.apps.maps/com.google.android.maps.MapsActivity&0
06-30 16:45:13.247 28089 28089 D ActivityThread: setConscryptValidator
06-30 16:45:13.247 28089 28089 D ActivityThread: setConscryptValidator - put
06-30 16:45:13.247 27351 28088 I AppsEdge.DBHelper: getFavoriteItems type = 0, pos = 8, id = 10, item = 0@com.google.android.gm/com.google.android.gm.ConversationListActivityGmail&0
06-30 16:45:13.249 27351 28088 I AppsEdge.DBHelper: getFavoriteItems type = 0, pos = 9, id = 12, item = 0@com.spotify.music/com.spotify.music.MainActivity&0
06-30 16:45:13.250   873  2747 D NativeSemDvfsManager: acquire:: timeout = 2000 mIsAcquired = 1  mTagName : SurfaceFlinger
06-30 16:45:13.250   873  2747 E NativeCustomFrequencyManager: [NativeCFMS] BpCustomFrequencyManager::acquire()
06-30 16:45:13.251   795   895 I HYPER-HAL: [RequestManager.cpp]acquire(): Acquired ID : 1756001  [873 / 1000]    HINT : SF_GPU_MINLOCK    list : [TIMEOUT / 2000]
06-30 16:45:13.266   873   873 D SurfaceFlinger: Display 4633128672291735937 HWC layers:
06-30 16:45:13.266   873   873 D SurfaceFlinger:  SOLID_COLOR |              | 0000 |  Unknown  |    0.0    0.0    0.0    0.0 |    0    0 1080 2400 | DimAnimationLayer for Task=302#9189
06-30 16:45:13.266   873   873 D SurfaceFlinger:      DEVICE | 0x718d865710 | 0102 | RGBA_8888    |    0.0    0.0 1080.0 2400.0 |    0    0 1080 2400 | com.example.dogglers/com.example.dogglers.MainActivity$_27856#9200
06-30 16:45:13.266   873   873 D SurfaceFlinger:      DEVICE | 0x718d8724f0 | 0100 | RGBA_8888    |    0.0    0.0 1080.0   78.0 |    0    0 1080   78 | StatusBar$_1751#88
06-30 16:45:13.266   873   873 D SurfaceFlinger:      DEVICE | 0x718d8202f0 | 0100 | RGBA_8888    |    0.0    0.0   67.0  493.0 |    0 1188   67 1681 | com.samsung.android.app.cocktailbars[...]ervice.CocktailBarService$_4690#9140
06-30 16:45:13.266   873   873 D SurfaceFlinger:      DEVICE | 0x718d862350 | 0100 | RGBA_8888    |    0.0    0.0  388.0   48.0 |  692 2352 1080 2400 | SGestureOverlayWindow$_2243#9132
06-30 16:45:13.266   873   873 D SurfaceFlinger:      DEVICE | 0x718d856650 | 0100 | RGBA_8888    |    0.0    0.0 1080.0  126.0 |    0 2274 1080 2400 | NavigationBar0$_1751#83
06-30 16:45:13.266   873   873 D SurfaceFlinger:
06-30 16:45:13.267 28089 28089 D CompatibilityChangeReporter: Compat change id reported: 171979766; UID 5278; state: ENABLED
06-30 16:45:13.268   880   905 I heimdall: insert_task_to_group:67, insert tgid 28089 to group com.samsung.android.authfw, ret = 0
06-30 16:45:13.290 31662 31662 I ViewRootImpl@ffcf06a[Conversation]: handleAppVisibility mAppVisible = true visible = false
06-30 16:45:13.297   873   873 I Layer   : id=9187 removeFromCurrentState Splash Screen com.example.dogglers$_1751#9187 (128)
06-30 16:45:13.297   873   873 I Layer   : id=9188 removeFromCurrentState Surface(name=Task=300)/@0xec4c80 - animation-leash of app_transition#9188 (128)
06-30 16:45:13.297   873   873 I Layer   : id=9195 removeFromCurrentState Bottom Edge Extension#9195 (128)
06-30 16:45:13.297   873   873 I Layer   : id=9196 removeFromCurrentState bbq-wrapper#9196 (128)
06-30 16:45:13.297   873   873 I Layer   : id=9195 removeFromCurrentState Bottom Edge Extension#9195 (128)
06-30 16:45:13.297   873   873 I Layer   : id=9196 removeFromCurrentState bbq-wrapper#9196 (128)
06-30 16:45:13.297   873   873 I Layer   : Layer [Splash Screen com.example.dogglers$_1751#9187] hidden!! flag(1)
06-30 16:45:13.297   873   873 I Layer   : id=9186 removeFromCurrentState 2997471 Splash Screen com.example.dogglers#9186 (128)
06-30 16:45:13.297   873   873 I Layer   : id=9190 removeFromCurrentState Surface(name=Task=302)/@0xb1dbc78 - animation-leash of app_transition#9190 (128)
06-30 16:45:13.297   873   873 I Layer   : id=9198 removeFromCurrentState Top Edge Extension#9198 (128)
06-30 16:45:13.297   873   873 I Layer   : id=9199 removeFromCurrentState bbq-wrapper#9199 (128)
06-30 16:45:13.297   873   873 I Layer   : id=9198 removeFromCurrentState Top Edge Extension#9198 (128)
06-30 16:45:13.297   873   873 I Layer   : id=9199 removeFromCurrentState bbq-wrapper#9199 (128)
06-30 16:45:13.297   873   873 I Layer   : id=9189 removeFromCurrentState DimAnimationLayer for Task=302#9189 (128)
06-30 16:45:13.297   873   873 I Layer   : Layer [com.whatsapp/com.whatsapp.Conversation$_31662#9171] hidden!! flag(1)
06-30 16:45:13.297   873   873 I SurfaceFlinger: id=9199 Removed bbq-wrapper#9199 (128)
06-30 16:45:13.297   873   873 I SurfaceFlinger: id=9196 Removed bbq-wrapper#9196 (128)
06-30 16:45:13.299   873  2450 I SurfaceFlinger: id=9188 Removed Surface(name=Task=300)/@0xec4c80 - animation-leash of app_transition#9188 (128)
06-30 16:45:13.299   873   908 I SurfaceFlinger: id=9195 Removed Bottom Edge Extension#9195 (128)
06-30 16:45:13.299   873   908 I SurfaceFlinger: id=9187 Removed Splash Screen com.example.dogglers$_1751#9187 (128)
06-30 16:45:13.299   873   908 I SurfaceFlinger: id=9186 Removed 2997471 Splash Screen com.example.dogglers#9186 (128)
06-30 16:45:13.299   873   908 I SurfaceFlinger: id=9190 Removed Surface(name=Task=302)/@0xb1dbc78 - animation-leash of app_transition#9190 (128)
06-30 16:45:13.299   873   908 I SurfaceFlinger: id=9198 Removed Top Edge Extension#9198 (128)
06-30 16:45:13.299   873   908 I SurfaceFlinger: id=9189 Removed DimAnimationLayer for Task=302#9189 (128)
06-30 16:45:13.299   873   873 D SurfaceFlinger: Display 4633128672291735937 HWC layers:
06-30 16:45:13.299   873   873 D SurfaceFlinger:      DEVICE | 0x718d865710 | 0102 | RGBA_8888    |    0.0    0.0 1080.0 2400.0 |    0    0 1080 2400 | com.example.dogglers/com.example.dogglers.MainActivity$_27856#9200
06-30 16:45:13.299   873   873 D SurfaceFlinger:      DEVICE | 0x718d8724f0 | 0100 | RGBA_8888    |    0.0    0.0 1080.0   78.0 |    0    0 1080   78 | StatusBar$_1751#88
06-30 16:45:13.299   873   873 D SurfaceFlinger:      DEVICE | 0x718d8202f0 | 0100 | RGBA_8888    |    0.0    0.0   67.0  493.0 |    0 1188   67 1681 | com.samsung.android.app.cocktailbars[...]ervice.CocktailBarService$_4690#9140
06-30 16:45:13.299   873   873 D SurfaceFlinger:      DEVICE | 0x718d862350 | 0100 | RGBA_8888    |    0.0    0.0  388.0   48.0 |  692 2352 1080 2400 | SGestureOverlayWindow$_2243#9132
06-30 16:45:13.299   873   873 D SurfaceFlinger:      DEVICE | 0x718d856650 | 0100 | RGBA_8888    |    0.0    0.0 1080.0  126.0 |    0 2274 1080 2400 | NavigationBar0$_1751#83
06-30 16:45:13.299   873   873 D SurfaceFlinger:
06-30 16:45:13.300 31662 23964 D OpenGLRenderer: setSurface called with nullptr
06-30 16:45:13.300 31662 23964 D OpenGLRenderer: setSurface() destroyed EGLSurface
06-30 16:45:13.300 31662 23964 D OpenGLRenderer: destroyEglSurface
06-30 16:45:13.301 31662 31662 I ViewRootImpl@ffcf06a[Conversation]: performTraversals mFirst=false windowShouldResize=false viewVisibilityChanged=true mForceNextWindowRelayout=false params=null
06-30 16:45:13.302  1282  4350 V WindowManager: Relayout Window{b38452c u0 com.whatsapp/com.whatsapp.Conversation}: viewVisibility=8 req=1080x2400 d0
06-30 16:45:13.304  1282  4350 V WindowManager: Relayout hash=b38452c, pid=31662, syncId=-1: mAttrs={(0,0)(fillxfill) sim={state=always_hidden adjust=resize} ty=BASE_APPLICATION wanim=0x1030309
06-30 16:45:13.304  1282  4350 V WindowManager:   fl=81810100
06-30 16:45:13.304  1282  4350 V WindowManager:   pfl=12020040
06-30 16:45:13.304  1282  4350 V WindowManager:   bhv=DEFAULT
06-30 16:45:13.304  1282  4350 V WindowManager:   fitSides= naviIconColor=0}
06-30 16:45:13.306   873   873 I Layer   : id=9190 Destroyed Surface(name=Task=302)/@0xb1dbc78 - animation-leash of app_transition#9190
06-30 16:45:13.306   873   873 I Layer   : id=9189 Destroyed DimAnimationLayer for Task=302#9189
06-30 16:45:13.306   873   873 I Layer   : id=9186 Destroyed 2997471 Splash Screen com.example.dogglers#9186
06-30 16:45:13.306   873   873 I Layer   : id=9198 Destroyed Top Edge Extension#9198
06-30 16:45:13.306   873   873 I Layer   : id=9199 Destroyed bbq-wrapper#9199
06-30 16:45:13.306   873   873 I Layer   : id=9195 Destroyed Bottom Edge Extension#9195
06-30 16:45:13.306   873   873 I Layer   : id=9196 Destroyed bbq-wrapper#9196
06-30 16:45:13.306   873   873 I Layer   : id=9188 Destroyed Surface(name=Task=300)/@0xec4c80 - animation-leash of app_transition#9188
06-30 16:45:13.306   873   873 I Layer   : id=9187 Destroyed Splash Screen com.example.dogglers$_1751#9187
06-30 16:45:13.309 27856 27925 W xample.dogglers: Accessing hidden method Landroid/view/ViewConfiguration;->getDoubleTapMinTime()I (unsupported, reflection, allowed)
06-30 16:45:13.309 27856 27925 W FileTestStorage: Test input args is not supported.
06-30 16:45:13.311 27856 27856 I ViewInteraction: Performing 'single click' action on view view.getId() is <2131230936/com.example.dogglers:id/horizontal_btn>
06-30 16:45:13.313 31662 31662 I ViewRootImpl@ffcf06a[Conversation]: Relayout returned: old=(0,0,1080,2400) new=(0,0,1080,2400) req=(1080,2400)8 dur=11 res=0x2 s={false 0x0} ch=true seqId=0
06-30 16:45:13.315  1282  4350 D InputDispatcher: Inject motion (27856/10286): action=0x0, time=62560698000000, f=0x0, d=0 dsdx=1.000000 dtdx=0.000000
06-30 16:45:13.315  1282  1552 I InputDispatcher: Delivering touch to (1751): action: 0x4, f=0x0, d=0, '37aeaf ', t=0
06-30 16:45:13.315  1282  1552 I InputDispatcher: Delivering touch to (27856): action: 0x0, f=0x0, d=0, 'd190da7', t=0 *(0.75)
06-30 16:45:13.316  2243  2243 I TouchInteractionService: onInputEvent, inputConsumer = com.android.quickstep.l2@e40cba1
06-30 16:45:13.316  1282  1306 I GestureDetector: obtain mCurrentDownEvent. id: -838138545 caller: com.android.server.wm.SystemGesturesPointerEventListener.onPointerEvent:203 com.android.server.wm.PointerEventDispatcher.onInputEvent:53 android.view.InputEventReceiver.dispatchInputEvent:285
06-30 16:45:13.316  1282  1306 I GestureDetector: obtain mCurrentDownEvent. id: -838138545 caller: com.android.server.wm.SystemPerformancePointerEventListener.onPointerEvent:89 com.android.server.wm.PointerEventDispatcher.onInputEvent:53 android.view.InputEventReceiver.dispatchInputEvent:285
06-30 16:45:13.316 31662 31662 I ViewRootImpl@ffcf06a[Conversation]: stopped(true) old = false
06-30 16:45:13.316 31662 31662 I ViewRootImpl@ffcf06a[Conversation]: WindowStopped on com.whatsapp/com.whatsapp.Conversation set to true
06-30 16:45:13.316 27856 27856 I ViewRootImpl@b6edbfa[MainActivity]: ViewPostIme pointer 0
06-30 16:45:13.318 31662 31662 I IMM_LC  : hsifw() - flag : 0
06-30 16:45:13.318 31662 31662 I IMM_LC  : hsifw() - mService.hideSoftInput
06-30 16:45:13.323 31662 31662 I MSHandlerLifeCycle: removeMultiSplitHandler: no exist. decor=DecorView@fe33ba2[Conversation]
06-30 16:45:13.327 31662 31662 I ViewRootImpl@ffcf06a[Conversation]: performTraversals mFirst=false windowShouldResize=false viewVisibilityChanged=false mForceNextWindowRelayout=false params={(0,0)(fillxfill) sim={state=always_hidden adjust=pan} ty=BASE_APPLICATION wanim=0x1030309
06-30 16:45:13.327 31662 31662 I ViewRootImpl@ffcf06a[Conversation]:   fl=81810100
06-30 16:45:13.327 31662 31662 I ViewRootImpl@ffcf06a[Conversation]:   pfl=12020040
06-30 16:45:13.327 31662 31662 I ViewRootImpl@ffcf06a[Conversation]:   bhv=DEFAULT
06-30 16:45:13.327 31662 31662 I ViewRootImpl@ffcf06a[Conversation]:   fitSides= naviIconColor=0}
06-30 16:45:13.327  1282  4350 V WindowManager: Relayout Window{b38452c u0 com.whatsapp/com.whatsapp.Conversation}: viewVisibility=8 req=1080x2400 d0
06-30 16:45:13.329  1282  4350 V WindowManager: Relayout hash=b38452c, pid=31662, syncId=-1: mAttrs={(0,0)(fillxfill) sim={state=always_hidden adjust=pan} ty=BASE_APPLICATION wanim=0x1030309
06-30 16:45:13.329  1282  4350 V WindowManager:   fl=81810100
06-30 16:45:13.329  1282  4350 V WindowManager:   pfl=12020040
06-30 16:45:13.329  1282  4350 V WindowManager:   bhv=DEFAULT
06-30 16:45:13.329  1282  4350 V WindowManager:   fitSides= naviIconColor=0}
06-30 16:45:13.330 31662 31662 I ViewRootImpl@ffcf06a[Conversation]: Relayout returned: old=(0,0,1080,2400) new=(0,0,1080,2400) req=(1080,2400)8 dur=3 res=0x2 s={false 0x0} ch=false seqId=0
06-30 16:45:13.337 28089 28089 I [AUTHFW][PASS]AuthFwApp:  onCreate
06-30 16:45:13.339   873   873 I Layer   : id=9171 removeFromCurrentState com.whatsapp/com.whatsapp.Conversation$_31662#9171 (119)
06-30 16:45:13.339   873   873 I SurfaceFlinger: id=9171 Removed com.whatsapp/com.whatsapp.Conversation$_31662#9171 (119)
06-30 16:45:13.339   873   873 I Layer   : id=9171 Destroyed com.whatsapp/com.whatsapp.Conversation$_31662#9171
06-30 16:45:13.361 28089 28089 I [AUTHFW][TZ]TzAppAsset: AFD
06-30 16:45:13.361 28089 28089 I [AUTHFW][TZ]TzAppAsset: Found
06-30 16:45:13.361 28089 28089 I [AUTHFW][TZ]TzApp: APEX - asset
06-30 16:45:13.361 28089 28089 I [AUTHFW][TZ]TzApp: Start using TzAppAsset as TzApp
06-30 16:45:13.362  1282  4350 D InputDispatcher: Inject motion (27856/10286): action=0x1, time=62560747000000, f=0x0, d=0 dsdx=1.000000 dtdx=0.000000
06-30 16:45:13.363 28089 28089 I [PASS][SDK]SamsungPassService: initialize()
06-30 16:45:13.363  1282  1552 I InputDispatcher: Delivering touch to (27856): action: 0x1, f=0x0, d=0, 'd190da7', t=0 *(0.75)
06-30 16:45:13.363 27856 27856 I ViewRootImpl@b6edbfa[MainActivity]: ViewPostIme pointer 1
06-30 16:45:13.363  1282  1306 I GestureDetector: obtain mCurrentMotionEventRaw. action: 1 id: -507772058
06-30 16:45:13.363  1282  1306 I GestureDetector: obtain mCurrentMotionEventRaw. action: 1 id: -507772058
06-30 16:45:13.363  2243  2243 I TouchInteractionService: reset
06-30 16:45:13.363 28089 28117 I [AUTHFW][TZ]TzUtil: idt start
06-30 16:45:13.364  1751  4691 V Navbar.Store: handleEvent(0) ResetBottomGestureHintVI(noArguments=true) [Module]
06-30 16:45:13.364  1751  4691 V Navbar.Store: [Band]GESTURE_PACK_RESET_HINT_VI
06-30 16:45:13.364  1282  1308 I ChimeraSystemEventListener: appLaunchIntent package name is: com.example.dogglers
06-30 16:45:13.364 28089 28089 I [PASS][SDK]h: bind
06-30 16:45:13.365 28089 28117 I [AUTHFW][TZ]TzAppAsset: AFD
06-30 16:45:13.365  1282  4455 I SemDvfsHyPerManager: acquire hyper - AMS_ACT_START/1282@18, type = -999
06-30 16:45:13.365   795   895 I HYPER-HAL: [RequestManager.cpp]acquire(): Acquired ID : 845668  [1282 / 18]    HINT : AMS_ACT_START    list :
