06-30 16:45:15.182   873  1054 I SurfaceFlinger: id=9281 createSurf flag=400, bbq-wrapper#9281
06-30 16:45:15.182  1282 14499 I BLASTBufferQueue: [bbq-adapter#404](f:0,a:0) onFrameAvailable the first frame is available
06-30 16:45:15.183   782   782 D gralloc : [mali_gralloc_allocate] begin
06-30 16:45:15.183   782   782 D gralloc : buffer_descriptor: wh(1080 1) usage_pc(0xb66 0xb06) hal_format(0x1) layer_count(1) sizes(0 0 0) strde(0) byte_stride(0) alloc_wh(0 0) internal_format(0x0) alloc_format(0x0) fd_count(1) plane_count(0)
06-30 16:45:15.183   782   782 D gralloc : [mali_gralloc_allocate] allocation successful
06-30 16:45:15.186   873   873 D SurfaceFlinger: Display 4633128672291735937 HWC layers:
06-30 16:45:15.186   873   873 D SurfaceFlinger:      CLIENT | 0x718d850e90 | 0102 | RGBA_8888    |    0.0    0.0    0.0    0.0 |    0    0    0    0 | bbq-wrapper#9281
06-30 16:45:15.186   873   873 D SurfaceFlinger:      DEVICE | 0x718d85d490 | 0102 | RGBA_8888    |    0.0    0.0 1080.0 2400.0 |    0    0 1080 2400 | com.example.dogglers/com.example.dogglers.MainActivity$_27856#9263
06-30 16:45:15.186   873   873 D SurfaceFlinger:      DEVICE | 0x718d8724f0 | 0100 | RGBA_8888    |    0.0    0.0 1080.0   78.0 |    0    0 1080   78 | StatusBar$_1751#88
06-30 16:45:15.186   873   873 D SurfaceFlinger:      DEVICE | 0x718d8202f0 | 0100 | RGBA_8888    |    0.0    0.0   67.0  493.0 |    0 1188   67 1681 | com.samsung.android.app.cocktailbars[...]ervice.CocktailBarService$_4690#9140
06-30 16:45:15.186   873   873 D SurfaceFlinger:      DEVICE | 0x718d862350 | 0100 | RGBA_8888    |    0.0    0.0  388.0   48.0 |  692 2352 1080 2400 | SGestureOverlayWindow$_2243#9132
06-30 16:45:15.186   873   873 D SurfaceFlinger:      DEVICE | 0x718d856650 | 0100 | RGBA_8888    |    0.0    0.0 1080.0  126.0 |    0 2274 1080 2400 | NavigationBar0$_1751#83
06-30 16:45:15.186   873   873 D SurfaceFlinger:
06-30 16:45:15.186   873   873 I Layer   : id=9282 Destroyed Screenshot Parent#9282
06-30 16:45:15.188   873  1054 I SurfaceFlinger: id=9283 createSurf flag=40404, Top Edge Extension#9283
06-30 16:45:15.188   873  1054 I SurfaceFlinger: id=9284 createSurf flag=400, bbq-wrapper#9284
06-30 16:45:15.188  1282 14500 I BLASTBufferQueue: [bbq-adapter#405](f:0,a:0) onFrameAvailable the first frame is available
06-30 16:45:15.192   873   873 D SurfaceFlinger: GPIS:: requestGPIS
06-30 16:45:15.198  1282  1666 W SemWifiTransportLayerUtils: getApplicationCategory - IOException com.example.dogglers
06-30 16:45:15.198  1282  1666 W System.err: java.io.FileNotFoundException: https://play.google.com/store/apps/details?id=com.example.dogglers&hl=en
06-30 16:45:15.198  1282  1666 W System.err: 	at com.android.okhttp.internal.huc.HttpURLConnectionImpl.getInputStream(HttpURLConnectionImpl.java:255)
06-30 16:45:15.198  1282  1666 W System.err: 	at com.android.okhttp.internal.huc.DelegatingHttpsURLConnection.getInputStream(DelegatingHttpsURLConnection.java:211)
06-30 16:45:15.198  1282  1666 W System.err: 	at com.android.okhttp.internal.huc.HttpsURLConnectionImpl.getInputStream(HttpsURLConnectionImpl.java:30)
06-30 16:45:15.198  1282  1666 W System.err: 	at com.samsung.android.server.wifi.tcp.SemWifiTransportLayerUtils.getApplicationCategory(SemWifiTransportLayerUtils.java:104)
06-30 16:45:15.198  1282  1666 W System.err: 	at com.samsung.android.server.wifi.tcp.SemWifiTransportLayerMonitor$TcpMonitorHandler.handleMessage(SemWifiTransportLayerMonitor.java:244)
06-30 16:45:15.198  1282  1666 W System.err: 	at android.os.Handler.dispatchMessage(Handler.java:106)
06-30 16:45:15.198  1282  1666 W System.err: 	at android.os.Looper.loopOnce(Looper.java:226)
06-30 16:45:15.199  1282  1666 W System.err: 	at android.os.Looper.loop(Looper.java:313)
06-30 16:45:15.199  1282  1666 W System.err: 	at android.os.HandlerThread.run(HandlerThread.java:67)
06-30 16:45:15.199  1282  1666 D SemWifiPackageInfo: isSkipCategory - skip:FAILED
06-30 16:45:15.199  1282  1666 D SemWifiTransportLayerMonitor.TcpMonitorHandler: MSG_SAVE_PACKAGE_INFO
06-30 16:45:15.199  1282  1666 D SemWifiTransportLayerFileManager: saveWifiPackageInfoToFile
06-30 16:45:15.199  1282  1666 D SemWifiTransportLayerFileManager: writeWifiPackageInfoList
06-30 16:45:15.201  1282  1815 D InputDispatcher: Focus entered window (0): a93cb3a com.example.dogglers/com.example.dogglers.GridListActivity
06-30 16:45:15.201 27856 27856 I ViewRootImpl@ab6f414[GridListActivity]: MSG_WINDOW_FOCUS_CHANGED 1 0
06-30 16:45:15.202 27856 27856 I ViewRootImpl@ab6f414[GridListActivity]: mThreadedRenderer.initializeIfNeeded()#2 mSurface={isValid=true 0x7ce97e8410}
06-30 16:45:15.203 27856 27856 D InputMethodManager: startInputInner - Id : 0
06-30 16:45:15.203 27856 27856 I InputMethodManager: startInputInner - mService.startInputOrWindowGainedFocus
06-30 16:45:15.203  1282  1815 D InputMethodManagerService: DESKTOP MODE! : 2
06-30 16:45:15.203  1282  1815 D InputMethodManagerService: NOT IN KNOX DESKTOP MODE!
06-30 16:45:15.204  1282  1815 V InputMethodManagerService: getDisplayIdOfInputMethodWindowToBeAdded: displayId=0
06-30 16:45:15.204  1282  1815 D InputMethodManagerService: isImeSwitcherDisabledPackage : false
06-30 16:45:15.204  1282  1815 D InputMethodManagerService: checkDisplayOfStartInputAndUpdateKeyboard: displayId=0, mFocusedDisplayId=0
06-30 16:45:15.204  1282  1815 D InputTransport: Input channel constructed: 'ClientS', fd=920
06-30 16:45:15.204  1282  1815 D InputTransport: Input channel destroyed: 'ClientS', fd=920
06-30 16:45:15.205  6001  6001 I HBD     : HoneyBoardService onFinishInput
06-30 16:45:15.205   873   909 I SurfaceFlinger: id=9285 createSurf flag=24004, Surface(name=ee45561 InputMethod)/@0x4417547 - animation-leash of insets_animation#9285
06-30 16:45:15.205   873   873 D SurfaceFlinger: Display 4633128672291735937 HWC layers:
06-30 16:45:15.205   873   873 D SurfaceFlinger:      CLIENT | 0x718d850e90 | 0102 | RGBA_8888    |    0.0    0.0    0.0    0.0 |    0 2396 1080 2400 | bbq-wrapper#9281
06-30 16:45:15.205   873   873 D SurfaceFlinger:      DEVICE | 0x718d85e7b0 | 0102 | RGBA_8888    |    0.0    4.0 1080.0 2400.0 |    0    0 1080 2396 | com.example.dogglers/com.example.dogglers.MainActivity$_27856#9263
06-30 16:45:15.205   873   873 D SurfaceFlinger:      DEVICE | 0x718d8562f0 | 0102 | RGBA_8888    |    0.0    0.0 1080.0    1.0 |    0    0 1080  427 | bbq-wrapper#9284
06-30 16:45:15.205   873   873 D SurfaceFlinger:      DEVICE | 0x718d86bc50 | 0102 | RGBA_8888    |    0.0    0.0 1080.0 1973.0 |    0  427 1080 2400 | com.example.dogglers/com.example.dogglers.GridListActivity$_27856#9270
06-30 16:45:15.205   873   873 D SurfaceFlinger:      DEVICE | 0x718d8724f0 | 0100 | RGBA_8888    |    0.0    0.0 1080.0   78.0 |    0    0 1080   78 | StatusBar$_1751#88
06-30 16:45:15.205   873   873 D SurfaceFlinger:      DEVICE | 0x718d8202f0 | 0100 | RGBA_8888    |    0.0    0.0   67.0  493.0 |    0 1188   67 1681 | com.samsung.android.app.cocktailbars[...]ervice.CocktailBarService$_4690#9140
06-30 16:45:15.205   873   873 D SurfaceFlinger:      DEVICE | 0x718d862350 | 0100 | RGBA_8888    |    0.0    0.0  388.0   48.0 |  692 2352 1080
06-30 16:45:15.205   873   873 D SurfaceFlinger: 2400 | SGestureOverlayWindow$_2243#9132
06-30 16:45:15.205   873   873 D SurfaceFlinger:      DEVICE | 0x718d856650 | 0100 | RGBA_8888    |    0.0    0.0 1080.0  126.0 |    0 2274 1080 2400 | NavigationBar0$_1751#83
06-30 16:45:15.205   873   873 D SurfaceFlinger:
06-30 16:45:15.205  6001  6001 I HBD     : a IC have been unbinding,  RemoteInputConnection{idHash=#dc70151}
06-30 16:45:15.206  6001  6001 I HBD     : HoneyBoardService [PF_CL][onFinishInput]  1 ms
06-30 16:45:15.206  6001  6001 I HBD     : HoneyBoardService [IMI] onStartInput - caller pid : 27856 , caller uid : 10286
06-30 16:45:15.206  6001  6001 I HBD     : j updateConfigs
06-30 16:45:15.206  6001  6001 I HBD     : j isEnabledNightMode : true
06-30 16:45:15.206  6001  6001 I HBD     : a IC have been binding, RemoteInputConnection{idHash=#dc70151}
06-30 16:45:15.206  6001  6001 I HBD     : h [EditorInputType]setPrivateImeOptionsToTable privateImeOptions ( null )
06-30 16:45:15.206  6001  6001 I HBD     : b incognitoMode : false
06-30 16:45:15.206  6001  6001 I HBD     : a needOff = true , isForceOff = false, isNullInputClass : true
06-30 16:45:15.206  6001  6001 I HBD     : h getDefaultInputRange : UNKNOWN
06-30 16:45:15.207  6001  6001 I HBD     : h getDefaultInputRange : UNKNOWN
06-30 16:45:15.207  6001  6001 I HBD     : h getDefaultInputRange : UNKNOWN
06-30 16:45:15.207  6001  6001 I HBD     : a needOff = true , isForceOff = false, isNullInputClass : true
06-30 16:45:15.207  6001  6001 I HBD     : a update cached prediction status : false
06-30 16:45:15.208  6001  6001 I HBD     : h getDefaultInputRange : UNKNOWN
06-30 16:45:15.208  6001  6001 I HBD     : a currentState : 0
06-30 16:45:15.208  6001  6001 I HBD     : a [UpdatePolicy] [post] a: 0 cl: 4325376 kit: [0/0] vt: 0 ir: 1
06-30 16:45:15.208  6001  6001 I HBD     : a [NRIC] resetNoResponseState
06-30 16:45:15.208  6001  6001 I HBD     : a needOff = true , isForceOff = false, isNullInputClass : true
06-30 16:45:15.208  6001  6001 I HBD     : a update cached prediction status : false
06-30 16:45:15.209  1282  1815 D InputMethodManagerService: isImeSwitcherDisabledPackage : false
06-30 16:45:15.209  6001  6001 I HBD     : HoneyBoardService [PF_OP][onStartInput]  3 ms
06-30 16:45:15.209   873   873 I Layer   : id=9267 removeFromCurrentState Surface(name=ee45561 InputMethod)/@0x4417547 - animation-leash of insets_animation#9267 (133)
06-30 16:45:15.209   873   873 I SurfaceFlinger: id=9267 Removed Surface(name=ee45561 InputMethod)/@0x4417547 - animation-leash of insets_animation#9267 (133)
06-30 16:45:15.209   873   873 I Layer   : id=9267 Destroyed Surface(name=ee45561 InputMethod)/@0x4417547 - animation-leash of insets_animation#9267
06-30 16:45:15.209  6001  6001 I InputMethodService: removeImeSurface
06-30 16:45:15.209  6001  6001 I MSHandlerLifeCycle: check: return. pkg=com.samsung.android.honeyboard isActivity=false callers=com.android.internal.policy.DecorView.setVisibility:4416 android.app.Dialog.hide:767 android.inputmethodservice.InputMethodService.removeImeSurface:1290 android.inputmethodservice.InputMethodService.scheduleImeSurfaceRemoval:1279 android.inputmethodservice.InputMethodService.-$$Nest$mscheduleImeSurfaceRemoval:0
06-30 16:45:15.209  6001  6001 I MSHandlerLifeCycle: removeMultiSplitHandler: no exist. decor=DecorView@cd7d792[InputMethod]
06-30 16:45:15.213   873   873 D SurfaceFlinger: Display 4633128672291735937 HWC layers:
06-30 16:45:15.213   873   873 D SurfaceFlinger:      CLIENT | 0x718d850e90 | 0102 | RGBA_8888    |    0.0    0.0    0.0    0.0 |    0 2392 1080 2400 | bbq-wrapper#9281
06-30 16:45:15.213   873   873 D SurfaceFlinger:      DEVICE | 0x718d860bb0 | 0102 | RGBA_8888    |    0.0    8.0 1080.0 2400.0 |    0    0 1080 2392 | com.example.dogglers/com.example.dogglers.MainActivity$_27856#9263
06-30 16:45:15.213   873   873 D SurfaceFlinger:      DEVICE | 0x718d8562f0 | 0102 | RGBA_8888    |    0.0    0.0 1080.0    1.0 |    0    0 1080  403 | bbq-wrapper#9284
06-30 16:45:15.213   873   873 D SurfaceFlinger:  SOLID_COLOR |              | 0000 |  Unknown  |    0.0    0.0    0.0    0.0 |    0    0 1080 2400 | DimAnimationLayer for ActivityRecord[...]gglers/.GridListActivity} t303}#9275
06-30 16:45:15.213   873   873 D SurfaceFlinger:      DEVICE | 0x718d86bc50 | 0102 | RGBA_8888    |    0.0    0.0 1080.0 1997.0 |    0  403 1080 2400 | com.example.dogglers/com.example.dogglers.GridListActivity$_27856#9270
06-30 16:45:15.213   873   873 D SurfaceFlinger:      DEVICE | 0x718d8724f0 | 0100 | RGBA_8888    |    0.0    0.0 1080.0   78.0 |    0    0 1080   78 | StatusBar$_1751#88
06-30 16:45:15.213   873   873 D SurfaceFlinger:      DEVICE | 0x718d8202f0 | 0100 | RGBA_8888    |    0.0    0.0   67.0  493.0 |    0 1188   67 16
06-30 16:45:15.213   873   873 D SurfaceFlinger: 81 | com.samsung.android.app.cocktailbars[...]ervice.CocktailBarService$_4690#9140
06-30 16:45:15.213   873   873 D SurfaceFlinger:      DEVICE | 0x718d862350 | 0100 | RGBA_8888    |    0.0    0.0  388.0   48.0 |  692 2352 1080 2400 | SGestureOverlayWindow$_2243#9132
06-30 16:45:15.213   873   873 D SurfaceFlinger:      DEVICE | 0x718d856650 | 0100 | RGBA_8888    |    0.0    0.0 1080.0  126.0 |    0 2274 1080 2400 | NavigationBar0$_1751#83
06-30 16:45:15.213   873   873 D SurfaceFlinger:
06-30 16:45:15.281  1282  1282 I GestureDetector: handleMessage TAP
06-30 16:45:15.281  1282  1306 I GestureDetector: handleMessage TAP
06-30 16:45:15.303   873   873 D SurfaceFlinger: Display 4633128672291735937 HWC layers:
06-30 16:45:15.303   873   873 D SurfaceFlinger:      CLIENT | 0x718d8562f0 | 0102 | RGBA_8888    |    0.0    0.0    0.0    0.0 |    0    0 1080  101 | bbq-wrapper#9284
06-30 16:45:15.303   873   873 D SurfaceFlinger:  SOLID_COLOR |              | 0000 |  Unknown  |    0.0    0.0    0.0    0.0 |    0    0 1080 2400 | DimAnimationLayer for ActivityRecord[...]gglers/.GridListActivity} t303}#9275
06-30 16:45:15.303   873   873 D SurfaceFlinger:      DEVICE | 0x718d86bc50 | 0102 | RGBA_8888    |    0.0    0.0 1080.0 2299.0 |    0  101 1080 2400 | com.example.dogglers/com.example.dogglers.GridListActivity$_27856#9270
06-30 16:45:15.303   873   873 D SurfaceFlinger:      DEVICE | 0x718d8724f0 | 0100 | RGBA_8888    |    0.0    0.0 1080.0   78.0 |    0    0 1080   78 | StatusBar$_1751#88
06-30 16:45:15.303   873   873 D SurfaceFlinger:      DEVICE | 0x718d8202f0 | 0100 | RGBA_8888    |    0.0    0.0   67.0  493.0 |    0 1188   67 1681 | com.samsung.android.app.cocktailbars[...]ervice.CocktailBarService$_4690#9140
06-30 16:45:15.303   873   873 D SurfaceFlinger:      DEVICE | 0x718d862350 | 0100 | RGBA_8888    |    0.0    0.0  388.0   48.0 |  692 2352 1080 2400 | SGestureOverlayWindow$_2243#9132
06-30 16:45:15.303   873   873 D SurfaceFlinger:      DEVICE | 0x718d856650 | 0100 | RGBA_8888    |    0.0    0.0 1080.0
06-30 16:45:15.303   873   873 D SurfaceFlinger:   126.0 |    0 2274 1080 2400 | NavigationBar0$_1751#83
06-30 16:45:15.303   873   873 D SurfaceFlinger:
06-30 16:45:15.345  4690  4690 I Utils   : isCurrentUser current = 0, ownerId = 0
06-30 16:45:15.346  4690  4690 I TrayVisibilityController: getComputedTrayVisible : keyguardState = 1
06-30 16:45:15.346  4690  4690 I TrayVisibilityController: updateTrayVisible: State=1 visible=1 mCurrentVisible=1 specificMode=0
06-30 16:45:15.346  4690  4690 I TrayStateController: onNotifyUpdateTray: state=0
06-30 16:45:15.392 27856 27856 I ViewInteraction: Checking 'MatchesViewAssertion{viewMatcher=(view has effective visibility <VISIBLE> and view.getGlobalVisibleRect() to return non-empty rectangle)}' assertion on view view.getId() is <2131230927/com.example.dogglers:id/grid_recycler_view>
06-30 16:45:15.394  1282  1308 I ChimeraSystemEventListener: appLaunchIntent package name is: com.example.dogglers
06-30 16:45:15.395  1282  1815 I SemDvfsHyPerManager: acquire hyper - AMS_ACT_START/1282@18, type = -999
06-30 16:45:15.395   795   895 I HYPER-HAL: [RequestManager.cpp]acquire(): Acquired ID : 845668  [1282 / 18]    HINT : AMS_ACT_START    list :
06-30 16:45:15.395   873  2742 I SurfaceFlinger: id=9286 createSurf flag=80004, ActivityRecord{e2272c1 u0 com.example.dogglers/androidx.test.core.app.InstrumentationActivityInvoker$EmptyActivity} t303}#9286
06-30 16:45:15.396   795   895 I HYPER-HAL: [ResourceManager.cpp]updateResource(): [CPUMinFreq] UpdateResource Request ID : 845668    Value : 1930195
06-30 16:45:15.396  1282  1308 I SemPersonaManager: SecureFolder personaId = 150
06-30 16:45:15.398  2894  2894 E pageboostd: Received HALT command code 2
06-30 16:45:15.399 27856 27856 D LifecycleMonitor: Lifecycle status change: com.example.dogglers.GridListActivity@2289d4c in: PAUSED
06-30 16:45:15.399 27856 27856 V ActivityScenario: Activity lifecycle changed event received but ignored because the intent does not match. startActivityIntent=Intent { act=android.intent.action.MAIN cat=[android.intent.category.LAUNCHER] flg=0x10008000 cmp=com.example.dogglers/.MainActivity }, activity.getIntent()=Intent { cmp=com.example.dogglers/.GridListActivity }, activity=com.example.dogglers.GridListActivity@2289d4c
06-30 16:45:15.402  1282  2386 D InputDispatcher: Focused application(0): ActivityRecord{e2272c1 u0 com.example.dogglers/androidx.test.core.app.InstrumentationActivityInvoker$EmptyActivity} t303}
06-30 16:45:15.405  1282  1308 I SemPersonaManager: SecureFolder personaId = 150
06-30 16:45:15.407 27856 27856 D LifecycleMonitor: Lifecycle status change: androidx.test.core.app.InstrumentationActivityInvoker$EmptyActivity@717a515 in: PRE_ON_CREATE
06-30 16:45:15.407 27856 27856 V ActivityScenario: Activity lifecycle changed event received but ignored because the intent does not match. startActivityIntent=Intent { act=android.intent.action.MAIN cat=[android.intent.category.LAUNCHER] flg=0x10008000 cmp=com.example.dogglers/.MainActivity }, activity.getIntent()=Intent { act=android.intent.action.MAIN cat=[android.intent.category.LAUNCHER] flg=0x10000000 cmp=com.example.dogglers/androidx.test.core.app.InstrumentationActivityInvoker$EmptyActivity }, activity=androidx.test.core.app.InstrumentationActivityInvoker$EmptyActivity@717a515
06-30 16:45:15.408   873   873 I SurfaceFlinger: [a93cb3a com.example.dogglers/com.example.dogglers.GridListActivity#9269] FrameRatePriority: -1
06-30 16:45:15.409  1282  1308 D EnterpriseDeviceManagerService: isMdmAdminPresentInternal() : MDM Admin Found - com.samsung.knox.securefolder
06-30 16:45:15.410  1282  2881 I MediaSessionMonitor: Media session stopped : controllerList empty
06-30 16:45:15.411 27856 27856 I DecorView: [INFO] isPopOver=false config=true
06-30 16:45:15.411 27856 27856 I DecorView: updateCaptionType: isFloating=false isApplication=true hasWindowDecorCaption=false this=DecorView@defd4f6[]
06-30 16:45:15.411 27856 27856 D DecorView: setCaptionType = 0, this = DecorView@defd4f6[]
06-30 16:45:15.411  4690  4690 I ActivityUtils: HomePackage : com.sec.android.app.launcher, resumePackageName : com.example.dogglers
06-30 16:45:15.412 27856 27856 I DecorView: getCurrentDensityDpi: from real metrics. densityDpi=420 msg=resources_loaded
06-30 16:45:15.412 27856 27856 I DecorView: setWindowBackground: isPopOver=false color=ffffffff d=android.graphics.drawable.ColorDrawable@1026b64
06-30 16:45:15.413 27856 27856 D LifecycleMonitor: Lifecycle status change: androidx.test.core.app.InstrumentationActivityInvoker$EmptyActivity@717a515 in: CREATED
06-30 16:45:15.413 27856 27856 V ActivityScenario: Activity lifecycle changed event received but ignored because the intent does not match. startActivityIntent=Intent { act=android.intent.action.MAIN cat=[android.intent.category.LAUNCHER] flg=0x10008000 cmp=com.example.dogglers/.MainActivity }, activity.getIntent()=Intent { act=android.intent.action.MAIN cat=[android.intent.category.LAUNCHER] flg=0x10000000 cmp=com.example.dogglers/androidx.test.core.app.InstrumentationActivityInvoker$EmptyActivity }, activity=androidx.test.core.app.InstrumentationActivityInvoker$EmptyActivity@717a515
06-30 16:45:15.414 27856 27856 D LifecycleMonitor: Lifecycle status change: androidx.test.core.app.InstrumentationActivityInvoker$EmptyActivity@717a515 in: STARTED
06-30 16:45:15.414 27856 27856 V ActivityScenario: Activity lifecycle changed event received but ignored because the intent does not match. startActivityIntent=Intent { act=android.intent.action.MAIN cat=[android.intent.category.LAUNCHER] flg=0x10008000 cmp=com.example.dogglers/.MainActivity }, activity.getIntent()=Intent { act=android.intent.action.MAIN cat=[android.intent.category.LAUNCHER] flg=0x10000000 cmp=com.example.dogglers/androidx.test.core.app.InstrumentationActivityInvoker$EmptyActivity }, activity=androidx.test.core.app.InstrumentationActivityInvoker$EmptyActivity@717a515
06-30 16:45:15.415 27856 27856 D LifecycleMonitor: Lifecycle status change: androidx.test.core.app.InstrumentationActivityInvoker$EmptyActivity@717a515 in: RESUMED
06-30 16:45:15.415 27856 27856 V ActivityScenario: Activity lifecycle changed event received but ignored because the intent does not match. startActivityIntent=Intent { act=android.intent.action.MAIN cat=[android.intent.category.LAUNCHER] flg=0x10008000 cmp=com.example.dogglers/.MainActivity }, activity.getIntent()=Intent { act=android.intent.action.MAIN cat=[android.intent.category.LAUNCHER] flg=0x10000000 cmp=com.example.dogglers/androidx.test.core.app.InstrumentationActivityInvoker$EmptyActivity }, activity=androidx.test.core.app.InstrumentationActivityInvoker$EmptyActivity@717a515
06-30 16:45:15.415 27856 27856 I MSHandlerLifeCycle: check: return. pkg=com.example.dogglers parent=null callers=com.android.internal.policy.DecorView.setVisibility:4416 android.app.ActivityThread.handleResumeActivity:5476 android.app.servertransaction.ResumeActivityItem.execute:54 android.app.servertransaction.ActivityTransactionItem.execute:45 android.app.servertransaction.TransactionExecutor.executeLifecycleState:176
06-30 16:45:15.415 27856 27856 I MSHandlerLifeCycle: removeMultiSplitHandler: no exist. decor=DecorView@defd4f6[]
06-30 16:45:15.416   873   873 D SurfaceFlinger: [input] inputWindowCommands.focusRequests size is 1
06-30 16:45:15.417   873   984 D SurfaceFlinger: [input] setFocusedWindow: <null>
06-30 16:45:15.417  1282  1815 D InputDispatcher: Focus left window (0): a93cb3a com.example.dogglers/com.example.dogglers.GridListActivity
06-30 16:45:15.417 27856 27962 D NativeCustomFrequencyManager: [NativeCFMS] BpCustomFrequencyManager::BpCustomFrequencyManager()
06-30 16:45:15.418  1282  1815 D InputTransport: Input channel constructed: '8bdac84', fd=1108
06-30 16:45:15.418  1282  1815 D InputTransport: Input channel constructed: '8bdac84', fd=1112
06-30 16:45:15.418  1282  1815 D InputTransport: Input channel constructed: '8bdac84', fd=1119
06-30 16:45:15.419   873  1054 I SurfaceFlinger: id=9287 createSurf flag=80004, 8bdac84 com.example.dogglers/androidx.test.core.app.InstrumentationActivityInvoker$EmptyActivity#9287
06-30 16:45:15.419  1282  1815 D InputTransport: Input channel destroyed: '8bdac84', fd=1119
06-30 16:45:15.420 27856 27856 D InsetsController: onStateChanged: InsetsState: {mDisplayFrame=Rect(0, 0 - 1080, 2400), mDisplayCutout=DisplayCutout{insets=Rect(0, 78 - 0, 0) waterfall=Insets{left=0, top=0, right=0, bottom=0} boundingRect={Bounds=[Rect(0, 0 - 0, 0), Rect(690, 0 - 750, 78), Rect(0, 0 - 0, 0), Rect(0, 0 - 0, 0)]} cutoutPathParserInfo={CutoutPathParserInfo{displayWidth=1080 displayHeight=2400 physicalDisplayWidth=1440 physicalDisplayHeight=3200 density={3.0} cutoutSpec={M 0,0 H -10 V 26 H 10 V 0 H 0 Z @dp} rotation={0} scale={1.0} physicalPixelDisplaySizeRatio={1.0}}}}, mRoundedCorners=RoundedCorners{[RoundedCorner{position=TopLeft, radius=63, center=Point(63, 63)}, RoundedCorner{position=TopRight, radius=63, center=Point(1017, 63)}, RoundedCorner{position=BottomRight, radius=63, center=Point(1017, 2337)}, RoundedCorner{position=BottomLeft, radius=63, center=Point(63, 2337)}]}  mRoundedCornerFrame=Rect(0, 0 - 1080, 2400), mPrivacyIndicatorBounds=PrivacyIndicatorBounds {static bounds=Rect(964, 0 - 1080, 78) rotation=0}, mSources= { InsetsSource: {mType=ITYPE_STATUS_BAR, mFrame=[0,0][1080,78], mVisible=true, mInsetsRoundedCornerFrame=false}, InsetsSource: {mType=ITYPE_NAVIGATION_BAR, mFrame=[0,2400][1080,2400], mVisible=true, mInsetsRoundedCornerFrame=false}, InsetsSource: {mType=ITYPE_LEFT_GESTURES, mFrame=[0,0][0,2400], mVisible=true, mInsetsRoundedCornerFrame=false}, InsetsSource: {mType=ITYPE_RIGHT_GESTURES, mFrame=[1080,0][1080,2400], mVisible=true, mInsetsRoundedCornerFrame=false}, InsetsSource: {mType=ITYPE_TOP_MANDATORY_GESTURES, mFrame=[0,0][1080,110], mVisible=true, mInsetsRoundedCornerFrame=false}, InsetsSource: {mType=ITYPE_BOTTOM_MANDATORY_GESTURES, mFrame=[0,2348][1080,2400], mVisible=true, mInsetsRoundedCornerFrame=false}, InsetsSource: {mType=ITYPE_LEFT_DISPLAY_CUTOUT, mFrame=[0,0][-100000,2400], mVisible=true, mInsetsRoundedCornerFrame=false}, InsetsSource: {mType=ITYPE_TOP_DISPLAY_CUTOUT, mFrame=[0,0][1080,78], mVisible=true, mInsetsRoundedCornerFrame=false}, InsetsSource: {mType=ITYPE_RIGHT_DISPLAY_CUTOUT, mFrame=[100000,0][1080,2400], mVisible=true, mInsetsRoundedCornerFrame=false}, InsetsSource: {mType=ITYPE_BOTTOM_DISPLAY_CUTOUT, mFrame=[0,100000][1080,2400], mVisible=true, mInsetsRoundedCornerFrame=false}, InsetsSource: {mType=ITYPE_TOP_TAPPABLE_ELEMENT, mFrame=[0,0][1080,78], mVisible=true, mInsetsRoundedCornerFrame=false}, InsetsSource: {mType=ITYPE_BOTTOM_TAPPABLE_ELEMENT, mFrame=[0,0][0,0], mVisible=true, mInsetsRoundedCornerFrame=false} } host=com.example.dogglers/androidx.test.core.app.InstrumentationActivityInvoker$EmptyActivity from=android.view.ViewRootImpl.setView:1732
06-30 16:45:15.421 27856 27856 I ViewRootImpl@46b8593[InstrumentationActivityInvoker$EmptyActivity]: setView = com.android.internal.policy.DecorView@defd4f6 TM=true
06-30 16:45:15.421 27856 27856 I MSHandlerLifeCycle: removeMultiSplitHandler: no exist. decor=DecorView@defd4f6[InstrumentationActivityInvoker$EmptyActivity]
06-30 16:45:15.421  1282  1399 D AnalyticsContainerHandler: handleMessage : { when=0 what=1 target=com.android.server.knox.KnoxAnalyticsContainer$AnalyticsHandler }
06-30 16:45:15.423  1282  1652 D SemNscXgbMsL1: Probability - Cloud gaming: [0.2770793]
06-30 16:45:15.423  1282  1652 D SemNscXgbMsL1: Probability - Real time: [0.048475586]
06-30 16:45:15.423  1282  1652 D SemNscXgbMsL1: Probability - Non real time: [0.99914193]
06-30 16:45:15.423  1282  1652 D SemNscXgbMsL1: 1 sample inference time: 0.177154 msecs
06-30 16:45:15.423  1282  1652 D SemNscXgbL2Rt: L2 RT 1 sample inference time: 0.376462 msecs
06-30 16:45:15.424  1282  1652 D SemNscXgbL2Nrt: L2 NRT 1 sample inference time: 0.291577 msecs
06-30 16:45:15.427 27856 27856 I ViewRootImpl@46b8593[InstrumentationActivityInvoker$EmptyActivity]: performTraversals params={(0,0)(fillxfill) sim={adjust=pan forwardNavigation} ty=BASE_APPLICATION
06-30 16:45:15.427 27856 27856 I ViewRootImpl@46b8593[InstrumentationActivityInvoker$EmptyActivity]:   fl=81810100
06-30 16:45:15.427 27856 27856 I ViewRootImpl@46b8593[InstrumentationActivityInvoker$EmptyActivity]:   pfl=12020040
06-30 16:45:15.427 27856 27856 I ViewRootImpl@46b8593[InstrumentationActivityInvoker$EmptyActivity]:   bhv=DEFAULT
06-30 16:45:15.427 27856 27856 I ViewRootImpl@46b8593[InstrumentationActivityInvoker$EmptyActivity]:   fitSides= naviIconColor=0}
06-30 16:45:15.428 27856 27856 I ViewRootImpl@46b8593[InstrumentationActivityInvoker$EmptyActivity]: performTraversals mFirst=true windowShouldResize=true viewVisibilityChanged=false mForceNextWindowRelayout=false params={(0,0)(fillxfill) sim={adjust=pan forwardNavigation} ty=BASE_APPLICATION
06-30 16:45:15.428 27856 27856 I ViewRootImpl@46b8593[InstrumentationActivityInvoker$EmptyActivity]:   fl=81810100
06-30 16:45:15.428 27856 27856 I ViewRootImpl@46b8593[InstrumentationActivityInvoker$EmptyActivity]:   pfl=12020040
06-30 16:45:15.428 27856 27856 I ViewRootImpl@46b8593[InstrumentationActivityInvoker$EmptyActivity]:   bhv=DEFAULT
06-30 16:45:15.428 27856 27856 I ViewRootImpl@46b8593[InstrumentationActivityInvoker$EmptyActivity]:   fitSides= naviIconColor=0}
06-30 16:45:15.428  1282  1815 V WindowManager: Relayout Window{8bdac84 u0 com.example.dogglers/androidx.test.core.app.InstrumentationActivityInvoker$EmptyActivity}: viewVisibility=0 req=1080x2400 d0
06-30 16:45:15.429   873  1054 I SurfaceFlinger: id=9288 createSurf flag=40004, com.example.dogglers/androidx.test.core.app.InstrumentationActivityInvoker$EmptyActivity$_27856#9288
06-30 16:45:15.430   873  1054 I SurfaceFlinger: id=9289 createSurf flag=24000, Surface(name=1c611dd StatusBar)/@0xee99fdd - animation-leash of insets_animation#9289
06-30 16:45:15.431   873  1054 I SurfaceFlinger: id=9290 createSurf flag=24000, Surface(name=37aeaf NavigationBar0)/@0x2817b20 - animation-leash of insets_animation#9290
06-30 16:45:15.431  1282  1815 V WindowManager: Relayout hash=8bdac84, pid=27856, syncId=-1: mAttrs={(0,0)(fillxfill) sim={adjust=pan forwardNavigation} ty=BASE_APPLICATION
06-30 16:45:15.431  1282  1815 V WindowManager:   fl=81810100
06-30 16:45:15.431  1282  1815 V WindowManager:   pfl=12020040
06-30 16:45:15.431  1282  1815 V WindowManager:   bhv=DEFAULT
06-30 16:45:15.431  1282  1815 V WindowManager:   fitSides= naviIconColor=0}
06-30 16:45:15.433 27856 27856 D InsetsController: onStateChanged: InsetsState: {mDisplayFrame=Rect(0, 0 - 1080, 2400), mDisplayCutout=DisplayCutout{insets=Rect(0, 78 - 0, 0) waterfall=Insets{left=0, top=0, right=0, bottom=0} boundingRect={Bounds=[Rect(0, 0 - 0, 0), Rect(690, 0 - 750, 78), Rect(0, 0 - 0, 0), Rect(0, 0 - 0, 0)]} cutoutPathParserInfo={CutoutPathParserInfo{displayWidth=1080 displayHeight=2400 physicalDisplayWidth=1440 physicalDisplayHeight=3200 density={3.0} cutoutSpec={M 0,0 H -10 V 26 H 10 V 0 H 0 Z @dp} rotation={0} scale={1.0} physicalPixelDisplaySizeRatio={1.0}}}}, mRoundedCorners=RoundedCorners{[RoundedCorner{position=TopLeft, radius=63, center=Point(63, 63)}, RoundedCorner{position=TopRight, radius=63, center=Point(1017, 63)}, RoundedCorner{position=BottomRight, radius=63, center=Point(1017, 2337)}, RoundedCorner{position=BottomLeft, radius=63, center=Point(63, 2337)}]}  mRoundedCornerFrame=Rect(0, 0 - 1080, 2400), mPrivacyIndicatorBounds=PrivacyIndicatorBounds {static bounds=Rect(964, 0 - 1080, 78) rotation=0}, mSources= { InsetsSource: {mType=ITYPE_STATUS_BAR, mFrame=[0,0][1080,78], mVisible=true, mInsetsRoundedCornerFrame=false}, InsetsSource: {mType=ITYPE_NAVIGATION_BAR, mFrame=[0,2400][1080,2400], mVisible=true, mInsetsRoundedCornerFrame=false}, InsetsSource: {mType=ITYPE_LEFT_GESTURES, mFrame=[0,0][0,2400], mVisible=true, mInsetsRoundedCornerFrame=false}, InsetsSource: {mType=ITYPE_RIGHT_GESTURES, mFrame=[1080,0][1080,2400], mVisible=true, mInsetsRoundedCornerFrame=false}, InsetsSource: {mType=ITYPE_TOP_MANDATORY_GESTURES, mFrame=[0,0][1080,110], mVisible=true, mInsetsRoundedCornerFrame=false}, InsetsSource: {mType=ITYPE_BOTTOM_MANDATORY_GESTURES, mFrame=[0,2348][1080,2400], mVisible=true, mInsetsRoundedCornerFrame=false}, InsetsSource: {mType=ITYPE_LEFT_DISPLAY_CUTOUT, mFrame=[0,0][-100000,2400], mVisible=true, mInsetsRoundedCornerFrame=false}, InsetsSource: {mType=ITYPE_TOP_DISPLAY_CUTOUT, mFrame=[0,0][1080,78], mVisible=true, mInsetsRoundedCornerFrame=false}, InsetsSource: {mType=ITYPE_RIGHT_DISPLAY_CUTOUT, mFrame=[100000,0][1080,2400], mVisible=true, mInsetsRoundedCornerFrame=false}, InsetsSource: {mType=ITYPE_BOTTOM_DISPLAY_CUTOUT, mFrame=[0,100000][1080,2400], mVisible=true, mInsetsRoundedCornerFrame=false}, InsetsSource: {mType=ITYPE_TOP_TAPPABLE_ELEMENT, mFrame=[0,0][1080,78], mVisible=true, mInsetsRoundedCornerFrame=false}, InsetsSource: {mType=ITYPE_BOTTOM_TAPPABLE_ELEMENT, mFrame=[0,0][0,0], mVisible=true, mInsetsRoundedCornerFrame=false}, InsetsSource: {mType=ITYPE_IME, mFrame=[0,0][0,0], mVisibleFrame=[0,1478][1080,2400], mVisible=false, mInsetsRoundedCornerFrame=false} } host=com.example.dogglers/androidx.test.core.app.InstrumentationActivityInvoker$EmptyActivity from=android.view.ViewRootImpl.relayoutWindow:9802
06-30 16:45:15.433 27856 27856 I ViewRootImpl@46b8593[InstrumentationActivityInvoker$EmptyActivity]: updateBlastSurfaceIfNeeded mBlastBufferQueue=null isSameSurfaceControl=false
06-30 16:45:15.434 27856 27856 I BLASTBufferQueue: new BLASTBufferQueue, mName= ViewRootImpl@46b8593[InstrumentationActivityInvoker$EmptyActivity] mNativeObject= 0x7c597a4610 sc.mNativeObject= 0x7be97b5590 caller= android.view.ViewRootImpl.updateBlastSurfaceIfNeeded:2909 android.view.ViewRootImpl.relayoutWindow:9847 android.view.ViewRootImpl.performTraversals:3884 android.view.ViewRootImpl.doTraversal:3116 android.view.ViewRootImpl$TraversalRunnable.run:10885 android.view.Choreographer$CallbackRecord.run:1301 android.view.Choreographer$CallbackRecord.run:1309 android.view.Choreographer.doCallbacks:923 android.view.Choreographer.doFrame:852 android.view.Choreographer$FrameDisplayEventReceiver.run:1283
06-30 16:45:15.434 27856 27856 I BLASTBufferQueue: update, w= 1080 h= 2400 mName = ViewRootImpl@46b8593[InstrumentationActivityInvoker$EmptyActivity] mNativeObject= 0x7c597a4610 sc.mNativeObject= 0x7be97b5590 format= -1 caller= android.graphics.BLASTBufferQueue.<init>:84 android.view.ViewRootImpl.updateBlastSurfaceIfNeeded:2909 android.view.ViewRootImpl.relayoutWindow:9847 android.view.ViewRootImpl.performTraversals:3884 android.view.ViewRootImpl.doTraversal:3116 android.view.ViewRootImpl$TraversalRunnable.run:10885
06-30 16:45:15.434 27856 27856 I ViewRootImpl@46b8593[InstrumentationActivityInvoker$EmptyActivity]: Relayout returned: old=(0,0,1080,2400) new=(0,0,1080,2400) req=(1080,2400)0 dur=5 res=0x3 s={true 0x7ce9803ee0} ch=true seqId=0
06-30 16:45:15.435 27856 27962 D OpenGLRenderer: eglCreateWindowSurface
06-30 16:45:15.435 27856 27856 I ViewRootImpl@46b8593[InstrumentationActivityInvoker$EmptyActivity]: mThreadedRenderer.initialize() mSurface={isValid=true 0x7ce9803ee0} hwInitialized=true
06-30 16:45:15.435   782   782 D gralloc : [mali_gralloc_allocate] begin
06-30 16:45:15.435   782   782 D gralloc : buffer_descriptor: wh(1080 2400) usage_pc(0x40000000000b00 0x40000000000b00) hal_format(0x1) layer_count(1) sizes(0 0 0) strde(0) byte_stride(0) alloc_wh(0 0) internal_format(0x0) alloc_format(0x0) fd_count(1) plane_count(0)
06-30 16:45:15.435 27856 27856 I ViewRootImpl@46b8593[InstrumentationActivityInvoker$EmptyActivity]: reportNextDraw android.view.ViewRootImpl.performTraversals:4438 android.view.ViewRootImpl.doTraversal:3116 android.view.ViewRootImpl$TraversalRunnable.run:10885 android.view.Choreographer$CallbackRecord.run:1301 android.view.Choreographer$CallbackRecord.run:1309
06-30 16:45:15.436 27856 27856 I ViewRootImpl@46b8593[InstrumentationActivityInvoker$EmptyActivity]: Setup new sync id=0
06-30 16:45:15.436 27856 27856 I ViewRootImpl@46b8593[InstrumentationActivityInvoker$EmptyActivity]: Setting syncFrameCallback
06-30 16:45:15.436 27856 27856 I ViewRootImpl@46b8593[InstrumentationActivityInvoker$EmptyActivity]: registerCallbacksForSync syncBuffer=false
06-30 16:45:15.436 27856 28012 I ViewRootImpl@46b8593[InstrumentationActivityInvoker$EmptyActivity]: Received frameDrawingCallback syncResult=0 frameNum=1.
06-30 16:45:15.436 27856 28012 I ViewRootImpl@46b8593[InstrumentationActivityInvoker$EmptyActivity]: Setting up sync and frameCommitCallback
06-30 16:45:15.436   782   782 D gralloc : [mali_gralloc_allocate] allocation successful
06-30 16:45:15.437   782   782 D gralloc : [mali_gralloc_allocate] begin
06-30 16:45:15.437   782   782 D gralloc : buffer_descriptor: wh(1080 2400) usage_pc(0x40000000000b00 0x40000000000b00) hal_format(0x1) layer_count(1) sizes(0 0 0) strde(0) byte_stride(0) alloc_wh(0 0) internal_format(0x0) alloc_format(0x0) fd_count(1) plane_count(0)
06-30 16:45:15.438   782   782 D gralloc : [mali_gralloc_allocate] allocation successful
06-30 16:45:15.438 27856 27962 I BLASTBufferQueue: [ViewRootImpl@46b8593[InstrumentationActivityInvoker$EmptyActivity]#7](f:0,a:0) onFrameAvailable the first frame is available
06-30 16:45:15.438   782   782 D gralloc : [mali_gralloc_allocate] begin
06-30 16:45:15.438   782   782 D gralloc : buffer_descriptor: wh(1080 2400) usage_pc(0x40000000000b00 0x40000000000b00) hal_format(0x1) layer_count(1) sizes(0 0 0) strde(0) byte_stride(0) alloc_wh(0 0) internal_format(0x0) alloc_format(0x0) fd_count(1) plane_count(0)
06-30 16:45:15.439 27856 27962 I ViewRootImpl@46b8593[InstrumentationActivityInvoker$EmptyActivity]: Received frameCommittedCallback lastAttemptedDrawFrameNum=1 didProduceBuffer=true
06-30 16:45:15.439 27856 27962 D OpenGLRenderer: CFMS:: SetUp Pid : 27856    Tid : 27962
06-30 16:45:15.439 27856 27962 W Parcel  : Expecting binder but got null!
06-30 16:45:15.439 27856 27856 I ViewRootImpl@46b8593[InstrumentationActivityInvoker$EmptyActivity]: onSyncComplete
06-30 16:45:15.439 27856 27856 I ViewRootImpl@46b8593[InstrumentationActivityInvoker$EmptyActivity]: setupSync seqId=0 mSyncId=0 fn=1 caller=android.view.ViewRootImpl$$ExternalSyntheticLambda11.accept:6 android.window.SurfaceSyncer.lambda$setupSync$1$android-window-SurfaceSyncer:128 android.window.SurfaceSyncer$$ExternalSyntheticLambda1.accept:8 android.window.SurfaceSyncer$SyncSet.checkIfSyncIsComplete:382 android.window.SurfaceSyncer$SyncSet.markSyncReady:359 android.window.SurfaceSyncer.markSyncReady:151 android.view.ViewRootImpl.performTraversals:4503
06-30 16:45:15.440   782   782 D gralloc : [mali_gralloc_allocate] allocation successful
06-30 16:45:15.440 27856 27856 I ViewRootImpl@46b8593[InstrumentationActivityInvoker$EmptyActivity]: reportDrawFinished seqId=0 mSyncId=-1 fn=1 mSurfaceChangedTransaction=0x7c1978d590
06-30 16:45:15.440   782   782 D gralloc : [mali_gralloc_allocate] begin
06-30 16:45:15.440   782   782 D gralloc : buffer_descriptor: wh(1080 2400) usage_pc(0x40000000000b00 0x40000000000b00) hal_format(0x1) layer_count(1) sizes(0 0 0) strde(0) byte_stride(0) alloc_wh(0 0) internal_format(0x0) alloc_format(0x0) fd_count(1) plane_count(0)
06-30 16:45:15.440 27856 27856 I ViewRootImpl@ab6f414[GridListActivity]: MSG_WINDOW_FOCUS_CHANGED 0 0
06-30 16:45:15.441   782   782 D gralloc : [mali_gralloc_allocate] allocation successful
06-30 16:45:15.441   873   873 I Layer   : id=9271 removeFromCurrentState Surface(name=1c611dd StatusBar)/@0xee99fdd - animation-leash of insets_animation#9271 (137)
06-30 16:45:15.441   873   873 I Layer   : id=9272 removeFromCurrentState Surface(name=37aeaf NavigationBar0)/@0x2817b20 - animation-leash of insets_animation#9272 (137)
06-30 16:45:15.441   873   873 I SurfaceFlinger: [8bdac84 com.example.dogglers/androidx.test.core.app.InstrumentationActivityInvoker$EmptyActivity#9287] FrameRatePriority: 1
06-30 16:45:15.441   873   873 D SurfaceFlinger: [input] inputWindowCommands.focusRequests size is 1
06-30 16:45:15.443   873   984 D SurfaceFlinger: [input] setFocusedWindow: 8bdac84 com.example.dogglers/androidx.test.core.app.InstrumentationActivityInvoker$EmptyActivity
06-30 16:45:15.443  1282  4455 D InputDispatcher: Focus request (0): 8bdac84 com.example.dogglers/androidx.test.core.app.InstrumentationActivityInvoker$EmptyActivity but waiting because NOT_VISIBLE
06-30 16:45:15.444  1282  1305 I ActivityTaskManager: Displayed com.example.dogglers/androidx.test.core.app.InstrumentationActivityInvoker$EmptyActivity: +48ms
06-30 16:45:15.445  2894  2894 E pageboostd: Received HALT command code 2
06-30 16:45:15.446   873   908 I SurfaceFlinger: id=9291 createSurf flag=80000, adf17a8 ActivityRecordInputSink com.example.dogglers/androidx.test.core.app.InstrumentationActivityInvoker$EmptyActivity#9291
06-30 16:45:15.449  1282  1309 I SemDvfsHyPerManager: acquire hyper - AMS_RESUME_TAIL/1282@20, type = -999
06-30 16:45:15.449  1282  1309 I SemDvfsHyPerManager: acquire hyper - AMS_ACT_LAZY/1282@21, type = -999
06-30 16:45:15.449   795   895 I HYPER-HAL: [RequestManager.cpp]acquire(): Acquired ID : 848273  [1282 / 20]    HINT : AMS_RESUME_TAIL    list :
06-30 16:45:15.449   873  1054 I SurfaceFlinger: id=9272 Removed Surface(name=37aeaf NavigationBar0)/@0x2817b20 - animation-leash of insets_animation#9272 (138)
06-30 16:45:15.449   795   895 I HYPER-HAL: [ResourceManager.cpp]updateResource(): [CPUMinFreq] UpdateResource Request ID : 848273    Value : 1844882
06-30 16:45:15.449   873  1054 I SurfaceFlinger: id=9271 Removed Surface(name=1c611dd StatusBar)/@0xee99fdd - animation-leash of insets_animation#9271 (138)
06-30 16:45:15.449   873   873 I Layer   : id=9275 removeFromCurrentState DimAnimationLayer for ActivityRecord{c016b8a u0 com.example.dogglers/.GridListActivity} t303}#9275 (138)
06-30 16:45:15.449   795   895 I HYPER-HAL: [ResourceManager.cpp]removeResource(): [CPUMinFreq] RemoveResource Request ID : 845668
06-30 16:45:15.449   873   873 I Layer   : Layer [com.example.dogglers/androidx.test.core.app.InstrumentationActivityInvoker$EmptyActivity$_27856#9288] hidden!! flag(0)
06-30 16:45:15.449   795   895 I HYPER-HAL: [RequestManager.cpp]releaseLocked(): Released ID : 845668
06-30 16:45:15.449   873   873 I SurfaceFlinger: id=9275 Removed DimAnimationLayer for ActivityRecord{c016b8a u0 com.example.dogglers/.GridListActivity} t303}#9275 (138)
06-30 16:45:15.449   873   873 I Layer   : id=9271 Destroyed Surface(name=1c611dd StatusBar)/@0xee99fdd - animation-leash of insets_animation#9271
06-30 16:45:15.450   873   873 I Layer   : id=9272 Destroyed Surface(name=37aeaf NavigationBar0)/@0x2817b20 - animation-leash of insets_animation#9272
06-30 16:45:15.451  1282  1815 D InputDispatcher: Focus entered window (0): 8bdac84 com.example.dogglers/androidx.test.core.app.InstrumentationActivityInvoker$EmptyActivity
06-30 16:45:15.451   873   873 I Layer   : id=9275 Destroyed DimAnimationLayer for ActivityRecord{c016b8a u0 com.example.dogglers/.GridListActivity} t303}#9275
06-30 16:45:15.454 27856 27856 D LifecycleMonitor: Lifecycle status change: androidx.test.core.app.InstrumentationActivityInvoker$EmptyActivity@717a515 in: PAUSED
06-30 16:45:15.454 27856 27856 V ActivityScenario: Activity lifecycle changed event received but ignored because the intent does not match. startActivityIntent=Intent { act=android.intent.action.MAIN cat=[android.intent.category.LAUNCHER] flg=0x10008000 cmp=com.example.dogglers/.MainActivity }, activity.getIntent()=Intent { act=android.intent.action.MAIN cat=[android.intent.category.LAUNCHER] flg=0x10000000 cmp=com.example.dogglers/androidx.test.core.app.InstrumentationActivityInvoker$EmptyActivity }, activity=androidx.test.core.app.InstrumentationActivityInvoker$EmptyActivity@717a515
06-30 16:45:15.454  1282  2386 I SemDvfsHyPerManager: acquire hyper - AMS_ACT_RESUME/1282@32, type = -999
06-30 16:45:15.454   795   895 I HYPER-HAL: [RequestManager.cpp]acquire(): Acquired ID : 863987  [1282 / 32]    HINT : AMS_ACT_RESUME    list :
06-30 16:45:15.454   873   873 D SurfaceFlinger: Display 4633128672291735937 HWC layers:
06-30 16:45:15.454   873   873 D SurfaceFlinger:      DEVICE | 0x718d86bc50 | 0102 | RGBA_8888    |    0.0    0.0 1080.0 2387.0 |    0   13 1080 2400 | com.example.dogglers/com.example.dogglers.GridListActivity$_27856#9270
06-30 16:45:15.454   873   873 D SurfaceFlinger:      DEVICE | 0x718d865830 | 0102 | RGBA_8888    |    0.0    0.0 1080.0 2400.0 |    0    0 1080 2400 | com.example.dogglers/androidx.test.c[...]ityInvoker$EmptyActivity$_27856#9288
06-30 16:45:15.454   873   873 D SurfaceFlinger:      DEVICE | 0x718d8724f0 | 0100 | RGBA_8888    |    0.0    0.0 1080.0   78.0 |    0    0 1080   78 | StatusBar$_1751#88
06-30 16:45:15.454   873   873 D SurfaceFlinger:      DEVICE | 0x718d8202f0 | 0100 | RGBA_8888    |    0.0    0.0   67.0  493.0 |    0 1188   67 1681 | com.samsung.android.app.cocktailbars[...]ervice.CocktailBarService$_4690#9140
06-30 16:45:15.454   873   873 D SurfaceFlinger:      DEVICE | 0x718d862350 | 0100 | RGBA_8888    |    0.0    0.0  388.0   48.0 |  692 2352 1080 2400 | SGestureOverlayWindow$_2243#9132
06-30 16:45:15.454   873   873 D SurfaceFlinger:      DEVICE | 0x718d856650 | 0100 | RGBA_8888    |    0.0    0.0 1080.0  126.0 |    0 2274 1080 2400 | NavigationBar0$_1751#83
06-30 16:45:15.454   873   873 D SurfaceFlinger:
06-30 16:45:15.455  1282  2386 D InputDispatcher: Focused application(0): ActivityRecord{c016b8a u0 com.example.dogglers/.GridListActivity} t303}
06-30 16:45:15.455   795   895 I HYPER-HAL: [ResourceManager.cpp]updateResource(): [CPUMinFreq] UpdateResource Request ID : 863987    Value : 1687587
06-30 16:45:15.455   873  1054 I SurfaceFlinger: id=9292 createSurf flag=24000, Surface(name=1c611dd StatusBar)/@0xee99fdd - animation-leash of insets_animation#9292
06-30 16:45:15.456   873   909 I SurfaceFlinger: id=9293 createSurf flag=24000, Surface(name=37aeaf NavigationBar0)/@0x2817b20 - animation-leash of insets_animation#9293
06-30 16:45:15.459  1282  1815 D InputDispatcher: Focus left window (0): 8bdac84 com.example.dogglers/androidx.test.core.app.InstrumentationActivityInvoker$EmptyActivity
06-30 16:45:15.460 27856 27856 I ViewRootImpl@46b8593[InstrumentationActivityInvoker$EmptyActivity]: MSG_WINDOW_FOCUS_CHANGED 0 0
06-30 16:45:15.460  1282  1308 I SemPersonaManager: SecureFolder personaId = 150
06-30 16:45:15.461 27856 27856 I ViewRootImpl@ab6f414[GridListActivity]: stopped(false) old = false
06-30 16:45:15.461 27856 27856 D LifecycleMonitor: Lifecycle status change: com.example.dogglers.GridListActivity@2289d4c in: RESUMED
06-30 16:45:15.461 27856 27856 V ActivityScenario: Activity lifecycle changed event received but ignored because the intent does not match. startActivityIntent=Intent { act=android.intent.action.MAIN cat=[android.intent.category.LAUNCHER] flg=0x10008000 cmp=com.example.dogglers/.MainActivity }, activity.getIntent()=Intent { cmp=com.example.dogglers/.GridListActivity }, activity=com.example.dogglers.GridListActivity@2289d4c
06-30 16:45:15.462 27856 27856 I MSHandlerLifeCycle: removeMultiSplitHandler: no exist. decor=DecorView@3fb49e4[GridListActivity]
06-30 16:45:15.463  1282  1399 D AnalyticsContainerHandler: handleMessage : { when=0 what=1 target=com.android.server.knox.KnoxAnalyticsContainer$AnalyticsHandler }
06-30 16:45:15.463 27856 27856 I ViewRootImpl@46b8593[InstrumentationActivityInvoker$EmptyActivity]: handleAppVisibility mAppVisible = true visible = false
06-30 16:45:15.463 27856 27856 I ViewRootImpl@46b8593[InstrumentationActivityInvoker$EmptyActivity]: MSG_WINDOW_FOCUS_CHANGED 0 0
06-30 16:45:15.465  1282  1308 D EnterpriseDeviceManagerService: isMdmAdminPresentInternal() : MDM Admin Found - com.samsung.knox.securefolder
06-30 16:45:15.465  1282  2881 I MediaSessionMonitor: Media session stopped : controllerList empty
06-30 16:45:15.466   873   873 I Layer   : id=9289 removeFromCurrentState Surface(name=1c611dd StatusBar)/@0xee99fdd - animation-leash of insets_animation#9289 (137)
06-30 16:45:15.466   873   873 I Layer   : id=9290 removeFromCurrentState Surface(name=37aeaf NavigationBar0)/@0x2817b20 - animation-leash of insets_animation#9290 (137)
06-30 16:45:15.466   873   873 I SurfaceFlinger: [a93cb3a com.example.dogglers/com.example.dogglers.GridListActivity#9269] FrameRatePriority: 1
06-30 16:45:15.466   873   873 I SurfaceFlinger: [8bdac84 com.example.dogglers/androidx.test.core.app.InstrumentationActivityInvoker$EmptyActivity#9287] FrameRatePriority: -1
06-30 16:45:15.466   873   873 I Layer   : Layer [com.example.dogglers/androidx.test.core.app.InstrumentationActivityInvoker$EmptyActivity$_27856#9288] hidden!! flag(1)
06-30 16:45:15.466   873   873 D SurfaceFlinger: [input] inputWindowCommands.focusRequests size is 1
06-30 16:45:15.466   873   873 I SurfaceFlinger: id=9289 Removed Surface(name=1c611dd StatusBar)/@0xee99fdd - animation-leash of insets_animation#9289 (137)
06-30 16:45:15.466   873   873 I SurfaceFlinger: id=9290 Removed Surface(name=37aeaf NavigationBar0)/@0x2817b20 - animation-leash of insets_animation#9290 (137)
06-30 16:45:15.466   873   873 I Layer   : id=9289 Destroyed Surface(name=1c611dd StatusBar)/@0xee99fdd - animation-leash of insets_animation#9289
06-30 16:45:15.466   873   873 I Layer   : id=9290 Destroyed Surface(name=37aeaf NavigationBar0)/@0x2817b20 - animation-leash of insets_animation#9290
06-30 16:45:15.467  4690  4690 I ActivityUtils: HomePackage : com.sec.android.app.launcher, resumePackageName : com.example.dogglers
06-30 16:45:15.467 27856 27962 D OpenGLRenderer: setSurface called with nullptr
06-30 16:45:15.467 27856 27962 D OpenGLRenderer: setSurface() destroyed EGLSurface
06-30 16:45:15.467 27856 27962 D OpenGLRenderer: destroyEglSurface
06-30 16:45:15.467   873   984 D SurfaceFlinger: [input] setFocusedWindow: a93cb3a com.example.dogglers/com.example.dogglers.GridListActivity
06-30 16:45:15.468  1282  1815 D InputDispatcher: Focus entered window (0): a93cb3a com.example.dogglers/com.example.dogglers.GridListActivity
06-30 16:45:15.468 27856 27856 I ViewRootImpl@46b8593[InstrumentationActivityInvoker$EmptyActivity]: performTraversals mFirst=false windowShouldResize=false viewVisibilityChanged=true mForceNextWindowRelayout=false params=null
06-30 16:45:15.468  1282  1815 V WindowManager: Relayout Window{8bdac84 u0 com.example.dogglers/androidx.test.core.app.InstrumentationActivityInvoker$EmptyActivity}: viewVisibility=8 req=1080x2400 d0
06-30 16:45:15.471  1282  1815 V WindowManager: Relayout hash=8bdac84, pid=27856, syncId=-1: mAttrs={(0,0)(fillxfill) sim={adjust=pan forwardNavigation} ty=BASE_APPLICATION
06-30 16:45:15.471  1282  1815 V WindowManager:   fl=81810100
06-30 16:45:15.471  1282  1815 V WindowManager:   pfl=12020040
06-30 16:45:15.471  1282  1815 V WindowManager:   bhv=DEFAULT
06-30 16:45:15.471  1282  1815 V WindowManager:   fitSides= naviIconColor=0}
06-30 16:45:15.472   873   873 D SurfaceFlinger: Display 4633128672291735937 HWC layers:
06-30 16:45:15.472   873   873 D SurfaceFlinger:      CLIENT | 0x718d8562f0 | 0102 | RGBA_8888    |    0.0    0.0    0.0    0.0 |    0    0 1080   10 | bbq-wrapper#9284
06-30 16:45:15.472   873   873 D SurfaceFlinger:      DEVICE | 0x718d86bc50 | 0102 | RGBA_8888    |    0.0    0.0 1080.0 2390.0 |    0   10 1080 2400 | com.example.dogglers/com.example.dogglers.GridListActivity$_27856#9270
06-30 16:45:15.472   873   873 D SurfaceFlinger:      DEVICE | 0x718d8724f0 | 0100 | RGBA_8888    |    0.0    0.0 1080.0   78.0 |    0    0 1080   78 | StatusBar$_1751#88
06-30 16:45:15.472   873   873 D SurfaceFlinger:      DEVICE | 0x718d8202f0 | 0100 | RGBA_8888    |    0.0    0.0   67.0  493.0 |    0 1188   67 1681 | com.samsung.android.app.cocktailbars[...]ervice.CocktailBarService$_4690#9140
