06-30 16:45:16.764   873   909 I SurfaceFlinger: id=9338 createSurf flag=80004, Surface(name=ActivityRecord{ce12bb7 u0 com.example.dogglers/.VerticalListActivity} t304})/@0x424a4bb - animation-bounds#9338
06-30 16:45:16.764   873  2742 I SurfaceFlinger: id=9326 Removed Surface(name=37aeaf NavigationBar0)/@0x2817b20 - animation-leash of insets_animation#9326 (131)
06-30 16:45:16.764   873  2742 I SurfaceFlinger: id=9325 Removed Surface(name=1c611dd StatusBar)/@0xee99fdd - animation-leash of insets_animation#9325 (131)
06-30 16:45:16.766  1282  1305 I ActivityTaskManager: Displayed com.example.dogglers/.VerticalListActivity: +104ms
06-30 16:45:16.766  2894  2894 E pageboostd: Received HALT command code 2
06-30 16:45:16.767   873  2742 I SurfaceFlinger: id=9339 createSurf flag=80000, dade2b6 ActivityRecordInputSink com.example.dogglers/.VerticalListActivity#9339
06-30 16:45:16.769  1282  4455 I SemDvfsHyPerManager: acquire hyper - AMS_RESUME_TAIL/1282@20, type = -999
06-30 16:45:16.769  1282  4455 I SemDvfsHyPerManager: acquire hyper - AMS_ACT_LAZY/1282@21, type = -999
06-30 16:45:16.769   795   895 I HYPER-HAL: [RequestManager.cpp]acquire(): Acquired ID : 848273  [1282 / 20]    HINT : AMS_RESUME_TAIL    list :
06-30 16:45:16.769   795   895 I HYPER-HAL: [ResourceManager.cpp]updateResource(): [CPUMinFreq] UpdateResource Request ID : 848273    Value : 1844882
06-30 16:45:16.770   795   895 I HYPER-HAL: [ResourceManager.cpp]removeResource(): [CPUMinFreq] RemoveResource Request ID : 845668
06-30 16:45:16.770   795   895 I HYPER-HAL: [RequestManager.cpp]releaseLocked(): Released ID : 845668
06-30 16:45:16.771   873   873 I Layer   : Layer [com.example.dogglers/com.example.dogglers.VerticalListActivity$_27856#9331] hidden!! flag(0)
06-30 16:45:16.771   873   873 I Layer   : id=9325 Destroyed Surface(name=1c611dd StatusBar)/@0xee99fdd - animation-leash of insets_animation#9325
06-30 16:45:16.771   873   873 I Layer   : id=9326 Destroyed Surface(name=37aeaf NavigationBar0)/@0x2817b20 - animation-leash of insets_animation#9326
06-30 16:45:16.773   782   782 D gralloc : [mali_gralloc_allocate] begin
06-30 16:45:16.774   782   782 D gralloc : buffer_descriptor: wh(1080 1) usage_pc(0xb66 0xb06) hal_format(0x1) layer_count(1) sizes(0 0 0) strde(0) byte_stride(0) alloc_wh(0 0) internal_format(0x0) alloc_format(0x0) fd_count(1) plane_count(0)
06-30 16:45:16.774   782   782 D gralloc : [mali_gralloc_allocate] allocation successful
06-30 16:45:16.774   873   873 I Layer   : id=9340 Destroyed Screenshot Parent#9340
06-30 16:45:16.776  2243  2464 I RecentModel: onTaskStackChangedBackground
06-30 16:45:16.776   873  2742 I SurfaceFlinger: id=9341 createSurf flag=40404, Top Edge Extension#9341
06-30 16:45:16.776   873  2742 I SurfaceFlinger: id=9342 createSurf flag=400, bbq-wrapper#9342
06-30 16:45:16.777  1282 14500 I BLASTBufferQueue: [bbq-adapter#410](f:0,a:0) onFrameAvailable the first frame is available
06-30 16:45:16.778   782   782 D gralloc : [mali_gralloc_allocate] begin
06-30 16:45:16.778   782   782 D gralloc : buffer_descriptor: wh(1080 1) usage_pc(0xb66 0xb06) hal_format(0x1) layer_count(1) sizes(0 0 0) strde(0) byte_stride(0) alloc_wh(0 0) internal_format(0x0) alloc_format(0x0) fd_count(1) plane_count(0)
06-30 16:45:16.778   782   782 D gralloc : [mali_gralloc_allocate] allocation successful
06-30 16:45:16.778   873   873 I Layer   : id=9343 Destroyed Screenshot Parent#9343
06-30 16:45:16.780   873   909 I SurfaceFlinger: id=9344 createSurf flag=40404, Bottom Edge Extension#9344
06-30 16:45:16.781   873   909 I SurfaceFlinger: id=9345 createSurf flag=400, bbq-wrapper#9345
06-30 16:45:16.781  1282 14499 I BLASTBufferQueue: [bbq-adapter#411](f:0,a:0) onFrameAvailable the first frame is available
06-30 16:45:16.789   873   873 D SurfaceFlinger: Display 4633128672291735937 HWC layers:
06-30 16:45:16.789   873   873 D SurfaceFlinger:      CLIENT | 0x718d863790 | 0102 | RGBA_8888    |    0.0    0.0    0.0    0.0 |    0    0    0    0 | bbq-wrapper#9345
06-30 16:45:16.789   873   873 D SurfaceFlinger:      DEVICE | 0x718d860190 | 0102 | RGBA_8888    |    0.0    0.0 1080.0 2400.0 |    0    0 1080 2400 | com.example.dogglers/com.example.dogglers.MainActivity$_27856#9324
06-30 16:45:16.789   873   873 D SurfaceFlinger:      DEVICE | 0x718d8724f0 | 0100 | RGBA_8888    |    0.0    0.0 1080.0   78.0 |    0    0 1080   78 | StatusBar$_1751#88
06-30 16:45:16.789   873   873 D SurfaceFlinger:      DEVICE | 0x718d8202f0 | 0100 | RGBA_8888    |    0.0    0.0   67.0  493.0 |    0 1188   67 1681 | com.samsung.android.app.cocktailbars[...]ervice.CocktailBarService$_4690#9140
06-30 16:45:16.789   873   873 D SurfaceFlinger:      DEVICE | 0x718d862350 | 0100 | RGBA_8888    |    0.0    0.0  388.0   48.0 |  692 2352 1080 2400 | SGestureOverlayWindow$_2243#9132
06-30 16:45:16.789   873   873 D SurfaceFlinger:      DEVICE | 0x718d856650 | 0100 | RGBA_8888    |    0.0    0.0 1080.0  126.0 |    0 2274 1080 2400 | NavigationBar0$_1751#83
06-30 16:45:16.789   873   873 D SurfaceFlinger:
06-30 16:45:16.796   873   873 D SurfaceFlinger: GPIS:: requestGPIS
06-30 16:45:16.796  1282  2386 D InputDispatcher: Focus entered window (0): a5e70a7 com.example.dogglers/com.example.dogglers.VerticalListActivity
06-30 16:45:16.796 27856 27856 I ViewRootImpl@8f4536b[VerticalListActivity]: MSG_WINDOW_FOCUS_CHANGED 1 0
06-30 16:45:16.797 27856 27856 I ViewRootImpl@8f4536b[VerticalListActivity]: mThreadedRenderer.initializeIfNeeded()#2 mSurface={isValid=true 0x7ce9803ee0}
06-30 16:45:16.797 27856 27856 D InputMethodManager: startInputInner - Id : 0
06-30 16:45:16.797 27856 27856 I InputMethodManager: startInputInner - mService.startInputOrWindowGainedFocus
06-30 16:45:16.798  1282  2386 D InputMethodManagerService: DESKTOP MODE! : 2
06-30 16:45:16.798  1282  2386 D InputMethodManagerService: NOT IN KNOX DESKTOP MODE!
06-30 16:45:16.798  1282  2386 V InputMethodManagerService: getDisplayIdOfInputMethodWindowToBeAdded: displayId=0
06-30 16:45:16.798  1282  2386 D InputMethodManagerService: isImeSwitcherDisabledPackage : false
06-30 16:45:16.799  1282  2386 D InputMethodManagerService: checkDisplayOfStartInputAndUpdateKeyboard: displayId=0, mFocusedDisplayId=0
06-30 16:45:16.799  1282  2386 D InputTransport: Input channel constructed: 'ClientS', fd=1208
06-30 16:45:16.799  1282  2386 D InputTransport: Input channel destroyed: 'ClientS', fd=1208
06-30 16:45:16.800  6001  6001 I HBD     : HoneyBoardService onFinishInput
06-30 16:45:16.800  6001  6001 I HBD     : a IC have been unbinding,  RemoteInputConnection{idHash=#8885ab7}
06-30 16:45:16.800  6001  6001 I HBD     : HoneyBoardService [PF_CL][onFinishInput]  0 ms
06-30 16:45:16.800   873   873 D SurfaceFlinger: Display 4633128672291735937 HWC layers:
06-30 16:45:16.800   873   873 D SurfaceFlinger:      CLIENT | 0x718d863790 | 0102 | RGBA_8888    |    0.0    0.0    0.0    0.0 |    0 2396 1080 2400 | bbq-wrapper#9345
06-30 16:45:16.800   873   873 D SurfaceFlinger:      DEVICE | 0x718d84e970 | 0102 | RGBA_8888    |    0.0    4.0 1080.0 2400.0 |    0    0 1080 2396 | com.example.dogglers/com.example.dogglers.MainActivity$_27856#9324
06-30 16:45:16.800   873   873 D SurfaceFlinger:      DEVICE | 0x718d80e410 | 0102 | RGBA_8888    |    0.0    0.0 1080.0    1.0 |    0    0 1080  427 | bbq-wrapper#9342
06-30 16:45:16.800   873   873 D SurfaceFlinger:      DEVICE | 0x718d84aa70 | 0102 | RGBA_8888    |    0.0    0.0 1080.0 1973.0 |    0  427 1080 2400 | com.example.dogglers/com.example.dogglers.VerticalListActivity$_27856#9331
06-30 16:45:16.800   873   873 D SurfaceFlinger:      DEVICE | 0x718d8724f0 | 0100 | RGBA_8888    |    0.0    0.0 1080.0   78.0 |    0    0 1080   78 | StatusBar$_1751#88
06-30 16:45:16.800   873   873 D SurfaceFlinger:      DEVICE | 0x718d8202f0 | 0100 | RGBA_8888    |    0.0    0.0   67.0  493.0 |    0 1188   67 1681 | com.samsung.android.app.cocktailbars[...]ervice.CocktailBarService$_4690#9140
06-30 16:45:16.800   873   873 D SurfaceFlinger:      DEVICE | 0x718d862350 | 0100 | RGBA_8888    |    0.0    0.0  388.0   48.0 |  692 2352 1
06-30 16:45:16.800   873   873 D SurfaceFlinger: 080 2400 | SGestureOverlayWindow$_2243#9132
06-30 16:45:16.800   873   873 D SurfaceFlinger:      DEVICE | 0x718d856650 | 0100 | RGBA_8888    |    0.0    0.0 1080.0  126.0 |    0 2274 1080 2400 | NavigationBar0$_1751#83
06-30 16:45:16.800   873   873 D SurfaceFlinger:
06-30 16:45:16.800  6001  6001 I HBD     : HoneyBoardService [IMI] onStartInput - caller pid : 27856 , caller uid : 10286
06-30 16:45:16.800   873  1054 I SurfaceFlinger: id=9346 createSurf flag=24004, Surface(name=ee45561 InputMethod)/@0x4417547 - animation-leash of insets_animation#9346
06-30 16:45:16.800  6001  6001 I HBD     : j updateConfigs
06-30 16:45:16.800  6001  6001 I HBD     : j isEnabledNightMode : true
06-30 16:45:16.800  6001  6001 I HBD     : a IC have been binding, RemoteInputConnection{idHash=#8885ab7}
06-30 16:45:16.801  6001  6001 I HBD     : h [EditorInputType]setPrivateImeOptionsToTable privateImeOptions ( null )
06-30 16:45:16.801  6001  6001 I HBD     : b incognitoMode : false
06-30 16:45:16.801  6001  6001 I HBD     : a needOff = true , isForceOff = false, isNullInputClass : true
06-30 16:45:16.801  6001  6001 I HBD     : h getDefaultInputRange : UNKNOWN
06-30 16:45:16.801  6001  6001 I HBD     : h getDefaultInputRange : UNKNOWN
06-30 16:45:16.801  6001  6001 I HBD     : h getDefaultInputRange : UNKNOWN
06-30 16:45:16.802  6001  6001 I HBD     : a needOff = true , isForceOff = false, isNullInputClass : true
06-30 16:45:16.802  6001  6001 I HBD     : a update cached prediction status : false
06-30 16:45:16.802  6001  6001 I HBD     : h getDefaultInputRange : UNKNOWN
06-30 16:45:16.802  6001  6001 I HBD     : a currentState : 0
06-30 16:45:16.802  6001  6001 I HBD     : a [UpdatePolicy] [post] a: 0 cl: 4325376 kit: [0/0] vt: 0 ir: 1
06-30 16:45:16.802  6001  6001 I HBD     : a [NRIC] resetNoResponseState
06-30 16:45:16.802  6001  6001 I HBD     : a needOff = true , isForceOff = false, isNullInputClass : true
06-30 16:45:16.803  6001  6001 I HBD     : a update cached prediction status : false
06-30 16:45:16.803  6001  6001 I HBD     : HoneyBoardService [PF_OP][onStartInput]  3 ms
06-30 16:45:16.803  1282  2386 D InputMethodManagerService: isImeSwitcherDisabledPackage : false
06-30 16:45:16.804  6001  6001 I InputMethodService: removeImeSurface
06-30 16:45:16.804  6001  6001 I MSHandlerLifeCycle: check: return. pkg=com.samsung.android.honeyboard isActivity=false callers=com.android.internal.policy.DecorView.setVisibility:4416 android.app.Dialog.hide:767 android.inputmethodservice.InputMethodService.removeImeSurface:1290 android.inputmethodservice.InputMethodService.scheduleImeSurfaceRemoval:1279 android.inputmethodservice.InputMethodService.-$$Nest$mscheduleImeSurfaceRemoval:0
06-30 16:45:16.804  6001  6001 I MSHandlerLifeCycle: removeMultiSplitHandler: no exist. decor=DecorView@cd7d792[InputMethod]
06-30 16:45:16.804   873   873 I Layer   : id=9328 removeFromCurrentState Surface(name=ee45561 InputMethod)/@0x4417547 - animation-leash of insets_animation#9328 (135)
06-30 16:45:16.804   873   873 I SurfaceFlinger: id=9328 Removed Surface(name=ee45561 InputMethod)/@0x4417547 - animation-leash of insets_animation#9328 (135)
06-30 16:45:16.805   873   873 I Layer   : id=9328 Destroyed Surface(name=ee45561 InputMethod)/@0x4417547 - animation-leash of insets_animation#9328
06-30 16:45:16.810   873   873 D SurfaceFlinger: Display 4633128672291735937 HWC layers:
06-30 16:45:16.810   873   873 D SurfaceFlinger:      CLIENT | 0x718d863790 | 0102 | RGBA_8888    |    0.0    0.0    0.0    0.0 |    0 2392 1080 2400 | bbq-wrapper#9345
06-30 16:45:16.810   873   873 D SurfaceFlinger:      DEVICE | 0x718d868650 | 0102 | RGBA_8888    |    0.0    8.0 1080.0 2400.0 |    0    0 1080 2392 | com.example.dogglers/com.example.dogglers.MainActivity$_27856#9324
06-30 16:45:16.810   873   873 D SurfaceFlinger:      DEVICE | 0x718d80e410 | 0102 | RGBA_8888    |    0.0    0.0 1080.0    1.0 |    0    0 1080  403 | bbq-wrapper#9342
06-30 16:45:16.810   873   873 D SurfaceFlinger:  SOLID_COLOR |              | 0000 |  Unknown  |    0.0    0.0    0.0    0.0 |    0    0 1080 2400 | DimAnimationLayer for ActivityRecord[...]rs/.VerticalListActivity} t304}#9336
06-30 16:45:16.810   873   873 D SurfaceFlinger:      DEVICE | 0x718d84aa70 | 0102 | RGBA_8888    |    0.0    0.0 1080.0 1997.0 |    0  403 1080 2400 | com.example.dogglers/com.example.dogglers.VerticalListActivity$_27856#9331
06-30 16:45:16.810   873   873 D SurfaceFlinger:      DEVICE | 0x718d8724f0 | 0100 | RGBA_8888    |    0.0    0.0 1080.0   78.0 |    0    0 1080   78 | StatusBar$_1751#88
06-30 16:45:16.810   873   873 D SurfaceFlinger:      DEVICE | 0x718d8202f0 | 0100 | RGBA_8888    |    0.0    0.0   67.0  493.0 |    0 1188   6
06-30 16:45:16.810   873   873 D SurfaceFlinger: 7 1681 | com.samsung.android.app.cocktailbars[...]ervice.CocktailBarService$_4690#9140
06-30 16:45:16.810   873   873 D SurfaceFlinger:      DEVICE | 0x718d862350 | 0100 | RGBA_8888    |    0.0    0.0  388.0   48.0 |  692 2352 1080 2400 | SGestureOverlayWindow$_2243#9132
06-30 16:45:16.810   873   873 D SurfaceFlinger:      DEVICE | 0x718d856650 | 0100 | RGBA_8888    |    0.0    0.0 1080.0  126.0 |    0 2274 1080 2400 | NavigationBar0$_1751#83
06-30 16:45:16.810   873   873 D SurfaceFlinger:
06-30 16:45:16.893  1282  1652 D SemNscXgbMsL1: Probability - Cloud gaming: [0.01961187]
06-30 16:45:16.893  1282  1652 D SemNscXgbMsL1: Probability - Real time: [0.13837045]
06-30 16:45:16.893  1282  1652 D SemNscXgbMsL1: Probability - Non real time: [0.99301213]
06-30 16:45:16.893  1282  1652 D SemNscXgbMsL1: 1 sample inference time: 0.175153 msecs
06-30 16:45:16.893  1282  1652 D SemNscXgbL2Rt: L2 RT 1 sample inference time: 0.330769 msecs
06-30 16:45:16.894  1282  1652 D SemNscXgbL2Nrt: L2 NRT 1 sample inference time: 0.284308 msecs
06-30 16:45:16.899   873   873 D SurfaceFlinger: Display 4633128672291735937 HWC layers:
06-30 16:45:16.899   873   873 D SurfaceFlinger:      CLIENT | 0x718d80e410 | 0102 | RGBA_8888    |    0.0    0.0    0.0    0.0 |    0    0 1080  100 | bbq-wrapper#9342
06-30 16:45:16.899   873   873 D SurfaceFlinger:  SOLID_COLOR |              | 0000 |  Unknown  |    0.0    0.0    0.0    0.0 |    0    0 1080 2400 | DimAnimationLayer for ActivityRecord[...]rs/.VerticalListActivity} t304}#9336
06-30 16:45:16.899   873   873 D SurfaceFlinger:      DEVICE | 0x718d84aa70 | 0102 | RGBA_8888    |    0.0    0.0 1080.0 2300.0 |    0  100 1080 2400 | com.example.dogglers/com.example.dogglers.VerticalListActivity$_27856#9331
06-30 16:45:16.899   873   873 D SurfaceFlinger:      DEVICE | 0x718d8724f0 | 0100 | RGBA_8888    |    0.0    0.0 1080.0   78.0 |    0    0 1080   78 | StatusBar$_1751#88
06-30 16:45:16.899   873   873 D SurfaceFlinger:      DEVICE | 0x718d8202f0 | 0100 | RGBA_8888    |    0.0    0.0   67.0  493.0 |    0 1188   67 1681 | com.samsung.android.app.cocktailbars[...]ervice.CocktailBarService$_4690#9140
06-30 16:45:16.899   873   873 D SurfaceFlinger:      DEVICE | 0x718d862350 | 0100 | RGBA_8888    |    0.0    0.0  388.0   48.0 |  692 2352 1080 2400 | SGestureOverlayWindow$_2243#9132
06-30 16:45:16.899   873   873 D SurfaceFlinger:      DEVICE | 0x718d856650 | 0100 | RGBA_8888    |    0.0    0.0 10
06-30 16:45:16.899   873   873 D SurfaceFlinger: 80.0  126.0 |    0 2274 1080 2400 | NavigationBar0$_1751#83
06-30 16:45:16.899   873   873 D SurfaceFlinger:
06-30 16:45:16.904   790  1491 I Sensors : lux = 3, CCT = 1592, r = 0, g = 0, b = 12, c = 4, atime = 128, again = 2048, lux_raw = 0, brightness = 152, time = 96226540078626
06-30 16:45:16.905  1282  2032 D SensorService: Calling activate off 33
06-30 16:45:16.905   790   790 I Sensors : LightCCT_Sensor old sensor_state 278529, new sensor_state : 283691180113921 en : 0
06-30 16:45:16.907   790   790 I Sensors : disable:: light_cct_sensor(19)
06-30 16:45:16.908  1282  2032 D SensorManager: unregisterListener :: com.samsung.android.displaysolution.EyeComfortSolutionService$2@713e6d
06-30 16:45:16.919  1282  1282 I GestureDetector: handleMessage TAP
06-30 16:45:16.919  1282  1306 I GestureDetector: handleMessage TAP
06-30 16:45:16.981 27856 27856 I ViewInteraction: Checking 'MatchesViewAssertion{viewMatcher=(view has effective visibility <VISIBLE> and view.getGlobalVisibleRect() to return non-empty rectangle)}' assertion on view view.getId() is <2131231210/com.example.dogglers:id/vertical_recycler_view>
06-30 16:45:16.984  4690  4690 I Utils   : isCurrentUser current = 0, ownerId = 0
06-30 16:45:16.984  4690  4690 I TrayVisibilityController: getComputedTrayVisible : keyguardState = 1
06-30 16:45:16.984  4690  4690 I TrayVisibilityController: updateTrayVisible: State=1 visible=1 mCurrentVisible=1 specificMode=0
06-30 16:45:16.984  4690  4690 I TrayStateController: onNotifyUpdateTray: state=0
06-30 16:45:16.984  1282  1308 I ChimeraSystemEventListener: appLaunchIntent package name is: com.example.dogglers
06-30 16:45:16.986  1282  4455 I SemDvfsHyPerManager: acquire hyper - AMS_ACT_START/1282@18, type = -999
06-30 16:45:16.986   795   895 I HYPER-HAL: [RequestManager.cpp]acquire(): Acquired ID : 845668  [1282 / 18]    HINT : AMS_ACT_START    list :
06-30 16:45:16.986   873  1054 I SurfaceFlinger: id=9347 createSurf flag=80004, ActivityRecord{13bdd08 u0 com.example.dogglers/androidx.test.core.app.InstrumentationActivityInvoker$EmptyActivity} t304}#9347
06-30 16:45:16.987   795   895 I HYPER-HAL: [ResourceManager.cpp]updateResource(): [CPUMinFreq] UpdateResource Request ID : 845668    Value : 1930195
06-30 16:45:16.989  1282  1308 D PersonaActivityHelper: Activity not in resumed state, do not run immediate lock
06-30 16:45:16.990  2894  2894 E pageboostd: Received HALT command code 2
06-30 16:45:16.991 27856 27856 D LifecycleMonitor: Lifecycle status change: com.example.dogglers.VerticalListActivity@b778903 in: PAUSED
06-30 16:45:16.991 27856 27856 V ActivityScenario: Activity lifecycle changed event received but ignored because the intent does not match. startActivityIntent=Intent { act=android.intent.action.MAIN cat=[android.intent.category.LAUNCHER] flg=0x10008000 cmp=com.example.dogglers/.MainActivity }, activity.getIntent()=Intent { cmp=com.example.dogglers/.VerticalListActivity }, activity=com.example.dogglers.VerticalListActivity@b778903
06-30 16:45:16.993  1282  2386 D InputDispatcher: Focused application(0): ActivityRecord{13bdd08 u0 com.example.dogglers/androidx.test.core.app.InstrumentationActivityInvoker$EmptyActivity} t304}
06-30 16:45:16.995   873   873 I SurfaceFlinger: [a5e70a7 com.example.dogglers/com.example.dogglers.VerticalListActivity#9330] FrameRatePriority: -1
06-30 16:45:16.998  1282  1308 I SemPersonaManager: SecureFolder personaId = 150
06-30 16:45:17.000 27856 27856 D LifecycleMonitor: Lifecycle status change: androidx.test.core.app.InstrumentationActivityInvoker$EmptyActivity@d1fc3d2 in: PRE_ON_CREATE
06-30 16:45:17.000 27856 27856 V ActivityScenario: Activity lifecycle changed event received but ignored because the intent does not match. startActivityIntent=Intent { act=android.intent.action.MAIN cat=[android.intent.category.LAUNCHER] flg=0x10008000 cmp=com.example.dogglers/.MainActivity }, activity.getIntent()=Intent { act=android.intent.action.MAIN cat=[android.intent.category.LAUNCHER] flg=0x10000000 cmp=com.example.dogglers/androidx.test.core.app.InstrumentationActivityInvoker$EmptyActivity }, activity=androidx.test.core.app.InstrumentationActivityInvoker$EmptyActivity@d1fc3d2
06-30 16:45:17.003   873   873 D SurfaceFlinger: [input] inputWindowCommands.focusRequests size is 1
06-30 16:45:17.005 27856 27856 I DecorView: [INFO] isPopOver=false config=true
06-30 16:45:17.005 27856 27856 I DecorView: updateCaptionType: isFloating=false isApplication=true hasWindowDecorCaption=false this=DecorView@a614fff[]
06-30 16:45:17.005 27856 27856 D DecorView: setCaptionType = 0, this = DecorView@a614fff[]
06-30 16:45:17.005   873   984 D SurfaceFlinger: [input] setFocusedWindow: <null>
06-30 16:45:17.005  1282  2386 D InputDispatcher: Focus left window (0): a5e70a7 com.example.dogglers/com.example.dogglers.VerticalListActivity
06-30 16:45:17.006 27856 27856 I DecorView: getCurrentDensityDpi: from real metrics. densityDpi=420 msg=resources_loaded
06-30 16:45:17.006 27856 27856 I DecorView: setWindowBackground: isPopOver=false color=ffffffff d=android.graphics.drawable.ColorDrawable@d434c15
06-30 16:45:17.007 27856 27856 D LifecycleMonitor: Lifecycle status change: androidx.test.core.app.InstrumentationActivityInvoker$EmptyActivity@d1fc3d2 in: CREATED
06-30 16:45:17.007 27856 27856 V ActivityScenario: Activity lifecycle changed event received but ignored because the intent does not match. startActivityIntent=Intent { act=android.intent.action.MAIN cat=[android.intent.category.LAUNCHER] flg=0x10008000 cmp=com.example.dogglers/.MainActivity }, activity.getIntent()=Intent { act=android.intent.action.MAIN cat=[android.intent.category.LAUNCHER] flg=0x10000000 cmp=com.example.dogglers/androidx.test.core.app.InstrumentationActivityInvoker$EmptyActivity }, activity=androidx.test.core.app.InstrumentationActivityInvoker$EmptyActivity@d1fc3d2
06-30 16:45:17.008 27856 27856 D LifecycleMonitor: Lifecycle status change: androidx.test.core.app.InstrumentationActivityInvoker$EmptyActivity@d1fc3d2 in: STARTED
06-30 16:45:17.009 27856 27856 V ActivityScenario: Activity lifecycle changed event received but ignored because the intent does not match. startActivityIntent=Intent { act=android.intent.action.MAIN cat=[android.intent.category.LAUNCHER] flg=0x10008000 cmp=com.example.dogglers/.MainActivity }, activity.getIntent()=Intent { act=android.intent.action.MAIN cat=[android.intent.category.LAUNCHER] flg=0x10000000 cmp=com.example.dogglers/androidx.test.core.app.InstrumentationActivityInvoker$EmptyActivity }, activity=androidx.test.core.app.InstrumentationActivityInvoker$EmptyActivity@d1fc3d2
06-30 16:45:17.010 27856 27856 D LifecycleMonitor: Lifecycle status change: androidx.test.core.app.InstrumentationActivityInvoker$EmptyActivity@d1fc3d2 in: RESUMED
06-30 16:45:17.010 27856 27856 V ActivityScenario: Activity lifecycle changed event received but ignored because the intent does not match. startActivityIntent=Intent { act=android.intent.action.MAIN cat=[android.intent.category.LAUNCHER] flg=0x10008000 cmp=com.example.dogglers/.MainActivity }, activity.getIntent()=Intent { act=android.intent.action.MAIN cat=[android.intent.category.LAUNCHER] flg=0x10000000 cmp=com.example.dogglers/androidx.test.core.app.InstrumentationActivityInvoker$EmptyActivity }, activity=androidx.test.core.app.InstrumentationActivityInvoker$EmptyActivity@d1fc3d2
06-30 16:45:17.010 27856 27856 I MSHandlerLifeCycle: check: return. pkg=com.example.dogglers parent=null callers=com.android.internal.policy.DecorView.setVisibility:4416 android.app.ActivityThread.handleResumeActivity:5476 android.app.servertransaction.ResumeActivityItem.execute:54 android.app.servertransaction.ActivityTransactionItem.execute:45 android.app.servertransaction.TransactionExecutor.executeLifecycleState:176
06-30 16:45:17.010 27856 27856 I MSHandlerLifeCycle: removeMultiSplitHandler: no exist. decor=DecorView@a614fff[]
06-30 16:45:17.011  1282  1308 D EnterpriseDeviceManagerService: isMdmAdminPresentInternal() : MDM Admin Found - com.samsung.knox.securefolder
06-30 16:45:17.012  1282  2881 I MediaSessionMonitor: Media session stopped : controllerList empty
06-30 16:45:17.013 27856 27962 D NativeCustomFrequencyManager: [NativeCFMS] BpCustomFrequencyManager::BpCustomFrequencyManager()
06-30 16:45:17.013  4690  4690 I ActivityUtils: HomePackage : com.sec.android.app.launcher, resumePackageName : com.example.dogglers
06-30 16:45:17.015  1282  2386 D InputTransport: Input channel constructed: 'b04e777', fd=1208
06-30 16:45:17.015  1282  2386 D InputTransport: Input channel constructed: 'b04e777', fd=1233
06-30 16:45:17.015  1282  2386 D InputTransport: Input channel constructed: 'b04e777', fd=1234
06-30 16:45:17.015   873   909 I SurfaceFlinger: id=9348 createSurf flag=80004, b04e777 com.example.dogglers/androidx.test.core.app.InstrumentationActivityInvoker$EmptyActivity#9348
06-30 16:45:17.016  1282  2386 D InputTransport: Input channel destroyed: 'b04e777', fd=1234
06-30 16:45:17.017 27856 27856 D InsetsController: onStateChanged: InsetsState: {mDisplayFrame=Rect(0, 0 - 1080, 2400), mDisplayCutout=DisplayCutout{insets=Rect(0, 78 - 0, 0) waterfall=Insets{left=0, top=0, right=0, bottom=0} boundingRect={Bounds=[Rect(0, 0 - 0, 0), Rect(690, 0 - 750, 78), Rect(0, 0 - 0, 0), Rect(0, 0 - 0, 0)]} cutoutPathParserInfo={CutoutPathParserInfo{displayWidth=1080 displayHeight=2400 physicalDisplayWidth=1440 physicalDisplayHeight=3200 density={3.0} cutoutSpec={M 0,0 H -10 V 26 H 10 V 0 H 0 Z @dp} rotation={0} scale={1.0} physicalPixelDisplaySizeRatio={1.0}}}}, mRoundedCorners=RoundedCorners{[RoundedCorner{position=TopLeft, radius=63, center=Point(63, 63)}, RoundedCorner{position=TopRight, radius=63, center=Point(1017, 63)}, RoundedCorner{position=BottomRight, radius=63, center=Point(1017, 2337)}, RoundedCorner{position=BottomLeft, radius=63, center=Point(63, 2337)}]}  mRoundedCornerFrame=Rect(0, 0 - 1080, 2400), mPrivacyIndicatorBounds=PrivacyIndicatorBounds {static bounds=Rect(964, 0 - 1080, 78) rotation=0}, mSources= { InsetsSource: {mType=ITYPE_STATUS_BAR, mFrame=[0,0][1080,78], mVisible=true, mInsetsRoundedCornerFrame=false}, InsetsSource: {mType=ITYPE_NAVIGATION_BAR, mFrame=[0,2400][1080,2400], mVisible=true, mInsetsRoundedCornerFrame=false}, InsetsSource: {mType=ITYPE_LEFT_GESTURES, mFrame=[0,0][0,2400], mVisible=true, mInsetsRoundedCornerFrame=false}, InsetsSource: {mType=ITYPE_RIGHT_GESTURES, mFrame=[1080,0][1080,2400], mVisible=true, mInsetsRoundedCornerFrame=false}, InsetsSource: {mType=ITYPE_TOP_MANDATORY_GESTURES, mFrame=[0,0][1080,110], mVisible=true, mInsetsRoundedCornerFrame=false}, InsetsSource: {mType=ITYPE_BOTTOM_MANDATORY_GESTURES, mFrame=[0,2348][1080,2400], mVisible=true, mInsetsRoundedCornerFrame=false}, InsetsSource: {mType=ITYPE_LEFT_DISPLAY_CUTOUT, mFrame=[0,0][-100000,2400], mVisible=true, mInsetsRoundedCornerFrame=false}, InsetsSource: {mType=ITYPE_TOP_DISPLAY_CUTOUT, mFrame=[0,0][1080,78], mVisible=true, mInsetsRoundedCornerFrame=false}, InsetsSource: {mType=ITYPE_RIGHT_DISPLAY_CUTOUT, mFrame=[100000,0][1080,2400], mVisible=true, mInsetsRoundedCornerFrame=false}, InsetsSource: {mType=ITYPE_BOTTOM_DISPLAY_CUTOUT, mFrame=[0,100000][1080,2400], mVisible=true, mInsetsRoundedCornerFrame=false}, InsetsSource: {mType=ITYPE_TOP_TAPPABLE_ELEMENT, mFrame=[0,0][1080,78], mVisible=true, mInsetsRoundedCornerFrame=false}, InsetsSource: {mType=ITYPE_BOTTOM_TAPPABLE_ELEMENT, mFrame=[0,0][0,0], mVisible=true, mInsetsRoundedCornerFrame=false} } host=com.example.dogglers/androidx.test.core.app.InstrumentationActivityInvoker$EmptyActivity from=android.view.ViewRootImpl.setView:1732
06-30 16:45:17.018 27856 27856 I ViewRootImpl@9b95eb8[InstrumentationActivityInvoker$EmptyActivity]: setView = com.android.internal.policy.DecorView@a614fff TM=true
06-30 16:45:17.018 27856 27856 I MSHandlerLifeCycle: removeMultiSplitHandler: no exist. decor=DecorView@a614fff[InstrumentationActivityInvoker$EmptyActivity]
06-30 16:45:17.018  1282  1399 D AnalyticsContainerHandler: handleMessage : { when=0 what=1 target=com.android.server.knox.KnoxAnalyticsContainer$AnalyticsHandler }
06-30 16:45:17.020 27856 27856 I ViewRootImpl@9b95eb8[InstrumentationActivityInvoker$EmptyActivity]: performTraversals params={(0,0)(fillxfill) sim={adjust=pan forwardNavigation} ty=BASE_APPLICATION
06-30 16:45:17.020 27856 27856 I ViewRootImpl@9b95eb8[InstrumentationActivityInvoker$EmptyActivity]:   fl=81810100
06-30 16:45:17.020 27856 27856 I ViewRootImpl@9b95eb8[InstrumentationActivityInvoker$EmptyActivity]:   pfl=12020040
06-30 16:45:17.020 27856 27856 I ViewRootImpl@9b95eb8[InstrumentationActivityInvoker$EmptyActivity]:   bhv=DEFAULT
06-30 16:45:17.020 27856 27856 I ViewRootImpl@9b95eb8[InstrumentationActivityInvoker$EmptyActivity]:   fitSides= naviIconColor=0}
06-30 16:45:17.021 27856 27856 I ViewRootImpl@9b95eb8[InstrumentationActivityInvoker$EmptyActivity]: performTraversals mFirst=true windowShouldResize=true viewVisibilityChanged=false mForceNextWindowRelayout=false params={(0,0)(fillxfill) sim={adjust=pan forwardNavigation} ty=BASE_APPLICATION
06-30 16:45:17.021 27856 27856 I ViewRootImpl@9b95eb8[InstrumentationActivityInvoker$EmptyActivity]:   fl=81810100
06-30 16:45:17.021 27856 27856 I ViewRootImpl@9b95eb8[InstrumentationActivityInvoker$EmptyActivity]:   pfl=12020040
06-30 16:45:17.021 27856 27856 I ViewRootImpl@9b95eb8[InstrumentationActivityInvoker$EmptyActivity]:   bhv=DEFAULT
06-30 16:45:17.021 27856 27856 I ViewRootImpl@9b95eb8[InstrumentationActivityInvoker$EmptyActivity]:   fitSides= naviIconColor=0}
06-30 16:45:17.021  1282  4455 V WindowManager: Relayout Window{b04e777 u0 com.example.dogglers/androidx.test.core.app.InstrumentationActivityInvoker$EmptyActivity}: viewVisibility=0 req=1080x2400 d0
06-30 16:45:17.021   873  1054 I SurfaceFlinger: id=9349 createSurf flag=40004, com.example.dogglers/androidx.test.core.app.InstrumentationActivityInvoker$EmptyActivity$_27856#9349
06-30 16:45:17.025   873   909 I SurfaceFlinger: id=9350 createSurf flag=24000, Surface(name=1c611dd StatusBar)/@0xee99fdd - animation-leash of insets_animation#9350
06-30 16:45:17.026   873   909 I SurfaceFlinger: id=9351 createSurf flag=24000, Surface(name=37aeaf NavigationBar0)/@0x2817b20 - animation-leash of insets_animation#9351
06-30 16:45:17.027  1282  4455 V WindowManager: Relayout hash=b04e777, pid=27856, syncId=-1: mAttrs={(0,0)(fillxfill) sim={adjust=pan forwardNavigation} ty=BASE_APPLICATION
06-30 16:45:17.027  1282  4455 V WindowManager:   fl=81810100
06-30 16:45:17.027  1282  4455 V WindowManager:   pfl=12020040
06-30 16:45:17.027  1282  4455 V WindowManager:   bhv=DEFAULT
06-30 16:45:17.027  1282  4455 V WindowManager:   fitSides= naviIconColor=0}
06-30 16:45:17.028 27856 27856 D InsetsController: onStateChanged: InsetsState: {mDisplayFrame=Rect(0, 0 - 1080, 2400), mDisplayCutout=DisplayCutout{insets=Rect(0, 78 - 0, 0) waterfall=Insets{left=0, top=0, right=0, bottom=0} boundingRect={Bounds=[Rect(0, 0 - 0, 0), Rect(690, 0 - 750, 78), Rect(0, 0 - 0, 0), Rect(0, 0 - 0, 0)]} cutoutPathParserInfo={CutoutPathParserInfo{displayWidth=1080 displayHeight=2400 physicalDisplayWidth=1440 physicalDisplayHeight=3200 density={3.0} cutoutSpec={M 0,0 H -10 V 26 H 10 V 0 H 0 Z @dp} rotation={0} scale={1.0} physicalPixelDisplaySizeRatio={1.0}}}}, mRoundedCorners=RoundedCorners{[RoundedCorner{position=TopLeft, radius=63, center=Point(63, 63)}, RoundedCorner{position=TopRight, radius=63, center=Point(1017, 63)}, RoundedCorner{position=BottomRight, radius=63, center=Point(1017, 2337)}, RoundedCorner{position=BottomLeft, radius=63, center=Point(63, 2337)}]}  mRoundedCornerFrame=Rect(0, 0 - 1080, 2400), mPrivacyIndicatorBounds=PrivacyIndicatorBounds {static bounds=Rect(964, 0 - 1080, 78) rotation=0}, mSources= { InsetsSource: {mType=ITYPE_STATUS_BAR, mFrame=[0,0][1080,78], mVisible=true, mInsetsRoundedCornerFrame=false}, InsetsSource: {mType=ITYPE_NAVIGATION_BAR, mFrame=[0,2400][1080,2400], mVisible=true, mInsetsRoundedCornerFrame=false}, InsetsSource: {mType=ITYPE_LEFT_GESTURES, mFrame=[0,0][0,2400], mVisible=true, mInsetsRoundedCornerFrame=false}, InsetsSource: {mType=ITYPE_RIGHT_GESTURES, mFrame=[1080,0][1080,2400], mVisible=true, mInsetsRoundedCornerFrame=false}, InsetsSource: {mType=ITYPE_TOP_MANDATORY_GESTURES, mFrame=[0,0][1080,110], mVisible=true, mInsetsRoundedCornerFrame=false}, InsetsSource: {mType=ITYPE_BOTTOM_MANDATORY_GESTURES, mFrame=[0,2348][1080,2400], mVisible=true, mInsetsRoundedCornerFrame=false}, InsetsSource: {mType=ITYPE_LEFT_DISPLAY_CUTOUT, mFrame=[0,0][-100000,2400], mVisible=true, mInsetsRoundedCornerFrame=false}, InsetsSource: {mType=ITYPE_TOP_DISPLAY_CUTOUT, mFrame=[0,0][1080,78], mVisible=true, mInsetsRoundedCornerFrame=false}, InsetsSource: {mType=ITYPE_RIGHT_DISPLAY_CUTOUT, mFrame=[100000,0][1080,2400], mVisible=true, mInsetsRoundedCornerFrame=false}, InsetsSource: {mType=ITYPE_BOTTOM_DISPLAY_CUTOUT, mFrame=[0,100000][1080,2400], mVisible=true, mInsetsRoundedCornerFrame=false}, InsetsSource: {mType=ITYPE_TOP_TAPPABLE_ELEMENT, mFrame=[0,0][1080,78], mVisible=true, mInsetsRoundedCornerFrame=false}, InsetsSource: {mType=ITYPE_BOTTOM_TAPPABLE_ELEMENT, mFrame=[0,0][0,0], mVisible=true, mInsetsRoundedCornerFrame=false}, InsetsSource: {mType=ITYPE_IME, mFrame=[0,0][0,0], mVisibleFrame=[0,1478][1080,2400], mVisible=false, mInsetsRoundedCornerFrame=false} } host=com.example.dogglers/androidx.test.core.app.InstrumentationActivityInvoker$EmptyActivity from=android.view.ViewRootImpl.relayoutWindow:9802
06-30 16:45:17.029 27856 27856 I ViewRootImpl@9b95eb8[InstrumentationActivityInvoker$EmptyActivity]: updateBlastSurfaceIfNeeded mBlastBufferQueue=null isSameSurfaceControl=false
06-30 16:45:17.029 27856 27856 I BLASTBufferQueue: new BLASTBufferQueue, mName= ViewRootImpl@9b95eb8[InstrumentationActivityInvoker$EmptyActivity] mNativeObject= 0x7c597a2090 sc.mNativeObject= 0x7be97b9630 caller= android.view.ViewRootImpl.updateBlastSurfaceIfNeeded:2909 android.view.ViewRootImpl.relayoutWindow:9847 android.view.ViewRootImpl.performTraversals:3884 android.view.ViewRootImpl.doTraversal:3116 android.view.ViewRootImpl$TraversalRunnable.run:10885 android.view.Choreographer$CallbackRecord.run:1301 android.view.Choreographer$CallbackRecord.run:1309 android.view.Choreographer.doCallbacks:923 android.view.Choreographer.doFrame:852 android.view.Choreographer$FrameDisplayEventReceiver.run:1283
06-30 16:45:17.029 27856 27856 I BLASTBufferQueue: update, w= 1080 h= 2400 mName = ViewRootImpl@9b95eb8[InstrumentationActivityInvoker$EmptyActivity] mNativeObject= 0x7c597a2090 sc.mNativeObject= 0x7be97b9630 format= -1 caller= android.graphics.BLASTBufferQueue.<init>:84 android.view.ViewRootImpl.updateBlastSurfaceIfNeeded:2909 android.view.ViewRootImpl.relayoutWindow:9847 android.view.ViewRootImpl.performTraversals:3884 android.view.ViewRootImpl.doTraversal:3116 android.view.ViewRootImpl$TraversalRunnable.run:10885
06-30 16:45:17.030 27856 27856 I ViewRootImpl@9b95eb8[InstrumentationActivityInvoker$EmptyActivity]: Relayout returned: old=(0,0,1080,2400) new=(0,0,1080,2400) req=(1080,2400)0 dur=8 res=0x3 s={true 0x7ce9810b40} ch=true seqId=0
06-30 16:45:17.030 27856 27856 I ViewRootImpl@9b95eb8[InstrumentationActivityInvoker$EmptyActivity]: mThreadedRenderer.initialize() mSurface={isValid=true 0x7ce9810b40} hwInitialized=true
06-30 16:45:17.030 27856 27962 D OpenGLRenderer: eglCreateWindowSurface
06-30 16:45:17.031   782   782 D gralloc : [mali_gralloc_allocate] begin
06-30 16:45:17.031   782   782 D gralloc : buffer_descriptor: wh(1080 2400) usage_pc(0x40000000000b00 0x40000000000b00) hal_format(0x1) layer_count(1) sizes(0 0 0) strde(0) byte_stride(0) alloc_wh(0 0) internal_format(0x0) alloc_format(0x0) fd_count(1) plane_count(0)
06-30 16:45:17.031 27856 27856 I ViewRootImpl@9b95eb8[InstrumentationActivityInvoker$EmptyActivity]: reportNextDraw android.view.ViewRootImpl.performTraversals:4438 android.view.ViewRootImpl.doTraversal:3116 android.view.ViewRootImpl$TraversalRunnable.run:10885 android.view.Choreographer$CallbackRecord.run:1301 android.view.Choreographer$CallbackRecord.run:1309
06-30 16:45:17.031 27856 27856 I ViewRootImpl@9b95eb8[InstrumentationActivityInvoker$EmptyActivity]: Setup new sync id=0
06-30 16:45:17.031 27856 27856 I ViewRootImpl@9b95eb8[InstrumentationActivityInvoker$EmptyActivity]: Setting syncFrameCallback
06-30 16:45:17.031 27856 27856 I ViewRootImpl@9b95eb8[InstrumentationActivityInvoker$EmptyActivity]: registerCallbacksForSync syncBuffer=false
06-30 16:45:17.032 27856 28011 I ViewRootImpl@9b95eb8[InstrumentationActivityInvoker$EmptyActivity]: Received frameDrawingCallback syncResult=0 frameNum=1.
06-30 16:45:17.032 27856 28011 I ViewRootImpl@9b95eb8[InstrumentationActivityInvoker$EmptyActivity]: Setting up sync and frameCommitCallback
06-30 16:45:17.033   782   782 D gralloc : [mali_gralloc_allocate] allocation successful
06-30 16:45:17.034   782   782 D gralloc : [mali_gralloc_allocate] begin
06-30 16:45:17.034   782   782 D gralloc : buffer_descriptor: wh(1080 2400) usage_pc(0x40000000000b00 0x40000000000b00) hal_format(0x1) layer_count(1) sizes(0 0 0) strde(0) byte_stride(0) alloc_wh(0 0) internal_format(0x0) alloc_format(0x0) fd_count(1) plane_count(0)
06-30 16:45:17.035 27856 27962 I BLASTBufferQueue: [ViewRootImpl@9b95eb8[InstrumentationActivityInvoker$EmptyActivity]#10](f:0,a:0) onFrameAvailable the first frame is available
06-30 16:45:17.035   782   782 D gralloc : [mali_gralloc_allocate] allocation successful
06-30 16:45:17.035 27856 27962 I ViewRootImpl@9b95eb8[InstrumentationActivityInvoker$EmptyActivity]: Received frameCommittedCallback lastAttemptedDrawFrameNum=1 didProduceBuffer=true
06-30 16:45:17.035   782   782 D gralloc : [mali_gralloc_allocate] begin
06-30 16:45:17.035   782   782 D gralloc : buffer_descriptor: wh(1080 2400) usage_pc(0x40000000000b00 0x40000000000b00) hal_format(0x1) layer_count(1) sizes(0 0 0) strde(0) byte_stride(0) alloc_wh(0 0) internal_format(0x0) alloc_format(0x0) fd_count(1) plane_count(0)
06-30 16:45:17.035 27856 27962 D OpenGLRenderer: CFMS:: SetUp Pid : 27856    Tid : 27962
06-30 16:45:17.036 27856 27962 W Parcel  : Expecting binder but got null!
06-30 16:45:17.036 27856 27856 I ViewRootImpl@9b95eb8[InstrumentationActivityInvoker$EmptyActivity]: onSyncComplete
06-30 16:45:17.036 27856 27856 I ViewRootImpl@9b95eb8[InstrumentationActivityInvoker$EmptyActivity]: setupSync seqId=0 mSyncId=0 fn=1 caller=android.view.ViewRootImpl$$ExternalSyntheticLambda11.accept:6 android.window.SurfaceSyncer.lambda$setupSync$1$android-window-SurfaceSyncer:128 android.window.SurfaceSyncer$$ExternalSyntheticLambda1.accept:8 android.window.SurfaceSyncer$SyncSet.checkIfSyncIsComplete:382 android.window.SurfaceSyncer$SyncSet.markSyncReady:359 android.window.SurfaceSyncer.markSyncReady:151 android.view.ViewRootImpl.performTraversals:4503
06-30 16:45:17.036 27856 27856 I ViewRootImpl@9b95eb8[InstrumentationActivityInvoker$EmptyActivity]: reportDrawFinished seqId=0 mSyncId=-1 fn=1 mSurfaceChangedTransaction=0x7c197920f0
06-30 16:45:17.037   873   873 I Layer   : id=9332 removeFromCurrentState Surface(name=1c611dd StatusBar)/@0xee99fdd - animation-leash of insets_animation#9332 (139)
06-30 16:45:17.037   782   782 D gralloc : [mali_gralloc_allocate] allocation successful
06-30 16:45:17.037   873   873 I Layer   : id=9333 removeFromCurrentState Surface(name=37aeaf NavigationBar0)/@0x2817b20 - animation-leash of insets_animation#9333 (139)
06-30 16:45:17.037   873   873 I SurfaceFlinger: [b04e777 com.example.dogglers/androidx.test.core.app.InstrumentationActivityInvoker$EmptyActivity#9348] FrameRatePriority: 1
06-30 16:45:17.037   873   873 D SurfaceFlinger: [input] inputWindowCommands.focusRequests size is 1
06-30 16:45:17.037   782   782 D gralloc : [mali_gralloc_allocate] begin
06-30 16:45:17.037   782   782 D gralloc : buffer_descriptor: wh(1080 2400) usage_pc(0x40000000000b00 0x40000000000b00) hal_format(0x1) layer_count(1) sizes(0 0 0) strde(0) byte_stride(0) alloc_wh(0 0) internal_format(0x0) alloc_format(0x0) fd_count(1) plane_count(0)
06-30 16:45:17.038 27856 27856 I ViewRootImpl@8f4536b[VerticalListActivity]: MSG_WINDOW_FOCUS_CHANGED 0 0
06-30 16:45:17.038   782   782 D gralloc : [mali_gralloc_allocate] allocation successful
06-30 16:45:17.039   873  2742 I SurfaceFlinger: id=9333 Removed Surface(name=37aeaf NavigationBar0)/@0x2817b20 - animation-leash of insets_animation#9333 (139)
06-30 16:45:17.039   873  2742 I SurfaceFlinger: id=9332 Removed Surface(name=1c611dd StatusBar)/@0xee99fdd - animation-leash of insets_animation#9332 (139)
06-30 16:45:17.039   873   984 D SurfaceFlinger: [input] setFocusedWindow: b04e777 com.example.dogglers/androidx.test.core.app.InstrumentationActivityInvoker$EmptyActivity
06-30 16:45:17.039  1282  2386 D InputDispatcher: Focus request (0): b04e777 com.example.dogglers/androidx.test.core.app.InstrumentationActivityInvoker$EmptyActivity but waiting because NO_WINDOW
06-30 16:45:17.041  1282  1305 I ActivityTaskManager: Displayed com.example.dogglers/androidx.test.core.app.InstrumentationActivityInvoker$EmptyActivity: +55ms
06-30 16:45:17.041  2894  2894 E pageboostd: Received HALT command code 2
06-30 16:45:17.042   873  2742 I SurfaceFlinger: id=9352 createSurf flag=80000, 7c432ab ActivityRecordInputSink com.example.dogglers/androidx.test.core.app.InstrumentationActivityInvoker$EmptyActivity#9352
06-30 16:45:17.045   873   873 I Layer   : id=9336 removeFromCurrentState DimAnimationLayer for ActivityRecord{ce12bb7 u0 com.example.dogglers/.VerticalListActivity} t304}#9336 (140)
06-30 16:45:17.045   873   873 I Layer   : Layer [com.example.dogglers/androidx.test.core.app.InstrumentationActivityInvoker$EmptyActivity$_27856#9349] hidden!! flag(0)
06-30 16:45:17.045   873   873 I SurfaceFlinger: id=9336 Removed DimAnimationLayer for ActivityRecord{ce12bb7 u0 com.example.dogglers/.VerticalListActivity} t304}#9336 (140)
06-30 16:45:17.045   873   873 I Layer   : id=9332 Destroyed Surface(name=1c611dd StatusBar)/@0xee99fdd - animation-leash of insets_animation#9332
06-30 16:45:17.045   873   873 I Layer   : id=9333 Destroyed Surface(name=37aeaf NavigationBar0)/@0x2817b20 - animation-leash of insets_animation#9333
06-30 16:45:17.046   873   873 I Layer   : id=9336 Destroyed DimAnimationLayer for ActivityRecord{ce12bb7 u0 com.example.dogglers/.VerticalListActivity} t304}#9336
06-30 16:45:17.046  1282  2386 D InputDispatcher: Focus entered window (0): b04e777 com.example.dogglers/androidx.test.core.app.InstrumentationActivityInvoker$EmptyActivity
06-30 16:45:17.047 27856 27856 I ViewRootImpl@9b95eb8[InstrumentationActivityInvoker$EmptyActivity]: MSG_WINDOW_FOCUS_CHANGED 1 0
06-30 16:45:17.047  1282  1309 I SemDvfsHyPerManager: acquire hyper - AMS_RESUME_TAIL/1282@20, type = -999
06-30 16:45:17.047 27856 27856 I ViewRootImpl@9b95eb8[InstrumentationActivityInvoker$EmptyActivity]: mThreadedRenderer.initializeIfNeeded()#2 mSurface={isValid=true 0x7ce9810b40}
06-30 16:45:17.047  1282  1309 I SemDvfsHyPerManager: acquire hyper - AMS_ACT_LAZY/1282@21, type = -999
06-30 16:45:17.047 27856 27856 D InputMethodManager: startInputInner - Id : 0
06-30 16:45:17.047 27856 27856 I InputMethodManager: startInputInner - mService.startInputOrWindowGainedFocus
06-30 16:45:17.049   795   895 I HYPER-HAL: [RequestManager.cpp]acquire(): Acquired ID : 848273  [1282 / 20]    HINT : AMS_RESUME_TAIL    list :
06-30 16:45:17.049   795   895 I HYPER-HAL: [ResourceManager.cpp]updateResource(): [CPUMinFreq] UpdateResource Request ID : 848273    Value : 1844882
06-30 16:45:17.049   795   895 I HYPER-HAL: [ResourceManager.cpp]removeResource(): [CPUMinFreq] RemoveResource Request ID : 845668
06-30 16:45:17.049   873   873 D SurfaceFlinger: Display 4633128672291735937 HWC layers:
06-30 16:45:17.049   873   873 D SurfaceFlinger:      DEVICE | 0x718d84aa70 | 0102 | RGBA_8888    |    0.0    0.0 1080.0 2387.0 |    0   13 1080 2400 | com.example.dogglers/com.example.dogglers.VerticalListActivity$_27856#9331
06-30 16:45:17.049   873   873 D SurfaceFlinger:      DEVICE | 0x718d85b1b0 | 0102 | RGBA_8888    |    0.0    0.0 1080.0 2400.0 |    0    0 1080 2400 | com.example.dogglers/androidx.test.c[...]ityInvoker$EmptyActivity$_27856#9349
06-30 16:45:17.049   873   873 D SurfaceFlinger:      DEVICE | 0x718d8724f0 | 0100 | RGBA_8888    |    0.0    0.0 1080.0   78.0 |    0    0 1080   78 | StatusBar$_1751#88
06-30 16:45:17.049   873   873 D SurfaceFlinger:      DEVICE | 0x718d8202f0 | 0100 | RGBA_8888    |    0.0    0.0   67.0  493.0 |    0 1188   67 1681 | com.samsung.android.app.cocktailbars[...]ervice.CocktailBarService$_4690#9140
06-30 16:45:17.049   873   873 D SurfaceFlinger:      DEVICE | 0x718d862350 | 0100 | RGBA_8888    |    0.0    0.0  388.0   48.0 |  692 2352 1080 2400 | SGestureOverlayWindow$_2243#9132
06-30 16:45:17.049   873   873 D SurfaceFlinger:      DEVICE | 0x718d856650 | 0100 | RGBA_8888    |    0.0    0.0 1080.0  126.0 |    0 2274 1080 2400 | NavigationBar0$_1751#83
06-30 16:45:17.049   873   873 D SurfaceFlinger:
06-30 16:45:17.049   795   895 I HYPER-HAL: [RequestManager.cpp]releaseLocked(): Released ID : 845668
06-30 16:45:17.050  1282  1547 D InputMethodManagerService: DESKTOP MODE! : 2
06-30 16:45:17.050  1282  1547 D InputMethodManagerService: NOT IN KNOX DESKTOP MODE!
06-30 16:45:17.050  1282  1547 V InputMethodManagerService: getDisplayIdOfInputMethodWindowToBeAdded: displayId=0
06-30 16:45:17.051  1282  1547 D InputMethodManagerService: isImeSwitcherDisabledPackage : false
06-30 16:45:17.051  1282  1547 D InputMethodManagerService: checkDisplayOfStartInputAndUpdateKeyboard: displayId=0, mFocusedDisplayId=0
06-30 16:45:17.051  1282  1547 D InputTransport: Input channel constructed: 'ClientS', fd=1234
06-30 16:45:17.051  1282  1547 D InputTransport: Input channel destroyed: 'ClientS', fd=1234
06-30 16:45:17.052  6001  6001 I HBD     : HoneyBoardService onFinishInput
06-30 16:45:17.052  6001  6001 I HBD     : a IC have been unbinding,  RemoteInputConnection{idHash=#8885ab7}
06-30 16:45:17.052  6001  6001 I HBD     : HoneyBoardService [PF_CL][onFinishInput]  0 ms
06-30 16:45:17.052  6001  6001 I HBD     : HoneyBoardService [IMI] onStartInput - caller pid : 27856 , caller uid : 10286
06-30 16:45:17.052  6001  6001 I HBD     : j updateConfigs
06-30 16:45:17.052  6001  6001 I HBD     : j isEnabledNightMode : true
06-30 16:45:17.052  6001  6001 I HBD     : a IC have been binding, RemoteInputConnection{idHash=#8885ab7}
06-30 16:45:17.052  6001  6001 I HBD     : h [EditorInputType]setPrivateImeOptionsToTable privateImeOptions ( null )
06-30 16:45:17.052  6001  6001 I HBD     : b incognitoMode : false
06-30 16:45:17.052  6001  6001 I HBD     : a needOff = true , isForceOff = false, isNullInputClass : true
06-30 16:45:17.053  6001  6001 I HBD     : h getDefaultInputRange : UNKNOWN
06-30 16:45:17.053  6001  6001 I HBD     : h getDefaultInputRange : UNKNOWN
06-30 16:45:17.053  6001  6001 I HBD     : h getDefaultInputRange : UNKNOWN
06-30 16:45:17.053  6001  6001 I HBD     : a needOff = true , isForceOff = false, isNullInputClass : true
06-30 16:45:17.054  6001  6001 I HBD     : a update cached prediction status : false
06-30 16:45:17.054  6001  6001 I HBD     : h getDefaultInputRange : UNKNOWN
06-30 16:45:17.054  6001  6001 I HBD     : a currentState : 0
06-30 16:45:17.054  6001  6001 I HBD     : a [UpdatePolicy] [post] a: 0 cl: 4325376 kit: [0/0] vt: 0 ir: 1
06-30 16:45:17.054   873  1054 I SurfaceFlinger: id=9353 createSurf flag=24004, Surface(name=ee45561 InputMethod)/@0x4417547 - animation-leash of insets_animation#9353
06-30 16:45:17.054  6001  6001 I HBD     : a [NRIC] resetNoResponseState
06-30 16:45:17.054  6001  6001 I HBD     : a needOff = true , isForceOff = false, isNullInputClass : true
06-30 16:45:17.054  6001  6001 I HBD     : a update cached prediction status : false
06-30 16:45:17.055  6001  6001 I HBD     : HoneyBoardService [PF_OP][onStartInput]  3 ms
06-30 16:45:17.058 27856 27856 D LifecycleMonitor: Lifecycle status change: androidx.test.core.app.InstrumentationActivityInvoker$EmptyActivity@d1fc3d2 in: PAUSED
06-30 16:45:17.059 27856 27856 V ActivityScenario: Activity lifecycle changed event received but ignored because the intent does not match. startActivityIntent=Intent { act=android.intent.action.MAIN cat=[android.intent.category.LAUNCHER] flg=0x10008000 cmp=com.example.dogglers/.MainActivity }, activity.getIntent()=Intent { act=android.intent.action.MAIN cat=[android.intent.category.LAUNCHER] flg=0x10000000 cmp=com.example.dogglers/androidx.test.core.app.InstrumentationActivityInvoker$EmptyActivity }, activity=androidx.test.core.app.InstrumentationActivityInvoker$EmptyActivity@d1fc3d2
06-30 16:45:17.059  1282  4455 I SemDvfsHyPerManager: acquire hyper - AMS_ACT_RESUME/1282@32, type = -999
06-30 16:45:17.059   795   895 I HYPER-HAL: [RequestManager.cpp]acquire(): Acquired ID : 863987  [1282 / 32]    HINT : AMS_ACT_RESUME    list :
06-30 16:45:17.059  1282  4455 D InputDispatcher: Focused application(0): ActivityRecord{ce12bb7 u0 com.example.dogglers/.VerticalListActivity} t304}
06-30 16:45:17.060   873  1054 I SurfaceFlinger: id=9354 createSurf flag=24000, Surface(name=1c611dd StatusBar)/@0xee99fdd - animation-leash of insets_animation#9354
06-30 16:45:17.060   795   895 I HYPER-HAL: [ResourceManager.cpp]updateResource(): [CPUMinFreq] UpdateResource Request ID : 863987    Value : 1687587
06-30 16:45:17.060   873  1054 I SurfaceFlinger: id=9355 createSurf flag=24000, Surface(name=37aeaf NavigationBar0)/@0x2817b20 - animation-leash of insets_animation#9355
06-30 16:45:17.061   873   873 I Layer   : id=9346 removeFromCurrentState Surface(name=ee45561 InputMethod)/@0x4417547 - animation-leash of insets_animation#9346 (140)
06-30 16:45:17.062  1282  1547 D InputDispatcher: Focus left window (0): b04e777 com.example.dogglers/androidx.test.core.app.InstrumentationActivityInvoker$EmptyActivity
06-30 16:45:17.066   873  2742 I SurfaceFlinger: id=9346 Removed Surface(name=ee45561 InputMethod)/@0x4417547 - animation-leash of insets_animation#9346 (140)
06-30 16:45:17.066 27856 27856 I ViewRootImpl@8f4536b[VerticalListActivity]: stopped(false) old = false
06-30 16:45:17.066 27856 27856 D LifecycleMonitor: Lifecycle status change: com.example.dogglers.VerticalListActivity@b778903 in: RESUMED
06-30 16:45:17.066  1282  1308 I SemPersonaManager: SecureFolder personaId = 150
