06-30 16:45:16.092 27856 27925 I TestRunner: started: clicking_vertical_list_button_displays_vertical_list(com.example.dogglers.ButtonTests)
06-30 16:45:16.108 27856 27925 W Settings: Setting always_finish_activities has moved from android.provider.Settings.System to android.provider.Settings.Global, returning read-only value.
06-30 16:45:16.116  1282  1308 I ChimeraSystemEventListener: appLaunchIntent package name is: com.example.dogglers
06-30 16:45:16.119  1282  2478 I SemDvfsHyPerManager: acquire hyper - AMS_APP_SWITCH/1282@26, type = -999
06-30 16:45:16.120   795   895 I HYPER-HAL: [RequestManager.cpp]acquire(): Acquired ID : 856112  [1282 / 26]    HINT : AMS_APP_SWITCH    list :
06-30 16:45:16.120   873  2450 I SurfaceFlinger: id=9308 createSurf flag=24004, Task=304#9308
06-30 16:45:16.120   795   895 I HYPER-HAL: [ResourceManager.cpp]updateResource(): [CPUMinFreq] UpdateResource Request ID : 856112    Value : 2623359
06-30 16:45:16.122   873  1054 I SurfaceFlinger: id=9309 createSurf flag=80004, ActivityRecord{38dc05e u0 com.example.dogglers/.MainActivity} t304}#9309
06-30 16:45:16.124  4448  4448 I SemDvfsHyPerManager: acquire hyper - APP_START_SHORT/4448@12, type = -999
06-30 16:45:16.125   795   895 I HYPER-HAL: [RequestManager.cpp]acquire(): Acquired ID : 9948042  [4448 / 12]    HINT : APP_START    list : [TIMEOUT / 1500]
06-30 16:45:16.126   795   895 I HYPER-HAL: [ResourceManager.cpp]updateResource(): [CPUMaxFreq] UpdateResource Request ID : 9948042    Value : 2730000
06-30 16:45:16.128  1004  1704 I CameraService: onUidStateChanged: uid=10054, procState is changed. (0 -> 1)
06-30 16:45:16.129  1282  1327 W libprocessgroup: Failed to open /dev/blkio//cgroup.procs: No such file or directory
06-30 16:45:16.129  1751  1828 D NativeCustomFrequencyManager: [NativeCFMS] BpCustomFrequencyManager::BpCustomFrequencyManager()
06-30 16:45:16.130  1282  1547 I SemDvfsHyPerManager: acquire hyper - AMS_APP_LAUNCH/1282@19, type = -999
06-30 16:45:16.130   795   895 I HYPER-HAL: [RequestManager.cpp]acquire(): Acquired ID : 846970  [1282 / 19]    HINT : AMS_APP_LAUNCH    list :
06-30 16:45:16.130  2894  2894 E pageboostd: Received HALT command code 2
06-30 16:45:16.131   795   895 I HYPER-HAL: [ResourceManager.cpp]updateResource(): [CPUMinFreq] UpdateResource Request ID : 846970    Value : 2623359
06-30 16:45:16.131  4448  4448 I SemDvfsHyPerManager: acquire hyper - APP_START/4448@14, type = -999
06-30 16:45:16.132   795   895 I HYPER-HAL: [RequestManager.cpp]acquire(): Acquired ID : 9956967  [4448 / 14]    HINT : APP_START    list :
06-30 16:45:16.132   795   895 I HYPER-HAL: [ResourceManager.cpp]updateResource(): [CPUMaxFreq] UpdateResource Request ID : 9956967    Value : 2730000
06-30 16:45:16.133  1282  4455 D InputTransport: Input channel constructed: '3469ed1', fd=952
06-30 16:45:16.133  1282  4455 D InputTransport: Input channel constructed: '3469ed1', fd=1001
06-30 16:45:16.133  1282  4455 D InputTransport: Input channel constructed: '3469ed1', fd=1063
06-30 16:45:16.133   873  2450 I SurfaceFlinger: id=9310 createSurf flag=80004, 3469ed1 Splash Screen com.example.dogglers#9310
06-30 16:45:16.134  1282  4455 D InputTransport: Input channel destroyed: '3469ed1', fd=1063
06-30 16:45:16.134  2243  2243 I TopTaskTracker: onTaskMovedToFront : taskId = 304
06-30 16:45:16.134  1751  1817 D InsetsController: onStateChanged: InsetsState: {mDisplayFrame=Rect(0, 0 - 1080, 2400), mDisplayCutout=DisplayCutout{insets=Rect(0, 78 - 0, 0) waterfall=Insets{left=0, top=0, right=0, bottom=0} boundingRect={Bounds=[Rect(0, 0 - 0, 0), Rect(690, 0 - 750, 78), Rect(0, 0 - 0, 0), Rect(0, 0 - 0, 0)]} cutoutPathParserInfo={CutoutPathParserInfo{displayWidth=1080 displayHeight=2400 physicalDisplayWidth=1440 physicalDisplayHeight=3200 density={3.0} cutoutSpec={M 0,0 H -10 V 26 H 10 V 0 H 0 Z @dp} rotation={0} scale={1.0} physicalPixelDisplaySizeRatio={1.0}}}}, mRoundedCorners=RoundedCorners{[RoundedCorner{position=TopLeft, radius=63, center=Point(63, 63)}, RoundedCorner{position=TopRight, radius=63, center=Point(1017, 63)}, RoundedCorner{position=BottomRight, radius=63, center=Point(1017, 2337)}, RoundedCorner{position=BottomLeft, radius=63, center=Point(63, 2337)}]}  mRoundedCornerFrame=Rect(0, 0 - 1080, 2400), mPrivacyIndicatorBounds=PrivacyIndicatorBounds {static bounds=Rect(964, 0 - 1080, 78) rotation=0}, mSources= { InsetsSource: {mType=ITYPE_STATUS_BAR, mFrame=[0,0][1080,78], mVisible=true, mInsetsRoundedCornerFrame=false}, InsetsSource: {mType=ITYPE_NAVIGATION_BAR, mFrame=[0,2400][1080,2400], mVisible=true, mInsetsRoundedCornerFrame=false}, InsetsSource: {mType=ITYPE_LEFT_GESTURES, mFrame=[0,0][0,2400], mVisible=true, mInsetsRoundedCornerFrame=false}, InsetsSource: {mType=ITYPE_RIGHT_GESTURES, mFrame=[1080,0][1080,2400], mVisible=true, mInsetsRoundedCornerFrame=false}, InsetsSource: {mType=ITYPE_TOP_MANDATORY_GESTURES, mFrame=[0,0][1080,110], mVisible=true, mInsetsRoundedCornerFrame=false}, InsetsSource: {mType=ITYPE_BOTTOM_MANDATORY_GESTURES, mFrame=[0,2348][1080,2400], mVisible=true, mInsetsRoundedCornerFrame=false}, InsetsSource: {mType=ITYPE_LEFT_DISPLAY_CUTOUT, mFrame=[0,0][-100000,2400], mVisible=true, mInsetsRoundedCornerFrame=false}, InsetsSource: {mType=ITYPE_TOP_DISPLAY_CUTOUT, mFrame=[0,0][1080,78], mVisible=true, mInsetsRoundedCornerFrame=false}, InsetsSource: {mType=ITYPE_RIGHT_DISPLAY_CUTOUT, mFrame=[100000,0][1080,2400], mVisible=true, mInsetsRoundedCornerFrame=false}, InsetsSource: {mType=ITYPE_BOTTOM_DISPLAY_CUTOUT, mFrame=[0,100000][1080,2400], mVisible=true, mInsetsRoundedCornerFrame=false}, InsetsSource: {mType=ITYPE_TOP_TAPPABLE_ELEMENT, mFrame=[0,0][1080,78], mVisible=true, mInsetsRoundedCornerFrame=false}, InsetsSource: {mType=ITYPE_BOTTOM_TAPPABLE_ELEMENT, mFrame=[0,0][0,0], mVisible=true, mInsetsRoundedCornerFrame=false} } host=Splash Screen com.example.dogglers from=android.view.ViewRootImpl.setView:1732
06-30 16:45:16.135  2136  2570 I StackIF : processMessage 3
06-30 16:45:16.135  2136  2570 I StackIF : Processing Notify
06-30 16:45:16.135  2136  2570 I SECIMSJ : [UNSL]< 20002
06-30 16:45:16.135  2136  2570 I StackIF : processNotify: id 20002
06-30 16:45:16.135  2136  2570 I ResipMiscHandler: onAlarmCancelled: id=10557
06-30 16:45:16.135  2136  2570 I StackIF : processMessage 3
06-30 16:45:16.135  2136  2570 I StackIF : Processing Notify
06-30 16:45:16.135  2136  2570 I SECIMSJ : [UNSL]< 20001
06-30 16:45:16.135  2136  2570 I StackIF : processNotify: id 20001
06-30 16:45:16.135  2136  2570 I ResipMiscHandler: onAlarmRequested: delay=10000 id=10560
06-30 16:45:16.135  2136  2577 I reSIProcate: INFO | RESIP:TRANSPORT | TransportSelector.cxx:810 | Via=SIP/2.0/ ;branch=z9hG4bK-524287-1---0d71d8b9bbc0d5de;rport
06-30 16:45:16.135  2136  2577 I reSIProcate: INFO | RESIP:TRANSPORT | TransportSelector.cxx:811 | Target=[ V4 216.239.36.127:443 TLS target domain=216.239.36.127 mFlowKey=194 ] cport =0 ] mInterface= ] transportKey=14 ]
06-30 16:45:16.135  2136  2577 I reSIProcate: INFO | RESIP:TRANSPORT | TransportSelector.cxx:1656 | target.transportKey : 14, mTransports.size() : 4
06-30 16:45:16.135  2136  2577 I reSIProcate: INFO | RESIP:TRANSPORT | TransportSelector.cxx:1500 | Transmitting to [ V4 216.239.36.127:443 TLS target domain=216.239.36.127 mFlowKey=194 ] cport =0 ] mInterface= ] transportKey=14 ] tlsDomain= via [ V4 0.0.0.0:443 TLS target domain=unspecified mFlowKey=0 ] cport =0 ] mInterface= ] transportKey=0 ]
06-30 16:45:16.135  2136  2577 I reSIProcate:
06-30 16:45:16.135  2136  2577 I reSIProcate:
06-30 16:45:16.135  2136  2577 I reSIProcate: sigcomp id=
06-30 16:45:16.136  1751  1817 I ViewRootImpl@b6b3530[dogglers]: setView = android.widget.FrameLayout@706745c TM=true
06-30 16:45:16.137  2136  2577 I reSIProcate: INFO | RESIP:TRANSPORT | Connection.cxx:229 | Interface : rmnet1, Tried to send 4 bytes, sent 4 bytes
06-30 16:45:16.137  1751  1817 I ViewRootImpl@b6b3530[dogglers]: performTraversals params={(0,0)(fillxfill) sim={adjust=pan} ty=APPLICATION_STARTING fmt=TRANSLUCENT wanim=0x1030309
06-30 16:45:16.137  1751  1817 I ViewRootImpl@b6b3530[dogglers]:   fl=81030118
06-30 16:45:16.137  1751  1817 I ViewRootImpl@b6b3530[dogglers]:   pfl=16000010
06-30 16:45:16.137  1751  1817 I ViewRootImpl@b6b3530[dogglers]:   bhv=DEFAULT
06-30 16:45:16.137  1751  1817 I ViewRootImpl@b6b3530[dogglers]:   fitSides= naviIconColor=0}
06-30 16:45:16.138  1751  1817 I ViewRootImpl@b6b3530[dogglers]: performTraversals mFirst=true windowShouldResize=true viewVisibilityChanged=false mForceNextWindowRelayout=false params={(0,0)(fillxfill) sim={adjust=pan} ty=APPLICATION_STARTING fmt=TRANSLUCENT wanim=0x1030309
06-30 16:45:16.138  1751  1817 I ViewRootImpl@b6b3530[dogglers]:   fl=81030118
06-30 16:45:16.138  1751  1817 I ViewRootImpl@b6b3530[dogglers]:   pfl=16000010
06-30 16:45:16.138  1751  1817 I ViewRootImpl@b6b3530[dogglers]:   bhv=DEFAULT
06-30 16:45:16.138  1751  1817 I ViewRootImpl@b6b3530[dogglers]:   fitSides= naviIconColor=0}
06-30 16:45:16.139  1282  4480 D InputDispatcher: Focused application(0): ActivityRecord{38dc05e u0 com.example.dogglers/.MainActivity} t304}
06-30 16:45:16.145  1282  2386 V WindowManager: Relayout Window{3469ed1 u0 Splash Screen com.example.dogglers}: viewVisibility=0 req=1080x2400 d0
06-30 16:45:16.145   873  2450 I SurfaceFlinger: id=9311 createSurf flag=40004, Splash Screen com.example.dogglers$_1751#9311
06-30 16:45:16.147   873   873 I SurfaceFlinger: [b38452c com.whatsapp/com.whatsapp.Conversation#9067] FrameRatePriority: -1
06-30 16:45:16.149  1282  2386 V WindowManager: Relayout hash=3469ed1, pid=1751, syncId=-1: mAttrs={(0,0)(fillxfill) sim={adjust=pan} ty=APPLICATION_STARTING fmt=TRANSLUCENT wanim=0x1030309
06-30 16:45:16.149  1282  2386 V WindowManager:   fl=81030118
06-30 16:45:16.149  1282  2386 V WindowManager:   pfl=16000010
06-30 16:45:16.149  1282  2386 V WindowManager:   bhv=DEFAULT
06-30 16:45:16.149  1282  2386 V WindowManager:   fitSides= naviIconColor=0}
06-30 16:45:16.150  1282  1327 W libprocessgroup: Failed to open /dev/blkio//cgroup.procs: No such file or directory
06-30 16:45:16.151  1751  1817 D InsetsController: onStateChanged: InsetsState: {mDisplayFrame=Rect(0, 0 - 1080, 2400), mDisplayCutout=DisplayCutout{insets=Rect(0, 78 - 0, 0) waterfall=Insets{left=0, top=0, right=0, bottom=0} boundingRect={Bounds=[Rect(0, 0 - 0, 0), Rect(690, 0 - 750, 78), Rect(0, 0 - 0, 0), Rect(0, 0 - 0, 0)]} cutoutPathParserInfo={CutoutPathParserInfo{displayWidth=1080 displayHeight=2400 physicalDisplayWidth=1440 physicalDisplayHeight=3200 density={3.0} cutoutSpec={M 0,0 H -10 V 26 H 10 V 0 H 0 Z @dp} rotation={0} scale={1.0} physicalPixelDisplaySizeRatio={1.0}}}}, mRoundedCorners=RoundedCorners{[RoundedCorner{position=TopLeft, radius=63, center=Point(63, 63)}, RoundedCorner{position=TopRight, radius=63, center=Point(1017, 63)}, RoundedCorner{position=BottomRight, radius=63, center=Point(1017, 2337)}, RoundedCorner{position=BottomLeft, radius=63, center=Point(63, 2337)}]}  mRoundedCornerFrame=Rect(0, 0 - 1080, 2400), mPrivacyIndicatorBounds=PrivacyIndicatorBounds {static bounds=Rect(964, 0 - 1080, 78) rotation=0}, mSources= { InsetsSource: {mType=ITYPE_STATUS_BAR, mFrame=[0,0][1080,78], mVisible=true, mInsetsRoundedCornerFrame=false}, InsetsSource: {mType=ITYPE_NAVIGATION_BAR, mFrame=[0,2400][1080,2400], mVisible=true, mInsetsRoundedCornerFrame=false}, InsetsSource: {mType=ITYPE_LEFT_GESTURES, mFrame=[0,0][0,2400], mVisible=true, mInsetsRoundedCornerFrame=false}, InsetsSource: {mType=ITYPE_RIGHT_GESTURES, mFrame=[1080,0][1080,2400], mVisible=true, mInsetsRoundedCornerFrame=false}, InsetsSource: {mType=ITYPE_TOP_MANDATORY_GESTURES, mFrame=[0,0][1080,110], mVisible=true, mInsetsRoundedCornerFrame=false}, InsetsSource: {mType=ITYPE_BOTTOM_MANDATORY_GESTURES, mFrame=[0,2348][1080,2400], mVisible=true, mInsetsRoundedCornerFrame=false}, InsetsSource: {mType=ITYPE_LEFT_DISPLAY_CUTOUT, mFrame=[0,0][-100000,2400], mVisible=true, mInsetsRoundedCornerFrame=false}, InsetsSource: {mType=ITYPE_TOP_DISPLAY_CUTOUT, mFrame=[0,0][1080,78], mVisible=true, mInsetsRoundedCornerFrame=false}, InsetsSource: {mType=ITYPE_RIGHT_DISPLAY_CUTOUT, mFrame=[100000,0][1080,2400], mVisible=true, mInsetsRoundedCornerFrame=false}, InsetsSource: {mType=ITYPE_BOTTOM_DISPLAY_CUTOUT, mFrame=[0,100000][1080,2400], mVisible=true, mInsetsRoundedCornerFrame=false}, InsetsSource: {mType=ITYPE_TOP_TAPPABLE_ELEMENT, mFrame=[0,0][1080,78], mVisible=true, mInsetsRoundedCornerFrame=false}, InsetsSource: {mType=ITYPE_BOTTOM_TAPPABLE_ELEMENT, mFrame=[0,0][0,0], mVisible=true, mInsetsRoundedCornerFrame=false}, InsetsSource: {mType=ITYPE_IME, mFrame=[0,0][0,0], mVisibleFrame=[0,1478][1080,2400], mVisible=false, mInsetsRoundedCornerFrame=false} } host=Splash Screen com.example.dogglers from=android.view.ViewRootImpl.relayoutWindow:9802
06-30 16:45:16.152  1282  1308 I SemPersonaManager: SecureFolder personaId = 150
06-30 16:45:16.152  1751  1817 I ViewRootImpl@b6b3530[dogglers]: updateBlastSurfaceIfNeeded mBlastBufferQueue=null isSameSurfaceControl=false
06-30 16:45:16.152  1751  1817 I BLASTBufferQueue: new BLASTBufferQueue, mName= ViewRootImpl@b6b3530[dogglers] mNativeObject= 0x7c59911390 sc.mNativeObject= 0x7be993fac0 caller= android.view.ViewRootImpl.updateBlastSurfaceIfNeeded:2909 android.view.ViewRootImpl.relayoutWindow:9847 android.view.ViewRootImpl.performTraversals:3884 android.view.ViewRootImpl.doTraversal:3116 android.view.ViewRootImpl$TraversalRunnable.run:10885 android.view.Choreographer$CallbackRecord.run:1301 android.view.Choreographer$CallbackRecord.run:1309 android.view.Choreographer.doCallbacks:923 android.view.Choreographer.doFrame:852 android.view.Choreographer$FrameDisplayEventReceiver.run:1283
06-30 16:45:16.153  1751  1817 I BLASTBufferQueue: update, w= 1080 h= 2400 mName = ViewRootImpl@b6b3530[dogglers] mNativeObject= 0x7c59911390 sc.mNativeObject= 0x7be993fac0 format= -3 caller= android.graphics.BLASTBufferQueue.<init>:84 android.view.ViewRootImpl.updateBlastSurfaceIfNeeded:2909 android.view.ViewRootImpl.relayoutWindow:9847 android.view.ViewRootImpl.performTraversals:3884 android.view.ViewRootImpl.doTraversal:3116 android.view.ViewRootImpl$TraversalRunnable.run:10885
06-30 16:45:16.153  1751  1817 I ViewRootImpl@b6b3530[dogglers]: Relayout returned: old=(0,0,1080,2400) new=(0,0,1080,2400) req=(1080,2400)0 dur=14 res=0x3 s={true 0x7ce9acafc0} ch=true seqId=0
06-30 16:45:16.154  1751  1817 I ViewRootImpl@b6b3530[dogglers]: mThreadedRenderer.initialize() mSurface={isValid=true 0x7ce9acafc0} hwInitialized=true
06-30 16:45:16.154 27856 27856 D LifecycleMonitor: Lifecycle status change: com.example.dogglers.MainActivity@7eecaad in: PRE_ON_CREATE
06-30 16:45:16.154  1751  1828 D OpenGLRenderer: eglCreateWindowSurface
06-30 16:45:16.154 27856 27856 V ActivityScenario: Activity lifecycle changed event received but ignored because the reported transition was not ON_CREATE while the last known transition was PRE_ON_CREATE
06-30 16:45:16.154  1751  1817 I ViewRootImpl@b6b3530[dogglers]: reportNextDraw android.view.ViewRootImpl.performTraversals:4438 android.view.ViewRootImpl.doTraversal:3116 android.view.ViewRootImpl$TraversalRunnable.run:10885 android.view.Choreographer$CallbackRecord.run:1301 android.view.Choreographer$CallbackRecord.run:1309
06-30 16:45:16.154  1751  1817 I ViewRootImpl@b6b3530[dogglers]: Setup new sync id=0
06-30 16:45:16.154  1751  1817 I ViewRootImpl@b6b3530[dogglers]: Setting syncFrameCallback
06-30 16:45:16.154  1751  1817 I ViewRootImpl@b6b3530[dogglers]: registerCallbacksForSync syncBuffer=false
06-30 16:45:16.155  1751  1854 I ViewRootImpl@b6b3530[dogglers]: Received frameDrawingCallback syncResult=0 frameNum=1.
06-30 16:45:16.155  1751  1854 I ViewRootImpl@b6b3530[dogglers]: Setting up sync and frameCommitCallback
06-30 16:45:16.155   782   782 D gralloc : [mali_gralloc_allocate] begin
06-30 16:45:16.155   782   782 D gralloc : buffer_descriptor: wh(1080 2400) usage_pc(0x40000000000b00 0x40000000000b00) hal_format(0x1) layer_count(1) sizes(0 0 0) strde(0) byte_stride(0) alloc_wh(0 0) internal_format(0x0) alloc_format(0x0) fd_count(1) plane_count(0)
06-30 16:45:16.156   873   873 D SurfaceFlinger: [input] inputWindowCommands.focusRequests size is 1
06-30 16:45:16.156   782   782 D gralloc : [mali_gralloc_allocate] allocation successful
06-30 16:45:16.156  1282  1308 D EnterpriseDeviceManagerService: isMdmAdminPresentInternal() : MDM Admin Found - com.samsung.knox.securefolder
06-30 16:45:16.157  1282  2881 I MediaSessionMonitor: Media session stopped : controllerList empty
06-30 16:45:16.157   873   984 D SurfaceFlinger: [input] setFocusedWindow: <null>
06-30 16:45:16.158  1751  1828 I BLASTBufferQueue: [ViewRootImpl@b6b3530[dogglers]#344](f:0,a:0) onFrameAvailable the first frame is available
06-30 16:45:16.158  1751  1828 I ViewRootImpl@b6b3530[dogglers]: Received frameCommittedCallback lastAttemptedDrawFrameNum=1 didProduceBuffer=true
06-30 16:45:16.158  1282  2386 D InputDispatcher: Focus left window (0): b38452c com.whatsapp/com.whatsapp.Conversation
06-30 16:45:16.158   782   782 D gralloc : [mali_gralloc_allocate] begin
06-30 16:45:16.158   782   782 D gralloc : buffer_descriptor: wh(1080 2400) usage_pc(0x40000000000b00 0x40000000000b00) hal_format(0x1) layer_count(1) sizes(0 0 0) strde(0) byte_stride(0) alloc_wh(0 0) internal_format(0x0) alloc_format(0x0) fd_count(1) plane_count(0)
06-30 16:45:16.159 31662 31662 I ViewRootImpl@ffcf06a[Conversation]: MSG_WINDOW_FOCUS_CHANGED 0 0
06-30 16:45:16.159   782   782 D gralloc : [mali_gralloc_allocate] allocation successful
06-30 16:45:16.160   782   782 D gralloc : [mali_gralloc_allocate] begin
06-30 16:45:16.160   782   782 D gralloc : buffer_descriptor: wh(1080 2400) usage_pc(0x40000000000b00 0x40000000000b00) hal_format(0x1) layer_count(1) sizes(0 0 0) strde(0) byte_stride(0) alloc_wh(0 0) internal_format(0x0) alloc_format(0x0) fd_count(1) plane_count(0)
06-30 16:45:16.161   782   782 D gralloc : [mali_gralloc_allocate] allocation successful
06-30 16:45:16.161   782   782 D gralloc : [mali_gralloc_allocate] begin
06-30 16:45:16.161   782   782 D gralloc : buffer_descriptor: wh(1080 2400) usage_pc(0x40000000000b00 0x40000000000b00) hal_format(0x1) layer_count(1) sizes(0 0 0) strde(0) byte_stride(0) alloc_wh(0 0) internal_format(0x0) alloc_format(0x0) fd_count(1) plane_count(0)
06-30 16:45:16.162   782   782 D gralloc : [mali_gralloc_allocate] allocation successful
06-30 16:45:16.163  1282  1327 W libprocessgroup: Failed to open /dev/blkio//cgroup.procs: No such file or directory
06-30 16:45:16.164  4690  4690 I ActivityUtils: HomePackage : com.sec.android.app.launcher, resumePackageName : com.example.dogglers
06-30 16:45:16.165  1751  1828 D OpenGLRenderer: CFMS:: SetUp Pid : 1751    Tid : 1828
06-30 16:45:16.166  1751  1828 W Parcel  : Expecting binder but got null!
06-30 16:45:16.166  1751  1817 I ViewRootImpl@b6b3530[dogglers]: onSyncComplete
06-30 16:45:16.166  1751  1817 I ViewRootImpl@b6b3530[dogglers]: setupSync seqId=0 mSyncId=0 fn=1 caller=android.view.ViewRootImpl$$ExternalSyntheticLambda11.accept:6 android.window.SurfaceSyncer.lambda$setupSync$1$android-window-SurfaceSyncer:128 android.window.SurfaceSyncer$$ExternalSyntheticLambda1.accept:8 android.window.SurfaceSyncer$SyncSet.checkIfSyncIsComplete:382 android.window.SurfaceSyncer$SyncSet.markSyncReady:359 android.window.SurfaceSyncer.markSyncReady:151 android.view.ViewRootImpl.performTraversals:4503
06-30 16:45:16.166  1751  1817 I ViewRootImpl@b6b3530[dogglers]: reportDrawFinished seqId=0 mSyncId=-1 fn=1 mSurfaceChangedTransaction=0x7c19984150
06-30 16:45:16.173 27856 27856 I DecorView: [INFO] isPopOver=false config=true
06-30 16:45:16.173   873  2450 I SurfaceFlinger: id=9312 createSurf flag=24000, Surface(name=Task=300)/@0xec4c80 - animation-leash of app_transition#9312
06-30 16:45:16.173 27856 27856 I DecorView: updateCaptionType: isFloating=false isApplication=true hasWindowDecorCaption=false this=DecorView@2947bb5[]
06-30 16:45:16.173 27856 27856 D DecorView: setCaptionType = 0, this = DecorView@2947bb5[]
06-30 16:45:16.174   873  2450 I SurfaceFlinger: id=9313 createSurf flag=20004, DimAnimationLayer for Task=304#9313
06-30 16:45:16.174   873  2450 I SurfaceFlinger: id=9314 createSurf flag=24004, Surface(name=Task=304)/@0xb3f0de9 - animation-leash of app_transition#9314
06-30 16:45:16.174 27856 27856 I DecorView: getCurrentDensityDpi: from real metrics. densityDpi=420 msg=resources_loaded
06-30 16:45:16.175 27856 27856 I DecorView: setWindowBackground: isPopOver=false color=ff121212 d=android.graphics.drawable.ColorDrawable@7b7b5bb
06-30 16:45:16.175   782   782 D gralloc : [mali_gralloc_allocate] begin
06-30 16:45:16.175   782   782 D gralloc : buffer_descriptor: wh(1080 2400) usage_pc(0xb66 0xb06) hal_format(0x1) layer_count(1) sizes(0 0 0) strde(0) byte_stride(0) alloc_wh(0 0) internal_format(0x0) alloc_format(0x0) fd_count(1) plane_count(0)
06-30 16:45:16.176   782   782 D gralloc : [mali_gralloc_allocate] allocation successful
06-30 16:45:16.176   873   873 I Layer   : id=9315 Destroyed Screenshot Parent#9315
06-30 16:45:16.180 27856 27856 D LifecycleMonitor: Lifecycle status change: com.example.dogglers.MainActivity@7eecaad in: CREATED
06-30 16:45:16.180 27856 27856 V ActivityScenario: Update currentActivityStage to CREATED, currentActivity=com.example.dogglers.MainActivity@7eecaad
06-30 16:45:16.181   873  1054 I SurfaceFlinger: id=9316 createSurf flag=80000, ae8d599 ActivityRecordInputSink com.example.dogglers/.MainActivity#9316
06-30 16:45:16.181 27856 27856 D LifecycleMonitor: Lifecycle status change: com.example.dogglers.MainActivity@7eecaad in: STARTED
06-30 16:45:16.181 27856 27856 V ActivityScenario: Update currentActivityStage to STARTED, currentActivity=com.example.dogglers.MainActivity@7eecaad
06-30 16:45:16.182 27856 27856 D LifecycleMonitor: Lifecycle status change: com.example.dogglers.MainActivity@7eecaad in: RESUMED
06-30 16:45:16.182 27856 27856 V ActivityScenario: Update currentActivityStage to RESUMED, currentActivity=com.example.dogglers.MainActivity@7eecaad
06-30 16:45:16.183 27856 27856 I MSHandlerLifeCycle: check: return. pkg=com.example.dogglers parent=null callers=com.android.internal.policy.DecorView.setVisibility:4416 android.app.ActivityThread.handleResumeActivity:5476 android.app.servertransaction.ResumeActivityItem.execute:54 android.app.servertransaction.ActivityTransactionItem.execute:45 android.app.servertransaction.TransactionExecutor.executeLifecycleState:176
06-30 16:45:16.183 27856 27856 I MSHandlerLifeCycle: removeMultiSplitHandler: no exist. decor=DecorView@2947bb5[]
06-30 16:45:16.185 27856 27962 D NativeCustomFrequencyManager: [NativeCFMS] BpCustomFrequencyManager::BpCustomFrequencyManager()
06-30 16:45:16.186  1282  1547 D InputTransport: Input channel constructed: '542bc15', fd=1063
06-30 16:45:16.186  1282  1547 D InputTransport: Input channel constructed: '542bc15', fd=1127
06-30 16:45:16.186  1282  1547 D InputTransport: Input channel constructed: '542bc15', fd=1135
06-30 16:45:16.186   873  1054 I SurfaceFlinger: id=9317 createSurf flag=80004, 542bc15 com.example.dogglers/com.example.dogglers.MainActivity#9317
06-30 16:45:16.187  1282  1547 D InputTransport: Input channel destroyed: '542bc15', fd=1135
06-30 16:45:16.187 27856 27856 D InsetsController: onStateChanged: InsetsState: {mDisplayFrame=Rect(0, 0 - 1080, 2400), mDisplayCutout=DisplayCutout{insets=Rect(0, 78 - 0, 0) waterfall=Insets{left=0, top=0, right=0, bottom=0} boundingRect={Bounds=[Rect(0, 0 - 0, 0), Rect(690, 0 - 750, 78), Rect(0, 0 - 0, 0), Rect(0, 0 - 0, 0)]} cutoutPathParserInfo={CutoutPathParserInfo{displayWidth=1080 displayHeight=2400 physicalDisplayWidth=1440 physicalDisplayHeight=3200 density={3.0} cutoutSpec={M 0,0 H -10 V 26 H 10 V 0 H 0 Z @dp} rotation={0} scale={1.0} physicalPixelDisplaySizeRatio={1.0}}}}, mRoundedCorners=RoundedCorners{[RoundedCorner{position=TopLeft, radius=63, center=Point(63, 63)}, RoundedCorner{position=TopRight, radius=63, center=Point(1017, 63)}, RoundedCorner{position=BottomRight, radius=63, center=Point(1017, 2337)}, RoundedCorner{position=BottomLeft, radius=63, center=Point(63, 2337)}]}  mRoundedCornerFrame=Rect(0, 0 - 1080, 2400), mPrivacyIndicatorBounds=PrivacyIndicatorBounds {static bounds=Rect(964, 0 - 1080, 78) rotation=0}, mSources= { InsetsSource: {mType=ITYPE_STATUS_BAR, mFrame=[0,0][1080,78], mVisible=true, mInsetsRoundedCornerFrame=false}, InsetsSource: {mType=ITYPE_NAVIGATION_BAR, mFrame=[0,2400][1080,2400], mVisible=true, mInsetsRoundedCornerFrame=false}, InsetsSource: {mType=ITYPE_LEFT_GESTURES, mFrame=[0,0][0,2400], mVisible=true, mInsetsRoundedCornerFrame=false}, InsetsSource: {mType=ITYPE_RIGHT_GESTURES, mFrame=[1080,0][1080,2400], mVisible=true, mInsetsRoundedCornerFrame=false}, InsetsSource: {mType=ITYPE_TOP_MANDATORY_GESTURES, mFrame=[0,0][1080,110], mVisible=true, mInsetsRoundedCornerFrame=false}, InsetsSource: {mType=ITYPE_BOTTOM_MANDATORY_GESTURES, mFrame=[0,2348][1080,2400], mVisible=true, mInsetsRoundedCornerFrame=false}, InsetsSource: {mType=ITYPE_LEFT_DISPLAY_CUTOUT, mFrame=[0,0][-100000,2400], mVisible=true, mInsetsRoundedCornerFrame=false}, InsetsSource: {mType=ITYPE_TOP_DISPLAY_CUTOUT, mFrame=[0,0][1080,78], mVisible=true, mInsetsRoundedCornerFrame=false}, InsetsSource: {mType=ITYPE_RIGHT_DISPLAY_CUTOUT, mFrame=[100000,0][1080,2400], mVisible=true, mInsetsRoundedCornerFrame=false}, InsetsSource: {mType=ITYPE_BOTTOM_DISPLAY_CUTOUT, mFrame=[0,100000][1080,2400], mVisible=true, mInsetsRoundedCornerFrame=false}, InsetsSource: {mType=ITYPE_TOP_TAPPABLE_ELEMENT, mFrame=[0,0][1080,78], mVisible=true, mInsetsRoundedCornerFrame=false}, InsetsSource: {mType=ITYPE_BOTTOM_TAPPABLE_ELEMENT, mFrame=[0,0][0,0], mVisible=true, mInsetsRoundedCornerFrame=false}, InsetsSource: {mType=ITYPE_IME, mFrame=[0,0][0,0], mVisibleFrame=[0,1478][1080,2400], mVisible=false, mInsetsRoundedCornerFrame=false} } host=com.example.dogglers/com.example.dogglers.MainActivity from=android.view.ViewRootImpl.setView:1732
06-30 16:45:16.188 27856 27856 I ViewRootImpl@c9cbc25[MainActivity]: setView = com.android.internal.policy.DecorView@2947bb5 TM=true
06-30 16:45:16.189 27856 27856 I MSHandlerLifeCycle: removeMultiSplitHandler: no exist. decor=DecorView@2947bb5[MainActivity]
06-30 16:45:16.189   873   873 I Layer   : Layer [Splash Screen com.example.dogglers$_1751#9311] hidden!! flag(0)
06-30 16:45:16.189  1282  1399 D AnalyticsContainerHandler: handleMessage : { when=0 what=1 target=com.android.server.knox.KnoxAnalyticsContainer$AnalyticsHandler }
06-30 16:45:16.191   782   782 D gralloc : [mali_gralloc_allocate] begin
06-30 16:45:16.191   782   782 D gralloc : buffer_descriptor: wh(1080 1) usage_pc(0xb66 0xb06) hal_format(0x1) layer_count(1) sizes(0 0 0) strde(0) byte_stride(0) alloc_wh(0 0) internal_format(0x0) alloc_format(0x0) fd_count(1) plane_count(0)
06-30 16:45:16.191   782   782 D gralloc : [mali_gralloc_allocate] allocation successful
06-30 16:45:16.191   873   873 I Layer   : id=9318 Destroyed Screenshot Parent#9318
06-30 16:45:16.194   873  1054 I SurfaceFlinger: id=9319 createSurf flag=40404, Top Edge Extension#9319
06-30 16:45:16.194   873  1054 I SurfaceFlinger: id=9320 createSurf flag=400, bbq-wrapper#9320
06-30 16:45:16.194 27856 27856 I ViewRootImpl@c9cbc25[MainActivity]: performTraversals params={(0,0)(fillxfill) sim={adjust=pan forwardNavigation} ty=BASE_APPLICATION wanim=0x1030309
06-30 16:45:16.194 27856 27856 I ViewRootImpl@c9cbc25[MainActivity]:   fl=81810100
06-30 16:45:16.194 27856 27856 I ViewRootImpl@c9cbc25[MainActivity]:   pfl=12020040
06-30 16:45:16.194 27856 27856 I ViewRootImpl@c9cbc25[MainActivity]:   bhv=DEFAULT
06-30 16:45:16.194 27856 27856 I ViewRootImpl@c9cbc25[MainActivity]:   fitSides= naviIconColor=0}
06-30 16:45:16.195  1282 14499 I BLASTBufferQueue: [bbq-adapter#408](f:0,a:0) onFrameAvailable the first frame is available
06-30 16:45:16.195 27856 27856 I ViewRootImpl@c9cbc25[MainActivity]: performTraversals mFirst=true windowShouldResize=true viewVisibilityChanged=false mForceNextWindowRelayout=false params={(0,0)(fillxfill) sim={adjust=pan forwardNavigation} ty=BASE_APPLICATION wanim=0x1030309
06-30 16:45:16.195 27856 27856 I ViewRootImpl@c9cbc25[MainActivity]:   fl=81810100
06-30 16:45:16.195 27856 27856 I ViewRootImpl@c9cbc25[MainActivity]:   pfl=12020040
06-30 16:45:16.195 27856 27856 I ViewRootImpl@c9cbc25[MainActivity]:   bhv=DEFAULT
06-30 16:45:16.195 27856 27856 I ViewRootImpl@c9cbc25[MainActivity]:   fitSides= naviIconColor=0}
06-30 16:45:16.196   782   782 D gralloc : [mali_gralloc_allocate] begin
06-30 16:45:16.196   782   782 D gralloc : buffer_descriptor: wh(1080 1) usage_pc(0xb66 0xb06) hal_format(0x1) layer_count(1) sizes(0 0 0) strde(0) byte_stride(0) alloc_wh(0 0) internal_format(0x0) alloc_format(0x0) fd_count(1) plane_count(0)
06-30 16:45:16.196   782   782 D gralloc : [mali_gralloc_allocate] allocation successful
06-30 16:45:16.196   873   873 I Layer   : id=9321 Destroyed Screenshot Parent#9321
06-30 16:45:16.198   873   909 I SurfaceFlinger: id=9322 createSurf flag=40404, Bottom Edge Extension#9322
06-30 16:45:16.199   873   909 I SurfaceFlinger: id=9323 createSurf flag=400, bbq-wrapper#9323
06-30 16:45:16.199  1282 14500 I BLASTBufferQueue: [bbq-adapter#409](f:0,a:0) onFrameAvailable the first frame is available
06-30 16:45:16.200  1282  2386 V WindowManager: Relayout Window{542bc15 u0 com.example.dogglers/com.example.dogglers.MainActivity}: viewVisibility=0 req=1080x2400 d0
06-30 16:45:16.200   873  2450 I SurfaceFlinger: id=9324 createSurf flag=40004, com.example.dogglers/com.example.dogglers.MainActivity$_27856#9324
06-30 16:45:16.202   873  2450 I SurfaceFlinger: id=9325 createSurf flag=24000, Surface(name=1c611dd StatusBar)/@0xee99fdd - animation-leash of insets_animation#9325
06-30 16:45:16.203   873  2450 I SurfaceFlinger: id=9326 createSurf flag=24000, Surface(name=37aeaf NavigationBar0)/@0x2817b20 - animation-leash of insets_animation#9326
06-30 16:45:16.203  1282  2386 V WindowManager: Relayout hash=542bc15, pid=27856, syncId=-1: mAttrs={(0,0)(fillxfill) sim={adjust=pan forwardNavigation} ty=BASE_APPLICATION wanim=0x1030309
06-30 16:45:16.203  1282  2386 V WindowManager:   fl=81810100
06-30 16:45:16.203  1282  2386 V WindowManager:   pfl=12020040
06-30 16:45:16.203  1282  2386 V WindowManager:   bhv=DEFAULT
06-30 16:45:16.203  1282  2386 V WindowManager:   fitSides= naviIconColor=0}
06-30 16:45:16.205 27856 27856 I ViewRootImpl@c9cbc25[MainActivity]: updateBlastSurfaceIfNeeded mBlastBufferQueue=null isSameSurfaceControl=false
06-30 16:45:16.205 27856 27856 I BLASTBufferQueue: new BLASTBufferQueue, mName= ViewRootImpl@c9cbc25[MainActivity] mNativeObject= 0x7c59795ed0 sc.mNativeObject= 0x7be97a0cf0 caller= android.view.ViewRootImpl.updateBlastSurfaceIfNeeded:2909 android.view.ViewRootImpl.relayoutWindow:9847 android.view.ViewRootImpl.performTraversals:3884 android.view.ViewRootImpl.doTraversal:3116 android.view.ViewRootImpl$TraversalRunnable.run:10885 android.view.Choreographer$CallbackRecord.run:1301 android.view.Choreographer$CallbackRecord.run:1309 android.view.Choreographer.doCallbacks:923 android.view.Choreographer.doFrame:852 android.view.Choreographer$FrameDisplayEventReceiver.run:1283
06-30 16:45:16.205 27856 27856 I BLASTBufferQueue: update, w= 1080 h= 2400 mName = ViewRootImpl@c9cbc25[MainActivity] mNativeObject= 0x7c59795ed0 sc.mNativeObject= 0x7be97a0cf0 format= -1 caller= android.graphics.BLASTBufferQueue.<init>:84 android.view.ViewRootImpl.updateBlastSurfaceIfNeeded:2909 android.view.ViewRootImpl.relayoutWindow:9847 android.view.ViewRootImpl.performTraversals:3884 android.view.ViewRootImpl.doTraversal:3116 android.view.ViewRootImpl$TraversalRunnable.run:10885
06-30 16:45:16.205 27856 27856 I ViewRootImpl@c9cbc25[MainActivity]: Relayout returned: old=(0,0,1080,2400) new=(0,0,1080,2400) req=(1080,2400)0 dur=10 res=0x3 s={true 0x7ce97732a0} ch=true seqId=0
06-30 16:45:16.206 27856 27856 I ViewRootImpl@c9cbc25[MainActivity]: mThreadedRenderer.initialize() mSurface={isValid=true 0x7ce97732a0} hwInitialized=true
06-30 16:45:16.206 27856 27962 D OpenGLRenderer: eglCreateWindowSurface
06-30 16:45:16.207   782   782 D gralloc : [mali_gralloc_allocate] begin
06-30 16:45:16.207   782   782 D gralloc : buffer_descriptor: wh(1080 2400) usage_pc(0x40000000000b00 0x40000000000b00) hal_format(0x1) layer_count(1) sizes(0 0 0) strde(0) byte_stride(0) alloc_wh(0 0) internal_format(0x0) alloc_format(0x0) fd_count(1) plane_count(0)
06-30 16:45:16.208 27856 27856 I ViewRootImpl@c9cbc25[MainActivity]: reportNextDraw android.view.ViewRootImpl.performTraversals:4438 android.view.ViewRootImpl.doTraversal:3116 android.view.ViewRootImpl$TraversalRunnable.run:10885 android.view.Choreographer$CallbackRecord.run:1301 android.view.Choreographer$CallbackRecord.run:1309
06-30 16:45:16.208 27856 27856 I ViewRootImpl@c9cbc25[MainActivity]: Setup new sync id=0
06-30 16:45:16.208 27856 27856 I ViewRootImpl@c9cbc25[MainActivity]: Setting syncFrameCallback
06-30 16:45:16.208 27856 27856 I ViewRootImpl@c9cbc25[MainActivity]: registerCallbacksForSync syncBuffer=false
06-30 16:45:16.208   873   873 D SurfaceFlinger: Display 4633128672291735937 HWC layers:
06-30 16:45:16.208   873   873 D SurfaceFlinger:      CLIENT | 0x718d856e30 | 0102 | RGBA_8888    |    0.0    0.0    0.0    0.0 |    0    0    0    0 | bbq-wrapper#9323
06-30 16:45:16.208   873   873 D SurfaceFlinger:      DEVICE | 0x718d860730 | 0102 | RGBA_8888    |    0.0    0.0 1080.0 2400.0 |    0    0 1080 2400 | com.whatsapp/com.whatsapp.Conversation$_31662#9295
06-30 16:45:16.208   873   873 D SurfaceFlinger:      DEVICE | 0x718d8724f0 | 0100 | RGBA_8888    |    0.0    0.0 1080.0   78.0 |    0    0 1080   78 | StatusBar$_1751#88
06-30 16:45:16.208   873   873 D SurfaceFlinger:      DEVICE | 0x718d8202f0 | 0100 | RGBA_8888    |    0.0    0.0   67.0  493.0 |    0 1188   67 1681 | com.samsung.android.app.cocktailbars[...]ervice.CocktailBarService$_4690#9140
06-30 16:45:16.208   873   873 D SurfaceFlinger:      DEVICE | 0x718d862350 | 0100 | RGBA_8888    |    0.0    0.0  388.0   48.0 |  692 2352 1080 2400 | SGestureOverlayWindow$_2243#9132
06-30 16:45:16.208   873   873 D SurfaceFlinger:      DEVICE | 0x718d856650 | 0100 | RGBA_8888    |    0.0    0.0 1080.0  126.0 |    0 2274 1080 2400 | NavigationBar0$_1751#83
06-30 16:45:16.208   873   873 D SurfaceFlinger:
06-30 16:45:16.209   782   782 D gralloc : [mali_gralloc_allocate] allocation successful
06-30 16:45:16.209   782   782 D gralloc : [mali_gralloc_allocate] begin
06-30 16:45:16.209   782   782 D gralloc : buffer_descriptor: wh(1080 2400) usage_pc(0x40000000000b00 0x40000000000b00) hal_format(0x1) layer_count(1) sizes(0 0 0) strde(0) byte_stride(0) alloc_wh(0 0) internal_format(0x0) alloc_format(0x0) fd_count(1) plane_count(0)
06-30 16:45:16.211   782   782 D gralloc : [mali_gralloc_allocate] allocation successful
06-30 16:45:16.211   782   782 D gralloc : [mali_gralloc_allocate] begin
06-30 16:45:16.211   782   782 D gralloc : buffer_descriptor: wh(1080 2400) usage_pc(0x40000000000b00 0x40000000000b00) hal_format(0x1) layer_count(1) sizes(0 0 0) strde(0) byte_stride(0) alloc_wh(0 0) internal_format(0x0) alloc_format(0x0) fd_count(1) plane_count(0)
06-30 16:45:16.213   782   782 D gralloc : [mali_gralloc_allocate] allocation successful
06-30 16:45:16.213 27856 28011 I ViewRootImpl@c9cbc25[MainActivity]: Received frameDrawingCallback syncResult=0 frameNum=1.
06-30 16:45:16.214 27856 28011 I ViewRootImpl@c9cbc25[MainActivity]: Setting up sync and frameCommitCallback
06-30 16:45:16.214   782   782 D gralloc : [mali_gralloc_allocate] begin
06-30 16:45:16.214   782   782 D gralloc : buffer_descriptor: wh(1080 2400) usage_pc(0x40000000000b00 0x40000000000b00) hal_format(0x1) layer_count(1) sizes(0 0 0) strde(0) byte_stride(0) alloc_wh(0 0) internal_format(0x0) alloc_format(0x0) fd_count(1) plane_count(0)
06-30 16:45:16.214   873   873 I Layer   : id=9297 removeFromCurrentState Surface(name=37aeaf NavigationBar0)/@0x2817b20 - animation-leash of insets_animation#9297 (132)
06-30 16:45:16.214   873   873 I Layer   : id=66 removeFromCurrentState 37aeaf NavigationBar0#66 (132)
06-30 16:45:16.214   873   873 I Layer   : id=83 removeFromCurrentState NavigationBar0$_1751#83 (132)
06-30 16:45:16.214   873   873 I Layer   : id=9296 removeFromCurrentState Surface(name=1c611dd StatusBar)/@0xee99fdd - animation-leash of insets_animation#9296 (132)
06-30 16:45:16.214   873   873 I Layer   : id=66 addToCurrentState 37aeaf NavigationBar0#66 (132)
06-30 16:45:16.214   873   873 I Layer   : id=83 addToCurrentState NavigationBar0$_1751#83 (132)
06-30 16:45:16.214   873   873 I SurfaceFlinger: [542bc15 com.example.dogglers/com.example.dogglers.MainActivity#9317] FrameRatePriority: 1
06-30 16:45:16.214   873   873 D SurfaceFlinger: [input] inputWindowCommands.focusRequests size is 1
06-30 16:45:16.214   873   873 I SurfaceFlinger: id=9297 Removed Surface(name=37aeaf NavigationBar0)/@0x2817b20 - animation-leash of insets_animation#9297 (132)
06-30 16:45:16.214   873   873 I SurfaceFlinger: id=9296 Removed Surface(name=1c611dd StatusBar)/@0xee99fdd - animation-leash of insets_animation#9296 (132)
06-30 16:45:16.215   873   873 I Layer   : id=9296 Destroyed Surface(name=1c611dd StatusBar)/@0xee99fdd - animation-leash of insets_animation#9296
06-30 16:45:16.215 27856 27962 I BLASTBufferQueue: [ViewRootImpl@c9cbc25[MainActivity]#8](f:0,a:0) onFrameAvailable the first frame is available
06-30 16:45:16.215   873   873 I Layer   : id=9297 Destroyed Surface(name=37aeaf NavigationBar0)/@0x2817b20 - animation-leash of insets_animation#9297
06-30 16:45:16.215 27856 27962 I ViewRootImpl@c9cbc25[MainActivity]: Received frameCommittedCallback lastAttemptedDrawFrameNum=1 didProduceBuffer=true
06-30 16:45:16.216 27856 27962 D OpenGLRenderer: CFMS:: SetUp Pid : 27856    Tid : 27962
06-30 16:45:16.216 27856 27962 W Parcel  : Expecting binder but got null!
06-30 16:45:16.216   873   984 D SurfaceFlinger: [input] setFocusedWindow: 542bc15 com.example.dogglers/com.example.dogglers.MainActivity
06-30 16:45:16.216 27856 27856 I ViewRootImpl@c9cbc25[MainActivity]: onSyncComplete
06-30 16:45:16.216  1282  2386 D InputDispatcher: Focus request (0): 542bc15 com.example.dogglers/com.example.dogglers.MainActivity but waiting because NO_WINDOW
06-30 16:45:16.216 27856 27856 I ViewRootImpl@c9cbc25[MainActivity]: setupSync seqId=0 mSyncId=0 fn=1 caller=android.view.ViewRootImpl$$ExternalSyntheticLambda11.accept:6 android.window.SurfaceSyncer.lambda$setupSync$1$android-window-SurfaceSyncer:128 android.window.SurfaceSyncer$$ExternalSyntheticLambda1.accept:8 android.window.SurfaceSyncer$SyncSet.checkIfSyncIsComplete:382 android.window.SurfaceSyncer$SyncSet.markSyncReady:359 android.window.SurfaceSyncer.markSyncReady:151 android.view.ViewRootImpl.performTraversals:4503
06-30 16:45:16.216 27856 27856 I ViewRootImpl@c9cbc25[MainActivity]: reportDrawFinished seqId=0 mSyncId=-1 fn=1 mSurfaceChangedTransaction=0x7c1976b990
06-30 16:45:16.216   782   782 D gralloc : [mali_gralloc_allocate] allocation successful
06-30 16:45:16.219  1282  1305 W ziparchive: Unable to open '/data/app/~~SrSoTLjCMttZvpcb7KR4-A==/com.example.dogglers-uNnBO5hcT2MPht_HF8qqww==/base.dm': No such file or directory
06-30 16:45:16.219  1282  1305 I PkgPredictorService-SecIpmManagerServiceImpl: reportToNAP uid:10286 com.example.dogglers/com.example.dogglers.MainActivity thisTime:102
06-30 16:45:16.220  1282  1305 I ActivityTaskManager: Displayed com.example.dogglers/.MainActivity: +102ms
06-30 16:45:16.220  2894  2894 E pageboostd: Received HALT command code 2
06-30 16:45:16.220   873  1054 I SurfaceFlinger: id=9327 createSurf flag=24000, Surface(name=542bc15 com.example.dogglers/com.example.dogglers.MainActivity)/@0x65595fc - animation-leash of starting_reveal#9327
06-30 16:45:16.221   873   873 D SurfaceFlinger: Display 4633128672291735937 HWC layers:
06-30 16:45:16.221   873   873 D SurfaceFlinger:      CLIENT | 0x718d856e30 | 0102 | RGBA_8888    |    0.0    0.0    0.0    0.0 |    0 2396 1080 2400 | bbq-wrapper#9323
06-30 16:45:16.221   873   873 D SurfaceFlinger:      DEVICE | 0x718d860730 | 0102 | RGBA_8888    |    0.0    4.0 1080.0 2400.0 |    0    0 1080 2396 | com.whatsapp/com.whatsapp.Conversation$_31662#9295
06-30 16:45:16.221   873   873 D SurfaceFlinger:      DEVICE | 0x718d867b10 | 0102 | RGBA_8888    |    0.0    0.0 1080.0    1.0 |    0    0 1080  427 | bbq-wrapper#9320
06-30 16:45:16.221   873   873 D SurfaceFlinger:      DEVICE | 0x718d822030 | 0100 | RGBA_8888    |    0.0    0.0 1080.0 1973.0 |    0  427 1080 2400 | Splash Screen com.example.dogglers$_1751#9311
06-30 16:45:16.221   873   873 D SurfaceFlinger:      DEVICE | 0x718d8724f0 | 0100 | RGBA_8888    |    0.0    0.0 1080.0   78.0 |    0    0 1080   78 | StatusBar$_1751#88
06-30 16:45:16.221   873   873 D SurfaceFlinger:      DEVICE | 0x718d8202f0 | 0100 | RGBA_8888    |    0.0    0.0   67.0  493.0 |    0 1188   67 1681 | com.samsung.android.app.cocktailbars[...]ervice.CocktailBarService$_4690#9140
06-30 16:45:16.221   873   873 D SurfaceFlinger:      DEVICE | 0x718d862350 | 0100 | RGBA_8888    |    0.0    0.0  388.0   48.0 |  692 2352 1080 2400 | SGestureOverlayWindow$_2243#9132
06-30 16:45:16.221   873   873 D SurfaceFlinger:
06-30 16:45:16.221   873   873 D SurfaceFlinger:     DEVICE | 0x718d856650 | 0100 | RGBA_8888    |    0.0    0.0 1080.0  126.0 |    0 2274 1080 2400 | NavigationBar0$_1751#83
06-30 16:45:16.221   873   873 D SurfaceFlinger:
06-30 16:45:16.222  1282  1547 I SemDvfsHyPerManager: acquire hyper - AMS_RESUME_TAIL/1282@20, type = -999
06-30 16:45:16.222  1282  1547 I SemDvfsHyPerManager: acquire hyper - AMS_ACT_LAZY/1282@21, type = -999
06-30 16:45:16.222   795   895 I HYPER-HAL: [RequestManager.cpp]acquire(): Acquired ID : 848273  [1282 / 20]    HINT : AMS_RESUME_TAIL    list :
06-30 16:45:16.223   795   895 I HYPER-HAL: [ResourceManager.cpp]updateResource(): [CPUMinFreq] UpdateResource Request ID : 848273    Value : 1844882
06-30 16:45:16.224  1282  1547 D InputDispatcher: Focus entered window (0): 542bc15 com.example.dogglers/com.example.dogglers.MainActivity
06-30 16:45:16.224   795   895 I HYPER-HAL: [ResourceManager.cpp]removeResource(): [CPUMinFreq] RemoveResource Request ID : 856112
06-30 16:45:16.224 27856 27856 I ViewRootImpl@c9cbc25[MainActivity]: MSG_WINDOW_FOCUS_CHANGED 1 0
06-30 16:45:16.224   795   895 I HYPER-HAL: [RequestManager.cpp]releaseLocked(): Released ID : 856112
06-30 16:45:16.224 27856 27856 I ViewRootImpl@c9cbc25[MainActivity]: mThreadedRenderer.initializeIfNeeded()#2 mSurface={isValid=true 0x7ce97732a0}
06-30 16:45:16.225 27856 27856 D InputMethodManager: startInputInner - Id : 0
06-30 16:45:16.225 27856 27856 I InputMethodManager: startInputInner - mService.startInputOrWindowGainedFocus
06-30 16:45:16.226  1282  1547 D InputMethodManagerService: DESKTOP MODE! : 2
06-30 16:45:16.226  1282  1547 D InputMethodManagerService: NOT IN KNOX DESKTOP MODE!
06-30 16:45:16.226  1282  1547 V InputMethodManagerService: getDisplayIdOfInputMethodWindowToBeAdded: displayId=0
06-30 16:45:16.226  1282  1547 D InputMethodManagerService: isImeSwitcherDisabledPackage : false
06-30 16:45:16.226 31662 31662 D InputTransport: Input channel destroyed: 'ClientS', fd=225
06-30 16:45:16.227  1282  1547 D InputMethodManagerService: checkDisplayOfStartInputAndUpdateKeyboard: displayId=0, mFocusedDisplayId=0
06-30 16:45:16.227  1282  1547 D InputTransport: Input channel constructed: 'ClientS', fd=1174
06-30 16:45:16.227  1282  1547 D InputTransport: Input channel destroyed: 'ClientS', fd=1174
06-30 16:45:16.228  6001  6001 I HBD     : HoneyBoardService onFinishInput
06-30 16:45:16.228  6001  6001 I HBD     : a IC have been unbinding,  RemoteInputConnection{idHash=#5c86db6}
06-30 16:45:16.228  6001  6001 I HBD     : HoneyBoardService [PF_CL][onFinishInput]  0 ms
06-30 16:45:16.228  6001  6001 I HBD     : HoneyBoardService [IMI] onStartInput - caller pid : 27856 , caller uid : 10286
06-30 16:45:16.228  6001  6001 I HBD     : j updateConfigs
06-30 16:45:16.228   873  2450 I SurfaceFlinger: id=9328 createSurf flag=24004, Surface(name=ee45561 InputMethod)/@0x4417547 - animation-leash of insets_animation#9328
06-30 16:45:16.228  6001  6001 I HBD     : j isEnabledNightMode : true
06-30 16:45:16.228  6001  6001 I HBD     : a IC have been binding, RemoteInputConnection{idHash=#8885ab7}
06-30 16:45:16.228  6001  6001 I HBD     : h [EditorInputType]setPrivateImeOptionsToTable privateImeOptions ( null )
06-30 16:45:16.228  6001  6001 I HBD     : b incognitoMode : false
06-30 16:45:16.229  6001  6001 I HBD     : a needOff = true , isForceOff = false, isNullInputClass : true
06-30 16:45:16.229  6001  6001 I HBD     : h getDefaultInputRange : UNKNOWN
06-30 16:45:16.229  6001  6001 I HBD     : h getDefaultInputRange : UNKNOWN
06-30 16:45:16.229  6001  6001 I HBD     : h getDefaultInputRange : UNKNOWN
06-30 16:45:16.230  6001  6001 I HBD     : a needOff = true , isForceOff = false, isNullInputClass : true
06-30 16:45:16.230  6001  6001 I HBD     : a update cached prediction status : false
06-30 16:45:16.230  6001  6001 I HBD     : h getDefaultInputRange : UNKNOWN
06-30 16:45:16.230  6001  6001 I HBD     : a currentState : 0
06-30 16:45:16.230  6001  6001 I HBD     : a [UpdatePolicy] [post] a: 0 cl: 4325376 kit: [0/0] vt: 0 ir: 1
06-30 16:45:16.230  6001  6001 I HBD     : a [NRIC] resetNoResponseState
06-30 16:45:16.230  6001  6001 I HBD     : a needOff = true , isForceOff = false, isNullInputClass : true
06-30 16:45:16.230   873   873 D SurfaceFlinger: Display 4633128672291735937 HWC layers:
06-30 16:45:16.230   873   873 D SurfaceFlinger:      CLIENT | 0x718d856e30 | 0102 | RGBA_8888    |    0.0    0.0    0.0    0.0 |    0 2392 1080 2400 | bbq-wrapper#9323
06-30 16:45:16.230   873   873 D SurfaceFlinger:      DEVICE | 0x718d860730 | 0102 | RGBA_8888    |    0.0    8.0 1080.0 2400.0 |    0    0 1080 2392 | com.whatsapp/com.whatsapp.Conversation$_31662#9295
06-30 16:45:16.230   873   873 D SurfaceFlinger:      DEVICE | 0x718d867b10 | 0102 | RGBA_8888    |    0.0    0.0 1080.0    1.0 |    0    0 1080  399 | bbq-wrapper#9320
06-30 16:45:16.230   873   873 D SurfaceFlinger:  SOLID_COLOR |              | 0000 |  Unknown  |    0.0    0.0    0.0    0.0 |    0    0 1080 2400 | DimAnimationLayer for Task=304#9313
06-30 16:45:16.230   873   873 D SurfaceFlinger:      DEVICE | 0x718d868650 | 0102 | RGBA_8888    |    0.0    0.0 1080.0 2001.0 |    0  399 1080 2400 | com.example.dogglers/com.example.dogglers.MainActivity$_27856#9324
06-30 16:45:16.230   873   873 D SurfaceFlinger:      DEVICE | 0x718d822030 | 0100 | RGBA_8888    |    0.0    0.0 1080.0 2001.0 |    0  399 1080 2400 | Splash Screen com.example.dogglers$_1751#9311
06-30 16:45:16.230   873   873 D SurfaceFlinger:      DEVICE | 0x718d8724f0 | 0100 | RGBA_8888    |    0.0    0.0 1080.0   78.0 |    0    0 1080   78 | StatusBar$_1751#88
06-30 16:45:16.230   873   873 D SurfaceFlinger:      DEVICE
06-30 16:45:16.230   873   873 D SurfaceFlinger:  | 0x718d8202f0 | 0100 | RGBA_8888    |    0.0    0.0   67.0  493.0 |    0 1188   67 1681 | com.samsung.android.app.cocktailbars[...]ervice.CocktailBarService$_4690#9140
06-30 16:45:16.230   873   873 D SurfaceFlinger:      DEVICE | 0x718d862350 | 0100 | RGBA_8888    |    0.0    0.0  388.0   48.0 |  692 2352 1080 2400 | SGestureOverlayWindow$_2243#9132
06-30 16:45:16.230   873   873 D SurfaceFlinger:      DEVICE | 0x718d856650 | 0100 | RGBA_8888    |    0.0    0.0 1080.0  126.0 |    0 2274 1080 2400 | NavigationBar0$_1751#83
06-30 16:45:16.230   873   873 D SurfaceFlinger:
06-30 16:45:16.230  6001  6001 I HBD     : a update cached prediction status : false
06-30 16:45:16.231   873   873 I Layer   : id=9306 removeFromCurrentState Surface(name=ee45561 InputMethod)/@0x4417547 - animation-leash of insets_animation#9306 (132)
06-30 16:45:16.231   873   873 I SurfaceFlinger: id=9306 Removed Surface(name=ee45561 InputMethod)/@0x4417547 - animation-leash of insets_animation#9306 (132)
06-30 16:45:16.231   873   873 I Layer   : id=9306 Destroyed Surface(name=ee45561 InputMethod)/@0x4417547 - animation-leash of insets_animation#9306
06-30 16:45:16.231  6001  6001 I HBD     : HoneyBoardService [PF_OP][onStartInput]  3 ms
06-30 16:45:16.231  1751  1853 I ViewRootImpl@b6b3530[dogglers]: mWNT: t=0x7c198e3e90 mBlastBufferQueue=0x7c59911390 fn= 2 caller= android.view.SyncRtSurfaceTransactionApplier.applyTransaction:96 android.view.SyncRtSurfaceTransactionApplier.lambda$scheduleApply$0$android-view-SyncRtSurfaceTransactionApplier:69 android.view.SyncRtSurfaceTransactionApplier$$ExternalSyntheticLambda0.onFrameDraw:4
06-30 16:45:16.231  1751  1853 I ViewRootImpl@b6b3530[dogglers]: mWNT: t=0x7c19897690 mBlastBufferQueue=0x7c59911390 fn= 2 caller= android.view.SyncRtSurfaceTransactionApplier.applyTransaction:96 android.view.SyncRtSurfaceTransactionApplier.lambda$scheduleApply$0$android-view-SyncRtSurfaceTransactionApplier:69 android.view.SyncRtSurfaceTransactionApplier$$ExternalSyntheticLambda0.onFrameDraw:4
06-30 16:45:16.235  1282  2386 D InputMethodManagerService: isImeSwitcherDisabledPackage : false
06-30 16:45:16.236  6001  6001 I InputMethodService: removeImeSurface
06-30 16:45:16.236  6001  6001 I MSHandlerLifeCycle: check: return. pkg=com.samsung.android.honeyboard isActivity=false callers=com.android.internal.policy.DecorView.setVisibility:4416 android.app.Dialog.hide:767 android.inputmethodservice.InputMethodService.removeImeSurface:1290 android.inputmethodservice.InputMethodService.scheduleImeSurfaceRemoval:1279 android.inputmethodservice.InputMethodService.-$$Nest$mscheduleImeSurfaceRemoval:0
06-30 16:45:16.236  6001  6001 I MSHandlerLifeCycle: removeMultiSplitHandler: no exist. decor=DecorView@cd7d792[InputMethod]
