06-30 16:45:14.627   873   873 I Layer   : id=9245 Destroyed Surface(name=ee45561 InputMethod)/@0x4417547 - animation-leash of insets_animation#9245
06-30 16:45:14.627  6001  6001 I HBD     : h getDefaultInputRange : UNKNOWN
06-30 16:45:14.627  6001  6001 I HBD     : a currentState : 0
06-30 16:45:14.628  6001  6001 I HBD     : a [UpdatePolicy] [post] a: 0 cl: 4325376 kit: [0/0] vt: 0 ir: 1
06-30 16:45:14.628  6001  6001 I HBD     : a [NRIC] resetNoResponseState
06-30 16:45:14.628  6001  6001 I HBD     : a needOff = true , isForceOff = false, isNullInputClass : true
06-30 16:45:14.628  6001  6001 I HBD     : a update cached prediction status : false
06-30 16:45:14.629  1751  1854 I ViewRootImpl@353c27e[dogglers]: mWNT: t=0x7c199964b0 mBlastBufferQueue=0x7c59837d70 fn= 4 caller= android.view.SyncRtSurfaceTransactionApplier.applyTransaction:96 android.view.SyncRtSurfaceTransactionApplier.lambda$scheduleApply$0$android-view-SyncRtSurfaceTransactionApplier:69 android.view.SyncRtSurfaceTransactionApplier$$ExternalSyntheticLambda0.onFrameDraw:4
06-30 16:45:14.629  1282  1815 D InputMethodManagerService: isImeSwitcherDisabledPackage : false
06-30 16:45:14.630  6001  6001 I HBD     : HoneyBoardService [PF_OP][onStartInput]  7 ms
06-30 16:45:14.630  6001  6001 I InputMethodService: removeImeSurface
06-30 16:45:14.632  6001  6001 I MSHandlerLifeCycle: check: return. pkg=com.samsung.android.honeyboard isActivity=false callers=com.android.internal.policy.DecorView.setVisibility:4416 android.app.Dialog.hide:767 android.inputmethodservice.InputMethodService.removeImeSurface:1290 android.inputmethodservice.InputMethodService.scheduleImeSurfaceRemoval:1279 android.inputmethodservice.InputMethodService.-$$Nest$mscheduleImeSurfaceRemoval:0
06-30 16:45:14.632  6001  6001 I MSHandlerLifeCycle: removeMultiSplitHandler: no exist. decor=DecorView@cd7d792[InputMethod]
06-30 16:45:14.635   873   873 D SurfaceFlinger: GPIS:: requestGPIS
06-30 16:45:14.636  1751  1853 I ViewRootImpl@353c27e[dogglers]: mWNT: t=0x7c198f0250 mBlastBufferQueue=0x7c59837d70 fn= 5 caller= android.view.SyncRtSurfaceTransactionApplier.applyTransaction:96 android.view.SyncRtSurfaceTransactionApplier.lambda$scheduleApply$0$android-view-SyncRtSurfaceTransactionApplier:69 android.view.SyncRtSurfaceTransactionApplier$$ExternalSyntheticLambda0.onFrameDraw:4
06-30 16:45:14.644  1751  1854 I ViewRootImpl@353c27e[dogglers]: mWNT: t=0x7c198f2530 mBlastBufferQueue=0x7c59837d70 fn= 6 caller= android.view.SyncRtSurfaceTransactionApplier.applyTransaction:96 android.view.SyncRtSurfaceTransactionApplier.lambda$scheduleApply$0$android-view-SyncRtSurfaceTransactionApplier:69 android.view.SyncRtSurfaceTransactionApplier$$ExternalSyntheticLambda0.onFrameDraw:4
06-30 16:45:14.647 27856 27871 I xample.dogglers: Compiler allocated 6133KB to compile void android.view.ViewRootImpl.performTraversals()
06-30 16:45:14.652  1751  1853 I ViewRootImpl@353c27e[dogglers]: mWNT: t=0x7c19879e10 mBlastBufferQueue=0x7c59837d70 fn= 7 caller= android.view.SyncRtSurfaceTransactionApplier.applyTransaction:96 android.view.SyncRtSurfaceTransactionApplier.lambda$scheduleApply$0$android-view-SyncRtSurfaceTransactionApplier:69 android.view.SyncRtSurfaceTransactionApplier$$ExternalSyntheticLambda0.onFrameDraw:4
06-30 16:45:14.658   856   997 I EDEN    : [Exynos][EDEN][v1.6.20][SERVICE] processAliveMointorMain:190: Try to check pid=(804)...
06-30 16:45:14.661  1004  1704 I CameraService: onUidStateChanged: uid=10054, procState is changed. (1 -> 0)
06-30 16:45:14.661  1282  1327 W libprocessgroup: Failed to open /dev/blkio//cgroup.procs: No such file or directory
06-30 16:45:14.662  1751  1828 D OpenGLRenderer: setSurface called with nullptr
06-30 16:45:14.662  1751  1828 D OpenGLRenderer: setSurface() destroyed EGLSurface
06-30 16:45:14.662  1751  1828 D OpenGLRenderer: destroyEglSurface
06-30 16:45:14.664  1751  1817 I ViewRootImpl@353c27e[dogglers]: performTraversals params={(0,0)(fillxfill) sim={adjust=pan} ty=APPLICATION_STARTING fmt=TRANSLUCENT wanim=0x1030309 alpha=0.0
06-30 16:45:14.664  1751  1817 I ViewRootImpl@353c27e[dogglers]:   fl=81030118
06-30 16:45:14.664  1751  1817 I ViewRootImpl@353c27e[dogglers]:   pfl=16000010
06-30 16:45:14.664  1751  1817 I ViewRootImpl@353c27e[dogglers]:   bhv=DEFAULT
06-30 16:45:14.664  1751  1817 I ViewRootImpl@353c27e[dogglers]:   fitSides= naviIconColor=0}
06-30 16:45:14.664  1751  1817 I ViewRootImpl@353c27e[dogglers]: performTraversals mFirst=false windowShouldResize=false viewVisibilityChanged=true mForceNextWindowRelayout=false params={(0,0)(fillxfill) sim={adjust=pan} ty=APPLICATION_STARTING fmt=TRANSLUCENT wanim=0x1030309 alpha=0.0
06-30 16:45:14.664  1751  1817 I ViewRootImpl@353c27e[dogglers]:   fl=81030118
06-30 16:45:14.664  1751  1817 I ViewRootImpl@353c27e[dogglers]:   pfl=16000010
06-30 16:45:14.664  1751  1817 I ViewRootImpl@353c27e[dogglers]:   bhv=DEFAULT
06-30 16:45:14.664  1751  1817 I ViewRootImpl@353c27e[dogglers]:   fitSides= naviIconColor=0}
06-30 16:45:14.664  1282  1815 V WindowManager: Relayout Window{139d556 u0 Splash Screen com.example.dogglers}: viewVisibility=8 req=1080x2400 d0
06-30 16:45:14.665  1282  1815 V WindowManager: Relayout hash=139d556, pid=1751, syncId=-1: mAttrs={(0,0)(fillxfill) sim={adjust=pan} ty=APPLICATION_STARTING fmt=TRANSLUCENT wanim=0x1030309 alpha=0.0
06-30 16:45:14.665  1282  1815 V WindowManager:   fl=81030118
06-30 16:45:14.665  1282  1815 V WindowManager:   pfl=16000010
06-30 16:45:14.665  1282  1815 V WindowManager:   bhv=DEFAULT
06-30 16:45:14.665  1282  1815 V WindowManager:   fitSides= naviIconColor=0}
06-30 16:45:14.666  1751  1817 D InsetsController: onStateChanged: InsetsState: {mDisplayFrame=Rect(0, 0 - 1080, 2400), mDisplayCutout=DisplayCutout{insets=Rect(0, 78 - 0, 0) waterfall=Insets{left=0, top=0, right=0, bottom=0} boundingRect={Bounds=[Rect(0, 0 - 0, 0), Rect(690, 0 - 750, 78), Rect(0, 0 - 0, 0), Rect(0, 0 - 0, 0)]} cutoutPathParserInfo={CutoutPathParserInfo{displayWidth=1080 displayHeight=2400 physicalDisplayWidth=1440 physicalDisplayHeight=3200 density={3.0} cutoutSpec={M 0,0 H -10 V 26 H 10 V 0 H 0 Z @dp} rotation={0} scale={1.0} physicalPixelDisplaySizeRatio={1.0}}}}, mRoundedCorners=RoundedCorners{[RoundedCorner{position=TopLeft, radius=63, center=Point(63, 63)}, RoundedCorner{position=TopRight, radius=63, center=Point(1017, 63)}, RoundedCorner{position=BottomRight, radius=63, center=Point(1017, 2337)}, RoundedCorner{position=BottomLeft, radius=63, center=Point(63, 2337)}]}  mRoundedCornerFrame=Rect(0, 0 - 1080, 2400), mPrivacyIndicatorBounds=PrivacyIndicatorBounds {static bounds=Rect(964, 0 - 1080, 78) rotation=0}, mSources= { InsetsSource: {mType=ITYPE_STATUS_BAR, mFrame=[0,0][1080,78], mVisible=true, mInsetsRoundedCornerFrame=false}, InsetsSource: {mType=ITYPE_NAVIGATION_BAR, mFrame=[0,2400][1080,2400], mVisible=true, mInsetsRoundedCornerFrame=false}, InsetsSource: {mType=ITYPE_LEFT_GESTURES, mFrame=[0,0][0,2400], mVisible=true, mInsetsRoundedCornerFrame=false}, InsetsSource: {mType=ITYPE_RIGHT_GESTURES, mFrame=[1080,0][1080,2400], mVisible=true, mInsetsRoundedCornerFrame=false}, InsetsSource: {mType=ITYPE_TOP_MANDATORY_GESTURES, mFrame=[0,0][1080,110], mVisible=true, mInsetsRoundedCornerFrame=false}, InsetsSource: {mType=ITYPE_BOTTOM_MANDATORY_GESTURES, mFrame=[0,2348][1080,2400], mVisible=true, mInsetsRoundedCornerFrame=false}, InsetsSource: {mType=ITYPE_LEFT_DISPLAY_CUTOUT, mFrame=[0,0][-100000,2400], mVisible=true, mInsetsRoundedCornerFrame=false}, InsetsSource: {mType=ITYPE_TOP_DISPLAY_CUTOUT, mFrame=[0,0][1080,78], mVisible=true, mInsetsRoundedCornerFrame=false}, InsetsSource: {mType=ITYPE_RIGHT_DISPLAY_CUTOUT, mFrame=[100000,0][1080,2400], mVisible=true, mInsetsRoundedCornerFrame=false}, InsetsSource: {mType=ITYPE_BOTTOM_DISPLAY_CUTOUT, mFrame=[0,100000][1080,2400], mVisible=true, mInsetsRoundedCornerFrame=false}, InsetsSource: {mType=ITYPE_TOP_TAPPABLE_ELEMENT, mFrame=[0,0][1080,78], mVisible=true, mInsetsRoundedCornerFrame=false}, InsetsSource: {mType=ITYPE_BOTTOM_TAPPABLE_ELEMENT, mFrame=[0,0][0,0], mVisible=true, mInsetsRoundedCornerFrame=false}, InsetsSource: {mType=ITYPE_IME, mFrame=[0,0][0,0], mVisibleFrame=[0,1478][1080,2400], mVisible=false, mInsetsRoundedCornerFrame=false} } host=Splash Screen com.example.dogglers from=android.view.ViewRootImpl.relayoutWindow:9802
06-30 16:45:14.666  1751  1817 I ViewRootImpl@353c27e[dogglers]: Relayout returned: old=(0,0,1080,2400) new=(0,0,1080,2400) req=(1080,2400)8 dur=2 res=0x2 s={false 0x0} ch=true seqId=0
06-30 16:45:14.666  1751  1817 I ViewRootImpl@353c27e[dogglers]: dispatchDetachedFromWindow
06-30 16:45:14.667  1282  1815 D InputTransport: Input channel destroyed: '139d556', fd=844
06-30 16:45:14.667  1282  1815 W InputManager-JNI: Input channel object '139d556 Splash Screen com.example.dogglers (client)' was disposed without first being removed with the input manager!
06-30 16:45:14.667  1282  1815 D InputTransport: Input channel destroyed: '139d556', fd=875
06-30 16:45:14.668  1751  1817 D InputTransport: Input channel destroyed: '139d556', fd=207
06-30 16:45:14.668   873   873 I Layer   : id=9266 removeFromCurrentState Surface(name=49cd67d com.example.dogglers/com.example.dogglers.MainActivity)/@0x4f4e4ca - animation-leash of starting_reveal#9266 (129)
06-30 16:45:14.673   873   873 D SurfaceFlinger: Display 4633128672291735937 HWC layers:
06-30 16:45:14.673   873   873 D SurfaceFlinger:      CLIENT | 0x718d84cb10 | 0102 | RGBA_8888    |    0.0    0.0    0.0    0.0 |    0    0 1080  100 | bbq-wrapper#9261
06-30 16:45:14.673   873   873 D SurfaceFlinger:  SOLID_COLOR |              | 0000 |  Unknown  |    0.0    0.0    0.0    0.0 |    0    0 1080 2400 | DimAnimationLayer for Task=303#9252
06-30 16:45:14.673   873   873 D SurfaceFlinger:      DEVICE | 0x718d860bb0 | 0102 | RGBA_8888    |    0.0    0.0 1080.0 2300.0 |    0  100 1080 2400 | com.example.dogglers/com.example.dogglers.MainActivity$_27856#9263
06-30 16:45:14.673   873   873 D SurfaceFlinger:      DEVICE | 0x718d8724f0 | 0100 | RGBA_8888    |    0.0    0.0 1080.0   78.0 |    0    0 1080   78 | StatusBar$_1751#88
06-30 16:45:14.673   873   873 D SurfaceFlinger:      DEVICE | 0x718d8202f0 | 0100 | RGBA_8888    |    0.0    0.0   67.0  493.0 |    0 1188   67 1681 | com.samsung.android.app.cocktailbars[...]ervice.CocktailBarService$_4690#9140
06-30 16:45:14.673   873   873 D SurfaceFlinger:      DEVICE | 0x718d862350 | 0100 | RGBA_8888    |    0.0    0.0  388.0   48.0 |  692 2352 1080 2400 | SGestureOverlayWindow$_2243#9132
06-30 16:45:14.673   873   873 D SurfaceFlinger:      DEVICE | 0x718d856650 | 0100 | RGBA_8888    |    0.0    0.0 1080.0  126.0 |    0 2274 1080 2400 | NavigationBar0
06-30 16:45:14.673   873   873 D SurfaceFlinger: $_1751#83
06-30 16:45:14.673   873   873 D SurfaceFlinger:
06-30 16:45:14.754   873  2747 D NativeSemDvfsManager: acquire:: timeout = 2000 mIsAcquired = 1  mTagName : SurfaceFlinger
06-30 16:45:14.754   873  2747 E NativeCustomFrequencyManager: [NativeCFMS] BpCustomFrequencyManager::acquire()
06-30 16:45:14.754   795   895 I HYPER-HAL: [RequestManager.cpp]acquire(): Acquired ID : 1756001  [873 / 1000]    HINT : SF_GPU_MINLOCK    list : [TIMEOUT / 2000]
06-30 16:45:14.773   770   797 D audio_hw_primary: device-adev_set_parameters: enter with key(audioHDR=0)
06-30 16:45:14.773   770   797 I audio_hw_primary_odm: odm_adev_set_parameters: enter with key(audioHDR=0)
06-30 16:45:14.773   770   797 I Audio_a2dpsink_hw: adev_set_parameters: kevpairs=[audioHDR=0]
06-30 16:45:14.858  4690  4690 I Utils   : isCurrentUser current = 0, ownerId = 0
06-30 16:45:14.858  4690  4690 I TrayVisibilityController: getComputedTrayVisible : keyguardState = 1
06-30 16:45:14.858  4690  4690 I TrayVisibilityController: updateTrayVisible: State=1 visible=1 mCurrentVisible=1 specificMode=0
06-30 16:45:14.858  4690  4690 I TrayStateController: onNotifyUpdateTray: state=0
06-30 16:45:14.910   795 28152 I HYPER-HAL: [ResourceManager.cpp]removeResource(): [CPUMinFreq] RemoveResource Request ID : 848273
06-30 16:45:14.910   795 28152 I HYPER-HAL: [RequestManager.cpp]releaseLocked(): Released ID : 848273
06-30 16:45:14.922  1282  1652 D SemNscXgbMsL1: Probability - Cloud gaming: [0.033833995]
06-30 16:45:14.922  1282  1652 D SemNscXgbMsL1: Probability - Real time: [0.026162827]
06-30 16:45:14.922  1282  1652 D SemNscXgbMsL1: Probability - Non real time: [0.9865384]
06-30 16:45:14.922  1282  1652 D SemNscXgbMsL1: 1 sample inference time: 0.248385 msecs
06-30 16:45:14.922  1282  1652 D SemNscXgbL2Rt: L2 RT 1 sample inference time: 0.360308 msecs
06-30 16:45:14.923  1282  1652 D SemNscXgbL2Nrt: L2 NRT 1 sample inference time: 0.299115 msecs
06-30 16:45:14.936   873   873 D SurfaceFlinger: Display 4633128672291735937 HWC layers:
06-30 16:45:14.936   873   873 D SurfaceFlinger:  SOLID_COLOR |              | 0000 |  Unknown  |    0.0    0.0    0.0    0.0 |    0    0 1080 2400 | DimAnimationLayer for Task=303#9252
06-30 16:45:14.936   873   873 D SurfaceFlinger:      DEVICE | 0x718d860bb0 | 0102 | RGBA_8888    |    0.0    0.0 1080.0 2400.0 |    0    0 1080 2400 | com.example.dogglers/com.example.dogglers.MainActivity$_27856#9263
06-30 16:45:14.936   873   873 D SurfaceFlinger:      DEVICE | 0x718d8724f0 | 0100 | RGBA_8888    |    0.0    0.0 1080.0   78.0 |    0    0 1080   78 | StatusBar$_1751#88
06-30 16:45:14.936   873   873 D SurfaceFlinger:      DEVICE | 0x718d8202f0 | 0100 | RGBA_8888    |    0.0    0.0   67.0  493.0 |    0 1188   67 1681 | com.samsung.android.app.cocktailbars[...]ervice.CocktailBarService$_4690#9140
06-30 16:45:14.936   873   873 D SurfaceFlinger:      DEVICE | 0x718d862350 | 0100 | RGBA_8888    |    0.0    0.0  388.0   48.0 |  692 2352 1080 2400 | SGestureOverlayWindow$_2243#9132
06-30 16:45:14.936   873   873 D SurfaceFlinger:      DEVICE | 0x718d856650 | 0100 | RGBA_8888    |    0.0    0.0 1080.0  126.0 |    0 2274 1080 2400 | NavigationBar0$_1751#83
06-30 16:45:14.936   873   873 D SurfaceFlinger:
06-30 16:45:14.960 31662 31662 I ViewRootImpl@ffcf06a[Conversation]: handleAppVisibility mAppVisible = true visible = false
06-30 16:45:14.967   873   873 I Layer   : id=9250 removeFromCurrentState Splash Screen com.example.dogglers$_1751#9250 (129)
06-30 16:45:14.968   873   873 I Layer   : id=9251 removeFromCurrentState Surface(name=Task=300)/@0xec4c80 - animation-leash of app_transition#9251 (129)
06-30 16:45:14.968   873   873 I Layer   : id=9257 removeFromCurrentState Bottom Edge Extension#9257 (129)
06-30 16:45:14.968   873   873 I Layer   : id=9258 removeFromCurrentState bbq-wrapper#9258 (129)
06-30 16:45:14.968   873   873 I Layer   : id=9257 removeFromCurrentState Bottom Edge Extension#9257 (129)
06-30 16:45:14.968   873   873 I Layer   : id=9258 removeFromCurrentState bbq-wrapper#9258 (129)
06-30 16:45:14.968   873   873 I Layer   : id=9249 removeFromCurrentState 139d556 Splash Screen com.example.dogglers#9249 (129)
06-30 16:45:14.968   873   873 I Layer   : id=9253 removeFromCurrentState Surface(name=Task=303)/@0xeb116f8 - animation-leash of app_transition#9253 (129)
06-30 16:45:14.968   873   873 I Layer   : id=9260 removeFromCurrentState Top Edge Extension#9260 (129)
06-30 16:45:14.968   873   873 I Layer   : id=9261 removeFromCurrentState bbq-wrapper#9261 (129)
06-30 16:45:14.968   873   873 I Layer   : id=9260 removeFromCurrentState Top Edge Extension#9260 (129)
06-30 16:45:14.968   873   873 I Layer   : id=9261 removeFromCurrentState bbq-wrapper#9261 (129)
06-30 16:45:14.968   873   873 I Layer   : id=9252 removeFromCurrentState DimAnimationLayer for Task=303#9252 (129)
06-30 16:45:14.968   873   873 I Layer   : Layer [Splash Screen com.example.dogglers$_1751#9250] hidden!! flag(1)
06-30 16:45:14.968   873   873 I Layer   : Layer [com.whatsapp/com.whatsapp.Conversation$_31662#9233] hidden!! flag(1)
06-30 16:45:14.968   873   873 I SurfaceFlinger: id=9261 Removed bbq-wrapper#9261 (129)
06-30 16:45:14.968   873   873 I SurfaceFlinger: id=9258 Removed bbq-wrapper#9258 (129)
06-30 16:45:14.968   873   873 I SurfaceFlinger: id=9257 Removed Bottom Edge Extension#9257 (129)
06-30 16:45:14.968   873   873 I SurfaceFlinger: id=9249 Removed 139d556 Splash Screen com.example.dogglers#9249 (129)
06-30 16:45:14.968   873   873 I SurfaceFlinger: id=9260 Removed Top Edge Extension#9260 (129)
06-30 16:45:14.968   873   873 I SurfaceFlinger: id=9252 Removed DimAnimationLayer for Task=303#9252 (129)
06-30 16:45:14.968   873   873 I SurfaceFlinger: id=9250 Removed Splash Screen com.example.dogglers$_1751#9250 (129)
06-30 16:45:14.968   873   873 I SurfaceFlinger: id=9253 Removed Surface(name=Task=303)/@0xeb116f8 - animation-leash of app_transition#9253 (129)
06-30 16:45:14.968   873   873 I SurfaceFlinger: id=9251 Removed Surface(name=Task=300)/@0xec4c80 - animation-leash of app_transition#9251 (129)
06-30 16:45:14.968   873   873 I Layer   : id=9249 Destroyed 139d556 Splash Screen com.example.dogglers#9249
06-30 16:45:14.968   873   873 I Layer   : id=9250 Destroyed Splash Screen com.example.dogglers$_1751#9250
06-30 16:45:14.968   873   873 I Layer   : id=9251 Destroyed Surface(name=Task=300)/@0xec4c80 - animation-leash of app_transition#9251
06-30 16:45:14.968   873   873 I Layer   : id=9257 Destroyed Bottom Edge Extension#9257
06-30 16:45:14.968   873   873 I Layer   : id=9258 Destroyed bbq-wrapper#9258
06-30 16:45:14.968   873   873 I Layer   : id=9253 Destroyed Surface(name=Task=303)/@0xeb116f8 - animation-leash of app_transition#9253
06-30 16:45:14.968   873   873 I Layer   : id=9260 Destroyed Top Edge Extension#9260
06-30 16:45:14.968   873   873 I Layer   : id=9261 Destroyed bbq-wrapper#9261
06-30 16:45:14.969   873   873 I Layer   : id=9252 Destroyed DimAnimationLayer for Task=303#9252
06-30 16:45:14.969 31662 23964 D OpenGLRenderer: setSurface called with nullptr
06-30 16:45:14.969 31662 23964 D OpenGLRenderer: setSurface() destroyed EGLSurface
06-30 16:45:14.969 31662 23964 D OpenGLRenderer: destroyEglSurface
06-30 16:45:14.971   873   873 D SurfaceFlinger: Display 4633128672291735937 HWC layers:
06-30 16:45:14.971   873   873 D SurfaceFlinger:      DEVICE | 0x718d860bb0 | 0102 | RGBA_8888    |    0.0    0.0 1080.0 2400.0 |    0    0 1080 2400 | com.example.dogglers/com.example.dogglers.MainActivity$_27856#9263
06-30 16:45:14.971   873   873 D SurfaceFlinger:      DEVICE | 0x718d8724f0 | 0100 | RGBA_8888    |    0.0    0.0 1080.0   78.0 |    0    0 1080   78 | StatusBar$_1751#88
06-30 16:45:14.971   873   873 D SurfaceFlinger:      DEVICE | 0x718d8202f0 | 0100 | RGBA_8888    |    0.0    0.0   67.0  493.0 |    0 1188   67 1681 | com.samsung.android.app.cocktailbars[...]ervice.CocktailBarService$_4690#9140
06-30 16:45:14.971   873   873 D SurfaceFlinger:      DEVICE | 0x718d862350 | 0100 | RGBA_8888    |    0.0    0.0  388.0   48.0 |  692 2352 1080 2400 | SGestureOverlayWindow$_2243#9132
06-30 16:45:14.971   873   873 D SurfaceFlinger:      DEVICE | 0x718d856650 | 0100 | RGBA_8888    |    0.0    0.0 1080.0  126.0 |    0 2274 1080 2400 | NavigationBar0$_1751#83
06-30 16:45:14.971   873   873 D SurfaceFlinger:
06-30 16:45:14.972 31662 31662 I ViewRootImpl@ffcf06a[Conversation]: performTraversals mFirst=false windowShouldResize=false viewVisibilityChanged=true mForceNextWindowRelayout=false params=null
06-30 16:45:14.972  1282  1815 V WindowManager: Relayout Window{b38452c u0 com.whatsapp/com.whatsapp.Conversation}: viewVisibility=8 req=1080x2400 d0
06-30 16:45:14.977  1282  1815 V WindowManager: Relayout hash=b38452c, pid=31662, syncId=-1: mAttrs={(0,0)(fillxfill) sim={state=always_hidden adjust=resize} ty=BASE_APPLICATION wanim=0x1030309
06-30 16:45:14.977  1282  1815 V WindowManager:   fl=81810100
06-30 16:45:14.977  1282  1815 V WindowManager:   pfl=12020040
06-30 16:45:14.977  1282  1815 V WindowManager:   bhv=DEFAULT
06-30 16:45:14.977  1282  1815 V WindowManager:   fitSides= naviIconColor=0}
06-30 16:45:14.978 27856 27856 I ViewInteraction: Performing 'single click' action on view view.getId() is <2131230926/com.example.dogglers:id/grid_btn>
06-30 16:45:14.980 31662 31662 I ViewRootImpl@ffcf06a[Conversation]: Relayout returned: old=(0,0,1080,2400) new=(0,0,1080,2400) req=(1080,2400)8 dur=7 res=0x2 s={false 0x0} ch=true seqId=0
06-30 16:45:14.980  1282  1815 D InputDispatcher: Inject motion (27856/10286): action=0x0, time=62562365000000, f=0x0, d=0 dsdx=1.000000 dtdx=0.000000
06-30 16:45:14.980  1282  1552 I InputDispatcher: Delivering touch to (1751): action: 0x4, f=0x0, d=0, '37aeaf ', t=0
06-30 16:45:14.980  1282  1552 I InputDispatcher: Delivering touch to (27856): action: 0x0, f=0x0, d=0, '49cd67d', t=0 *(0.75)
06-30 16:45:14.981  2243  2243 I TouchInteractionService: onInputEvent, inputConsumer = com.android.quickstep.l2@e40cba1
06-30 16:45:14.981 27856 27856 I ViewRootImpl@2f9f66[MainActivity]: ViewPostIme pointer 0
06-30 16:45:14.981  1282  1306 I GestureDetector: obtain mCurrentDownEvent. id: -967949664 caller: com.android.server.wm.SystemGesturesPointerEventListener.onPointerEvent:203 com.android.server.wm.PointerEventDispatcher.onInputEvent:53 android.view.InputEventReceiver.dispatchInputEvent:285
06-30 16:45:14.981  1282  1306 I GestureDetector: obtain mCurrentDownEvent. id: -967949664 caller: com.android.server.wm.SystemPerformancePointerEventListener.onPointerEvent:89 com.android.server.wm.PointerEventDispatcher.onInputEvent:53 android.view.InputEventReceiver.dispatchInputEvent:285
06-30 16:45:14.981 31662 31662 I ViewRootImpl@ffcf06a[Conversation]: stopped(true) old = false
06-30 16:45:14.981 31662 31662 I ViewRootImpl@ffcf06a[Conversation]: WindowStopped on com.whatsapp/com.whatsapp.Conversation set to true
06-30 16:45:14.983 31662 31662 I IMM_LC  : hsifw() - flag : 0
06-30 16:45:14.983 31662 31662 I IMM_LC  : hsifw() - mService.hideSoftInput
06-30 16:45:14.987 31662 31662 I MSHandlerLifeCycle: removeMultiSplitHandler: no exist. decor=DecorView@fe33ba2[Conversation]
06-30 16:45:14.991 31662 31662 I ViewRootImpl@ffcf06a[Conversation]: performTraversals mFirst=false windowShouldResize=false viewVisibilityChanged=false mForceNextWindowRelayout=false params={(0,0)(fillxfill) sim={state=always_hidden adjust=pan} ty=BASE_APPLICATION wanim=0x1030309
06-30 16:45:14.991 31662 31662 I ViewRootImpl@ffcf06a[Conversation]:   fl=81810100
06-30 16:45:14.991 31662 31662 I ViewRootImpl@ffcf06a[Conversation]:   pfl=12020040
06-30 16:45:14.991 31662 31662 I ViewRootImpl@ffcf06a[Conversation]:   bhv=DEFAULT
06-30 16:45:14.991 31662 31662 I ViewRootImpl@ffcf06a[Conversation]:   fitSides= naviIconColor=0}
06-30 16:45:14.992  1282  1815 V WindowManager: Relayout Window{b38452c u0 com.whatsapp/com.whatsapp.Conversation}: viewVisibility=8 req=1080x2400 d0
06-30 16:45:14.994  1282  1815 V WindowManager: Relayout hash=b38452c, pid=31662, syncId=-1: mAttrs={(0,0)(fillxfill) sim={state=always_hidden adjust=pan} ty=BASE_APPLICATION wanim=0x1030309
06-30 16:45:14.994  1282  1815 V WindowManager:   fl=81810100
06-30 16:45:14.994  1282  1815 V WindowManager:   pfl=12020040
06-30 16:45:14.994  1282  1815 V WindowManager:   bhv=DEFAULT
06-30 16:45:14.994  1282  1815 V WindowManager:   fitSides= naviIconColor=0}
06-30 16:45:14.995 31662 31662 I ViewRootImpl@ffcf06a[Conversation]: Relayout returned: old=(0,0,1080,2400) new=(0,0,1080,2400) req=(1080,2400)8 dur=4 res=0x2 s={false 0x0} ch=false seqId=0
06-30 16:45:15.001   873   873 I Layer   : id=9233 removeFromCurrentState com.whatsapp/com.whatsapp.Conversation$_31662#9233 (120)
06-30 16:45:15.001   873   873 I SurfaceFlinger: id=9233 Removed com.whatsapp/com.whatsapp.Conversation$_31662#9233 (120)
06-30 16:45:15.001   873   873 I Layer   : id=9233 Destroyed com.whatsapp/com.whatsapp.Conversation$_31662#9233
06-30 16:45:15.022  1282  1815 D InputDispatcher: Inject motion (27856/10286): action=0x1, time=62562407000000, f=0x0, d=0 dsdx=1.000000 dtdx=0.000000
06-30 16:45:15.022  1282  1552 I InputDispatcher: Delivering touch to (27856): action: 0x1, f=0x0, d=0, '49cd67d', t=0 *(0.75)
06-30 16:45:15.022 27856 27856 I ViewRootImpl@2f9f66[MainActivity]: ViewPostIme pointer 1
06-30 16:45:15.022  2243  2243 I TouchInteractionService: reset
06-30 16:45:15.022  1282  1306 I GestureDetector: obtain mCurrentMotionEventRaw. action: 1 id: -276560552
06-30 16:45:15.022  1282  1306 I GestureDetector: obtain mCurrentMotionEventRaw. action: 1 id: -276560552
06-30 16:45:15.022  1751  4691 V Navbar.Store: handleEvent(0) ResetBottomGestureHintVI(noArguments=true) [Module]
06-30 16:45:15.023  1751  4691 V Navbar.Store: [Band]GESTURE_PACK_RESET_HINT_VI
06-30 16:45:15.023  1282  1308 I ChimeraSystemEventListener: appLaunchIntent package name is: com.example.dogglers
06-30 16:45:15.024  1282  2386 I SemDvfsHyPerManager: acquire hyper - AMS_ACT_START/1282@18, type = -999
06-30 16:45:15.024   795   895 I HYPER-HAL: [RequestManager.cpp]acquire(): Acquired ID : 845668  [1282 / 18]    HINT : AMS_ACT_START    list :
06-30 16:45:15.024   873   909 I SurfaceFlinger: id=9268 createSurf flag=80004, ActivityRecord{c016b8a u0 com.example.dogglers/.GridListActivity} t303}#9268
06-30 16:45:15.025   795   895 I HYPER-HAL: [ResourceManager.cpp]updateResource(): [CPUMinFreq] UpdateResource Request ID : 845668    Value : 1930195
06-30 16:45:15.026  1282  1308 D PersonaActivityHelper: Activity not in resumed state, do not run immediate lock
06-30 16:45:15.027  2894  2894 E pageboostd: Received HALT command code 2
06-30 16:45:15.031 27856 27856 D LifecycleMonitor: Lifecycle status change: com.example.dogglers.MainActivity@e6761ce in: PAUSED
06-30 16:45:15.031 27856 27856 V ActivityScenario: Update currentActivityStage to PAUSED, currentActivity=com.example.dogglers.MainActivity@e6761ce
06-30 16:45:15.033  1282  2386 D InputDispatcher: Focused application(0): ActivityRecord{c016b8a u0 com.example.dogglers/.GridListActivity} t303}
06-30 16:45:15.036  1282  1308 I SemPersonaManager: SecureFolder personaId = 150
06-30 16:45:15.039 27856 27856 D LifecycleMonitor: Lifecycle status change: com.example.dogglers.GridListActivity@2289d4c in: PRE_ON_CREATE
06-30 16:45:15.039 27856 27856 V ActivityScenario: Activity lifecycle changed event received but ignored because the intent does not match. startActivityIntent=Intent { act=android.intent.action.MAIN cat=[android.intent.category.LAUNCHER] flg=0x10008000 cmp=com.example.dogglers/.MainActivity }, activity.getIntent()=Intent { cmp=com.example.dogglers/.GridListActivity }, activity=com.example.dogglers.GridListActivity@2289d4c
06-30 16:45:15.042   873   873 I SurfaceFlinger: [49cd67d com.example.dogglers/com.example.dogglers.MainActivity#9262] FrameRatePriority: -1
06-30 16:45:15.042   873   873 D SurfaceFlinger: [input] inputWindowCommands.focusRequests size is 1
06-30 16:45:15.042  1282  1308 D EnterpriseDeviceManagerService: isMdmAdminPresentInternal() : MDM Admin Found - com.samsung.knox.securefolder
06-30 16:45:15.043   873   984 D SurfaceFlinger: [input] setFocusedWindow: <null>
06-30 16:45:15.043  1282  2881 I MediaSessionMonitor: Media session stopped : controllerList empty
06-30 16:45:15.043  1282  2386 D InputDispatcher: Focus request (0): <null> but waiting because NOT_FOCUSABLE
06-30 16:45:15.043  1282  2386 D InputDispatcher: Focus left window (0): 49cd67d com.example.dogglers/com.example.dogglers.MainActivity
06-30 16:45:15.045  4690  4690 I ActivityUtils: HomePackage : com.sec.android.app.launcher, resumePackageName : com.example.dogglers
06-30 16:45:15.045 27856 27856 I DecorView: [INFO] isPopOver=false config=true
06-30 16:45:15.045 27856 27856 I DecorView: updateCaptionType: isFloating=false isApplication=true hasWindowDecorCaption=false this=DecorView@3fb49e4[]
06-30 16:45:15.045 27856 27856 D DecorView: setCaptionType = 0, this = DecorView@3fb49e4[]
06-30 16:45:15.046 27856 27856 I DecorView: getCurrentDensityDpi: from real metrics. densityDpi=420 msg=resources_loaded
06-30 16:45:15.046 27856 27856 I DecorView: setWindowBackground: isPopOver=false color=ff121212 d=android.graphics.drawable.ColorDrawable@aa88d02
06-30 16:45:15.046  2243  2396 I SmartSuggestionsHelper: isSmartSuggestionsEnabled : true
06-30 16:45:15.051 27856 27856 D LifecycleMonitor: Lifecycle status change: com.example.dogglers.GridListActivity@2289d4c in: CREATED
06-30 16:45:15.052 27856 27856 V ActivityScenario: Activity lifecycle changed event received but ignored because the intent does not match. startActivityIntent=Intent { act=android.intent.action.MAIN cat=[android.intent.category.LAUNCHER] flg=0x10008000 cmp=com.example.dogglers/.MainActivity }, activity.getIntent()=Intent { cmp=com.example.dogglers/.GridListActivity }, activity=com.example.dogglers.GridListActivity@2289d4c
06-30 16:45:15.053 27856 27856 D LifecycleMonitor: Lifecycle status change: com.example.dogglers.GridListActivity@2289d4c in: STARTED
06-30 16:45:15.053 27856 27856 V ActivityScenario: Activity lifecycle changed event received but ignored because the intent does not match. startActivityIntent=Intent { act=android.intent.action.MAIN cat=[android.intent.category.LAUNCHER] flg=0x10008000 cmp=com.example.dogglers/.MainActivity }, activity.getIntent()=Intent { cmp=com.example.dogglers/.GridListActivity }, activity=com.example.dogglers.GridListActivity@2289d4c
06-30 16:45:15.053 27856 27856 D LifecycleMonitor: Lifecycle status change: com.example.dogglers.GridListActivity@2289d4c in: RESUMED
06-30 16:45:15.053 27856 27856 V ActivityScenario: Activity lifecycle changed event received but ignored because the intent does not match. startActivityIntent=Intent { act=android.intent.action.MAIN cat=[android.intent.category.LAUNCHER] flg=0x10008000 cmp=com.example.dogglers/.MainActivity }, activity.getIntent()=Intent { cmp=com.example.dogglers/.GridListActivity }, activity=com.example.dogglers.GridListActivity@2289d4c
06-30 16:45:15.054 27856 27856 I MSHandlerLifeCycle: check: return. pkg=com.example.dogglers parent=null callers=com.android.internal.policy.DecorView.setVisibility:4416 android.app.ActivityThread.handleResumeActivity:5476 android.app.servertransaction.ResumeActivityItem.execute:54 android.app.servertransaction.ActivityTransactionItem.execute:45 android.app.servertransaction.TransactionExecutor.executeLifecycleState:176
06-30 16:45:15.054 27856 27856 I MSHandlerLifeCycle: removeMultiSplitHandler: no exist. decor=DecorView@3fb49e4[]
06-30 16:45:15.055 27856 27962 D NativeCustomFrequencyManager: [NativeCFMS] BpCustomFrequencyManager::BpCustomFrequencyManager()
06-30 16:45:15.057  1282  1815 D InputTransport: Input channel constructed: 'a93cb3a', fd=1001
06-30 16:45:15.057  1282  1815 D InputTransport: Input channel constructed: 'a93cb3a', fd=1063
06-30 16:45:15.057  1282  1815 D InputTransport: Input channel constructed: 'a93cb3a', fd=1065
06-30 16:45:15.057   873   909 I SurfaceFlinger: id=9269 createSurf flag=80004, a93cb3a com.example.dogglers/com.example.dogglers.GridListActivity#9269
06-30 16:45:15.057  1282  1815 D InputTransport: Input channel destroyed: 'a93cb3a', fd=1065
06-30 16:45:15.058 27856 27856 D InsetsController: onStateChanged: InsetsState: {mDisplayFrame=Rect(0, 0 - 1080, 2400), mDisplayCutout=DisplayCutout{insets=Rect(0, 78 - 0, 0) waterfall=Insets{left=0, top=0, right=0, bottom=0} boundingRect={Bounds=[Rect(0, 0 - 0, 0), Rect(690, 0 - 750, 78), Rect(0, 0 - 0, 0), Rect(0, 0 - 0, 0)]} cutoutPathParserInfo={CutoutPathParserInfo{displayWidth=1080 displayHeight=2400 physicalDisplayWidth=1440 physicalDisplayHeight=3200 density={3.0} cutoutSpec={M 0,0 H -10 V 26 H 10 V 0 H 0 Z @dp} rotation={0} scale={1.0} physicalPixelDisplaySizeRatio={1.0}}}}, mRoundedCorners=RoundedCorners{[RoundedCorner{position=TopLeft, radius=63, center=Point(63, 63)}, RoundedCorner{position=TopRight, radius=63, center=Point(1017, 63)}, RoundedCorner{position=BottomRight, radius=63, center=Point(1017, 2337)}, RoundedCorner{position=BottomLeft, radius=63, center=Point(63, 2337)}]}  mRoundedCornerFrame=Rect(0, 0 - 1080, 2400), mPrivacyIndicatorBounds=PrivacyIndicatorBounds {static bounds=Rect(964, 0 - 1080, 78) rotation=0}, mSources= { InsetsSource: {mType=ITYPE_STATUS_BAR, mFrame=[0,0][1080,78], mVisible=true, mInsetsRoundedCornerFrame=false}, InsetsSource: {mType=ITYPE_NAVIGATION_BAR, mFrame=[0,2400][1080,2400], mVisible=true, mInsetsRoundedCornerFrame=false}, InsetsSource: {mType=ITYPE_LEFT_GESTURES, mFrame=[0,0][0,2400], mVisible=true, mInsetsRoundedCornerFrame=false}, InsetsSource: {mType=ITYPE_RIGHT_GESTURES, mFrame=[1080,0][1080,2400], mVisible=true, mInsetsRoundedCornerFrame=false}, InsetsSource: {mType=ITYPE_TOP_MANDATORY_GESTURES, mFrame=[0,0][1080,110], mVisible=true, mInsetsRoundedCornerFrame=false}, InsetsSource: {mType=ITYPE_BOTTOM_MANDATORY_GESTURES, mFrame=[0,2348][1080,2400], mVisible=true, mInsetsRoundedCornerFrame=false}, InsetsSource: {mType=ITYPE_LEFT_DISPLAY_CUTOUT, mFrame=[0,0][-100000,2400], mVisible=true, mInsetsRoundedCornerFrame=false}, InsetsSource: {mType=ITYPE_TOP_DISPLAY_CUTOUT, mFrame=[0,0][1080,78], mVisible=true, mInsetsRoundedCornerFrame=false}, InsetsSource: {mType=ITYPE_RIGHT_DISPLAY_CUTOUT, mFrame=[100000,0][1080,2400], mVisible=true, mInsetsRoundedCornerFrame=false}, InsetsSource: {mType=ITYPE_BOTTOM_DISPLAY_CUTOUT, mFrame=[0,100000][1080,2400], mVisible=true, mInsetsRoundedCornerFrame=false}, InsetsSource: {mType=ITYPE_TOP_TAPPABLE_ELEMENT, mFrame=[0,0][1080,78], mVisible=true, mInsetsRoundedCornerFrame=false}, InsetsSource: {mType=ITYPE_BOTTOM_TAPPABLE_ELEMENT, mFrame=[0,0][0,0], mVisible=true, mInsetsRoundedCornerFrame=false} } host=com.example.dogglers/com.example.dogglers.GridListActivity from=android.view.ViewRootImpl.setView:1732
06-30 16:45:15.059 27856 27856 I ViewRootImpl@ab6f414[GridListActivity]: setView = com.android.internal.policy.DecorView@3fb49e4 TM=true
06-30 16:45:15.060 27856 27856 I MSHandlerLifeCycle: removeMultiSplitHandler: no exist. decor=DecorView@3fb49e4[GridListActivity]
06-30 16:45:15.060  1282  1399 D AnalyticsContainerHandler: handleMessage : { when=0 what=1 target=com.android.server.knox.KnoxAnalyticsContainer$AnalyticsHandler }
06-30 16:45:15.063 27856 27856 I ViewRootImpl@ab6f414[GridListActivity]: performTraversals params={(0,0)(fillxfill) sim={adjust=resize forwardNavigation} ty=BASE_APPLICATION wanim=0x1030309
06-30 16:45:15.063 27856 27856 I ViewRootImpl@ab6f414[GridListActivity]:   fl=81810100
06-30 16:45:15.063 27856 27856 I ViewRootImpl@ab6f414[GridListActivity]:   pfl=12020040
06-30 16:45:15.063 27856 27856 I ViewRootImpl@ab6f414[GridListActivity]:   bhv=DEFAULT
06-30 16:45:15.063 27856 27856 I ViewRootImpl@ab6f414[GridListActivity]:   fitSides= naviIconColor=0}
06-30 16:45:15.064 27856 27856 I ViewRootImpl@ab6f414[GridListActivity]: performTraversals mFirst=true windowShouldResize=true viewVisibilityChanged=false mForceNextWindowRelayout=false params={(0,0)(fillxfill) sim={adjust=resize forwardNavigation} ty=BASE_APPLICATION wanim=0x1030309
06-30 16:45:15.064 27856 27856 I ViewRootImpl@ab6f414[GridListActivity]:   fl=81810100
06-30 16:45:15.064 27856 27856 I ViewRootImpl@ab6f414[GridListActivity]:   pfl=12020040
06-30 16:45:15.064 27856 27856 I ViewRootImpl@ab6f414[GridListActivity]:   bhv=DEFAULT
06-30 16:45:15.064 27856 27856 I ViewRootImpl@ab6f414[GridListActivity]:   fitSides= naviIconColor=0}
06-30 16:45:15.064  1282  1815 V WindowManager: Relayout Window{a93cb3a u0 com.example.dogglers/com.example.dogglers.GridListActivity}: viewVisibility=0 req=1080x2400 d0
06-30 16:45:15.064   873   909 I SurfaceFlinger: id=9270 createSurf flag=40004, com.example.dogglers/com.example.dogglers.GridListActivity$_27856#9270
06-30 16:45:15.068   873   909 I SurfaceFlinger: id=9271 createSurf flag=24000, Surface(name=1c611dd StatusBar)/@0xee99fdd - animation-leash of insets_animation#9271
06-30 16:45:15.068   873   909 I SurfaceFlinger: id=9272 createSurf flag=24000, Surface(name=37aeaf NavigationBar0)/@0x2817b20 - animation-leash of insets_animation#9272
06-30 16:45:15.069  1282  1815 V WindowManager: Relayout hash=a93cb3a, pid=27856, syncId=-1: mAttrs={(0,0)(fillxfill) sim={adjust=resize forwardNavigation} ty=BASE_APPLICATION wanim=0x1030309
06-30 16:45:15.069  1282  1815 V WindowManager:   fl=81810100
06-30 16:45:15.069  1282  1815 V WindowManager:   pfl=12020040
06-30 16:45:15.069  1282  1815 V WindowManager:   bhv=DEFAULT
06-30 16:45:15.069  1282  1815 V WindowManager:   fitSides= naviIconColor=0}
06-30 16:45:15.070 27856 27856 D InsetsController: onStateChanged: InsetsState: {mDisplayFrame=Rect(0, 0 - 1080, 2400), mDisplayCutout=DisplayCutout{insets=Rect(0, 78 - 0, 0) waterfall=Insets{left=0, top=0, right=0, bottom=0} boundingRect={Bounds=[Rect(0, 0 - 0, 0), Rect(690, 0 - 750, 78), Rect(0, 0 - 0, 0), Rect(0, 0 - 0, 0)]} cutoutPathParserInfo={CutoutPathParserInfo{displayWidth=1080 displayHeight=2400 physicalDisplayWidth=1440 physicalDisplayHeight=3200 density={3.0} cutoutSpec={M 0,0 H -10 V 26 H 10 V 0 H 0 Z @dp} rotation={0} scale={1.0} physicalPixelDisplaySizeRatio={1.0}}}}, mRoundedCorners=RoundedCorners{[RoundedCorner{position=TopLeft, radius=63, center=Point(63, 63)}, RoundedCorner{position=TopRight, radius=63, center=Point(1017, 63)}, RoundedCorner{position=BottomRight, radius=63, center=Point(1017, 2337)}, RoundedCorner{position=BottomLeft, radius=63, center=Point(63, 2337)}]}  mRoundedCornerFrame=Rect(0, 0 - 1080, 2400), mPrivacyIndicatorBounds=PrivacyIndicatorBounds {static bounds=Rect(964, 0 - 1080, 78) rotation=0}, mSources= { InsetsSource: {mType=ITYPE_STATUS_BAR, mFrame=[0,0][1080,78], mVisible=true, mInsetsRoundedCornerFrame=false}, InsetsSource: {mType=ITYPE_NAVIGATION_BAR, mFrame=[0,2400][1080,2400], mVisible=true, mInsetsRoundedCornerFrame=false}, InsetsSource: {mType=ITYPE_LEFT_GESTURES, mFrame=[0,0][0,2400], mVisible=true, mInsetsRoundedCornerFrame=false}, InsetsSource: {mType=ITYPE_RIGHT_GESTURES, mFrame=[1080,0][1080,2400], mVisible=true, mInsetsRoundedCornerFrame=false}, InsetsSource: {mType=ITYPE_TOP_MANDATORY_GESTURES, mFrame=[0,0][1080,110], mVisible=true, mInsetsRoundedCornerFrame=false}, InsetsSource: {mType=ITYPE_BOTTOM_MANDATORY_GESTURES, mFrame=[0,2348][1080,2400], mVisible=true, mInsetsRoundedCornerFrame=false}, InsetsSource: {mType=ITYPE_LEFT_DISPLAY_CUTOUT, mFrame=[0,0][-100000,2400], mVisible=true, mInsetsRoundedCornerFrame=false}, InsetsSource: {mType=ITYPE_TOP_DISPLAY_CUTOUT, mFrame=[0,0][1080,78], mVisible=true, mInsetsRoundedCornerFrame=false}, InsetsSource: {mType=ITYPE_RIGHT_DISPLAY_CUTOUT, mFrame=[100000,0][1080,2400], mVisible=true, mInsetsRoundedCornerFrame=false}, InsetsSource: {mType=ITYPE_BOTTOM_DISPLAY_CUTOUT, mFrame=[0,100000][1080,2400], mVisible=true, mInsetsRoundedCornerFrame=false}, InsetsSource: {mType=ITYPE_TOP_TAPPABLE_ELEMENT, mFrame=[0,0][1080,78], mVisible=true, mInsetsRoundedCornerFrame=false}, InsetsSource: {mType=ITYPE_BOTTOM_TAPPABLE_ELEMENT, mFrame=[0,0][0,0], mVisible=true, mInsetsRoundedCornerFrame=false}, InsetsSource: {mType=ITYPE_IME, mFrame=[0,0][0,0], mVisibleFrame=[0,1478][1080,2400], mVisible=false, mInsetsRoundedCornerFrame=false} } host=com.example.dogglers/com.example.dogglers.GridListActivity from=android.view.ViewRootImpl.relayoutWindow:9802
06-30 16:45:15.071 27856 27856 I ViewRootImpl@ab6f414[GridListActivity]: updateBlastSurfaceIfNeeded mBlastBufferQueue=null isSameSurfaceControl=false
06-30 16:45:15.071 27856 27856 I BLASTBufferQueue: new BLASTBufferQueue, mName= ViewRootImpl@ab6f414[GridListActivity] mNativeObject= 0x7c597929b0 sc.mNativeObject= 0x7be97b7270 caller= android.view.ViewRootImpl.updateBlastSurfaceIfNeeded:2909 android.view.ViewRootImpl.relayoutWindow:9847 android.view.ViewRootImpl.performTraversals:3884 android.view.ViewRootImpl.doTraversal:3116 android.view.ViewRootImpl$TraversalRunnable.run:10885 android.view.Choreographer$CallbackRecord.run:1301 android.view.Choreographer$CallbackRecord.run:1309 android.view.Choreographer.doCallbacks:923 android.view.Choreographer.doFrame:852 android.view.Choreographer$FrameDisplayEventReceiver.run:1283
06-30 16:45:15.071 27856 27856 I BLASTBufferQueue: update, w= 1080 h= 2400 mName = ViewRootImpl@ab6f414[GridListActivity] mNativeObject= 0x7c597929b0 sc.mNativeObject= 0x7be97b7270 format= -1 caller= android.graphics.BLASTBufferQueue.<init>:84 android.view.ViewRootImpl.updateBlastSurfaceIfNeeded:2909 android.view.ViewRootImpl.relayoutWindow:9847 android.view.ViewRootImpl.performTraversals:3884 android.view.ViewRootImpl.doTraversal:3116 android.view.ViewRootImpl$TraversalRunnable.run:10885
06-30 16:45:15.072 27856 27856 I ViewRootImpl@ab6f414[GridListActivity]: Relayout returned: old=(0,0,1080,2400) new=(0,0,1080,2400) req=(1080,2400)0 dur=7 res=0x3 s={true 0x7ce97e8410} ch=true seqId=0
06-30 16:45:15.072 27856 27856 I ViewRootImpl@ab6f414[GridListActivity]: mThreadedRenderer.initialize() mSurface={isValid=true 0x7ce97e8410} hwInitialized=true
06-30 16:45:15.072 27856 27962 D OpenGLRenderer: eglCreateWindowSurface
06-30 16:45:15.073   782   782 D gralloc : [mali_gralloc_allocate] begin
06-30 16:45:15.073   782   782 D gralloc : buffer_descriptor: wh(1080 2400) usage_pc(0x40000000000b00 0x40000000000b00) hal_format(0x1) layer_count(1) sizes(0 0 0) strde(0) byte_stride(0) alloc_wh(0 0) internal_format(0x0) alloc_format(0x0) fd_count(1) plane_count(0)
06-30 16:45:15.073   782   782 D gralloc : [mali_gralloc_allocate] allocation successful
06-30 16:45:15.073   782   782 D gralloc : [mali_gralloc_allocate] begin
06-30 16:45:15.073   782   782 D gralloc : buffer_descriptor: wh(1080 2400) usage_pc(0x40000000000b00 0x40000000000b00) hal_format(0x1) layer_count(1) sizes(0 0 0) strde(0) byte_stride(0) alloc_wh(0 0) internal_format(0x0) alloc_format(0x0) fd_count(1) plane_count(0)
06-30 16:45:15.074   782   782 D gralloc : [mali_gralloc_allocate] allocation successful
06-30 16:45:15.074   782   782 D gralloc : [mali_gralloc_allocate] begin
06-30 16:45:15.074   782   782 D gralloc : buffer_descriptor: wh(1080 2400) usage_pc(0x40000000000b00 0x40000000000b00) hal_format(0x1) layer_count(1) sizes(0 0 0) strde(0) byte_stride(0) alloc_wh(0 0) internal_format(0x0) alloc_format(0x0) fd_count(1) plane_count(0)
06-30 16:45:15.074   782   782 D gralloc : [mali_gralloc_allocate] allocation successful
06-30 16:45:15.075   782   782 D gralloc : [mali_gralloc_allocate] begin
06-30 16:45:15.075   782   782 D gralloc : buffer_descriptor: wh(1080 2400) usage_pc(0x40000000000b00 0x40000000000b00) hal_format(0x1) layer_count(1) sizes(0 0 0) strde(0) byte_stride(0) alloc_wh(0 0) internal_format(0x0) alloc_format(0x0) fd_count(1) plane_count(0)
06-30 16:45:15.075   782   782 D gralloc : [mali_gralloc_allocate] allocation successful
06-30 16:45:15.076   873   873 I Layer   : id=9265 removeFromCurrentState Surface(name=37aeaf NavigationBar0)/@0x2817b20 - animation-leash of insets_animation#9265 (124)
06-30 16:45:15.076   873   873 I Layer   : id=66 removeFromCurrentState 37aeaf NavigationBar0#66 (124)
06-30 16:45:15.076   873   873 I Layer   : id=83 removeFromCurrentState NavigationBar0$_1751#83 (124)
06-30 16:45:15.076   873   873 I Layer   : id=9264 removeFromCurrentState Surface(name=1c611dd StatusBar)/@0xee99fdd - animation-leash of insets_animation#9264 (124)
06-30 16:45:15.076   873   873 I Layer   : id=66 addToCurrentState 37aeaf NavigationBar0#66 (124)
06-30 16:45:15.076   873   873 I Layer   : id=83 addToCurrentState NavigationBar0$_1751#83 (124)
06-30 16:45:15.076   873   873 I SurfaceFlinger: [a93cb3a com.example.dogglers/com.example.dogglers.GridListActivity#9269] FrameRatePriority: 1
06-30 16:45:15.076   873   873 D SurfaceFlinger: [input] inputWindowCommands.focusRequests size is 1
06-30 16:45:15.077   873   984 D SurfaceFlinger: [input] setFocusedWindow: a93cb3a com.example.dogglers/com.example.dogglers.GridListActivity
06-30 16:45:15.078  1282  2386 D InputDispatcher: Focus request (0): a93cb3a com.example.dogglers/com.example.dogglers.GridListActivity but waiting because NOT_VISIBLE
06-30 16:45:15.095  1282  1668 D SemWifiSwitchForIndividualAppsService: isPackageException - result:3, com.example.dogglers
06-30 16:45:15.099 27856 27871 I xample.dogglers: Compiler allocated 4177KB to compile void android.widget.TextView.<init>(android.content.Context, android.util.AttributeSet, int, int)
06-30 16:45:15.131 27856 27856 I ViewRootImpl@ab6f414[GridListActivity]: reportNextDraw android.view.ViewRootImpl.performTraversals:4438 android.view.ViewRootImpl.doTraversal:3116 android.view.ViewRootImpl$TraversalRunnable.run:10885 android.view.Choreographer$CallbackRecord.run:1301 android.view.Choreographer$CallbackRecord.run:1309
06-30 16:45:15.131 27856 27856 I ViewRootImpl@ab6f414[GridListActivity]: Setup new sync id=0
06-30 16:45:15.131 27856 27856 I ViewRootImpl@ab6f414[GridListActivity]: Setting syncFrameCallback
06-30 16:45:15.131 27856 27856 I ViewRootImpl@ab6f414[GridListActivity]: registerCallbacksForSync syncBuffer=false
06-30 16:45:15.134  2243 13886 I RecentModel: onTaskStackChangedBackground
06-30 16:45:15.141 27856 28011 I ViewRootImpl@ab6f414[GridListActivity]: Received frameDrawingCallback syncResult=0 frameNum=1.
06-30 16:45:15.141 27856 28011 I ViewRootImpl@ab6f414[GridListActivity]: Setting up sync and frameCommitCallback
06-30 16:45:15.160 27856 27962 I BLASTBufferQueue: [ViewRootImpl@ab6f414[GridListActivity]#6](f:0,a:0) onFrameAvailable the first frame is available
06-30 16:45:15.160 27856 27962 I ViewRootImpl@ab6f414[GridListActivity]: Received frameCommittedCallback lastAttemptedDrawFrameNum=1 didProduceBuffer=true
06-30 16:45:15.161 27856 27962 D OpenGLRenderer: CFMS:: SetUp Pid : 27856    Tid : 27962
06-30 16:45:15.161 27856 27962 W Parcel  : Expecting binder but got null!
06-30 16:45:15.161 27856 27856 I ViewRootImpl@ab6f414[GridListActivity]: onSyncComplete
06-30 16:45:15.161 27856 27856 I ViewRootImpl@ab6f414[GridListActivity]: setupSync seqId=0 mSyncId=0 fn=1 caller=android.view.ViewRootImpl$$ExternalSyntheticLambda11.accept:6 android.window.SurfaceSyncer.lambda$setupSync$1$android-window-SurfaceSyncer:128 android.window.SurfaceSyncer$$ExternalSyntheticLambda1.accept:8 android.window.SurfaceSyncer$SyncSet.checkIfSyncIsComplete:382 android.window.SurfaceSyncer$SyncSet.markSyncReady:359 android.window.SurfaceSyncer.markSyncReady:151 android.view.ViewRootImpl.performTraversals:4503
06-30 16:45:15.162 27856 27856 I ViewRootImpl@ab6f414[GridListActivity]: reportDrawFinished seqId=0 mSyncId=-1 fn=1 mSurfaceChangedTransaction=0x7c19788b50
06-30 16:45:15.164 27856 27856 I ViewRootImpl@2f9f66[MainActivity]: MSG_WINDOW_FOCUS_CHANGED 0 0
06-30 16:45:15.165   873   909 I SurfaceFlinger: id=9273 createSurf flag=24000, Surface(name=ActivityRecord{bc06ddf u0 com.example.dogglers/.MainActivity} t303})/@0x837263b - animation-leash of app_transition#9273
06-30 16:45:15.166   873  1054 I SurfaceFlinger: id=9274 createSurf flag=80004, Surface(name=ActivityRecord{bc06ddf u0 com.example.dogglers/.MainActivity} t303})/@0x837263b - animation-bounds#9274
06-30 16:45:15.168   873  1054 I SurfaceFlinger: id=9275 createSurf flag=20004, DimAnimationLayer for ActivityRecord{c016b8a u0 com.example.dogglers/.GridListActivity} t303}#9275
06-30 16:45:15.169   873  1054 I SurfaceFlinger: id=9276 createSurf flag=24004, Surface(name=ActivityRecord{c016b8a u0 com.example.dogglers/.GridListActivity} t303})/@0xd51978c - animation-leash of app_transition#9276
06-30 16:45:15.170   873   909 I SurfaceFlinger: id=9277 createSurf flag=80004, Surface(name=ActivityRecord{c016b8a u0 com.example.dogglers/.GridListActivity} t303})/@0xd51978c - animation-bounds#9277
06-30 16:45:15.173  1282  1305 I ActivityTaskManager: Displayed com.example.dogglers/.GridListActivity: +149ms
06-30 16:45:15.174  2894  2894 E pageboostd: Received HALT command code 2
06-30 16:45:15.174   873  1054 I SurfaceFlinger: id=9278 createSurf flag=80000, 978c1f5 ActivityRecordInputSink com.example.dogglers/.GridListActivity#9278
06-30 16:45:15.174   873   909 I SurfaceFlinger: id=9265 Removed Surface(name=37aeaf NavigationBar0)/@0x2817b20 - animation-leash of insets_animation#9265 (130)
06-30 16:45:15.174   873  2742 I SurfaceFlinger: id=9264 Removed Surface(name=1c611dd StatusBar)/@0xee99fdd - animation-leash of insets_animation#9264 (130)
06-30 16:45:15.176   873   873 I Layer   : Layer [com.example.dogglers/com.example.dogglers.GridListActivity$_27856#9270] hidden!! flag(0)
06-30 16:45:15.176  1282  1815 I SemDvfsHyPerManager: acquire hyper - AMS_RESUME_TAIL/1282@20, type = -999
06-30 16:45:15.176  1282  1815 I SemDvfsHyPerManager: acquire hyper - AMS_ACT_LAZY/1282@21, type = -999
06-30 16:45:15.176   795   895 I HYPER-HAL: [RequestManager.cpp]acquire(): Acquired ID : 848273  [1282 / 20]    HINT : AMS_RESUME_TAIL    list :
06-30 16:45:15.176   873   873 I Layer   : id=9264 Destroyed Surface(name=1c611dd StatusBar)/@0xee99fdd - animation-leash of insets_animation#9264
06-30 16:45:15.176   873   873 I Layer   : id=9265 Destroyed Surface(name=37aeaf NavigationBar0)/@0x2817b20 - animation-leash of insets_animation#9265
06-30 16:45:15.176   795   895 I HYPER-HAL: [ResourceManager.cpp]updateResource(): [CPUMinFreq] UpdateResource Request ID : 848273    Value : 1844882
06-30 16:45:15.176   795   895 I HYPER-HAL: [ResourceManager.cpp]removeResource(): [CPUMinFreq] RemoveResource Request ID : 845668
06-30 16:45:15.176   795   895 I HYPER-HAL: [RequestManager.cpp]releaseLocked(): Released ID : 845668
06-30 16:45:15.179   782   782 D gralloc : [mali_gralloc_allocate] begin
06-30 16:45:15.179   782   782 D gralloc : buffer_descriptor: wh(1080 1) usage_pc(0xb66 0xb06) hal_format(0x1) layer_count(1) sizes(0 0 0) strde(0) byte_stride(0) alloc_wh(0 0) internal_format(0x0) alloc_format(0x0) fd_count(1) plane_count(0)
06-30 16:45:15.179   782   782 D gralloc : [mali_gralloc_allocate] allocation successful
06-30 16:45:15.179   873   873 I Layer   : id=9279 Destroyed Screenshot Parent#9279
06-30 16:45:15.181   873  1054 I SurfaceFlinger: id=9280 createSurf flag=40404, Bottom Edge Extension#9280
