06-30 16:45:18.317 27856 27962 D OpenGLRenderer: setSurface called with nullptr
06-30 16:45:18.317 27856 27962 D OpenGLRenderer: setSurface() destroyed EGLSurface
06-30 16:45:18.317 27856 27962 D OpenGLRenderer: destroyEglSurface
06-30 16:45:18.318 27856 27856 I ViewRootImpl@49ad969[MainActivity]: dispatchDetachedFromWindow
06-30 16:45:18.318  1282  4480 D InputTransport: Input channel destroyed: '1d9e4d7', fd=1175
06-30 16:45:18.318  1282  4480 W InputManager-JNI: Input channel object '1d9e4d7 com.example.dogglers/com.example.dogglers.MainActivity (client)' was disposed without first being removed with the input manager!
06-30 16:45:18.318  1282  4480 D InputTransport: Input channel destroyed: '1d9e4d7', fd=1245
06-30 16:45:18.319   873  2450 I SurfaceFlinger: id=9398 createSurf flag=24004, Surface(name=ee45561 InputMethod)/@0x4417547 - animation-leash of insets_animation#9398
06-30 16:45:18.321 27856 27856 D InputTransport: Input channel destroyed: '1d9e4d7', fd=107
06-30 16:45:18.322   873  2450 I SurfaceFlinger: id=9168 Removed Surface(name=ee45561 InputMethod)/@0x4417547 - animation-leash of insets_animation#9168 (128)
06-30 16:45:18.322   873  1054 I SurfaceFlinger: id=9379 Removed d9bb0be ActivityRecordInputSink com.example.dogglers/.MainActivity#9379 (128)
06-30 16:45:18.322  6001  6001 I InputMethodService: removeImeSurface
06-30 16:45:18.323  6001  6001 I MSHandlerLifeCycle: check: return. pkg=com.samsung.android.honeyboard isActivity=false callers=com.android.internal.policy.DecorView.setVisibility:4416 android.app.Dialog.hide:767 android.inputmethodservice.InputMethodService.removeImeSurface:1290 android.inputmethodservice.InputMethodService.scheduleImeSurfaceRemoval:1279 android.inputmethodservice.InputMethodService.-$$Nest$mscheduleImeSurfaceRemoval:0
06-30 16:45:18.323  6001  6001 I MSHandlerLifeCycle: removeMultiSplitHandler: no exist. decor=DecorView@cd7d792[InputMethod]
06-30 16:45:18.324   873   873 I Layer   : id=9387 removeFromCurrentState com.example.dogglers/com.example.dogglers.MainActivity$_27856#9387 (128)
06-30 16:45:18.324   873   873 I Layer   : id=9386 removeFromCurrentState 1d9e4d7 com.example.dogglers/com.example.dogglers.MainActivity#9386 (128)
06-30 16:45:18.324   873   873 I Layer   : id=9391 removeFromCurrentState Surface(name=ee45561 InputMethod)/@0x4417547 - animation-leash of insets_animation#9391 (128)
06-30 16:45:18.324   873   873 I Layer   : id=126 removeFromCurrentState ee45561 InputMethod#126 (128)
06-30 16:45:18.324   873   873 I Layer   : id=126 addToCurrentState ee45561 InputMethod#126 (128)
06-30 16:45:18.324   873   873 I SurfaceFlinger: id=9386 Removed 1d9e4d7 com.example.dogglers/com.example.dogglers.MainActivity#9386 (128)
06-30 16:45:18.324   873   873 I SurfaceFlinger: id=9391 Removed Surface(name=ee45561 InputMethod)/@0x4417547 - animation-leash of insets_animation#9391 (128)
06-30 16:45:18.324   873   873 I SurfaceFlinger: id=9387 Removed com.example.dogglers/com.example.dogglers.MainActivity$_27856#9387 (128)
06-30 16:45:18.324   782   782 D gralloc : [mali_gralloc_allocate] begin
06-30 16:45:18.324   782   782 D gralloc : buffer_descriptor: wh(1080 2400) usage_pc(0xb66 0xb06) hal_format(0x1) layer_count(1) sizes(0 0 0) strde(0) byte_stride(0) alloc_wh(0 0) internal_format(0x0) alloc_format(0x0) fd_count(1) plane_count(0)
06-30 16:45:18.325   873   873 I Layer   : id=9168 Destroyed Surface(name=ee45561 InputMethod)/@0x4417547 - animation-leash of insets_animation#9168
06-30 16:45:18.325   873   873 I Layer   : id=9386 Destroyed 1d9e4d7 com.example.dogglers/com.example.dogglers.MainActivity#9386
06-30 16:45:18.325   873   873 I Layer   : id=9387 Destroyed com.example.dogglers/com.example.dogglers.MainActivity$_27856#9387
06-30 16:45:18.325   873   873 I Layer   : id=9391 Destroyed Surface(name=ee45561 InputMethod)/@0x4417547 - animation-leash of insets_animation#9391
06-30 16:45:18.325   782   782 D gralloc : [mali_gralloc_allocate] allocation successful
06-30 16:45:18.328   873   873 I Layer   : id=9399 Destroyed Screenshot Parent#9399
06-30 16:45:18.335 27856 27856 I ViewRootImpl@7b0cd4e[InstrumentationActivityInvoker$EmptyActivity]: MSG_WINDOW_FOCUS_CHANGED 1 0
06-30 16:45:18.335 27856 27856 I ViewRootImpl@7b0cd4e[InstrumentationActivityInvoker$EmptyActivity]: mThreadedRenderer.initializeIfNeeded()#2 mSurface={isValid=true 0x7ce980e930}
06-30 16:45:18.336 27856 27856 D InputMethodManager: startInputInner - Id : 0
06-30 16:45:18.336 27856 27856 I InputMethodManager: startInputInner - mService.startInputOrWindowGainedFocus
06-30 16:45:18.336  2243  2243 I TopTaskTracker: onTaskMovedToFront : taskId = 300
06-30 16:45:18.336  1282  1815 D InputMethodManagerService: DESKTOP MODE! : 2
06-30 16:45:18.336  1282  1815 D InputMethodManagerService: NOT IN KNOX DESKTOP MODE!
06-30 16:45:18.336  1282  1815 V InputMethodManagerService: getDisplayIdOfInputMethodWindowToBeAdded: displayId=0
06-30 16:45:18.336  1282  1815 D InputMethodManagerService: isImeSwitcherDisabledPackage : false
06-30 16:45:18.337  1282  1815 D InputMethodManagerService: checkDisplayOfStartInputAndUpdateKeyboard: displayId=0, mFocusedDisplayId=0
06-30 16:45:18.337  1282  1815 D InputTransport: Input channel constructed: 'ClientS', fd=1016
06-30 16:45:18.337  1282  1815 D InputTransport: Input channel destroyed: 'ClientS', fd=1016
06-30 16:45:18.337 27856 27856 D LifecycleMonitor: Lifecycle status change: androidx.test.core.app.InstrumentationActivityInvoker$EmptyActivity@1ea6838 in: PAUSED
06-30 16:45:18.338 27856 27856 V ActivityScenario: Activity lifecycle changed event received but ignored because the intent does not match. startActivityIntent=Intent { act=android.intent.action.MAIN cat=[android.intent.category.LAUNCHER] flg=0x10008000 cmp=com.example.dogglers/.MainActivity }, activity.getIntent()=Intent { act=android.intent.action.MAIN cat=[android.intent.category.LAUNCHER] flg=0x10000000 cmp=com.example.dogglers/androidx.test.core.app.InstrumentationActivityInvoker$EmptyActivity }, activity=androidx.test.core.app.InstrumentationActivityInvoker$EmptyActivity@1ea6838
06-30 16:45:18.338  6001  6001 I HBD     : HoneyBoardService onFinishInput
06-30 16:45:18.338  6001  6001 I HBD     : a IC have been unbinding,  RemoteInputConnection{idHash=#29618d}
06-30 16:45:18.338  6001  6001 I HBD     : HoneyBoardService [PF_CL][onFinishInput]  0 ms
06-30 16:45:18.339   873  1054 I SurfaceFlinger: id=9400 createSurf flag=24004, Surface(name=ee45561 InputMethod)/@0x4417547 - animation-leash of insets_animation#9400
06-30 16:45:18.339  6001  6001 I HBD     : HoneyBoardService [IMI] onStartInput - caller pid : 27856 , caller uid : 10286
06-30 16:45:18.339  6001  6001 I HBD     : j updateConfigs
06-30 16:45:18.339  6001  6001 I HBD     : j isEnabledNightMode : true
06-30 16:45:18.339  6001  6001 I HBD     : a IC have been binding, RemoteInputConnection{idHash=#29618d}
06-30 16:45:18.339  6001  6001 I HBD     : h [EditorInputType]setPrivateImeOptionsToTable privateImeOptions ( null )
06-30 16:45:18.339  6001  6001 I HBD     : b incognitoMode : false
06-30 16:45:18.339  6001  6001 I HBD     : a needOff = true , isForceOff = false, isNullInputClass : true
06-30 16:45:18.339  6001  6001 I HBD     : h getDefaultInputRange : UNKNOWN
06-30 16:45:18.339  6001  6001 I HBD     : h getDefaultInputRange : UNKNOWN
06-30 16:45:18.340  6001  6001 I HBD     : h getDefaultInputRange : UNKNOWN
06-30 16:45:18.340  1282  1547 I SemDvfsHyPerManager: acquire hyper - AMS_ACT_RESUME/1282@32, type = -999
06-30 16:45:18.340   795   895 I HYPER-HAL: [RequestManager.cpp]acquire(): Acquired ID : 863987  [1282 / 32]    HINT : AMS_ACT_RESUME    list :
06-30 16:45:18.340   873   873 I Layer   : id=9372 removeFromCurrentState ActivityRecord{c18551f u0 com.example.dogglers/.MainActivity} t305}#9372 (125)
06-30 16:45:18.340   873   873 I Layer   : id=9379 removeFromCurrentState d9bb0be ActivityRecordInputSink com.example.dogglers/.MainActivity#9379 (125)
06-30 16:45:18.340   873   873 I SurfaceFlinger: id=9372 Removed ActivityRecord{c18551f u0 com.example.dogglers/.MainActivity} t305}#9372 (125)
06-30 16:45:18.340  1282  1547 D InputDispatcher: Focused application(0): ActivityRecord{a49baf7 u0 com.whatsapp/.Conversation} t300}
06-30 16:45:18.340   873   873 I Layer   : id=9372 Destroyed ActivityRecord{c18551f u0 com.example.dogglers/.MainActivity} t305}#9372
06-30 16:45:18.340   873   873 I Layer   : id=9379 Destroyed d9bb0be ActivityRecordInputSink com.example.dogglers/.MainActivity#9379
06-30 16:45:18.341   795   895 I HYPER-HAL: [ResourceManager.cpp]updateResource(): [CPUMinFreq] UpdateResource Request ID : 863987    Value : 1687587
06-30 16:45:18.342  1282  1815 D InputDispatcher: Focus left window (0): ce94509 com.example.dogglers/androidx.test.core.app.InstrumentationActivityInvoker$EmptyActivity
06-30 16:45:18.342 31662 31662 I ViewRootImpl@ffcf06a[Conversation]: handleAppVisibility mAppVisible = false visible = true
06-30 16:45:18.344 31662 31662 I ViewRootImpl@ffcf06a[Conversation]: stopped(false) old = true
06-30 16:45:18.344 31662 31662 I ViewRootImpl@ffcf06a[Conversation]: WindowStopped on com.whatsapp/com.whatsapp.Conversation set to false
06-30 16:45:18.347 27856 27856 I ViewRootImpl@7b0cd4e[InstrumentationActivityInvoker$EmptyActivity]: MSG_WINDOW_FOCUS_CHANGED 0 0
06-30 16:45:18.347  6001  6001 I HBD     : a needOff = true , isForceOff = false, isNullInputClass : true
06-30 16:45:18.347  6001  6001 I HBD     : a update cached prediction status : false
06-30 16:45:18.347  6001  6001 I HBD     : h getDefaultInputRange : UNKNOWN
06-30 16:45:18.347  6001  6001 I HBD     : a currentState : 0
06-30 16:45:18.348 27856 27925 I TestRunner: finished: horizontal_list_button_is_displayed(com.example.dogglers.ButtonTests)
