06-30 16:45:13.749 27856 27856 V ActivityScenario: Activity lifecycle changed event received but ignored because the intent does not match. startActivityIntent=Intent { act=android.intent.action.MAIN cat=[android.intent.category.LAUNCHER] flg=0x10008000 cmp=com.example.dogglers/.MainActivity }, activity.getIntent()=Intent { cmp=com.example.dogglers/.HorizontalListActivity }, activity=com.example.dogglers.HorizontalListActivity@349945f
06-30 16:45:13.751  1282  1815 D InputDispatcher: Focused application(0): ActivityRecord{180d215 u0 com.example.dogglers/androidx.test.core.app.InstrumentationActivityInvoker$EmptyActivity} t302}
06-30 16:45:13.754  1282  1308 I SemPersonaManager: SecureFolder personaId = 150
06-30 16:45:13.754   873   873 I SurfaceFlinger: [76d9258 com.example.dogglers/com.example.dogglers.HorizontalListActivity#9206] FrameRatePriority: -1
06-30 16:45:13.756 27856 27856 D LifecycleMonitor: Lifecycle status change: androidx.test.core.app.InstrumentationActivityInvoker$EmptyActivity@80d8896 in: PRE_ON_CREATE
06-30 16:45:13.756 27856 27856 V ActivityScenario: Activity lifecycle changed event received but ignored because the intent does not match. startActivityIntent=Intent { act=android.intent.action.MAIN cat=[android.intent.category.LAUNCHER] flg=0x10008000 cmp=com.example.dogglers/.MainActivity }, activity.getIntent()=Intent { act=android.intent.action.MAIN cat=[android.intent.category.LAUNCHER] flg=0x10000000 cmp=com.example.dogglers/androidx.test.core.app.InstrumentationActivityInvoker$EmptyActivity }, activity=androidx.test.core.app.InstrumentationActivityInvoker$EmptyActivity@80d8896
06-30 16:45:13.758  1282  1308 D EnterpriseDeviceManagerService: isMdmAdminPresentInternal() : MDM Admin Found - com.samsung.knox.securefolder
06-30 16:45:13.760  1282  2881 I MediaSessionMonitor: Media session stopped : controllerList empty
06-30 16:45:13.760 27856 27856 I DecorView: [INFO] isPopOver=false config=true
06-30 16:45:13.760 27856 27856 I DecorView: updateCaptionType: isFloating=false isApplication=true hasWindowDecorCaption=false this=DecorView@fa452b3[]
06-30 16:45:13.760 27856 27856 D DecorView: setCaptionType = 0, this = DecorView@fa452b3[]
06-30 16:45:13.761 27856 27856 I DecorView: getCurrentDensityDpi: from real metrics. densityDpi=420 msg=resources_loaded
06-30 16:45:13.761 27856 27856 I DecorView: setWindowBackground: isPopOver=false color=ffffffff d=android.graphics.drawable.ColorDrawable@347afe9
06-30 16:45:13.762 27856 27856 D LifecycleMonitor: Lifecycle status change: androidx.test.core.app.InstrumentationActivityInvoker$EmptyActivity@80d8896 in: CREATED
06-30 16:45:13.762 27856 27856 V ActivityScenario: Activity lifecycle changed event received but ignored because the intent does not match. startActivityIntent=Intent { act=android.intent.action.MAIN cat=[android.intent.category.LAUNCHER] flg=0x10008000 cmp=com.example.dogglers/.MainActivity }, activity.getIntent()=Intent { act=android.intent.action.MAIN cat=[android.intent.category.LAUNCHER] flg=0x10000000 cmp=com.example.dogglers/androidx.test.core.app.InstrumentationActivityInvoker$EmptyActivity }, activity=androidx.test.core.app.InstrumentationActivityInvoker$EmptyActivity@80d8896
06-30 16:45:13.762   873   873 D SurfaceFlinger: [input] inputWindowCommands.focusRequests size is 1
06-30 16:45:13.763 27856 27856 D LifecycleMonitor: Lifecycle status change: androidx.test.core.app.InstrumentationActivityInvoker$EmptyActivity@80d8896 in: STARTED
06-30 16:45:13.763 27856 27856 V ActivityScenario: Activity lifecycle changed event received but ignored because the intent does not match. startActivityIntent=Intent { act=android.intent.action.MAIN cat=[android.intent.category.LAUNCHER] flg=0x10008000 cmp=com.example.dogglers/.MainActivity }, activity.getIntent()=Intent { act=android.intent.action.MAIN cat=[android.intent.category.LAUNCHER] flg=0x10000000 cmp=com.example.dogglers/androidx.test.core.app.InstrumentationActivityInvoker$EmptyActivity }, activity=androidx.test.core.app.InstrumentationActivityInvoker$EmptyActivity@80d8896
06-30 16:45:13.763  4690  4690 I ActivityUtils: HomePackage : com.sec.android.app.launcher, resumePackageName : com.example.dogglers
06-30 16:45:13.763   873   984 D SurfaceFlinger: [input] setFocusedWindow: <null>
06-30 16:45:13.763  1282  4455 D InputDispatcher: Focus request (0): <null> but waiting because NOT_FOCUSABLE
06-30 16:45:13.763  1282  4455 D InputDispatcher: Focus left window (0): 76d9258 com.example.dogglers/com.example.dogglers.HorizontalListActivity
06-30 16:45:13.763 27856 27856 D LifecycleMonitor: Lifecycle status change: androidx.test.core.app.InstrumentationActivityInvoker$EmptyActivity@80d8896 in: RESUMED
06-30 16:45:13.764 27856 27856 V ActivityScenario: Activity lifecycle changed event received but ignored because the intent does not match. startActivityIntent=Intent { act=android.intent.action.MAIN cat=[android.intent.category.LAUNCHER] flg=0x10008000 cmp=com.example.dogglers/.MainActivity }, activity.getIntent()=Intent { act=android.intent.action.MAIN cat=[android.intent.category.LAUNCHER] flg=0x10000000 cmp=com.example.dogglers/androidx.test.core.app.InstrumentationActivityInvoker$EmptyActivity }, activity=androidx.test.core.app.InstrumentationActivityInvoker$EmptyActivity@80d8896
06-30 16:45:13.764 27856 27856 I MSHandlerLifeCycle: check: return. pkg=com.example.dogglers parent=null callers=com.android.internal.policy.DecorView.setVisibility:4416 android.app.ActivityThread.handleResumeActivity:5476 android.app.servertransaction.ResumeActivityItem.execute:54 android.app.servertransaction.ActivityTransactionItem.execute:45 android.app.servertransaction.TransactionExecutor.executeLifecycleState:176
06-30 16:45:13.764 27856 27856 I MSHandlerLifeCycle: removeMultiSplitHandler: no exist. decor=DecorView@fa452b3[]
06-30 16:45:13.766 27856 27962 D NativeCustomFrequencyManager: [NativeCFMS] BpCustomFrequencyManager::BpCustomFrequencyManager()
06-30 16:45:13.768  1282  1815 D InputTransport: Input channel constructed: 'ef123e8', fd=1238
06-30 16:45:13.768  1282  1815 D InputTransport: Input channel constructed: 'ef123e8', fd=1239
06-30 16:45:13.768  1282  1815 D InputTransport: Input channel constructed: 'ef123e8', fd=1240
06-30 16:45:13.768   873   908 I SurfaceFlinger: id=9224 createSurf flag=80004, ef123e8 com.example.dogglers/androidx.test.core.app.InstrumentationActivityInvoker$EmptyActivity#9224
06-30 16:45:13.769  1282  1815 D InputTransport: Input channel destroyed: 'ef123e8', fd=1240
06-30 16:45:13.770 27856 27856 D InsetsController: onStateChanged: InsetsState: {mDisplayFrame=Rect(0, 0 - 1080, 2400), mDisplayCutout=DisplayCutout{insets=Rect(0, 78 - 0, 0) waterfall=Insets{left=0, top=0, right=0, bottom=0} boundingRect={Bounds=[Rect(0, 0 - 0, 0), Rect(690, 0 - 750, 78), Rect(0, 0 - 0, 0), Rect(0, 0 - 0, 0)]} cutoutPathParserInfo={CutoutPathParserInfo{displayWidth=1080 displayHeight=2400 physicalDisplayWidth=1440 physicalDisplayHeight=3200 density={3.0} cutoutSpec={M 0,0 H -10 V 26 H 10 V 0 H 0 Z @dp} rotation={0} scale={1.0} physicalPixelDisplaySizeRatio={1.0}}}}, mRoundedCorners=RoundedCorners{[RoundedCorner{position=TopLeft, radius=63, center=Point(63, 63)}, RoundedCorner{position=TopRight, radius=63, center=Point(1017, 63)}, RoundedCorner{position=BottomRight, radius=63, center=Point(1017, 2337)}, RoundedCorner{position=BottomLeft, radius=63, center=Point(63, 2337)}]}  mRoundedCornerFrame=Rect(0, 0 - 1080, 2400), mPrivacyIndicatorBounds=PrivacyIndicatorBounds {static bounds=Rect(964, 0 - 1080, 78) rotation=0}, mSources= { InsetsSource: {mType=ITYPE_STATUS_BAR, mFrame=[0,0][1080,78], mVisible=true, mInsetsRoundedCornerFrame=false}, InsetsSource: {mType=ITYPE_NAVIGATION_BAR, mFrame=[0,2400][1080,2400], mVisible=true, mInsetsRoundedCornerFrame=false}, InsetsSource: {mType=ITYPE_LEFT_GESTURES, mFrame=[0,0][0,2400], mVisible=true, mInsetsRoundedCornerFrame=false}, InsetsSource: {mType=ITYPE_RIGHT_GESTURES, mFrame=[1080,0][1080,2400], mVisible=true, mInsetsRoundedCornerFrame=false}, InsetsSource: {mType=ITYPE_TOP_MANDATORY_GESTURES, mFrame=[0,0][1080,110], mVisible=true, mInsetsRoundedCornerFrame=false}, InsetsSource: {mType=ITYPE_BOTTOM_MANDATORY_GESTURES, mFrame=[0,2348][1080,2400], mVisible=true, mInsetsRoundedCornerFrame=false}, InsetsSource: {mType=ITYPE_LEFT_DISPLAY_CUTOUT, mFrame=[0,0][-100000,2400], mVisible=true, mInsetsRoundedCornerFrame=false}, InsetsSource: {mType=ITYPE_TOP_DISPLAY_CUTOUT, mFrame=[0,0][1080,78], mVisible=true, mInsetsRoundedCornerFrame=false}, InsetsSource: {mType=ITYPE_RIGHT_DISPLAY_CUTOUT, mFrame=[100000,0][1080,2400], mVisible=true, mInsetsRoundedCornerFrame=false}, InsetsSource: {mType=ITYPE_BOTTOM_DISPLAY_CUTOUT, mFrame=[0,100000][1080,2400], mVisible=true, mInsetsRoundedCornerFrame=false}, InsetsSource: {mType=ITYPE_TOP_TAPPABLE_ELEMENT, mFrame=[0,0][1080,78], mVisible=true, mInsetsRoundedCornerFrame=false}, InsetsSource: {mType=ITYPE_BOTTOM_TAPPABLE_ELEMENT, mFrame=[0,0][0,0], mVisible=true, mInsetsRoundedCornerFrame=false} } host=com.example.dogglers/androidx.test.core.app.InstrumentationActivityInvoker$EmptyActivity from=android.view.ViewRootImpl.setView:1732
06-30 16:45:13.771 27856 27856 I ViewRootImpl@2a7a39c[InstrumentationActivityInvoker$EmptyActivity]: setView = com.android.internal.policy.DecorView@fa452b3 TM=true
06-30 16:45:13.771   795 28044 I HYPER-HAL: [ResourceManager.cpp]removeResource(): [CPUMinFreq] RemoveResource Request ID : 846970
06-30 16:45:13.771   795 28044 I HYPER-HAL: [RequestManager.cpp]releaseLocked(): Released ID : 846970
06-30 16:45:13.772 27856 27856 I MSHandlerLifeCycle: removeMultiSplitHandler: no exist. decor=DecorView@fa452b3[InstrumentationActivityInvoker$EmptyActivity]
06-30 16:45:13.773  1282  1399 D AnalyticsContainerHandler: handleMessage : { when=0 what=1 target=com.android.server.knox.KnoxAnalyticsContainer$AnalyticsHandler }
06-30 16:45:13.775 27856 27856 I ViewRootImpl@2a7a39c[InstrumentationActivityInvoker$EmptyActivity]: performTraversals params={(0,0)(fillxfill) sim={adjust=pan forwardNavigation} ty=BASE_APPLICATION
06-30 16:45:13.775 27856 27856 I ViewRootImpl@2a7a39c[InstrumentationActivityInvoker$EmptyActivity]:   fl=81810100
06-30 16:45:13.775 27856 27856 I ViewRootImpl@2a7a39c[InstrumentationActivityInvoker$EmptyActivity]:   pfl=12020040
06-30 16:45:13.775 27856 27856 I ViewRootImpl@2a7a39c[InstrumentationActivityInvoker$EmptyActivity]:   bhv=DEFAULT
06-30 16:45:13.775 27856 27856 I ViewRootImpl@2a7a39c[InstrumentationActivityInvoker$EmptyActivity]:   fitSides= naviIconColor=0}
06-30 16:45:13.776 27856 27856 I ViewRootImpl@2a7a39c[InstrumentationActivityInvoker$EmptyActivity]: performTraversals mFirst=true windowShouldResize=true viewVisibilityChanged=false mForceNextWindowRelayout=false params={(0,0)(fillxfill) sim={adjust=pan forwardNavigation} ty=BASE_APPLICATION
06-30 16:45:13.776 27856 27856 I ViewRootImpl@2a7a39c[InstrumentationActivityInvoker$EmptyActivity]:   fl=81810100
06-30 16:45:13.776 27856 27856 I ViewRootImpl@2a7a39c[InstrumentationActivityInvoker$EmptyActivity]:   pfl=12020040
06-30 16:45:13.776 27856 27856 I ViewRootImpl@2a7a39c[InstrumentationActivityInvoker$EmptyActivity]:   bhv=DEFAULT
06-30 16:45:13.776 27856 27856 I ViewRootImpl@2a7a39c[InstrumentationActivityInvoker$EmptyActivity]:   fitSides= naviIconColor=0}
06-30 16:45:13.776  1282  1815 V WindowManager: Relayout Window{ef123e8 u0 com.example.dogglers/androidx.test.core.app.InstrumentationActivityInvoker$EmptyActivity}: viewVisibility=0 req=1080x2400 d0
06-30 16:45:13.776   873   908 I SurfaceFlinger: id=9225 createSurf flag=40004, com.example.dogglers/androidx.test.core.app.InstrumentationActivityInvoker$EmptyActivity$_27856#9225
06-30 16:45:13.780   873   909 I SurfaceFlinger: id=9226 createSurf flag=24000, Surface(name=1c611dd StatusBar)/@0xee99fdd - animation-leash of insets_animation#9226
06-30 16:45:13.781   873   909 I SurfaceFlinger: id=9227 createSurf flag=24000, Surface(name=37aeaf NavigationBar0)/@0x2817b20 - animation-leash of insets_animation#9227
06-30 16:45:13.784  1282  1815 V WindowManager: Relayout hash=ef123e8, pid=27856, syncId=-1: mAttrs={(0,0)(fillxfill) sim={adjust=pan forwardNavigation} ty=BASE_APPLICATION
06-30 16:45:13.784  1282  1815 V WindowManager:   fl=81810100
06-30 16:45:13.784  1282  1815 V WindowManager:   pfl=12020040
06-30 16:45:13.784  1282  1815 V WindowManager:   bhv=DEFAULT
06-30 16:45:13.784  1282  1815 V WindowManager:   fitSides= naviIconColor=0}
06-30 16:45:13.786 27856 27856 D InsetsController: onStateChanged: InsetsState: {mDisplayFrame=Rect(0, 0 - 1080, 2400), mDisplayCutout=DisplayCutout{insets=Rect(0, 78 - 0, 0) waterfall=Insets{left=0, top=0, right=0, bottom=0} boundingRect={Bounds=[Rect(0, 0 - 0, 0), Rect(690, 0 - 750, 78), Rect(0, 0 - 0, 0), Rect(0, 0 - 0, 0)]} cutoutPathParserInfo={CutoutPathParserInfo{displayWidth=1080 displayHeight=2400 physicalDisplayWidth=1440 physicalDisplayHeight=3200 density={3.0} cutoutSpec={M 0,0 H -10 V 26 H 10 V 0 H 0 Z @dp} rotation={0} scale={1.0} physicalPixelDisplaySizeRatio={1.0}}}}, mRoundedCorners=RoundedCorners{[RoundedCorner{position=TopLeft, radius=63, center=Point(63, 63)}, RoundedCorner{position=TopRight, radius=63, center=Point(1017, 63)}, RoundedCorner{position=BottomRight, radius=63, center=Point(1017, 2337)}, RoundedCorner{position=BottomLeft, radius=63, center=Point(63, 2337)}]}  mRoundedCornerFrame=Rect(0, 0 - 1080, 2400), mPrivacyIndicatorBounds=PrivacyIndicatorBounds {static bounds=Rect(964, 0 - 1080, 78) rotation=0}, mSources= { InsetsSource: {mType=ITYPE_STATUS_BAR, mFrame=[0,0][1080,78], mVisible=true, mInsetsRoundedCornerFrame=false}, InsetsSource: {mType=ITYPE_NAVIGATION_BAR, mFrame=[0,2400][1080,2400], mVisible=true, mInsetsRoundedCornerFrame=false}, InsetsSource: {mType=ITYPE_LEFT_GESTURES, mFrame=[0,0][0,2400], mVisible=true, mInsetsRoundedCornerFrame=false}, InsetsSource: {mType=ITYPE_RIGHT_GESTURES, mFrame=[1080,0][1080,2400], mVisible=true, mInsetsRoundedCornerFrame=false}, InsetsSource: {mType=ITYPE_TOP_MANDATORY_GESTURES, mFrame=[0,0][1080,110], mVisible=true, mInsetsRoundedCornerFrame=false}, InsetsSource: {mType=ITYPE_BOTTOM_MANDATORY_GESTURES, mFrame=[0,2348][1080,2400], mVisible=true, mInsetsRoundedCornerFrame=false}, InsetsSource: {mType=ITYPE_LEFT_DISPLAY_CUTOUT, mFrame=[0,0][-100000,2400], mVisible=true, mInsetsRoundedCornerFrame=false}, InsetsSource: {mType=ITYPE_TOP_DISPLAY_CUTOUT, mFrame=[0,0][1080,78], mVisible=true, mInsetsRoundedCornerFrame=false}, InsetsSource: {mType=ITYPE_RIGHT_DISPLAY_CUTOUT, mFrame=[100000,0][1080,2400], mVisible=true, mInsetsRoundedCornerFrame=false}, InsetsSource: {mType=ITYPE_BOTTOM_DISPLAY_CUTOUT, mFrame=[0,100000][1080,2400], mVisible=true, mInsetsRoundedCornerFrame=false}, InsetsSource: {mType=ITYPE_TOP_TAPPABLE_ELEMENT, mFrame=[0,0][1080,78], mVisible=true, mInsetsRoundedCornerFrame=false}, InsetsSource: {mType=ITYPE_BOTTOM_TAPPABLE_ELEMENT, mFrame=[0,0][0,0], mVisible=true, mInsetsRoundedCornerFrame=false}, InsetsSource: {mType=ITYPE_IME, mFrame=[0,0][0,0], mVisibleFrame=[0,1478][1080,2400], mVisible=false, mInsetsRoundedCornerFrame=false} } host=com.example.dogglers/androidx.test.core.app.InstrumentationActivityInvoker$EmptyActivity from=android.view.ViewRootImpl.relayoutWindow:9802
06-30 16:45:13.787 27856 27856 I ViewRootImpl@2a7a39c[InstrumentationActivityInvoker$EmptyActivity]: updateBlastSurfaceIfNeeded mBlastBufferQueue=null isSameSurfaceControl=false
06-30 16:45:13.787 27856 27856 I BLASTBufferQueue: new BLASTBufferQueue, mName= ViewRootImpl@2a7a39c[InstrumentationActivityInvoker$EmptyActivity] mNativeObject= 0x7c59792690 sc.mNativeObject= 0x7be9796ed0 caller= android.view.ViewRootImpl.updateBlastSurfaceIfNeeded:2909 android.view.ViewRootImpl.relayoutWindow:9847 android.view.ViewRootImpl.performTraversals:3884 android.view.ViewRootImpl.doTraversal:3116 android.view.ViewRootImpl$TraversalRunnable.run:10885 android.view.Choreographer$CallbackRecord.run:1301 android.view.Choreographer$CallbackRecord.run:1309 android.view.Choreographer.doCallbacks:923 android.view.Choreographer.doFrame:852 android.view.Choreographer$FrameDisplayEventReceiver.run:1283
06-30 16:45:13.787 27856 27856 I BLASTBufferQueue: update, w= 1080 h= 2400 mName = ViewRootImpl@2a7a39c[InstrumentationActivityInvoker$EmptyActivity] mNativeObject= 0x7c59792690 sc.mNativeObject= 0x7be9796ed0 format= -1 caller= android.graphics.BLASTBufferQueue.<init>:84 android.view.ViewRootImpl.updateBlastSurfaceIfNeeded:2909 android.view.ViewRootImpl.relayoutWindow:9847 android.view.ViewRootImpl.performTraversals:3884 android.view.ViewRootImpl.doTraversal:3116 android.view.ViewRootImpl$TraversalRunnable.run:10885
06-30 16:45:13.787   873   873 I Layer   : id=9208 removeFromCurrentState Surface(name=1c611dd StatusBar)/@0xee99fdd - animation-leash of insets_animation#9208 (136)
06-30 16:45:13.787   873   873 I Layer   : id=9209 removeFromCurrentState Surface(name=37aeaf NavigationBar0)/@0x2817b20 - animation-leash of insets_animation#9209 (136)
06-30 16:45:13.787   873   873 I SurfaceFlinger: [ef123e8 com.example.dogglers/androidx.test.core.app.InstrumentationActivityInvoker$EmptyActivity#9224] FrameRatePriority: 1
06-30 16:45:13.787   873   873 D SurfaceFlinger: [input] inputWindowCommands.focusRequests size is 1
06-30 16:45:13.787 27856 27856 I ViewRootImpl@2a7a39c[InstrumentationActivityInvoker$EmptyActivity]: Relayout returned: old=(0,0,1080,2400) new=(0,0,1080,2400) req=(1080,2400)0 dur=11 res=0x3 s={true 0x7ce97f2e60} ch=true seqId=0
06-30 16:45:13.788   873   984 D SurfaceFlinger: [input] setFocusedWindow: ef123e8 com.example.dogglers/androidx.test.core.app.InstrumentationActivityInvoker$EmptyActivity
06-30 16:45:13.788  1282  1547 D InputDispatcher: Focus request (0): ef123e8 com.example.dogglers/androidx.test.core.app.InstrumentationActivityInvoker$EmptyActivity but waiting because NO_WINDOW
06-30 16:45:13.788 27856 27856 I ViewRootImpl@2a7a39c[InstrumentationActivityInvoker$EmptyActivity]: mThreadedRenderer.initialize() mSurface={isValid=true 0x7ce97f2e60} hwInitialized=true
06-30 16:45:13.789 27856 27962 D OpenGLRenderer: eglCreateWindowSurface
06-30 16:45:13.789 27856 27856 I ViewRootImpl@2a7a39c[InstrumentationActivityInvoker$EmptyActivity]: reportNextDraw android.view.ViewRootImpl.performTraversals:4438 android.view.ViewRootImpl.doTraversal:3116 android.view.ViewRootImpl$TraversalRunnable.run:10885 android.view.Choreographer$CallbackRecord.run:1301 android.view.Choreographer$CallbackRecord.run:1309
06-30 16:45:13.789 27856 27856 I ViewRootImpl@2a7a39c[InstrumentationActivityInvoker$EmptyActivity]: Setup new sync id=0
06-30 16:45:13.789 27856 27856 I ViewRootImpl@2a7a39c[InstrumentationActivityInvoker$EmptyActivity]: Setting syncFrameCallback
06-30 16:45:13.789 27856 27856 I ViewRootImpl@2a7a39c[InstrumentationActivityInvoker$EmptyActivity]: registerCallbacksForSync syncBuffer=false
06-30 16:45:13.789   782   782 D gralloc : [mali_gralloc_allocate] begin
06-30 16:45:13.789   782   782 D gralloc : buffer_descriptor: wh(1080 2400) usage_pc(0x40000000000b00 0x40000000000b00) hal_format(0x1) layer_count(1) sizes(0 0 0) strde(0) byte_stride(0) alloc_wh(0 0) internal_format(0x0) alloc_format(0x0) fd_count(1) plane_count(0)
06-30 16:45:13.790 27856 28011 I ViewRootImpl@2a7a39c[InstrumentationActivityInvoker$EmptyActivity]: Received frameDrawingCallback syncResult=0 frameNum=1.
06-30 16:45:13.790 27856 28011 I ViewRootImpl@2a7a39c[InstrumentationActivityInvoker$EmptyActivity]: Setting up sync and frameCommitCallback
06-30 16:45:13.791   782   782 D gralloc : [mali_gralloc_allocate] allocation successful
06-30 16:45:13.792   782   782 D gralloc : [mali_gralloc_allocate] begin
06-30 16:45:13.792   782   782 D gralloc : buffer_descriptor: wh(1080 2400) usage_pc(0x40000000000b00 0x40000000000b00) hal_format(0x1) layer_count(1) sizes(0 0 0) strde(0) byte_stride(0) alloc_wh(0 0) internal_format(0x0) alloc_format(0x0) fd_count(1) plane_count(0)
06-30 16:45:13.793 27856 27962 I BLASTBufferQueue: [ViewRootImpl@2a7a39c[InstrumentationActivityInvoker$EmptyActivity]#4](f:0,a:0) onFrameAvailable the first frame is available
06-30 16:45:13.793   782   782 D gralloc : [mali_gralloc_allocate] allocation successful
06-30 16:45:13.793 27856 27962 I ViewRootImpl@2a7a39c[InstrumentationActivityInvoker$EmptyActivity]: Received frameCommittedCallback lastAttemptedDrawFrameNum=1 didProduceBuffer=true
06-30 16:45:13.793   782   782 D gralloc : [mali_gralloc_allocate] begin
06-30 16:45:13.793   782   782 D gralloc : buffer_descriptor: wh(1080 2400) usage_pc(0x40000000000b00 0x40000000000b00) hal_format(0x1) layer_count(1) sizes(0 0 0) strde(0) byte_stride(0) alloc_wh(0 0) internal_format(0x0) alloc_format(0x0) fd_count(1) plane_count(0)
06-30 16:45:13.793 27856 27962 D OpenGLRenderer: CFMS:: SetUp Pid : 27856    Tid : 27962
06-30 16:45:13.794 27856 27962 W Parcel  : Expecting binder but got null!
06-30 16:45:13.794 27856 27856 I ViewRootImpl@2a7a39c[InstrumentationActivityInvoker$EmptyActivity]: onSyncComplete
06-30 16:45:13.794 27856 27856 I ViewRootImpl@2a7a39c[InstrumentationActivityInvoker$EmptyActivity]: setupSync seqId=0 mSyncId=0 fn=1 caller=android.view.ViewRootImpl$$ExternalSyntheticLambda11.accept:6 android.window.SurfaceSyncer.lambda$setupSync$1$android-window-SurfaceSyncer:128 android.window.SurfaceSyncer$$ExternalSyntheticLambda1.accept:8 android.window.SurfaceSyncer$SyncSet.checkIfSyncIsComplete:382 android.window.SurfaceSyncer$SyncSet.markSyncReady:359 android.window.SurfaceSyncer.markSyncReady:151 android.view.ViewRootImpl.performTraversals:4503
06-30 16:45:13.794 27856 27856 I ViewRootImpl@2a7a39c[InstrumentationActivityInvoker$EmptyActivity]: reportDrawFinished seqId=0 mSyncId=-1 fn=1 mSurfaceChangedTransaction=0x7c197755f0
06-30 16:45:13.794 27856 27856 I ViewRootImpl@548974[HorizontalListActivity]: MSG_WINDOW_FOCUS_CHANGED 0 0
06-30 16:45:13.794   782   782 D gralloc : [mali_gralloc_allocate] allocation successful
06-30 16:45:13.795   782   782 D gralloc : [mali_gralloc_allocate] begin
06-30 16:45:13.795   782   782 D gralloc : buffer_descriptor: wh(1080 2400) usage_pc(0x40000000000b00 0x40000000000b00) hal_format(0x1) layer_count(1) sizes(0 0 0) strde(0) byte_stride(0) alloc_wh(0 0) internal_format(0x0) alloc_format(0x0) fd_count(1) plane_count(0)
06-30 16:45:13.797   782   782 D gralloc : [mali_gralloc_allocate] allocation successful
06-30 16:45:13.799  1282  1305 I ActivityTaskManager: Displayed com.example.dogglers/androidx.test.core.app.InstrumentationActivityInvoker$EmptyActivity: +53ms
06-30 16:45:13.799  2894  2894 E pageboostd: Received HALT command code 2
06-30 16:45:13.799   873   909 I SurfaceFlinger: id=9228 createSurf flag=80000, c50cfcc ActivityRecordInputSink com.example.dogglers/androidx.test.core.app.InstrumentationActivityInvoker$EmptyActivity#9228
06-30 16:45:13.801  6001  6001 I HBD     : g onCapabilityChanged  setNetworkState currentNetworkState : wifi
06-30 16:45:13.802   873   909 I SurfaceFlinger: id=9209 Removed Surface(name=37aeaf NavigationBar0)/@0x2817b20 - animation-leash of insets_animation#9209 (137)
06-30 16:45:13.802   873   909 I SurfaceFlinger: id=9208 Removed Surface(name=1c611dd StatusBar)/@0xee99fdd - animation-leash of insets_animation#9208 (137)
06-30 16:45:13.804   873   873 I Layer   : id=9212 removeFromCurrentState DimAnimationLayer for ActivityRecord{a448e10 u0 com.example.dogglers/.HorizontalListActivity} t302}#9212 (137)
06-30 16:45:13.804   873   873 I Layer   : Layer [com.example.dogglers/androidx.test.core.app.InstrumentationActivityInvoker$EmptyActivity$_27856#9225] hidden!! flag(0)
06-30 16:45:13.804   873   873 I SurfaceFlinger: id=9212 Removed DimAnimationLayer for ActivityRecord{a448e10 u0 com.example.dogglers/.HorizontalListActivity} t302}#9212 (137)
06-30 16:45:13.804   873   873 I Layer   : id=9209 Destroyed Surface(name=37aeaf NavigationBar0)/@0x2817b20 - animation-leash of insets_animation#9209
06-30 16:45:13.804   873   873 I Layer   : id=9208 Destroyed Surface(name=1c611dd StatusBar)/@0xee99fdd - animation-leash of insets_animation#9208
06-30 16:45:13.804  1282  2386 I SemDvfsHyPerManager: acquire hyper - AMS_RESUME_TAIL/1282@20, type = -999
06-30 16:45:13.805  1282  2386 I SemDvfsHyPerManager: acquire hyper - AMS_ACT_LAZY/1282@21, type = -999
06-30 16:45:13.805   795   895 I HYPER-HAL: [RequestManager.cpp]acquire(): Acquired ID : 848273  [1282 / 20]    HINT : AMS_RESUME_TAIL    list :
06-30 16:45:13.805   873   873 I Layer   : id=9212 Destroyed DimAnimationLayer for ActivityRecord{a448e10 u0 com.example.dogglers/.HorizontalListActivity} t302}#9212
06-30 16:45:13.805   795   895 I HYPER-HAL: [ResourceManager.cpp]updateResource(): [CPUMinFreq] UpdateResource Request ID : 848273    Value : 1844882
06-30 16:45:13.805  1282  1815 D InputDispatcher: Focus entered window (0): ef123e8 com.example.dogglers/androidx.test.core.app.InstrumentationActivityInvoker$EmptyActivity
06-30 16:45:13.805   795   895 I HYPER-HAL: [ResourceManager.cpp]removeResource(): [CPUMinFreq] RemoveResource Request ID : 845668
06-30 16:45:13.806   795   895 I HYPER-HAL: [RequestManager.cpp]releaseLocked(): Released ID : 845668
06-30 16:45:13.808   873   873 D SurfaceFlinger: Display 4633128672291735937 HWC layers:
06-30 16:45:13.808   873   873 D SurfaceFlinger:      DEVICE | 0x718d860cd0 | 0102 | RGBA_8888    |    0.0    0.0 1080.0 2387.0 |    0   13 1080 2400 | com.example.dogglers/com.example.dogglers.HorizontalListActivity$_27856#9207
06-30 16:45:13.808   873   873 D SurfaceFlinger:      DEVICE | 0x718d853950 | 0102 | RGBA_8888    |    0.0    0.0 1080.0 2400.0 |    0    0 1080 2400 | com.example.dogglers/androidx.test.c[...]ityInvoker$EmptyActivity$_27856#9225
06-30 16:45:13.808   873   873 D SurfaceFlinger:      DEVICE | 0x718d8724f0 | 0100 | RGBA_8888    |    0.0    0.0 1080.0   78.0 |    0    0 1080   78 | StatusBar$_1751#88
06-30 16:45:13.808   873   873 D SurfaceFlinger:      DEVICE | 0x718d8202f0 | 0100 | RGBA_8888    |    0.0    0.0   67.0  493.0 |    0 1188   67 1681 | com.samsung.android.app.cocktailbars[...]ervice.CocktailBarService$_4690#9140
06-30 16:45:13.808   873   873 D SurfaceFlinger:      DEVICE | 0x718d862350 | 0100 | RGBA_8888    |    0.0    0.0  388.0   48.0 |  692 2352 1080 2400 | SGestureOverlayWindow$_2243#9132
06-30 16:45:13.808   873   873 D SurfaceFlinger:      DEVICE | 0x718d856650 | 0100 | RGBA_8888    |    0.0    0.0 1080.0  126.0 |    0 2274 1080 2400 | NavigationBar0$_1751#83
06-30 16:45:13.808   873   873 D SurfaceFlinger:
06-30 16:45:13.811 27856 27856 D LifecycleMonitor: Lifecycle status change: androidx.test.core.app.InstrumentationActivityInvoker$EmptyActivity@80d8896 in: PAUSED
06-30 16:45:13.811 27856 27856 V ActivityScenario: Activity lifecycle changed event received but ignored because the intent does not match. startActivityIntent=Intent { act=android.intent.action.MAIN cat=[android.intent.category.LAUNCHER] flg=0x10008000 cmp=com.example.dogglers/.MainActivity }, activity.getIntent()=Intent { act=android.intent.action.MAIN cat=[android.intent.category.LAUNCHER] flg=0x10000000 cmp=com.example.dogglers/androidx.test.core.app.InstrumentationActivityInvoker$EmptyActivity }, activity=androidx.test.core.app.InstrumentationActivityInvoker$EmptyActivity@80d8896
06-30 16:45:13.812  1282  4455 I SemDvfsHyPerManager: acquire hyper - AMS_ACT_RESUME/1282@32, type = -999
06-30 16:45:13.812   795   895 I HYPER-HAL: [RequestManager.cpp]acquire(): Acquired ID : 863987  [1282 / 32]    HINT : AMS_ACT_RESUME    list :
06-30 16:45:13.812  1282  4455 D InputDispatcher: Focused application(0): ActivityRecord{a448e10 u0 com.example.dogglers/.HorizontalListActivity} t302}
06-30 16:45:13.812   795   895 I HYPER-HAL: [ResourceManager.cpp]updateResource(): [CPUMinFreq] UpdateResource Request ID : 863987    Value : 1687587
06-30 16:45:13.813   873   908 I SurfaceFlinger: id=9229 createSurf flag=24000, Surface(name=1c611dd StatusBar)/@0xee99fdd - animation-leash of insets_animation#9229
06-30 16:45:13.814   873   908 I SurfaceFlinger: id=9230 createSurf flag=24000, Surface(name=37aeaf NavigationBar0)/@0x2817b20 - animation-leash of insets_animation#9230
06-30 16:45:13.821 27856 27856 I ViewRootImpl@2a7a39c[InstrumentationActivityInvoker$EmptyActivity]: MSG_WINDOW_FOCUS_CHANGED 1 0
06-30 16:45:13.821 27856 27856 I ViewRootImpl@2a7a39c[InstrumentationActivityInvoker$EmptyActivity]: mThreadedRenderer.initializeIfNeeded()#2 mSurface={isValid=true 0x7ce97f2e60}
06-30 16:45:13.821   873   873 I Layer   : id=9226 removeFromCurrentState Surface(name=1c611dd StatusBar)/@0xee99fdd - animation-leash of insets_animation#9226 (136)
06-30 16:45:13.821   873   873 I Layer   : id=9227 removeFromCurrentState Surface(name=37aeaf NavigationBar0)/@0x2817b20 - animation-leash of insets_animation#9227 (136)
06-30 16:45:13.821   873   873 I SurfaceFlinger: [76d9258 com.example.dogglers/com.example.dogglers.HorizontalListActivity#9206] FrameRatePriority: 1
06-30 16:45:13.821   873   873 I SurfaceFlinger: [ef123e8 com.example.dogglers/androidx.test.core.app.InstrumentationActivityInvoker$EmptyActivity#9224] FrameRatePriority: -1
06-30 16:45:13.821   873   873 I Layer   : Layer [com.example.dogglers/androidx.test.core.app.InstrumentationActivityInvoker$EmptyActivity$_27856#9225] hidden!! flag(1)
06-30 16:45:13.821 27856 27856 D InputMethodManager: startInputInner - Id : 0
06-30 16:45:13.821 27856 27856 I InputMethodManager: startInputInner - mService.startInputOrWindowGainedFocus
06-30 16:45:13.823  1282  2386 D InputDispatcher: Focus left window (0): ef123e8 com.example.dogglers/androidx.test.core.app.InstrumentationActivityInvoker$EmptyActivity
06-30 16:45:13.824  1282  1308 I SemPersonaManager: SecureFolder personaId = 150
06-30 16:45:13.824  1282  4455 D InputMethodManagerService: DESKTOP MODE! : 2
06-30 16:45:13.824  1282  4455 D InputMethodManagerService: NOT IN KNOX DESKTOP MODE!
06-30 16:45:13.824  1282  4455 V InputMethodManagerService: getDisplayIdOfInputMethodWindowToBeAdded: displayId=0
06-30 16:45:13.824  1282  4455 D InputMethodManagerService: isImeSwitcherDisabledPackage : false
06-30 16:45:13.825  1282  4455 D InputMethodManagerService: checkDisplayOfStartInputAndUpdateKeyboard: displayId=0, mFocusedDisplayId=0
06-30 16:45:13.825  1282  4455 D InputTransport: Input channel constructed: 'ClientS', fd=1240
06-30 16:45:13.825  1282  4455 D InputTransport: Input channel destroyed: 'ClientS', fd=1240
06-30 16:45:13.826  6001  6001 I HBD     : HoneyBoardService onFinishInput
06-30 16:45:13.826  6001  6001 I HBD     : a IC have been unbinding,  RemoteInputConnection{idHash=#7d1dbdb}
06-30 16:45:13.826  6001  6001 I HBD     : HoneyBoardService [PF_CL][onFinishInput]  0 ms
06-30 16:45:13.826   873  2742 I SurfaceFlinger: id=9231 createSurf flag=24004, Surface(name=ee45561 InputMethod)/@0x4417547 - animation-leash of insets_animation#9231
06-30 16:45:13.826  6001  6001 I HBD     : HoneyBoardService [IMI] onStartInput - caller pid : 27856 , caller uid : 10286
06-30 16:45:13.827  6001  6001 I HBD     : j updateConfigs
06-30 16:45:13.827 27856 27856 I ViewRootImpl@548974[HorizontalListActivity]: stopped(false) old = false
06-30 16:45:13.827  6001  6001 I HBD     : j isEnabledNightMode : true
06-30 16:45:13.827  6001  6001 I HBD     : a IC have been binding, RemoteInputConnection{idHash=#7d1dbdb}
06-30 16:45:13.827 27856 27856 D LifecycleMonitor: Lifecycle status change: com.example.dogglers.HorizontalListActivity@349945f in: RESUMED
06-30 16:45:13.827  6001  6001 I HBD     : h [EditorInputType]setPrivateImeOptionsToTable privateImeOptions ( null )
06-30 16:45:13.827  6001  6001 I HBD     : b incognitoMode : false
06-30 16:45:13.827  6001  6001 I HBD     : a needOff = true , isForceOff = false, isNullInputClass : true
06-30 16:45:13.827 27856 27856 V ActivityScenario: Activity lifecycle changed event received but ignored because the intent does not match. startActivityIntent=Intent { act=android.intent.action.MAIN cat=[android.intent.category.LAUNCHER] flg=0x10008000 cmp=com.example.dogglers/.MainActivity }, activity.getIntent()=Intent { cmp=com.example.dogglers/.HorizontalListActivity }, activity=com.example.dogglers.HorizontalListActivity@349945f
06-30 16:45:13.827  6001  6001 I HBD     : h getDefaultInputRange : UNKNOWN
06-30 16:45:13.827  6001  6001 I HBD     : h getDefaultInputRange : UNKNOWN
06-30 16:45:13.827  6001  6001 I HBD     : h getDefaultInputRange : UNKNOWN
06-30 16:45:13.827   873   873 D SurfaceFlinger: Display 4633128672291735937 HWC layers:
06-30 16:45:13.827   873   873 D SurfaceFlinger:      CLIENT | 0x718d873ff0 | 0102 | RGBA_8888    |    0.0    0.0    0.0    0.0 |    0    0 1080   10 | bbq-wrapper#9218
06-30 16:45:13.827   873   873 D SurfaceFlinger:      DEVICE | 0x718d860cd0 | 0102 | RGBA_8888    |    0.0    0.0 1080.0 2390.0 |    0   10 1080 2400 | com.example.dogglers/com.example.dogglers.HorizontalListActivity$_27856#9207
06-30 16:45:13.827   873   873 D SurfaceFlinger:      DEVICE | 0x718d8724f0 | 0100 | RGBA_8888    |    0.0    0.0 1080.0   78.0 |    0    0 1080   78 | StatusBar$_1751#88
06-30 16:45:13.827   873   873 D SurfaceFlinger:      DEVICE | 0x718d8202f0 | 0100 | RGBA_8888    |    0.0    0.0   67.0  493.0 |    0 1188   67 1681 | com.samsung.android.app.cocktailbars[...]ervice.CocktailBarService$_4690#9140
06-30 16:45:13.827   873   873 D SurfaceFlinger:      DEVICE | 0x718d862350 | 0100 | RGBA_8888    |    0.0    0.0  388.0   48.0 |  692 2352 1080 2400 | SGestureOverlayWindow$_2243#9132
06-30 16:45:13.827   873   873 D SurfaceFlinger:      DEVICE | 0x718d856650 | 0100 | RGBA_8888    |    0.0    0.0 1080.0  126.0 |    0 2274 1080 2400 | NavigationBar0$_1751#83
06-30 16:45:13.827   873   873 D SurfaceFlinger:
06-30 16:45:13.829   873   873 D SurfaceFlinger: [input] inputWindowCommands.focusRequests size is 1
06-30 16:45:13.829   873   873 I Layer   : id=9222 removeFromCurrentState Surface(name=ee45561 InputMethod)/@0x4417547 - animation-leash of insets_animation#9222 (137)
06-30 16:45:13.829  1282  1308 D EnterpriseDeviceManagerService: isMdmAdminPresentInternal() : MDM Admin Found - com.samsung.knox.securefolder
06-30 16:45:13.830   873   984 D SurfaceFlinger: [input] setFocusedWindow: 76d9258 com.example.dogglers/com.example.dogglers.HorizontalListActivity
06-30 16:45:13.830  1282  4455 D InputDispatcher: Focus entered window (0): 76d9258 com.example.dogglers/com.example.dogglers.HorizontalListActivity
06-30 16:45:13.830 27856 27856 I MSHandlerLifeCycle: removeMultiSplitHandler: no exist. decor=DecorView@f8ec744[HorizontalListActivity]
06-30 16:45:13.831  6001  6001 I HBD     : a needOff = true , isForceOff = false, isNullInputClass : true
06-30 16:45:13.831  6001  6001 I HBD     : a update cached prediction status : false
06-30 16:45:13.831  6001  6001 I HBD     : h getDefaultInputRange : UNKNOWN
06-30 16:45:13.831  6001  6001 I HBD     : a currentState : 0
06-30 16:45:13.831   873  2450 I SurfaceFlinger: id=9227 Removed Surface(name=37aeaf NavigationBar0)/@0x2817b20 - animation-leash of insets_animation#9227 (137)
06-30 16:45:13.831   873  2450 I SurfaceFlinger: id=9226 Removed Surface(name=1c611dd StatusBar)/@0xee99fdd - animation-leash of insets_animation#9226 (137)
06-30 16:45:13.831  6001  6001 I HBD     : a [UpdatePolicy] [post] a: 0 cl: 4325376 kit: [0/0] vt: 0 ir: 1
06-30 16:45:13.831  6001  6001 I HBD     : a [NRIC] resetNoResponseState
06-30 16:45:13.831  6001  6001 I HBD     : a needOff = true , isForceOff = false, isNullInputClass : true
06-30 16:45:13.831  1282  2881 I MediaSessionMonitor: Media session stopped : controllerList empty
06-30 16:45:13.831  1282  1399 D AnalyticsContainerHandler: handleMessage : { when=0 what=1 target=com.android.server.knox.KnoxAnalyticsContainer$AnalyticsHandler }
06-30 16:45:13.832  6001  6001 I HBD     : a update cached prediction status : false
06-30 16:45:13.834  4690  4690 I ActivityUtils: HomePackage : com.sec.android.app.launcher, resumePackageName : com.example.dogglers
06-30 16:45:13.834  6001  6001 I HBD     : HoneyBoardService [PF_OP][onStartInput]  8 ms
06-30 16:45:13.835 27856 27856 I ViewRootImpl@2a7a39c[InstrumentationActivityInvoker$EmptyActivity]: handleAppVisibility mAppVisible = true visible = false
06-30 16:45:13.835 27856 27856 I ViewRootImpl@2a7a39c[InstrumentationActivityInvoker$EmptyActivity]: MSG_WINDOW_FOCUS_CHANGED 0 0
06-30 16:45:13.835   873  2742 I SurfaceFlinger: id=9222 Removed Surface(name=ee45561 InputMethod)/@0x4417547 - animation-leash of insets_animation#9222 (137)
06-30 16:45:13.837   873   873 I Layer   : id=9222 Destroyed Surface(name=ee45561 InputMethod)/@0x4417547 - animation-leash of insets_animation#9222
06-30 16:45:13.838   873   873 I Layer   : id=9227 Destroyed Surface(name=37aeaf NavigationBar0)/@0x2817b20 - animation-leash of insets_animation#9227
06-30 16:45:13.838   873   873 I Layer   : id=9226 Destroyed Surface(name=1c611dd StatusBar)/@0xee99fdd - animation-leash of insets_animation#9226
06-30 16:45:13.838  1282  2386 D InputMethodManagerService: isImeSwitcherDisabledPackage : false
06-30 16:45:13.839  6001  6001 I InputMethodService: removeImeSurface
06-30 16:45:13.839 27856 27856 I ViewRootImpl@548974[HorizontalListActivity]: MSG_WINDOW_FOCUS_CHANGED 1 0
06-30 16:45:13.839 27856 27856 I ViewRootImpl@548974[HorizontalListActivity]: mThreadedRenderer.initializeIfNeeded()#2 mSurface={isValid=true 0x7ce97eea40}
06-30 16:45:13.839  6001  6001 I MSHandlerLifeCycle: check: return. pkg=com.samsung.android.honeyboard isActivity=false callers=com.android.internal.policy.DecorView.setVisibility:4416 android.app.Dialog.hide:767 android.inputmethodservice.InputMethodService.removeImeSurface:1290 android.inputmethodservice.InputMethodService.scheduleImeSurfaceRemoval:1279 android.inputmethodservice.InputMethodService.-$$Nest$mscheduleImeSurfaceRemoval:0
06-30 16:45:13.839  6001  6001 I MSHandlerLifeCycle: removeMultiSplitHandler: no exist. decor=DecorView@cd7d792[InputMethod]
06-30 16:45:13.839 27856 27856 D InputMethodManager: startInputInner - Id : 0
06-30 16:45:13.839 27856 27856 I InputMethodManager: startInputInner - mService.startInputOrWindowGainedFocus
06-30 16:45:13.841  1282  1815 D InputMethodManagerService: DESKTOP MODE! : 2
06-30 16:45:13.841  1282  1815 D InputMethodManagerService: NOT IN KNOX DESKTOP MODE!
06-30 16:45:13.841  1282  1815 V InputMethodManagerService: getDisplayIdOfInputMethodWindowToBeAdded: displayId=0
06-30 16:45:13.841  1282  1815 D InputMethodManagerService: isImeSwitcherDisabledPackage : false
06-30 16:45:13.841  1282  1815 D InputMethodManagerService: checkDisplayOfStartInputAndUpdateKeyboard: displayId=0, mFocusedDisplayId=0
06-30 16:45:13.841  1282  1815 D InputTransport: Input channel constructed: 'ClientS', fd=1246
06-30 16:45:13.841  1282  1815 D InputTransport: Input channel destroyed: 'ClientS', fd=1246
06-30 16:45:13.842  6001  6001 I HBD     : HoneyBoardService onFinishInput
06-30 16:45:13.843  6001  6001 I HBD     : a IC have been unbinding,  RemoteInputConnection{idHash=#7d1dbdb}
06-30 16:45:13.843  6001  6001 I HBD     : HoneyBoardService [PF_CL][onFinishInput]  1 ms
06-30 16:45:13.843 27856 27962 D OpenGLRenderer: setSurface called with nullptr
06-30 16:45:13.843 27856 27962 D OpenGLRenderer: setSurface() destroyed EGLSurface
06-30 16:45:13.843 27856 27962 D OpenGLRenderer: destroyEglSurface
06-30 16:45:13.843  6001  6001 I HBD     : HoneyBoardService [IMI] onStartInput - caller pid : 27856 , caller uid : 10286
06-30 16:45:13.843  6001  6001 I HBD     : j updateConfigs
06-30 16:45:13.843  6001  6001 I HBD     : j isEnabledNightMode : true
06-30 16:45:13.843  6001  6001 I HBD     : a IC have been binding, RemoteInputConnection{idHash=#7d1dbdb}
06-30 16:45:13.843  6001  6001 I HBD     : h [EditorInputType]setPrivateImeOptionsToTable privateImeOptions ( null )
06-30 16:45:13.843  6001  6001 I HBD     : b incognitoMode : false
06-30 16:45:13.843  6001  6001 I HBD     : a needOff = true , isForceOff = false, isNullInputClass : true
06-30 16:45:13.843  6001  6001 I HBD     : h getDefaultInputRange : UNKNOWN
06-30 16:45:13.843  6001  6001 I HBD     : h getDefaultInputRange : UNKNOWN
06-30 16:45:13.843  6001  6001 I HBD     : h getDefaultInputRange : UNKNOWN
06-30 16:45:13.844   873  2742 I SurfaceFlinger: id=9232 createSurf flag=24004, Surface(name=ee45561 InputMethod)/@0x4417547 - animation-leash of insets_animation#9232
06-30 16:45:13.844 27856 27856 I ViewRootImpl@2a7a39c[InstrumentationActivityInvoker$EmptyActivity]: performTraversals mFirst=false windowShouldResize=false viewVisibilityChanged=true mForceNextWindowRelayout=false params=null
06-30 16:45:13.847  6001  6001 I HBD     : a needOff = true , isForceOff = false, isNullInputClass : true
06-30 16:45:13.848  6001  6001 I HBD     : a update cached prediction status : false
06-30 16:45:13.848  6001  6001 I HBD     : h getDefaultInputRange : UNKNOWN
06-30 16:45:13.848  6001  6001 I HBD     : a currentState : 0
06-30 16:45:13.848  6001  6001 I HBD     : a [UpdatePolicy] [post] a: 0 cl: 4325376 kit: [0/0] vt: 0 ir: 1
06-30 16:45:13.849  6001  6001 I HBD     : a [NRIC] resetNoResponseState
06-30 16:45:13.849  6001  6001 I HBD     : a needOff = true , isForceOff = false, isNullInputClass : true
06-30 16:45:13.849  6001  6001 I HBD     : a update cached prediction status : false
06-30 16:45:13.850  6001  6001 I HBD     : HoneyBoardService [PF_OP][onStartInput]  7 ms
06-30 16:45:13.852  1282  4455 V WindowManager: Relayout Window{ef123e8 u0 com.example.dogglers/androidx.test.core.app.InstrumentationActivityInvoker$EmptyActivity}: viewVisibility=8 req=1080x2400 d0
06-30 16:45:13.853  1282  4455 V WindowManager: Relayout hash=ef123e8, pid=27856, syncId=-1: mAttrs={(0,0)(fillxfill) sim={adjust=pan forwardNavigation} ty=BASE_APPLICATION
06-30 16:45:13.853  1282  4455 V WindowManager:   fl=81810100
06-30 16:45:13.853  1282  4455 V WindowManager:   pfl=12020040
06-30 16:45:13.853  1282  4455 V WindowManager:   bhv=DEFAULT
06-30 16:45:13.853  1282  4455 V WindowManager:   fitSides= naviIconColor=0}
06-30 16:45:13.854   873   873 I Layer   : id=9231 removeFromCurrentState Surface(name=ee45561 InputMethod)/@0x4417547 - animation-leash of insets_animation#9231 (135)
06-30 16:45:13.856   873  2742 I SurfaceFlinger: id=9231 Removed Surface(name=ee45561 InputMethod)/@0x4417547 - animation-leash of insets_animation#9231 (135)
06-30 16:45:13.857 27856 27856 I ViewRootImpl@2a7a39c[InstrumentationActivityInvoker$EmptyActivity]: Relayout returned: old=(0,0,1080,2400) new=(0,0,1080,2400) req=(1080,2400)8 dur=12 res=0x2 s={false 0x0} ch=true seqId=0
06-30 16:45:13.858  1282  4455 D InputMethodManagerService: isImeSwitcherDisabledPackage : false
06-30 16:45:13.860  6001  6001 I InputMethodService: removeImeSurface
06-30 16:45:13.860  6001  6001 I MSHandlerLifeCycle: check: return. pkg=com.samsung.android.honeyboard isActivity=false callers=com.android.internal.policy.DecorView.setVisibility:4416 android.app.Dialog.hide:767 android.inputmethodservice.InputMethodService.removeImeSurface:1290 android.inputmethodservice.InputMethodService.scheduleImeSurfaceRemoval:1279 android.inputmethodservice.InputMethodService.-$$Nest$mscheduleImeSurfaceRemoval:0
06-30 16:45:13.860  6001  6001 I MSHandlerLifeCycle: removeMultiSplitHandler: no exist. decor=DecorView@cd7d792[InputMethod]
06-30 16:45:13.861 27856 27856 I ViewRootImpl@2a7a39c[InstrumentationActivityInvoker$EmptyActivity]: stopped(true) old = false
06-30 16:45:13.861 27856 27856 I ViewRootImpl@2a7a39c[InstrumentationActivityInvoker$EmptyActivity]: WindowStopped on com.example.dogglers/androidx.test.core.app.InstrumentationActivityInvoker$EmptyActivity set to true
06-30 16:45:13.862 27856 27856 D LifecycleMonitor: Lifecycle status change: androidx.test.core.app.InstrumentationActivityInvoker$EmptyActivity@80d8896 in: STOPPED
06-30 16:45:13.862   873   873 I Layer   : id=9231 Destroyed Surface(name=ee45561 InputMethod)/@0x4417547 - animation-leash of insets_animation#9231
06-30 16:45:13.862 27856 27856 V ActivityScenario: Activity lifecycle changed event received but ignored because the intent does not match. startActivityIntent=Intent { act=android.intent.action.MAIN cat=[android.intent.category.LAUNCHER] flg=0x10008000 cmp=com.example.dogglers/.MainActivity }, activity.getIntent()=Intent { act=android.intent.action.MAIN cat=[android.intent.category.LAUNCHER] flg=0x10000000 cmp=com.example.dogglers/androidx.test.core.app.InstrumentationActivityInvoker$EmptyActivity }, activity=androidx.test.core.app.InstrumentationActivityInvoker$EmptyActivity@80d8896
06-30 16:45:13.863 27856 27856 I MSHandlerLifeCycle: removeMultiSplitHandler: no exist. decor=DecorView@fa452b3[InstrumentationActivityInvoker$EmptyActivity]
06-30 16:45:13.864 27856 27856 D LifecycleMonitor: Lifecycle status change: androidx.test.core.app.InstrumentationActivityInvoker$EmptyActivity@80d8896 in: DESTROYED
06-30 16:45:13.864 27856 27856 V ActivityScenario: Activity lifecycle changed event received but ignored because the intent does not match. startActivityIntent=Intent { act=android.intent.action.MAIN cat=[android.intent.category.LAUNCHER] flg=0x10008000 cmp=com.example.dogglers/.MainActivity }, activity.getIntent()=Intent { act=android.intent.action.MAIN cat=[android.intent.category.LAUNCHER] flg=0x10000000 cmp=com.example.dogglers/androidx.test.core.app.InstrumentationActivityInvoker$EmptyActivity }, activity=androidx.test.core.app.InstrumentationActivityInvoker$EmptyActivity@80d8896
06-30 16:45:13.865 27856 27856 I MSHandlerLifeCycle: removeMultiSplitHandler: no exist. decor=DecorView@fa452b3[InstrumentationActivityInvoker$EmptyActivity]
06-30 16:45:13.865 27856 27962 D OpenGLRenderer: setSurface called with nullptr
06-30 16:45:13.865 27856 27856 I ViewRootImpl@2a7a39c[InstrumentationActivityInvoker$EmptyActivity]: dispatchDetachedFromWindow
06-30 16:45:13.865  1282  2386 D InputTransport: Input channel destroyed: 'ef123e8', fd=1238
06-30 16:45:13.866  1282  2386 W InputManager-JNI: Input channel object 'ef123e8 com.example.dogglers/androidx.test.core.app.InstrumentationActivityInvoker$EmptyActivity (client)' was disposed without first being removed with the input manager!
06-30 16:45:13.866  1282  2386 D InputTransport: Input channel destroyed: 'ef123e8', fd=1239
06-30 16:45:13.868 27856 27856 D InputTransport: Input channel destroyed: 'ef123e8', fd=128
06-30 16:45:13.870   873  2742 I SurfaceFlinger: id=9228 Removed c50cfcc ActivityRecordInputSink com.example.dogglers/androidx.test.core.app.InstrumentationActivityInvoker$EmptyActivity#9228 (134)
06-30 16:45:13.871   873   873 I Layer   : id=9225 removeFromCurrentState com.example.dogglers/androidx.test.core.app.InstrumentationActivityInvoker$EmptyActivity$_27856#9225 (134)
06-30 16:45:13.871   873   873 I Layer   : id=9224 removeFromCurrentState ef123e8 com.example.dogglers/androidx.test.core.app.InstrumentationActivityInvoker$EmptyActivity#9224 (134)
06-30 16:45:13.871   873   873 I SurfaceFlinger: id=9225 Removed com.example.dogglers/androidx.test.core.app.InstrumentationActivityInvoker$EmptyActivity$_27856#9225 (134)
06-30 16:45:13.871   873   873 I SurfaceFlinger: id=9224 Removed ef123e8 com.example.dogglers/androidx.test.core.app.InstrumentationActivityInvoker$EmptyActivity#9224 (134)
06-30 16:45:13.871   873   873 I Layer   : id=9224 Destroyed ef123e8 com.example.dogglers/androidx.test.core.app.InstrumentationActivityInvoker$EmptyActivity#9224
06-30 16:45:13.871   873   873 I Layer   : id=9225 Destroyed com.example.dogglers/androidx.test.core.app.InstrumentationActivityInvoker$EmptyActivity$_27856#9225
06-30 16:45:13.879   873   873 I Layer   : id=9223 removeFromCurrentState ActivityRecord{180d215 u0 com.example.dogglers/androidx.test.core.app.InstrumentationActivityInvoker$EmptyActivity} t302}#9223 (132)
06-30 16:45:13.879   873   873 I Layer   : id=9228 removeFromCurrentState c50cfcc ActivityRecordInputSink com.example.dogglers/androidx.test.core.app.InstrumentationActivityInvoker$EmptyActivity#9228 (132)
06-30 16:45:13.879   873   873 I SurfaceFlinger: id=9223 Removed ActivityRecord{180d215 u0 com.example.dogglers/androidx.test.core.app.InstrumentationActivityInvoker$EmptyActivity} t302}#9223 (132)
06-30 16:45:13.879   873   873 I Layer   : id=9223 Destroyed ActivityRecord{180d215 u0 com.example.dogglers/androidx.test.core.app.InstrumentationActivityInvoker$EmptyActivity} t302}#9223
06-30 16:45:13.879   873   873 I Layer   : id=9228 Destroyed c50cfcc ActivityRecordInputSink com.example.dogglers/androidx.test.core.app.InstrumentationActivityInvoker$EmptyActivity#9228
06-30 16:45:13.914  1282  1652 D SemNscXgbMsL1: Probability - Cloud gaming: [0.07183572]
06-30 16:45:13.915  1282  1652 D SemNscXgbMsL1: Probability - Real time: [0.19212124]
06-30 16:45:13.916  1282  1652 D SemNscXgbMsL1: Probability - Non real time: [0.9630162]
06-30 16:45:13.916  1282  1652 D SemNscXgbMsL1: 1 sample inference time: 2.400154 msecs
06-30 16:45:13.916  2243  2464 I RecentModel: onTaskStackChangedBackground
06-30 16:45:13.917  1282  1609 I SearchManagerService: _updateSearchables
06-30 16:45:13.918  1282  1652 D SemNscXgbL2Rt: L2 RT 1 sample inference time: 1.726808 msecs
06-30 16:45:13.919  1282  1652 D SemNscXgbL2Nrt: L2 NRT 1 sample inference time: 0.991885 msecs
06-30 16:45:13.923   873   873 D SurfaceFlinger: Display 4633128672291735937 HWC layers:
06-30 16:45:13.923   873   873 D SurfaceFlinger:      DEVICE | 0x718d860cd0 | 0102 | RGBA_8888    |    0.0    0.0 1080.0 2400.0 |    0    0 1080 2400 | com.example.dogglers/com.example.dogglers.HorizontalListActivity$_27856#9207
06-30 16:45:13.923   873   873 D SurfaceFlinger:      DEVICE | 0x718d8724f0 | 0100 | RGBA_8888    |    0.0    0.0 1080.0   78.0 |    0    0 1080   78 | StatusBar$_1751#88
