06-30 16:45:17.902  1751  1854 I ViewRootImpl@4ff1b19[dogglers]: mWNT: t=0x7c1996d290 mBlastBufferQueue=0x7c598b24d0 fn= 4 caller= android.view.SyncRtSurfaceTransactionApplier.applyTransaction:96 android.view.SyncRtSurfaceTransactionApplier.lambda$scheduleApply$0$android-view-SyncRtSurfaceTransactionApplier:69 android.view.SyncRtSurfaceTransactionApplier$$ExternalSyntheticLambda0.onFrameDraw:4
06-30 16:45:17.902  1282  1652 D SemNscXgbMsL1: Probability - Cloud gaming: [0.008572945]
06-30 16:45:17.903  1282  1652 D SemNscXgbMsL1: Probability - Real time: [0.008515855]
06-30 16:45:17.903  1282  1652 D SemNscXgbMsL1: Probability - Non real time: [0.98613226]
06-30 16:45:17.903  1282  1652 D SemNscXgbMsL1: 1 sample inference time: 1.165577 msecs
06-30 16:45:17.905  1282  1652 D SemNscXgbL2Rt: L2 RT 1 sample inference time: 1.9125 msecs
06-30 16:45:17.906  1282  1652 D SemNscXgbL2Nrt: L2 NRT 1 sample inference time: 0.686884 msecs
06-30 16:45:17.911  1751  1853 I ViewRootImpl@4ff1b19[dogglers]: mWNT: t=0x7c19939f90 mBlastBufferQueue=0x7c598b24d0 fn= 5 caller= android.view.SyncRtSurfaceTransactionApplier.applyTransaction:96 android.view.SyncRtSurfaceTransactionApplier.lambda$scheduleApply$0$android-view-SyncRtSurfaceTransactionApplier:69 android.view.SyncRtSurfaceTransactionApplier$$ExternalSyntheticLambda0.onFrameDraw:4
06-30 16:45:17.918  1751  1854 I ViewRootImpl@4ff1b19[dogglers]: mWNT: t=0x7c1996fb10 mBlastBufferQueue=0x7c598b24d0 fn= 6 caller= android.view.SyncRtSurfaceTransactionApplier.applyTransaction:96 android.view.SyncRtSurfaceTransactionApplier.lambda$scheduleApply$0$android-view-SyncRtSurfaceTransactionApplier:69 android.view.SyncRtSurfaceTransactionApplier$$ExternalSyntheticLambda0.onFrameDraw:4
06-30 16:45:17.927  1751  1853 I ViewRootImpl@4ff1b19[dogglers]: mWNT: t=0x7c1996e130 mBlastBufferQueue=0x7c598b24d0 fn= 7 caller= android.view.SyncRtSurfaceTransactionApplier.applyTransaction:96 android.view.SyncRtSurfaceTransactionApplier.lambda$scheduleApply$0$android-view-SyncRtSurfaceTransactionApplier:69 android.view.SyncRtSurfaceTransactionApplier$$ExternalSyntheticLambda0.onFrameDraw:4
06-30 16:45:17.932   873   873 D SurfaceFlinger: Display 4633128672291735937 HWC layers:
06-30 16:45:17.932   873   873 D SurfaceFlinger:      CLIENT | 0x718d87a650 | 0102 | RGBA_8888    |    0.0    0.0    0.0    0.0 |    0    0 1080  110 | bbq-wrapper#9385
06-30 16:45:17.932   873   873 D SurfaceFlinger:  SOLID_COLOR |              | 0000 |  Unknown  |    0.0    0.0    0.0    0.0 |    0    0 1080 2400 | DimAnimationLayer for Task=305#9376
06-30 16:45:17.932   873   873 D SurfaceFlinger:      DEVICE | 0x718d86e050 | 0102 | RGBA_8888    |    0.0    0.0 1080.0 2290.0 |    0  110 1080 2400 | com.example.dogglers/com.example.dogglers.MainActivity$_27856#9387
06-30 16:45:17.932   873   873 D SurfaceFlinger:      DEVICE | 0x718d873b70 | 0100 | RGBA_8888    |    0.0    0.0 1080.0 2290.0 |    0  110 1080 2400 | Splash Screen com.example.dogglers$_1751#9374
06-30 16:45:17.932   873   873 D SurfaceFlinger:      DEVICE | 0x718d8724f0 | 0100 | RGBA_8888    |    0.0    0.0 1080.0   78.0 |    0    0 1080   78 | StatusBar$_1751#88
06-30 16:45:17.932   873   873 D SurfaceFlinger:      DEVICE | 0x718d8202f0 | 0100 | RGBA_8888    |    0.0    0.0   67.0  493.0 |    0 1188   67 1681 | com.samsung.android.app.cocktailbars[...]ervice.CocktailBarService$_4690#9140
06-30 16:45:17.932   873   873 D SurfaceFlinger:      DEVICE | 0x718d862350 | 0100 | RGBA_8888    |    0.0    0.0  388.0   48.0 |  692 2352 1080 2400 | S
06-30 16:45:17.932   873   873 D SurfaceFlinger: GestureOverlayWindow$_2243#9132
06-30 16:45:17.932   873   873 D SurfaceFlinger:      DEVICE | 0x718d856650 | 0100 | RGBA_8888    |    0.0    0.0 1080.0  126.0 |    0 2274 1080 2400 | NavigationBar0$_1751#83
06-30 16:45:17.932   873   873 D SurfaceFlinger:
06-30 16:45:17.935  1751  1828 D OpenGLRenderer: setSurface called with nullptr
06-30 16:45:17.935  1751  1828 D OpenGLRenderer: setSurface() destroyed EGLSurface
06-30 16:45:17.935  1751  1828 D OpenGLRenderer: destroyEglSurface
06-30 16:45:17.936  1004  3480 I CameraService: onUidStateChanged: uid=10054, procState is changed. (1 -> 0)
06-30 16:45:17.938  1751  1817 I ViewRootImpl@4ff1b19[dogglers]: performTraversals params={(0,0)(fillxfill) sim={adjust=pan} ty=APPLICATION_STARTING fmt=TRANSLUCENT wanim=0x1030309 alpha=0.0
06-30 16:45:17.938  1751  1817 I ViewRootImpl@4ff1b19[dogglers]:   fl=81030118
06-30 16:45:17.938  1751  1817 I ViewRootImpl@4ff1b19[dogglers]:   pfl=16000010
06-30 16:45:17.938  1751  1817 I ViewRootImpl@4ff1b19[dogglers]:   bhv=DEFAULT
06-30 16:45:17.938  1751  1817 I ViewRootImpl@4ff1b19[dogglers]:   fitSides= naviIconColor=0}
06-30 16:45:17.938  1751  1817 I ViewRootImpl@4ff1b19[dogglers]: performTraversals mFirst=false windowShouldResize=false viewVisibilityChanged=true mForceNextWindowRelayout=false params={(0,0)(fillxfill) sim={adjust=pan} ty=APPLICATION_STARTING fmt=TRANSLUCENT wanim=0x1030309 alpha=0.0
06-30 16:45:17.938  1751  1817 I ViewRootImpl@4ff1b19[dogglers]:   fl=81030118
06-30 16:45:17.938  1751  1817 I ViewRootImpl@4ff1b19[dogglers]:   pfl=16000010
06-30 16:45:17.938  1751  1817 I ViewRootImpl@4ff1b19[dogglers]:   bhv=DEFAULT
06-30 16:45:17.938  1751  1817 I ViewRootImpl@4ff1b19[dogglers]:   fitSides= naviIconColor=0}
06-30 16:45:17.939  1282  1547 V WindowManager: Relayout Window{173c56e u0 Splash Screen com.example.dogglers}: viewVisibility=8 req=1080x2400 d0
06-30 16:45:17.939  1282  1327 W libprocessgroup: Failed to open /dev/blkio//cgroup.procs: No such file or directory
06-30 16:45:17.943  1282  1547 V WindowManager: Relayout hash=173c56e, pid=1751, syncId=-1: mAttrs={(0,0)(fillxfill) sim={adjust=pan} ty=APPLICATION_STARTING fmt=TRANSLUCENT wanim=0x1030309 alpha=0.0
06-30 16:45:17.943  1282  1547 V WindowManager:   fl=81030118
06-30 16:45:17.943  1282  1547 V WindowManager:   pfl=16000010
06-30 16:45:17.943  1282  1547 V WindowManager:   bhv=DEFAULT
06-30 16:45:17.943  1282  1547 V WindowManager:   fitSides= naviIconColor=0}
06-30 16:45:17.944  1751  1817 I ViewRootImpl@4ff1b19[dogglers]: Relayout returned: old=(0,0,1080,2400) new=(0,0,1080,2400) req=(1080,2400)8 dur=6 res=0x2 s={false 0x0} ch=true seqId=0
06-30 16:45:17.944  1751  1817 I ViewRootImpl@4ff1b19[dogglers]: dispatchDetachedFromWindow
06-30 16:45:17.946  1282  1547 D InputTransport: Input channel destroyed: '173c56e', fd=1178
06-30 16:45:17.946  1282  1547 W InputManager-JNI: Input channel object '173c56e Splash Screen com.example.dogglers (client)' was disposed without first being removed with the input manager!
06-30 16:45:17.947  1282  1547 D InputTransport: Input channel destroyed: '173c56e', fd=1233
06-30 16:45:17.948   873   873 D SurfaceFlinger: Display 4633128672291735937 HWC layers:
06-30 16:45:17.948   873   873 D SurfaceFlinger:      CLIENT | 0x718d87a650 | 0102 | RGBA_8888    |    0.0    0.0    0.0    0.0 |    0    0 1080   89 | bbq-wrapper#9385
06-30 16:45:17.948   873   873 D SurfaceFlinger:  SOLID_COLOR |              | 0000 |  Unknown  |    0.0    0.0    0.0    0.0 |    0    0 1080 2400 | DimAnimationLayer for Task=305#9376
06-30 16:45:17.948   873   873 D SurfaceFlinger:      DEVICE | 0x718d86e050 | 0102 | RGBA_8888    |    0.0    0.0 1080.0 2311.0 |    0   89 1080 2400 | com.example.dogglers/com.example.dogglers.MainActivity$_27856#9387
06-30 16:45:17.948   873   873 D SurfaceFlinger:      DEVICE | 0x718d8724f0 | 0100 | RGBA_8888    |    0.0    0.0 1080.0   78.0 |    0    0 1080   78 | StatusBar$_1751#88
06-30 16:45:17.948   873   873 D SurfaceFlinger:      DEVICE | 0x718d8202f0 | 0100 | RGBA_8888    |    0.0    0.0   67.0  493.0 |    0 1188   67 1681 | com.samsung.android.app.cocktailbars[...]ervice.CocktailBarService$_4690#9140
06-30 16:45:17.948   873   873 D SurfaceFlinger:      DEVICE | 0x718d862350 | 0100 | RGBA_8888    |    0.0    0.0  388.0   48.0 |  692 2352 1080 2400 | SGestureOverlayWindow$_2243#9132
06-30 16:45:17.948   873   873 D SurfaceFlinger:      DEVICE | 0x718d856650 | 0100 | RGBA_8888    |    0.0    0.0 1080.0  126.0 |    0 2274 1080 2400 | NavigationBar0
06-30 16:45:17.948   873   873 D SurfaceFlinger: $_1751#83
06-30 16:45:17.948   873   873 D SurfaceFlinger:
06-30 16:45:17.949  1751  1817 D InputTransport: Input channel destroyed: '173c56e', fd=207
06-30 16:45:17.950   873   873 I Layer   : id=9390 removeFromCurrentState Surface(name=1d9e4d7 com.example.dogglers/com.example.dogglers.MainActivity)/@0x817706 - animation-leash of starting_reveal#9390 (133)
06-30 16:45:17.968 27823 27823 D BoundBrokerSvc: onUnbind: Intent { act=com.google.android.gms.safetynet.service.START pkg=com.google.android.gms }
06-30 16:45:17.987  1282  1299 I system_server: NativeAlloc concurrent copying GC freed 385512(18MB) AllocSpace objects, 184(3988KB) LOS objects, 16% free, 120MB/144MB, paused 130us,159us total 287.387ms
06-30 16:45:17.992  1282  1301 W System  : A resource failed to call HardwareBuffer.close.
06-30 16:45:17.992  1282  1301 W System  : A resource failed to call HardwareBuffer.close.
06-30 16:45:17.992  1282  1301 W System  : A resource failed to call release.
06-30 16:45:17.993  1282  1301 W System  : A resource failed to call HardwareBuffer.close.
06-30 16:45:17.993  1282  1301 W System  : A resource failed to call HardwareBuffer.close.
06-30 16:45:17.993  1282  1301 W System  : A resource failed to call HardwareBuffer.close.
06-30 16:45:17.994  1282  1301 W System  : A resource failed to call HardwareBuffer.close.
06-30 16:45:17.994  1282  1301 W System  : A resource failed to call HardwareBuffer.close.
06-30 16:45:17.995  1282  1301 W System  : A resource failed to call HardwareBuffer.close.
06-30 16:45:17.995  1282  1301 W System  : A resource failed to call HardwareBuffer.close.
06-30 16:45:17.996  1282  1301 W System  : A resource failed to call HardwareBuffer.close.
06-30 16:45:17.996  1282  1301 W System  : A resource failed to call release.
06-30 16:45:17.996  1282  1301 W System  : A resource failed to call HardwareBuffer.close.
06-30 16:45:17.996  1282  1301 W System  : A resource failed to call HardwareBuffer.close.
06-30 16:45:17.997  1282  1301 W System  : A resource failed to call HardwareBuffer.close.
06-30 16:45:17.997  1282  1301 W System  : A resource failed to call end.
06-30 16:45:17.997  1282  1301 W System  : A resource failed to call HardwareBuffer.close.
06-30 16:45:17.998  1282  1301 W System  : A resource failed to call HardwareBuffer.close.
06-30 16:45:17.998  1282  1301 W System  : A resource failed to call HardwareBuffer.close.
06-30 16:45:17.998  1282  1301 W System  : A resource failed to call HardwareBuffer.close.
06-30 16:45:17.999  1282  1301 W System  : A resource failed to call HardwareBuffer.close.
06-30 16:45:17.999  1282  1301 W System  : A resource failed to call release.
06-30 16:45:18.014  1282  1301 W System  : A resource failed to call HardwareBuffer.close.
06-30 16:45:18.016   770   797 D audio_hw_primary: device-adev_set_parameters: enter with key(audioHDR=0)
06-30 16:45:18.017   770   797 I audio_hw_primary_odm: odm_adev_set_parameters: enter with key(audioHDR=0)
06-30 16:45:18.017   770   797 I Audio_a2dpsink_hw: adev_set_parameters: kevpairs=[audioHDR=0]
06-30 16:45:18.020  1282  1301 W System  : A resource failed to call HardwareBuffer.close.
06-30 16:45:18.110  4690  4690 I Utils   : isCurrentUser current = 0, ownerId = 0
06-30 16:45:18.110  4690  4690 I TrayVisibilityController: getComputedTrayVisible : keyguardState = 1
06-30 16:45:18.110  4690  4690 I TrayVisibilityController: updateTrayVisible: State=1 visible=1 mCurrentVisible=1 specificMode=0
06-30 16:45:18.110  4690  4690 I TrayStateController: onNotifyUpdateTray: state=0
06-30 16:45:18.174   795 28220 I HYPER-HAL: [ResourceManager.cpp]removeResource(): [CPUMinFreq] RemoveResource Request ID : 848273
06-30 16:45:18.174   795 28220 I HYPER-HAL: [RequestManager.cpp]releaseLocked(): Released ID : 848273
06-30 16:45:18.201   873   873 D SurfaceFlinger: Display 4633128672291735937 HWC layers:
06-30 16:45:18.201   873   873 D SurfaceFlinger:  SOLID_COLOR |              | 0000 |  Unknown  |    0.0    0.0    0.0    0.0 |    0    0 1080 2400 | DimAnimationLayer for Task=305#9376
06-30 16:45:18.201   873   873 D SurfaceFlinger:      DEVICE | 0x718d86e050 | 0102 | RGBA_8888    |    0.0    0.0 1080.0 2400.0 |    0    0 1080 2400 | com.example.dogglers/com.example.dogglers.MainActivity$_27856#9387
06-30 16:45:18.201   873   873 D SurfaceFlinger:      DEVICE | 0x718d8724f0 | 0100 | RGBA_8888    |    0.0    0.0 1080.0   78.0 |    0    0 1080   78 | StatusBar$_1751#88
06-30 16:45:18.201   873   873 D SurfaceFlinger:      DEVICE | 0x718d8202f0 | 0100 | RGBA_8888    |    0.0    0.0   67.0  493.0 |    0 1188   67 1681 | com.samsung.android.app.cocktailbars[...]ervice.CocktailBarService$_4690#9140
06-30 16:45:18.201   873   873 D SurfaceFlinger:      DEVICE | 0x718d862350 | 0100 | RGBA_8888    |    0.0    0.0  388.0   48.0 |  692 2352 1080 2400 | SGestureOverlayWindow$_2243#9132
06-30 16:45:18.201   873   873 D SurfaceFlinger:      DEVICE | 0x718d856650 | 0100 | RGBA_8888    |    0.0    0.0 1080.0  126.0 |    0 2274 1080 2400 | NavigationBar0$_1751#83
06-30 16:45:18.201   873   873 D SurfaceFlinger:
06-30 16:45:18.225 31662 31662 I ViewRootImpl@ffcf06a[Conversation]: handleAppVisibility mAppVisible = true visible = false
06-30 16:45:18.232   873   873 I Layer   : id=9374 removeFromCurrentState Splash Screen com.example.dogglers$_1751#9374 (133)
06-30 16:45:18.232   873   873 I Layer   : id=9375 removeFromCurrentState Surface(name=Task=300)/@0xec4c80 - animation-leash of app_transition#9375 (133)
06-30 16:45:18.232   873   873 I Layer   : id=9381 removeFromCurrentState Bottom Edge Extension#9381 (133)
06-30 16:45:18.232   873   873 I Layer   : id=9382 removeFromCurrentState bbq-wrapper#9382 (133)
06-30 16:45:18.232   873   873 I Layer   : id=9381 removeFromCurrentState Bottom Edge Extension#9381 (133)
06-30 16:45:18.232   873   873 I Layer   : id=9382 removeFromCurrentState bbq-wrapper#9382 (133)
06-30 16:45:18.232   873   873 I Layer   : id=9376 removeFromCurrentState DimAnimationLayer for Task=305#9376 (133)
06-30 16:45:18.232   873   873 I Layer   : id=9373 removeFromCurrentState 173c56e Splash Screen com.example.dogglers#9373 (133)
06-30 16:45:18.232   873   873 I Layer   : id=9384 removeFromCurrentState Top Edge Extension#9384 (133)
06-30 16:45:18.232   873   873 I Layer   : id=9385 removeFromCurrentState bbq-wrapper#9385 (133)
06-30 16:45:18.232   873   873 I Layer   : id=9377 removeFromCurrentState Surface(name=Task=305)/@0xdab3b85 - animation-leash of app_transition#9377 (133)
06-30 16:45:18.232   873   873 I Layer   : Layer [Splash Screen com.example.dogglers$_1751#9374] hidden!! flag(1)
06-30 16:45:18.232   873   873 I Layer   : Layer [com.whatsapp/com.whatsapp.Conversation$_31662#9358] hidden!! flag(1)
06-30 16:45:18.233   873   873 I SurfaceFlinger: id=9385 Removed bbq-wrapper#9385 (133)
06-30 16:45:18.233   873   873 I SurfaceFlinger: id=9382 Removed bbq-wrapper#9382 (133)
06-30 16:45:18.233   873   873 I SurfaceFlinger: id=9381 Removed Bottom Edge Extension#9381 (133)
06-30 16:45:18.233   873   873 I SurfaceFlinger: id=9376 Removed DimAnimationLayer for Task=305#9376 (133)
06-30 16:45:18.233   873   873 I SurfaceFlinger: id=9373 Removed 173c56e Splash Screen com.example.dogglers#9373 (133)
06-30 16:45:18.233   873   873 I SurfaceFlinger: id=9384 Removed Top Edge Extension#9384 (133)
06-30 16:45:18.233   873   873 I SurfaceFlinger: id=9374 Removed Splash Screen com.example.dogglers$_1751#9374 (133)
06-30 16:45:18.233   873   873 I SurfaceFlinger: id=9377 Removed Surface(name=Task=305)/@0xdab3b85 - animation-leash of app_transition#9377 (133)
06-30 16:45:18.233   873   873 I SurfaceFlinger: id=9375 Removed Surface(name=Task=300)/@0xec4c80 - animation-leash of app_transition#9375 (133)
06-30 16:45:18.233   873   873 I Layer   : id=9373 Destroyed 173c56e Splash Screen com.example.dogglers#9373
06-30 16:45:18.233   873   873 I Layer   : id=9374 Destroyed Splash Screen com.example.dogglers$_1751#9374
06-30 16:45:18.233   873   873 I Layer   : id=9375 Destroyed Surface(name=Task=300)/@0xec4c80 - animation-leash of app_transition#9375
06-30 16:45:18.233   873   873 I Layer   : id=9381 Destroyed Bottom Edge Extension#9381
06-30 16:45:18.233   873   873 I Layer   : id=9382 Destroyed bbq-wrapper#9382
06-30 16:45:18.233   873   873 I Layer   : id=9377 Destroyed Surface(name=Task=305)/@0xdab3b85 - animation-leash of app_transition#9377
06-30 16:45:18.233   873   873 I Layer   : id=9384 Destroyed Top Edge Extension#9384
06-30 16:45:18.233   873   873 I Layer   : id=9385 Destroyed bbq-wrapper#9385
06-30 16:45:18.234   873   873 I Layer   : id=9376 Destroyed DimAnimationLayer for Task=305#9376
06-30 16:45:18.235   873   873 D SurfaceFlinger: Display 4633128672291735937 HWC layers:
06-30 16:45:18.235   873   873 D SurfaceFlinger:      DEVICE | 0x718d86e050 | 0102 | RGBA_8888    |    0.0    0.0 1080.0 2400.0 |    0    0 1080 2400 | com.example.dogglers/com.example.dogglers.MainActivity$_27856#9387
06-30 16:45:18.235   873   873 D SurfaceFlinger:      DEVICE | 0x718d8724f0 | 0100 | RGBA_8888    |    0.0    0.0 1080.0   78.0 |    0    0 1080   78 | StatusBar$_1751#88
06-30 16:45:18.235   873   873 D SurfaceFlinger:      DEVICE | 0x718d8202f0 | 0100 | RGBA_8888    |    0.0    0.0   67.0  493.0 |    0 1188   67 1681 | com.samsung.android.app.cocktailbars[...]ervice.CocktailBarService$_4690#9140
06-30 16:45:18.235   873   873 D SurfaceFlinger:      DEVICE | 0x718d862350 | 0100 | RGBA_8888    |    0.0    0.0  388.0   48.0 |  692 2352 1080 2400 | SGestureOverlayWindow$_2243#9132
06-30 16:45:18.235   873   873 D SurfaceFlinger:      DEVICE | 0x718d856650 | 0100 | RGBA_8888    |    0.0    0.0 1080.0  126.0 |    0 2274 1080 2400 | NavigationBar0$_1751#83
06-30 16:45:18.235   873   873 D SurfaceFlinger:
06-30 16:45:18.238 27856 27856 I ViewInteraction: Checking 'MatchesViewAssertion{viewMatcher=(view has effective visibility <VISIBLE> and view.getGlobalVisibleRect() to return non-empty rectangle)}' assertion on view view.getId() is <2131230936/com.example.dogglers:id/horizontal_btn>
06-30 16:45:18.239   763   763 D Zygote  : Forked child process 28222
06-30 16:45:18.240 31662 23964 D OpenGLRenderer: setSurface called with nullptr
06-30 16:45:18.240 31662 23964 D OpenGLRenderer: setSurface() destroyed EGLSurface
06-30 16:45:18.240 31662 23964 D OpenGLRenderer: destroyEglSurface
06-30 16:45:18.241  1282  1308 I ChimeraSystemEventListener: appLaunchIntent package name is: com.example.dogglers
06-30 16:45:18.241  1282  1547 I SemDvfsHyPerManager: acquire hyper - AMS_ACT_START/1282@18, type = -999
06-30 16:45:18.242   795   895 I HYPER-HAL: [RequestManager.cpp]acquire(): Acquired ID : 845668  [1282 / 18]    HINT : AMS_ACT_START    list :
06-30 16:45:18.242   873  1054 I SurfaceFlinger: id=9392 createSurf flag=80004, ActivityRecord{f124e1c u0 com.example.dogglers/androidx.test.core.app.InstrumentationActivityInvoker$EmptyActivity} t305}#9392
06-30 16:45:18.242 31662 31662 I ViewRootImpl@ffcf06a[Conversation]: performTraversals mFirst=false windowShouldResize=false viewVisibilityChanged=true mForceNextWindowRelayout=false params=null
06-30 16:45:18.243   795   895 I HYPER-HAL: [ResourceManager.cpp]updateResource(): [CPUMinFreq] UpdateResource Request ID : 845668    Value : 1930195
06-30 16:45:18.243  1282  1308 I SemPersonaManager: SecureFolder personaId = 150
06-30 16:45:18.245  2894  2894 E pageboostd: Received HALT command code 2
06-30 16:45:18.245  1282  2792 V WindowManager: Relayout Window{b38452c u0 com.whatsapp/com.whatsapp.Conversation}: viewVisibility=8 req=1080x2400 d0
06-30 16:45:18.246  1282  2792 V WindowManager: Relayout hash=b38452c, pid=31662, syncId=-1: mAttrs={(0,0)(fillxfill) sim={state=always_hidden adjust=resize} ty=BASE_APPLICATION wanim=0x1030309
06-30 16:45:18.246  1282  2792 V WindowManager:   fl=81810100
06-30 16:45:18.246  1282  2792 V WindowManager:   pfl=12020040
06-30 16:45:18.246  1282  2792 V WindowManager:   bhv=DEFAULT
06-30 16:45:18.246  1282  2792 V WindowManager:   fitSides= naviIconColor=0}
06-30 16:45:18.246 27856 27856 D LifecycleMonitor: Lifecycle status change: com.example.dogglers.MainActivity@6b8af71 in: PAUSED
06-30 16:45:18.247 27856 27856 V ActivityScenario: Update currentActivityStage to PAUSED, currentActivity=com.example.dogglers.MainActivity@6b8af71
06-30 16:45:18.249 31662 31662 I ViewRootImpl@ffcf06a[Conversation]: Relayout returned: old=(0,0,1080,2400) new=(0,0,1080,2400) req=(1080,2400)8 dur=5 res=0x2 s={false 0x0} ch=true seqId=0
06-30 16:45:18.250  1282  2792 D InputDispatcher: Focused application(0): ActivityRecord{f124e1c u0 com.example.dogglers/androidx.test.core.app.InstrumentationActivityInvoker$EmptyActivity} t305}
06-30 16:45:18.251 31662 31662 I ViewRootImpl@ffcf06a[Conversation]: stopped(true) old = false
06-30 16:45:18.251 31662 31662 I ViewRootImpl@ffcf06a[Conversation]: WindowStopped on com.whatsapp/com.whatsapp.Conversation set to true
06-30 16:45:18.252 28222 28222 I app.samsungapps: Using CollectorTypeCC GC.
06-30 16:45:18.253 31662 31662 I IMM_LC  : hsifw() - flag : 0
06-30 16:45:18.253 31662 31662 I IMM_LC  : hsifw() - mService.hideSoftInput
06-30 16:45:18.256  1282  1308 I SemPersonaManager: SecureFolder personaId = 150
06-30 16:45:18.257 28222 28222 E app.samsungapps: Not starting debugger since process cannot load the jdwp agent.
06-30 16:45:18.257   873   873 I SurfaceFlinger: [1d9e4d7 com.example.dogglers/com.example.dogglers.MainActivity#9386] FrameRatePriority: -1
06-30 16:45:18.257 27856 27856 D LifecycleMonitor: Lifecycle status change: androidx.test.core.app.InstrumentationActivityInvoker$EmptyActivity@1ea6838 in: PRE_ON_CREATE
06-30 16:45:18.258 27856 27856 V ActivityScenario: Activity lifecycle changed event received but ignored because the intent does not match. startActivityIntent=Intent { act=android.intent.action.MAIN cat=[android.intent.category.LAUNCHER] flg=0x10008000 cmp=com.example.dogglers/.MainActivity }, activity.getIntent()=Intent { act=android.intent.action.MAIN cat=[android.intent.category.LAUNCHER] flg=0x10000000 cmp=com.example.dogglers/androidx.test.core.app.InstrumentationActivityInvoker$EmptyActivity }, activity=androidx.test.core.app.InstrumentationActivityInvoker$EmptyActivity@1ea6838
06-30 16:45:18.261 31662 31662 I MSHandlerLifeCycle: removeMultiSplitHandler: no exist. decor=DecorView@fe33ba2[Conversation]
06-30 16:45:18.262 28222 28222 D ActivityThread: setConscryptValidator
06-30 16:45:18.262 28222 28222 D ActivityThread: setConscryptValidator - put
06-30 16:45:18.263 27856 27856 I DecorView: [INFO] isPopOver=false config=true
06-30 16:45:18.263 27856 27856 I DecorView: updateCaptionType: isFloating=false isApplication=true hasWindowDecorCaption=false this=DecorView@30d2c4d[]
06-30 16:45:18.263 27856 27856 D DecorView: setCaptionType = 0, this = DecorView@30d2c4d[]
06-30 16:45:18.264 27856 27856 I DecorView: getCurrentDensityDpi: from real metrics. densityDpi=420 msg=resources_loaded
06-30 16:45:18.264 27856 27856 I DecorView: setWindowBackground: isPopOver=false color=ffffffff d=android.graphics.drawable.ColorDrawable@3a39413
06-30 16:45:18.265 27856 27856 D LifecycleMonitor: Lifecycle status change: androidx.test.core.app.InstrumentationActivityInvoker$EmptyActivity@1ea6838 in: CREATED
06-30 16:45:18.265 27856 27856 V ActivityScenario: Activity lifecycle changed event received but ignored because the intent does not match. startActivityIntent=Intent { act=android.intent.action.MAIN cat=[android.intent.category.LAUNCHER] flg=0x10008000 cmp=com.example.dogglers/.MainActivity }, activity.getIntent()=Intent { act=android.intent.action.MAIN cat=[android.intent.category.LAUNCHER] flg=0x10000000 cmp=com.example.dogglers/androidx.test.core.app.InstrumentationActivityInvoker$EmptyActivity }, activity=androidx.test.core.app.InstrumentationActivityInvoker$EmptyActivity@1ea6838
06-30 16:45:18.265 31662 31662 I ViewRootImpl@ffcf06a[Conversation]: performTraversals mFirst=false windowShouldResize=false viewVisibilityChanged=false mForceNextWindowRelayout=false params={(0,0)(fillxfill) sim={state=always_hidden adjust=pan} ty=BASE_APPLICATION wanim=0x1030309
06-30 16:45:18.265 31662 31662 I ViewRootImpl@ffcf06a[Conversation]:   fl=81810100
06-30 16:45:18.265 31662 31662 I ViewRootImpl@ffcf06a[Conversation]:   pfl=12020040
06-30 16:45:18.265 31662 31662 I ViewRootImpl@ffcf06a[Conversation]:   bhv=DEFAULT
06-30 16:45:18.265 31662 31662 I ViewRootImpl@ffcf06a[Conversation]:   fitSides= naviIconColor=0}
06-30 16:45:18.265   873   873 D SurfaceFlinger: [input] inputWindowCommands.focusRequests size is 1
06-30 16:45:18.266   873   984 D SurfaceFlinger: [input] setFocusedWindow: <null>
06-30 16:45:18.266  1282  1815 D InputDispatcher: Focus left window (0): 1d9e4d7 com.example.dogglers/com.example.dogglers.MainActivity
06-30 16:45:18.266 27856 27856 D LifecycleMonitor: Lifecycle status change: androidx.test.core.app.InstrumentationActivityInvoker$EmptyActivity@1ea6838 in: STARTED
06-30 16:45:18.266 27856 27856 V ActivityScenario: Activity lifecycle changed event received but ignored because the intent does not match. startActivityIntent=Intent { act=android.intent.action.MAIN cat=[android.intent.category.LAUNCHER] flg=0x10008000 cmp=com.example.dogglers/.MainActivity }, activity.getIntent()=Intent { act=android.intent.action.MAIN cat=[android.intent.category.LAUNCHER] flg=0x10000000 cmp=com.example.dogglers/androidx.test.core.app.InstrumentationActivityInvoker$EmptyActivity }, activity=androidx.test.core.app.InstrumentationActivityInvoker$EmptyActivity@1ea6838
06-30 16:45:18.267  1282  1815 V WindowManager: Relayout Window{b38452c u0 com.whatsapp/com.whatsapp.Conversation}: viewVisibility=8 req=1080x2400 d0
06-30 16:45:18.268  1282  1815 V WindowManager: Relayout hash=b38452c, pid=31662, syncId=-1: mAttrs={(0,0)(fillxfill) sim={state=always_hidden adjust=pan} ty=BASE_APPLICATION wanim=0x1030309
06-30 16:45:18.268  1282  1815 V WindowManager:   fl=81810100
06-30 16:45:18.268  1282  1815 V WindowManager:   pfl=12020040
06-30 16:45:18.268  1282  1815 V WindowManager:   bhv=DEFAULT
06-30 16:45:18.268  1282  1815 V WindowManager:   fitSides= naviIconColor=0}
06-30 16:45:18.270 31662 31662 I ViewRootImpl@ffcf06a[Conversation]: Relayout returned: old=(0,0,1080,2400) new=(0,0,1080,2400) req=(1080,2400)8 dur=4 res=0x2 s={false 0x0} ch=false seqId=0
06-30 16:45:18.271 27856 27856 D LifecycleMonitor: Lifecycle status change: androidx.test.core.app.InstrumentationActivityInvoker$EmptyActivity@1ea6838 in: RESUMED
06-30 16:45:18.271 27856 27856 V ActivityScenario: Activity lifecycle changed event received but ignored because the intent does not match. startActivityIntent=Intent { act=android.intent.action.MAIN cat=[android.intent.category.LAUNCHER] flg=0x10008000 cmp=com.example.dogglers/.MainActivity }, activity.getIntent()=Intent { act=android.intent.action.MAIN cat=[android.intent.category.LAUNCHER] flg=0x10000000 cmp=com.example.dogglers/androidx.test.core.app.InstrumentationActivityInvoker$EmptyActivity }, activity=androidx.test.core.app.InstrumentationActivityInvoker$EmptyActivity@1ea6838
06-30 16:45:18.271 27856 27856 I MSHandlerLifeCycle: check: return. pkg=com.example.dogglers parent=null callers=com.android.internal.policy.DecorView.setVisibility:4416 android.app.ActivityThread.handleResumeActivity:5476 android.app.servertransaction.ResumeActivityItem.execute:54 android.app.servertransaction.ActivityTransactionItem.execute:45 android.app.servertransaction.TransactionExecutor.executeLifecycleState:176
06-30 16:45:18.271 27856 27856 I MSHandlerLifeCycle: removeMultiSplitHandler: no exist. decor=DecorView@30d2c4d[]
06-30 16:45:18.273 28222 28222 D CompatibilityChangeReporter: Compat change id reported: 171979766; UID 10086; state: ENABLED
06-30 16:45:18.274   880   905 I heimdall: insert_task_to_group:67, insert tgid 28222 to group com.sec.android.app.samsungapps, ret = 0
06-30 16:45:18.274   873   873 I Layer   : id=9358 removeFromCurrentState com.whatsapp/com.whatsapp.Conversation$_31662#9358 (125)
06-30 16:45:18.274   873   873 I SurfaceFlinger: id=9358 Removed com.whatsapp/com.whatsapp.Conversation$_31662#9358 (125)
06-30 16:45:18.274   873   873 I Layer   : id=9358 Destroyed com.whatsapp/com.whatsapp.Conversation$_31662#9358
06-30 16:45:18.275 27856 27962 D NativeCustomFrequencyManager: [NativeCFMS] BpCustomFrequencyManager::BpCustomFrequencyManager()
06-30 16:45:18.277  1282  1815 D InputTransport: Input channel constructed: 'ce94509', fd=875
06-30 16:45:18.277  1282  1815 D InputTransport: Input channel constructed: 'ce94509', fd=920
06-30 16:45:18.277  1282  1815 D InputTransport: Input channel constructed: 'ce94509', fd=965
06-30 16:45:18.278   873   908 I SurfaceFlinger: id=9393 createSurf flag=80004, ce94509 com.example.dogglers/androidx.test.core.app.InstrumentationActivityInvoker$EmptyActivity#9393
06-30 16:45:18.278  1282  1308 D EnterpriseDeviceManagerService: isMdmAdminPresentInternal() : MDM Admin Found - com.samsung.knox.securefolder
06-30 16:45:18.278  1282  1815 D InputTransport: Input channel destroyed: 'ce94509', fd=965
06-30 16:45:18.279  1282  2881 I MediaSessionMonitor: Media session stopped : controllerList empty
06-30 16:45:18.279 27856 27856 D InsetsController: onStateChanged: InsetsState: {mDisplayFrame=Rect(0, 0 - 1080, 2400), mDisplayCutout=DisplayCutout{insets=Rect(0, 78 - 0, 0) waterfall=Insets{left=0, top=0, right=0, bottom=0} boundingRect={Bounds=[Rect(0, 0 - 0, 0), Rect(690, 0 - 750, 78), Rect(0, 0 - 0, 0), Rect(0, 0 - 0, 0)]} cutoutPathParserInfo={CutoutPathParserInfo{displayWidth=1080 displayHeight=2400 physicalDisplayWidth=1440 physicalDisplayHeight=3200 density={3.0} cutoutSpec={M 0,0 H -10 V 26 H 10 V 0 H 0 Z @dp} rotation={0} scale={1.0} physicalPixelDisplaySizeRatio={1.0}}}}, mRoundedCorners=RoundedCorners{[RoundedCorner{position=TopLeft, radius=63, center=Point(63, 63)}, RoundedCorner{position=TopRight, radius=63, center=Point(1017, 63)}, RoundedCorner{position=BottomRight, radius=63, center=Point(1017, 2337)}, RoundedCorner{position=BottomLeft, radius=63, center=Point(63, 2337)}]}  mRoundedCornerFrame=Rect(0, 0 - 1080, 2400), mPrivacyIndicatorBounds=PrivacyIndicatorBounds {static bounds=Rect(964, 0 - 1080, 78) rotation=0}, mSources= { InsetsSource: {mType=ITYPE_STATUS_BAR, mFrame=[0,0][1080,78], mVisible=true, mInsetsRoundedCornerFrame=false}, InsetsSource: {mType=ITYPE_NAVIGATION_BAR, mFrame=[0,2400][1080,2400], mVisible=true, mInsetsRoundedCornerFrame=false}, InsetsSource: {mType=ITYPE_LEFT_GESTURES, mFrame=[0,0][0,2400], mVisible=true, mInsetsRoundedCornerFrame=false}, InsetsSource: {mType=ITYPE_RIGHT_GESTURES, mFrame=[1080,0][1080,2400], mVisible=true, mInsetsRoundedCornerFrame=false}, InsetsSource: {mType=ITYPE_TOP_MANDATORY_GESTURES, mFrame=[0,0][1080,110], mVisible=true, mInsetsRoundedCornerFrame=false}, InsetsSource: {mType=ITYPE_BOTTOM_MANDATORY_GESTURES, mFrame=[0,2348][1080,2400], mVisible=true, mInsetsRoundedCornerFrame=false}, InsetsSource: {mType=ITYPE_LEFT_DISPLAY_CUTOUT, mFrame=[0,0][-100000,2400], mVisible=true, mInsetsRoundedCornerFrame=false}, InsetsSource: {mType=ITYPE_TOP_DISPLAY_CUTOUT, mFrame=[0,0][1080,78], mVisible=true, mInsetsRoundedCornerFrame=false}, InsetsSource: {mType=ITYPE_RIGHT_DISPLAY_CUTOUT, mFrame=[100000,0][1080,2400], mVisible=true, mInsetsRoundedCornerFrame=false}, InsetsSource: {mType=ITYPE_BOTTOM_DISPLAY_CUTOUT, mFrame=[0,100000][1080,2400], mVisible=true, mInsetsRoundedCornerFrame=false}, InsetsSource: {mType=ITYPE_TOP_TAPPABLE_ELEMENT, mFrame=[0,0][1080,78], mVisible=true, mInsetsRoundedCornerFrame=false}, InsetsSource: {mType=ITYPE_BOTTOM_TAPPABLE_ELEMENT, mFrame=[0,0][0,0], mVisible=true, mInsetsRoundedCornerFrame=false} } host=com.example.dogglers/androidx.test.core.app.InstrumentationActivityInvoker$EmptyActivity from=android.view.ViewRootImpl.setView:1732
06-30 16:45:18.280 27856 27856 I ViewRootImpl@7b0cd4e[InstrumentationActivityInvoker$EmptyActivity]: setView = com.android.internal.policy.DecorView@30d2c4d TM=true
06-30 16:45:18.281 27856 27856 I MSHandlerLifeCycle: removeMultiSplitHandler: no exist. decor=DecorView@30d2c4d[InstrumentationActivityInvoker$EmptyActivity]
06-30 16:45:18.281  4690  4690 I ActivityUtils: HomePackage : com.sec.android.app.launcher, resumePackageName : com.example.dogglers
06-30 16:45:18.281  1282  1399 D AnalyticsContainerHandler: handleMessage : { when=0 what=1 target=com.android.server.knox.KnoxAnalyticsContainer$AnalyticsHandler }
06-30 16:45:18.285 27856 27856 I ViewRootImpl@7b0cd4e[InstrumentationActivityInvoker$EmptyActivity]: performTraversals params={(0,0)(fillxfill) sim={adjust=pan forwardNavigation} ty=BASE_APPLICATION
06-30 16:45:18.285 27856 27856 I ViewRootImpl@7b0cd4e[InstrumentationActivityInvoker$EmptyActivity]:   fl=81810100
06-30 16:45:18.285 27856 27856 I ViewRootImpl@7b0cd4e[InstrumentationActivityInvoker$EmptyActivity]:   pfl=12020040
06-30 16:45:18.285 27856 27856 I ViewRootImpl@7b0cd4e[InstrumentationActivityInvoker$EmptyActivity]:   bhv=DEFAULT
06-30 16:45:18.285 27856 27856 I ViewRootImpl@7b0cd4e[InstrumentationActivityInvoker$EmptyActivity]:   fitSides= naviIconColor=0}
06-30 16:45:18.285 27856 27856 I ViewRootImpl@7b0cd4e[InstrumentationActivityInvoker$EmptyActivity]: performTraversals mFirst=true windowShouldResize=true viewVisibilityChanged=false mForceNextWindowRelayout=false params={(0,0)(fillxfill) sim={adjust=pan forwardNavigation} ty=BASE_APPLICATION
06-30 16:45:18.285 27856 27856 I ViewRootImpl@7b0cd4e[InstrumentationActivityInvoker$EmptyActivity]:   fl=81810100
06-30 16:45:18.285 27856 27856 I ViewRootImpl@7b0cd4e[InstrumentationActivityInvoker$EmptyActivity]:   pfl=12020040
06-30 16:45:18.285 27856 27856 I ViewRootImpl@7b0cd4e[InstrumentationActivityInvoker$EmptyActivity]:   bhv=DEFAULT
06-30 16:45:18.285 27856 27856 I ViewRootImpl@7b0cd4e[InstrumentationActivityInvoker$EmptyActivity]:   fitSides= naviIconColor=0}
06-30 16:45:18.286  1282  1547 V WindowManager: Relayout Window{ce94509 u0 com.example.dogglers/androidx.test.core.app.InstrumentationActivityInvoker$EmptyActivity}: viewVisibility=0 req=1080x2400 d0
06-30 16:45:18.286   873   908 I SurfaceFlinger: id=9394 createSurf flag=40004, com.example.dogglers/androidx.test.core.app.InstrumentationActivityInvoker$EmptyActivity$_27856#9394
06-30 16:45:18.289   873  1054 I SurfaceFlinger: id=9395 createSurf flag=24000, Surface(name=1c611dd StatusBar)/@0xee99fdd - animation-leash of insets_animation#9395
06-30 16:45:18.289   873  1054 I SurfaceFlinger: id=9396 createSurf flag=24000, Surface(name=37aeaf NavigationBar0)/@0x2817b20 - animation-leash of insets_animation#9396
06-30 16:45:18.290  1282  1547 V WindowManager: Relayout hash=ce94509, pid=27856, syncId=-1: mAttrs={(0,0)(fillxfill) sim={adjust=pan forwardNavigation} ty=BASE_APPLICATION
06-30 16:45:18.290  1282  1547 V WindowManager:   fl=81810100
06-30 16:45:18.290  1282  1547 V WindowManager:   pfl=12020040
06-30 16:45:18.290  1282  1547 V WindowManager:   bhv=DEFAULT
06-30 16:45:18.290  1282  1547 V WindowManager:   fitSides= naviIconColor=0}
06-30 16:45:18.292 27856 27856 D InsetsController: onStateChanged: InsetsState: {mDisplayFrame=Rect(0, 0 - 1080, 2400), mDisplayCutout=DisplayCutout{insets=Rect(0, 78 - 0, 0) waterfall=Insets{left=0, top=0, right=0, bottom=0} boundingRect={Bounds=[Rect(0, 0 - 0, 0), Rect(690, 0 - 750, 78), Rect(0, 0 - 0, 0), Rect(0, 0 - 0, 0)]} cutoutPathParserInfo={CutoutPathParserInfo{displayWidth=1080 displayHeight=2400 physicalDisplayWidth=1440 physicalDisplayHeight=3200 density={3.0} cutoutSpec={M 0,0 H -10 V 26 H 10 V 0 H 0 Z @dp} rotation={0} scale={1.0} physicalPixelDisplaySizeRatio={1.0}}}}, mRoundedCorners=RoundedCorners{[RoundedCorner{position=TopLeft, radius=63, center=Point(63, 63)}, RoundedCorner{position=TopRight, radius=63, center=Point(1017, 63)}, RoundedCorner{position=BottomRight, radius=63, center=Point(1017, 2337)}, RoundedCorner{position=BottomLeft, radius=63, center=Point(63, 2337)}]}  mRoundedCornerFrame=Rect(0, 0 - 1080, 2400), mPrivacyIndicatorBounds=PrivacyIndicatorBounds {static bounds=Rect(964, 0 - 1080, 78) rotation=0}, mSources= { InsetsSource: {mType=ITYPE_STATUS_BAR, mFrame=[0,0][1080,78], mVisible=true, mInsetsRoundedCornerFrame=false}, InsetsSource: {mType=ITYPE_NAVIGATION_BAR, mFrame=[0,2400][1080,2400], mVisible=true, mInsetsRoundedCornerFrame=false}, InsetsSource: {mType=ITYPE_LEFT_GESTURES, mFrame=[0,0][0,2400], mVisible=true, mInsetsRoundedCornerFrame=false}, InsetsSource: {mType=ITYPE_RIGHT_GESTURES, mFrame=[1080,0][1080,2400], mVisible=true, mInsetsRoundedCornerFrame=false}, InsetsSource: {mType=ITYPE_TOP_MANDATORY_GESTURES, mFrame=[0,0][1080,110], mVisible=true, mInsetsRoundedCornerFrame=false}, InsetsSource: {mType=ITYPE_BOTTOM_MANDATORY_GESTURES, mFrame=[0,2348][1080,2400], mVisible=true, mInsetsRoundedCornerFrame=false}, InsetsSource: {mType=ITYPE_LEFT_DISPLAY_CUTOUT, mFrame=[0,0][-100000,2400], mVisible=true, mInsetsRoundedCornerFrame=false}, InsetsSource: {mType=ITYPE_TOP_DISPLAY_CUTOUT, mFrame=[0,0][1080,78], mVisible=true, mInsetsRoundedCornerFrame=false}, InsetsSource: {mType=ITYPE_RIGHT_DISPLAY_CUTOUT, mFrame=[100000,0][1080,2400], mVisible=true, mInsetsRoundedCornerFrame=false}, InsetsSource: {mType=ITYPE_BOTTOM_DISPLAY_CUTOUT, mFrame=[0,100000][1080,2400], mVisible=true, mInsetsRoundedCornerFrame=false}, InsetsSource: {mType=ITYPE_TOP_TAPPABLE_ELEMENT, mFrame=[0,0][1080,78], mVisible=true, mInsetsRoundedCornerFrame=false}, InsetsSource: {mType=ITYPE_BOTTOM_TAPPABLE_ELEMENT, mFrame=[0,0][0,0], mVisible=true, mInsetsRoundedCornerFrame=false}, InsetsSource: {mType=ITYPE_IME, mFrame=[0,0][0,0], mVisibleFrame=[0,1478][1080,2400], mVisible=false, mInsetsRoundedCornerFrame=false} } host=com.example.dogglers/androidx.test.core.app.InstrumentationActivityInvoker$EmptyActivity from=android.view.ViewRootImpl.relayoutWindow:9802
06-30 16:45:18.293 27856 27856 I ViewRootImpl@7b0cd4e[InstrumentationActivityInvoker$EmptyActivity]: updateBlastSurfaceIfNeeded mBlastBufferQueue=null isSameSurfaceControl=false
06-30 16:45:18.293 27856 27856 I BLASTBufferQueue: new BLASTBufferQueue, mName= ViewRootImpl@7b0cd4e[InstrumentationActivityInvoker$EmptyActivity] mNativeObject= 0x7c59793630 sc.mNativeObject= 0x7be97bafa0 caller= android.view.ViewRootImpl.updateBlastSurfaceIfNeeded:2909 android.view.ViewRootImpl.relayoutWindow:9847 android.view.ViewRootImpl.performTraversals:3884 android.view.ViewRootImpl.doTraversal:3116 android.view.ViewRootImpl$TraversalRunnable.run:10885 android.view.Choreographer$CallbackRecord.run:1301 android.view.Choreographer$CallbackRecord.run:1309 android.view.Choreographer.doCallbacks:923 android.view.Choreographer.doFrame:852 android.view.Choreographer$FrameDisplayEventReceiver.run:1283
06-30 16:45:18.293 27856 27856 I BLASTBufferQueue: update, w= 1080 h= 2400 mName = ViewRootImpl@7b0cd4e[InstrumentationActivityInvoker$EmptyActivity] mNativeObject= 0x7c59793630 sc.mNativeObject= 0x7be97bafa0 format= -1 caller= android.graphics.BLASTBufferQueue.<init>:84 android.view.ViewRootImpl.updateBlastSurfaceIfNeeded:2909 android.view.ViewRootImpl.relayoutWindow:9847 android.view.ViewRootImpl.performTraversals:3884 android.view.ViewRootImpl.doTraversal:3116 android.view.ViewRootImpl$TraversalRunnable.run:10885
06-30 16:45:18.293 27856 27856 I ViewRootImpl@7b0cd4e[InstrumentationActivityInvoker$EmptyActivity]: Relayout returned: old=(0,0,1080,2400) new=(0,0,1080,2400) req=(1080,2400)0 dur=8 res=0x3 s={true 0x7ce980e930} ch=true seqId=0
06-30 16:45:18.295 27856 27856 I ViewRootImpl@7b0cd4e[InstrumentationActivityInvoker$EmptyActivity]: mThreadedRenderer.initialize() mSurface={isValid=true 0x7ce980e930} hwInitialized=true
06-30 16:45:18.295 27856 27962 D OpenGLRenderer: eglCreateWindowSurface
06-30 16:45:18.295   782   782 D gralloc : [mali_gralloc_allocate] begin
06-30 16:45:18.295 27856 27856 I ViewRootImpl@7b0cd4e[InstrumentationActivityInvoker$EmptyActivity]: reportNextDraw android.view.ViewRootImpl.performTraversals:4438 android.view.ViewRootImpl.doTraversal:3116 android.view.ViewRootImpl$TraversalRunnable.run:10885 android.view.Choreographer$CallbackRecord.run:1301 android.view.Choreographer$CallbackRecord.run:1309
06-30 16:45:18.295   782   782 D gralloc : buffer_descriptor: wh(1080 2400) usage_pc(0x40000000000b00 0x40000000000b00) hal_format(0x1) layer_count(1) sizes(0 0 0) strde(0) byte_stride(0) alloc_wh(0 0) internal_format(0x0) alloc_format(0x0) fd_count(1) plane_count(0)
06-30 16:45:18.295 27856 27856 I ViewRootImpl@7b0cd4e[InstrumentationActivityInvoker$EmptyActivity]: Setup new sync id=0
06-30 16:45:18.295 27856 27856 I ViewRootImpl@7b0cd4e[InstrumentationActivityInvoker$EmptyActivity]: Setting syncFrameCallback
06-30 16:45:18.295 27856 27856 I ViewRootImpl@7b0cd4e[InstrumentationActivityInvoker$EmptyActivity]: registerCallbacksForSync syncBuffer=false
06-30 16:45:18.296 27856 28011 I ViewRootImpl@7b0cd4e[InstrumentationActivityInvoker$EmptyActivity]: Received frameDrawingCallback syncResult=0 frameNum=1.
06-30 16:45:18.296 27856 28011 I ViewRootImpl@7b0cd4e[InstrumentationActivityInvoker$EmptyActivity]: Setting up sync and frameCommitCallback
06-30 16:45:18.296   782   782 D gralloc : [mali_gralloc_allocate] allocation successful
06-30 16:45:18.297   782   782 D gralloc : [mali_gralloc_allocate] begin
06-30 16:45:18.297   782   782 D gralloc : buffer_descriptor: wh(1080 2400) usage_pc(0x40000000000b00 0x40000000000b00) hal_format(0x1) layer_count(1) sizes(0 0 0) strde(0) byte_stride(0) alloc_wh(0 0) internal_format(0x0) alloc_format(0x0) fd_count(1) plane_count(0)
06-30 16:45:18.298   782   782 D gralloc : [mali_gralloc_allocate] allocation successful
06-30 16:45:18.298   782   782 D gralloc : [mali_gralloc_allocate] begin
06-30 16:45:18.298   782   782 D gralloc : buffer_descriptor: wh(1080 2400) usage_pc(0x40000000000b00 0x40000000000b00) hal_format(0x1) layer_count(1) sizes(0 0 0) strde(0) byte_stride(0) alloc_wh(0 0) internal_format(0x0) alloc_format(0x0) fd_count(1) plane_count(0)
06-30 16:45:18.298 27856 27962 I BLASTBufferQueue: [ViewRootImpl@7b0cd4e[InstrumentationActivityInvoker$EmptyActivity]#12](f:0,a:0) onFrameAvailable the first frame is available
06-30 16:45:18.299   873   873 I Layer   : id=9388 removeFromCurrentState Surface(name=1c611dd StatusBar)/@0xee99fdd - animation-leash of insets_animation#9388 (128)
06-30 16:45:18.299   873   873 I Layer   : id=77 removeFromCurrentState 1c611dd StatusBar#77 (128)
06-30 16:45:18.299   873   873 I Layer   : id=88 removeFromCurrentState StatusBar$_1751#88 (128)
06-30 16:45:18.299   873   873 I Layer   : id=77 addToCurrentState 1c611dd StatusBar#77 (128)
06-30 16:45:18.299   873   873 I Layer   : id=88 addToCurrentState StatusBar$_1751#88 (128)
06-30 16:45:18.299   873   873 I Layer   : id=9389 removeFromCurrentState Surface(name=37aeaf NavigationBar0)/@0x2817b20 - animation-leash of insets_animation#9389 (128)
06-30 16:45:18.299   873   873 I SurfaceFlinger: [ce94509 com.example.dogglers/androidx.test.core.app.InstrumentationActivityInvoker$EmptyActivity#9393] FrameRatePriority: 1
06-30 16:45:18.299   873   873 D SurfaceFlinger: [input] inputWindowCommands.focusRequests size is 1
06-30 16:45:18.299 27856 27962 I ViewRootImpl@7b0cd4e[InstrumentationActivityInvoker$EmptyActivity]: Received frameCommittedCallback lastAttemptedDrawFrameNum=1 didProduceBuffer=true
06-30 16:45:18.299   782   782 D gralloc : [mali_gralloc_allocate] allocation successful
06-30 16:45:18.299   782   782 D gralloc : [mali_gralloc_allocate] begin
06-30 16:45:18.299   782   782 D gralloc : buffer_descriptor: wh(1080 2400) usage_pc(0x40000000000b00 0x40000000000b00) hal_format(0x1) layer_count(1) sizes(0 0 0) strde(0) byte_stride(0) alloc_wh(0 0) internal_format(0x0) alloc_format(0x0) fd_count(1) plane_count(0)
06-30 16:45:18.300   873   984 D SurfaceFlinger: [input] setFocusedWindow: ce94509 com.example.dogglers/androidx.test.core.app.InstrumentationActivityInvoker$EmptyActivity
06-30 16:45:18.300 27856 27962 D OpenGLRenderer: CFMS:: SetUp Pid : 27856    Tid : 27962
06-30 16:45:18.300  1282  4480 D InputDispatcher: Focus request (0): ce94509 com.example.dogglers/androidx.test.core.app.InstrumentationActivityInvoker$EmptyActivity but waiting because NOT_VISIBLE
06-30 16:45:18.300 27856 27962 W Parcel  : Expecting binder but got null!
06-30 16:45:18.300 27856 27856 I ViewRootImpl@7b0cd4e[InstrumentationActivityInvoker$EmptyActivity]: onSyncComplete
06-30 16:45:18.301 27856 27856 I ViewRootImpl@7b0cd4e[InstrumentationActivityInvoker$EmptyActivity]: setupSync seqId=0 mSyncId=0 fn=1 caller=android.view.ViewRootImpl$$ExternalSyntheticLambda11.accept:6 android.window.SurfaceSyncer.lambda$setupSync$1$android-window-SurfaceSyncer:128 android.window.SurfaceSyncer$$ExternalSyntheticLambda1.accept:8 android.window.SurfaceSyncer$SyncSet.checkIfSyncIsComplete:382 android.window.SurfaceSyncer$SyncSet.markSyncReady:359 android.window.SurfaceSyncer.markSyncReady:151 android.view.ViewRootImpl.performTraversals:4503
06-30 16:45:18.301 27856 27856 I ViewRootImpl@7b0cd4e[InstrumentationActivityInvoker$EmptyActivity]: reportDrawFinished seqId=0 mSyncId=-1 fn=1 mSurfaceChangedTransaction=0x7c19792e70
06-30 16:45:18.301 27856 27856 I ViewRootImpl@49ad969[MainActivity]: MSG_WINDOW_FOCUS_CHANGED 0 0
06-30 16:45:18.301   782   782 D gralloc : [mali_gralloc_allocate] allocation successful
06-30 16:45:18.304  1282  1305 I ActivityTaskManager: Displayed com.example.dogglers/androidx.test.core.app.InstrumentationActivityInvoker$EmptyActivity: +63ms
06-30 16:45:18.305  1282  1309 I SemDvfsHyPerManager: acquire hyper - AMS_RESUME_TAIL/1282@20, type = -999
06-30 16:45:18.305  1282  1309 I SemDvfsHyPerManager: acquire hyper - AMS_ACT_LAZY/1282@21, type = -999
06-30 16:45:18.305  2894  2894 E pageboostd: Received HALT command code 2
06-30 16:45:18.305   795   895 I HYPER-HAL: [RequestManager.cpp]acquire(): Acquired ID : 848273  [1282 / 20]    HINT : AMS_RESUME_TAIL    list :
06-30 16:45:18.305   873  1054 I SurfaceFlinger: id=9397 createSurf flag=80000, 6a02b8f ActivityRecordInputSink com.example.dogglers/androidx.test.core.app.InstrumentationActivityInvoker$EmptyActivity#9397
06-30 16:45:18.305   795   895 I HYPER-HAL: [ResourceManager.cpp]updateResource(): [CPUMinFreq] UpdateResource Request ID : 848273    Value : 1844882
06-30 16:45:18.306   795   895 I HYPER-HAL: [ResourceManager.cpp]removeResource(): [CPUMinFreq] RemoveResource Request ID : 845668
06-30 16:45:18.306   795   895 I HYPER-HAL: [RequestManager.cpp]releaseLocked(): Released ID : 845668
06-30 16:45:18.307   873   873 I Layer   : Layer [com.example.dogglers/com.example.dogglers.MainActivity$_27856#9387] hidden!! flag(1)
06-30 16:45:18.308  1282  4480 D InputDispatcher: Focus entered window (0): ce94509 com.example.dogglers/androidx.test.core.app.InstrumentationActivityInvoker$EmptyActivity
06-30 16:45:18.311   873   873 D SurfaceFlinger: Display 4633128672291735937 HWC layers:
06-30 16:45:18.311   873   873 D SurfaceFlinger:      DEVICE | 0x718d869730 | 0102 | RGBA_8888    |    0.0    0.0 1080.0 2400.0 |    0    0 1080 2400 | com.example.dogglers/androidx.test.c[...]ityInvoker$EmptyActivity$_27856#9394
06-30 16:45:18.311   873   873 D SurfaceFlinger:      DEVICE | 0x718d8724f0 | 0100 | RGBA_8888    |    0.0    0.0 1080.0   78.0 |    0    0 1080   78 | StatusBar$_1751#88
06-30 16:45:18.311   873   873 D SurfaceFlinger:      DEVICE | 0x718d8202f0 | 0100 | RGBA_8888    |    0.0    0.0   67.0  493.0 |    0 1188   67 1681 | com.samsung.android.app.cocktailbars[...]ervice.CocktailBarService$_4690#9140
06-30 16:45:18.311   873   873 D SurfaceFlinger:      DEVICE | 0x718d862350 | 0100 | RGBA_8888    |    0.0    0.0  388.0   48.0 |  692 2352 1080 2400 | SGestureOverlayWindow$_2243#9132
06-30 16:45:18.311   873   873 D SurfaceFlinger:      DEVICE | 0x718d856650 | 0100 | RGBA_8888    |    0.0    0.0 1080.0  126.0 |    0 2274 1080 2400 | NavigationBar0$_1751#83
06-30 16:45:18.311   873   873 D SurfaceFlinger:
06-30 16:45:18.312   873  1054 I SurfaceFlinger: id=9389 Removed Surface(name=37aeaf NavigationBar0)/@0x2817b20 - animation-leash of insets_animation#9389 (129)
06-30 16:45:18.312   873   908 I SurfaceFlinger: id=9388 Removed Surface(name=1c611dd StatusBar)/@0xee99fdd - animation-leash of insets_animation#9388 (129)
06-30 16:45:18.312 27856 27856 I ViewRootImpl@49ad969[MainActivity]: handleAppVisibility mAppVisible = true visible = false
06-30 16:45:18.312 27856 27856 I ViewRootImpl@49ad969[MainActivity]: stopped(true) old = false
06-30 16:45:18.312 27856 27856 I ViewRootImpl@49ad969[MainActivity]: WindowStopped on com.example.dogglers/com.example.dogglers.MainActivity set to true
06-30 16:45:18.314 27856 27856 D LifecycleMonitor: Lifecycle status change: com.example.dogglers.MainActivity@6b8af71 in: STOPPED
06-30 16:45:18.314 27856 27856 V ActivityScenario: Update currentActivityStage to STOPPED, currentActivity=com.example.dogglers.MainActivity@6b8af71
06-30 16:45:18.315 27856 27856 I MSHandlerLifeCycle: removeMultiSplitHandler: no exist. decor=DecorView@ff6fff9[MainActivity]
06-30 16:45:18.315 27856 27856 D LifecycleMonitor: Lifecycle status change: com.example.dogglers.MainActivity@6b8af71 in: DESTROYED
06-30 16:45:18.315   873   873 I Layer   : id=9389 Destroyed Surface(name=37aeaf NavigationBar0)/@0x2817b20 - animation-leash of insets_animation#9389
06-30 16:45:18.315   873   873 I Layer   : id=9388 Destroyed Surface(name=1c611dd StatusBar)/@0xee99fdd - animation-leash of insets_animation#9388
06-30 16:45:18.316 27856 27856 V ActivityScenario: Update currentActivityStage to DESTROYED, currentActivity=null
06-30 16:45:18.316 27856 27856 I MSHandlerLifeCycle: removeMultiSplitHandler: no exist. decor=DecorView@ff6fff9[MainActivity]
