06-30 16:45:15.472   873   873 D SurfaceFlinger:      DEVICE | 0x718d862350 | 0100 | RGBA_8888    |    0.0    0.0  388.0   48.0 |  692 2352 1080 2400 | SGestureOverlayWindow$_2243#9132
06-30 16:45:15.472   873   873 D SurfaceFlinger:      DEVICE | 0x718d856650 | 0100 | RGBA_8888    |    0.0    0.0 1080.0  126.0 |    0 2274 1080 2400 | NavigationBar0$_1751#83
06-30 16:45:15.472   873   873 D SurfaceFlinger:
06-30 16:45:15.473 27856 27856 I ViewRootImpl@46b8593[InstrumentationActivityInvoker$EmptyActivity]: Relayout returned: old=(0,0,1080,2400) new=(0,0,1080,2400) req=(1080,2400)8 dur=4 res=0x2 s={false 0x0} ch=true seqId=0
06-30 16:45:15.473 27856 27856 I ViewRootImpl@ab6f414[GridListActivity]: MSG_WINDOW_FOCUS_CHANGED 1 0
06-30 16:45:15.473 27856 27856 I ViewRootImpl@ab6f414[GridListActivity]: mThreadedRenderer.initializeIfNeeded()#2 mSurface={isValid=true 0x7ce97e8410}
06-30 16:45:15.474 27856 27856 D InputMethodManager: startInputInner - Id : 0
06-30 16:45:15.474 27856 27856 I InputMethodManager: startInputInner - mService.startInputOrWindowGainedFocus
06-30 16:45:15.474  1282  1815 D InputMethodManagerService: DESKTOP MODE! : 2
06-30 16:45:15.474  1282  1815 D InputMethodManagerService: NOT IN KNOX DESKTOP MODE!
06-30 16:45:15.474  1282  1815 V InputMethodManagerService: getDisplayIdOfInputMethodWindowToBeAdded: displayId=0
06-30 16:45:15.474  1282  1815 D InputMethodManagerService: isImeSwitcherDisabledPackage : false
06-30 16:45:15.475  1282  1815 D InputMethodManagerService: checkDisplayOfStartInputAndUpdateKeyboard: displayId=0, mFocusedDisplayId=0
06-30 16:45:15.475  1282  1815 D InputTransport: Input channel constructed: 'ClientS', fd=1126
06-30 16:45:15.475  1282  1815 D InputTransport: Input channel destroyed: 'ClientS', fd=1126
06-30 16:45:15.476  6001  6001 I HBD     : HoneyBoardService onFinishInput
06-30 16:45:15.476   795   895 I HYPER-HAL: [ResourceManager.cpp]removeResource(): [CPUMinFreq] RemoveResource Request ID : 863987
06-30 16:45:15.476  6001  6001 I HBD     : a IC have been unbinding,  RemoteInputConnection{idHash=#dc70151}
06-30 16:45:15.476   795   895 I HYPER-HAL: [RequestManager.cpp]releaseLocked(): Released ID : 863987
06-30 16:45:15.476  6001  6001 I HBD     : HoneyBoardService [PF_CL][onFinishInput]  0 ms
06-30 16:45:15.476  6001  6001 I HBD     : HoneyBoardService [IMI] onStartInput - caller pid : 27856 , caller uid : 10286
06-30 16:45:15.476  6001  6001 I HBD     : j updateConfigs
06-30 16:45:15.477  6001  6001 I HBD     : j isEnabledNightMode : true
06-30 16:45:15.477  6001  6001 I HBD     : a IC have been binding, RemoteInputConnection{idHash=#dc70151}
06-30 16:45:15.477  6001  6001 I HBD     : h [EditorInputType]setPrivateImeOptionsToTable privateImeOptions ( null )
06-30 16:45:15.477  6001  6001 I HBD     : b incognitoMode : false
06-30 16:45:15.477 27856 27856 I ViewRootImpl@46b8593[InstrumentationActivityInvoker$EmptyActivity]: stopped(true) old = false
06-30 16:45:15.477  6001  6001 I HBD     : a needOff = true , isForceOff = false, isNullInputClass : true
06-30 16:45:15.477 27856 27856 I ViewRootImpl@46b8593[InstrumentationActivityInvoker$EmptyActivity]: WindowStopped on com.example.dogglers/androidx.test.core.app.InstrumentationActivityInvoker$EmptyActivity set to true
06-30 16:45:15.477  6001  6001 I HBD     : h getDefaultInputRange : UNKNOWN
06-30 16:45:15.477  6001  6001 I HBD     : h getDefaultInputRange : UNKNOWN
06-30 16:45:15.477  6001  6001 I HBD     : h getDefaultInputRange : UNKNOWN
06-30 16:45:15.477 27856 27856 D LifecycleMonitor: Lifecycle status change: androidx.test.core.app.InstrumentationActivityInvoker$EmptyActivity@717a515 in: STOPPED
06-30 16:45:15.477 27856 27856 V ActivityScenario: Activity lifecycle changed event received but ignored because the intent does not match. startActivityIntent=Intent { act=android.intent.action.MAIN cat=[android.intent.category.LAUNCHER] flg=0x10008000 cmp=com.example.dogglers/.MainActivity }, activity.getIntent()=Intent { act=android.intent.action.MAIN cat=[android.intent.category.LAUNCHER] flg=0x10000000 cmp=com.example.dogglers/androidx.test.core.app.InstrumentationActivityInvoker$EmptyActivity }, activity=androidx.test.core.app.InstrumentationActivityInvoker$EmptyActivity@717a515
06-30 16:45:15.478 27856 27856 I MSHandlerLifeCycle: removeMultiSplitHandler: no exist. decor=DecorView@defd4f6[InstrumentationActivityInvoker$EmptyActivity]
06-30 16:45:15.478 27856 27856 D LifecycleMonitor: Lifecycle status change: androidx.test.core.app.InstrumentationActivityInvoker$EmptyActivity@717a515 in: DESTROYED
06-30 16:45:15.478 27856 27856 V ActivityScenario: Activity lifecycle changed event received but ignored because the intent does not match. startActivityIntent=Intent { act=android.intent.action.MAIN cat=[android.intent.category.LAUNCHER] flg=0x10008000 cmp=com.example.dogglers/.MainActivity }, activity.getIntent()=Intent { act=android.intent.action.MAIN cat=[android.intent.category.LAUNCHER] flg=0x10000000 cmp=com.example.dogglers/androidx.test.core.app.InstrumentationActivityInvoker$EmptyActivity }, activity=androidx.test.core.app.InstrumentationActivityInvoker$EmptyActivity@717a515
06-30 16:45:15.479 27856 27856 I MSHandlerLifeCycle: removeMultiSplitHandler: no exist. decor=DecorView@defd4f6[InstrumentationActivityInvoker$EmptyActivity]
06-30 16:45:15.479 27856 27962 D OpenGLRenderer: setSurface called with nullptr
06-30 16:45:15.479 27856 27856 I ViewRootImpl@46b8593[InstrumentationActivityInvoker$EmptyActivity]: dispatchDetachedFromWindow
06-30 16:45:15.479  1282  4455 D InputTransport: Input channel destroyed: '8bdac84', fd=1108
06-30 16:45:15.479  1282  4455 W InputManager-JNI: Input channel object '8bdac84 com.example.dogglers/androidx.test.core.app.InstrumentationActivityInvoker$EmptyActivity (client)' was disposed without first being removed with the input manager!
06-30 16:45:15.479  1282  4455 D InputTransport: Input channel destroyed: '8bdac84', fd=1112
06-30 16:45:15.479  6001  6001 I HBD     : a needOff = true , isForceOff = false, isNullInputClass : true
06-30 16:45:15.479  6001  6001 I HBD     : a update cached prediction status : false
06-30 16:45:15.479  6001  6001 I HBD     : h getDefaultInputRange : UNKNOWN
06-30 16:45:15.479  6001  6001 I HBD     : a currentState : 0
06-30 16:45:15.479  6001  6001 I HBD     : a [UpdatePolicy] [post] a: 0 cl: 4325376 kit: [0/0] vt: 0 ir: 1
06-30 16:45:15.479  6001  6001 I HBD     : a [NRIC] resetNoResponseState
06-30 16:45:15.480  6001  6001 I HBD     : a needOff = true , isForceOff = false, isNullInputClass : true
06-30 16:45:15.480  6001  6001 I HBD     : a update cached prediction status : false
06-30 16:45:15.480  6001  6001 I HBD     : HoneyBoardService [PF_OP][onStartInput]  4 ms
06-30 16:45:15.480 27856 27856 D InputTransport: Input channel destroyed: '8bdac84', fd=124
06-30 16:45:15.481   873   909 I SurfaceFlinger: id=9291 Removed adf17a8 ActivityRecordInputSink com.example.dogglers/androidx.test.core.app.InstrumentationActivityInvoker$EmptyActivity#9291 (135)
06-30 16:45:15.483   873   873 I Layer   : id=9288 removeFromCurrentState com.example.dogglers/androidx.test.core.app.InstrumentationActivityInvoker$EmptyActivity$_27856#9288 (135)
06-30 16:45:15.483   873   873 I Layer   : id=9287 removeFromCurrentState 8bdac84 com.example.dogglers/androidx.test.core.app.InstrumentationActivityInvoker$EmptyActivity#9287 (135)
06-30 16:45:15.483   873   873 I SurfaceFlinger: id=9288 Removed com.example.dogglers/androidx.test.core.app.InstrumentationActivityInvoker$EmptyActivity$_27856#9288 (135)
06-30 16:45:15.483   873   873 I SurfaceFlinger: id=9287 Removed 8bdac84 com.example.dogglers/androidx.test.core.app.InstrumentationActivityInvoker$EmptyActivity#9287 (135)
06-30 16:45:15.483   873   873 I Layer   : id=9287 Destroyed 8bdac84 com.example.dogglers/androidx.test.core.app.InstrumentationActivityInvoker$EmptyActivity#9287
06-30 16:45:15.483   873   873 I Layer   : id=9288 Destroyed com.example.dogglers/androidx.test.core.app.InstrumentationActivityInvoker$EmptyActivity$_27856#9288
06-30 16:45:15.491   873   873 I Layer   : id=9286 removeFromCurrentState ActivityRecord{e2272c1 u0 com.example.dogglers/androidx.test.core.app.InstrumentationActivityInvoker$EmptyActivity} t303}#9286 (133)
06-30 16:45:15.491   873   873 I Layer   : id=9291 removeFromCurrentState adf17a8 ActivityRecordInputSink com.example.dogglers/androidx.test.core.app.InstrumentationActivityInvoker$EmptyActivity#9291 (133)
06-30 16:45:15.491   873   873 I SurfaceFlinger: id=9286 Removed ActivityRecord{e2272c1 u0 com.example.dogglers/androidx.test.core.app.InstrumentationActivityInvoker$EmptyActivity} t303}#9286 (133)
06-30 16:45:15.491   873   873 I Layer   : id=9286 Destroyed ActivityRecord{e2272c1 u0 com.example.dogglers/androidx.test.core.app.InstrumentationActivityInvoker$EmptyActivity} t303}#9286
06-30 16:45:15.491   873   873 I Layer   : id=9291 Destroyed adf17a8 ActivityRecordInputSink com.example.dogglers/androidx.test.core.app.InstrumentationActivityInvoker$EmptyActivity#9291
06-30 16:45:15.494   795 28143 I HYPER-HAL: [ResourceManager.cpp]removeResource(): [CPUMinFreq] RemoveResource Request ID : 846970
06-30 16:45:15.494   795 28143 I HYPER-HAL: [RequestManager.cpp]releaseLocked(): Released ID : 846970
06-30 16:45:15.558  2243 13886 I RecentModel: onTaskStackChangedBackground
06-30 16:45:15.568   873   873 D SurfaceFlinger: Display 4633128672291735937 HWC layers:
06-30 16:45:15.568   873   873 D SurfaceFlinger:      DEVICE | 0x718d86bc50 | 0102 | RGBA_8888    |    0.0    0.0 1080.0 2400.0 |    0    0 1080 2400 | com.example.dogglers/com.example.dogglers.GridListActivity$_27856#9270
06-30 16:45:15.568   873   873 D SurfaceFlinger:      DEVICE | 0x718d8724f0 | 0100 | RGBA_8888    |    0.0    0.0 1080.0   78.0 |    0    0 1080   78 | StatusBar$_1751#88
06-30 16:45:15.568   873   873 D SurfaceFlinger:      DEVICE | 0x718d8202f0 | 0100 | RGBA_8888    |    0.0    0.0   67.0  493.0 |    0 1188   67 1681 | com.samsung.android.app.cocktailbars[...]ervice.CocktailBarService$_4690#9140
06-30 16:45:15.568   873   873 D SurfaceFlinger:      DEVICE | 0x718d862350 | 0100 | RGBA_8888    |    0.0    0.0  388.0   48.0 |  692 2352 1080 2400 | SGestureOverlayWindow$_2243#9132
06-30 16:45:15.568   873   873 D SurfaceFlinger:      DEVICE | 0x718d856650 | 0100 | RGBA_8888    |    0.0    0.0 1080.0  126.0 |    0 2274 1080 2400 | NavigationBar0$_1751#83
06-30 16:45:15.568   873   873 D SurfaceFlinger:
06-30 16:45:15.594 27856 27856 I ViewRootImpl@2f9f66[MainActivity]: handleAppVisibility mAppVisible = true visible = false
06-30 16:45:15.599   873   873 I Layer   : id=9273 removeFromCurrentState Surface(name=ActivityRecord{bc06ddf u0 com.example.dogglers/.MainActivity} t303})/@0x837263b - animation-leash of app_transition#9273 (131)
06-30 16:45:15.599   873   873 I Layer   : id=9280 removeFromCurrentState Bottom Edge Extension#9280 (131)
06-30 16:45:15.599   873   873 I Layer   : id=9281 removeFromCurrentState bbq-wrapper#9281 (131)
06-30 16:45:15.599   873   873 I Layer   : id=9280 removeFromCurrentState Bottom Edge Extension#9280 (131)
06-30 16:45:15.599   873   873 I Layer   : id=9281 removeFromCurrentState bbq-wrapper#9281 (131)
06-30 16:45:15.599   873   873 I Layer   : id=9274 removeFromCurrentState Surface(name=ActivityRecord{bc06ddf u0 com.example.dogglers/.MainActivity} t303})/@0x837263b - animation-bounds#9274 (131)
06-30 16:45:15.599   873   873 I Layer   : id=9276 removeFromCurrentState Surface(name=ActivityRecord{c016b8a u0 com.example.dogglers/.GridListActivity} t303})/@0xd51978c - animation-leash of app_transition#9276 (131)
06-30 16:45:15.599   873   873 I Layer   : id=9283 removeFromCurrentState Top Edge Extension#9283 (131)
06-30 16:45:15.599   873   873 I Layer   : id=9284 removeFromCurrentState bbq-wrapper#9284 (131)
06-30 16:45:15.599   873   873 I Layer   : id=9277 removeFromCurrentState Surface(name=ActivityRecord{c016b8a u0 com.example.dogglers/.GridListActivity} t303})/@0xd51978c - animation-bounds#9277 (131)
06-30 16:45:15.599   873   873 I Layer   : id=9283 removeFromCurrentState Top Edge Extension#9283 (131)
06-30 16:45:15.599   873   873 I Layer   : id=9284 removeFromCurrentState bbq-wrapper#9284 (131)
06-30 16:45:15.599   873   873 I Layer   : Layer [com.example.dogglers/com.example.dogglers.MainActivity$_27856#9263] hidden!! flag(1)
06-30 16:45:15.599   873   873 I SurfaceFlinger: id=9284 Removed bbq-wrapper#9284 (131)
06-30 16:45:15.599   873   873 I SurfaceFlinger: id=9281 Removed bbq-wrapper#9281 (131)
06-30 16:45:15.599   873   873 I SurfaceFlinger: id=9280 Removed Bottom Edge Extension#9280 (131)
06-30 16:45:15.599   873   873 I SurfaceFlinger: id=9274 Removed Surface(name=ActivityRecord{bc06ddf u0 com.example.dogglers/.MainActivity} t303})/@0x837263b - animation-bounds#9274 (131)
06-30 16:45:15.599   873   873 I SurfaceFlinger: id=9277 Removed Surface(name=ActivityRecord{c016b8a u0 com.example.dogglers/.GridListActivity} t303})/@0xd51978c - animation-bounds#9277 (131)
06-30 16:45:15.599   873   873 I SurfaceFlinger: id=9283 Removed Top Edge Extension#9283 (131)
06-30 16:45:15.599   873   873 I SurfaceFlinger: id=9276 Removed Surface(name=ActivityRecord{c016b8a u0 com.example.dogglers/.GridListActivity} t303})/@0xd51978c - animation-leash of app_transition#9276 (131)
06-30 16:45:15.599   873   873 I SurfaceFlinger: id=9273 Removed Surface(name=ActivityRecord{bc06ddf u0 com.example.dogglers/.MainActivity} t303})/@0x837263b - animation-leash of app_transition#9273 (131)
06-30 16:45:15.600   873   873 I Layer   : id=9274 Destroyed Surface(name=ActivityRecord{bc06ddf u0 com.example.dogglers/.MainActivity} t303})/@0x837263b - animation-bounds#9274
06-30 16:45:15.600   873   873 I Layer   : id=9273 Destroyed Surface(name=ActivityRecord{bc06ddf u0 com.example.dogglers/.MainActivity} t303})/@0x837263b - animation-leash of app_transition#9273
06-30 16:45:15.600   873   873 I Layer   : id=9280 Destroyed Bottom Edge Extension#9280
06-30 16:45:15.600   873   873 I Layer   : id=9281 Destroyed bbq-wrapper#9281
06-30 16:45:15.600   873   873 I Layer   : id=9277 Destroyed Surface(name=ActivityRecord{c016b8a u0 com.example.dogglers/.GridListActivity} t303})/@0xd51978c - animation-bounds#9277
06-30 16:45:15.600   873   873 I Layer   : id=9276 Destroyed Surface(name=ActivityRecord{c016b8a u0 com.example.dogglers/.GridListActivity} t303})/@0xd51978c - animation-leash of app_transition#9276
06-30 16:45:15.600   873   873 I Layer   : id=9283 Destroyed Top Edge Extension#9283
06-30 16:45:15.600   873   873 I Layer   : id=9284 Destroyed bbq-wrapper#9284
06-30 16:45:15.600 27856 27962 D OpenGLRenderer: setSurface called with nullptr
06-30 16:45:15.600 27856 27962 D OpenGLRenderer: setSurface() destroyed EGLSurface
06-30 16:45:15.600 27856 27962 D OpenGLRenderer: destroyEglSurface
06-30 16:45:15.602 27856 27856 I ViewRootImpl@2f9f66[MainActivity]: performTraversals mFirst=false windowShouldResize=false viewVisibilityChanged=true mForceNextWindowRelayout=false params=null
06-30 16:45:15.604  1282  1547 V WindowManager: Relayout Window{49cd67d u0 com.example.dogglers/com.example.dogglers.MainActivity}: viewVisibility=8 req=1080x2400 d0
06-30 16:45:15.607  1282  1547 V WindowManager: Relayout hash=49cd67d, pid=27856, syncId=-1: mAttrs={(0,0)(fillxfill) sim={adjust=pan forwardNavigation} ty=BASE_APPLICATION wanim=0x1030309
06-30 16:45:15.607  1282  1547 V WindowManager:   fl=81810100
06-30 16:45:15.607  1282  1547 V WindowManager:   pfl=12020040
06-30 16:45:15.607  1282  1547 V WindowManager:   bhv=DEFAULT
06-30 16:45:15.607  1282  1547 V WindowManager:   fitSides= naviIconColor=0}
06-30 16:45:15.611 27856 27856 I ViewRootImpl@2f9f66[MainActivity]: Relayout returned: old=(0,0,1080,2400) new=(0,0,1080,2400) req=(1080,2400)8 dur=8 res=0x2 s={false 0x0} ch=true seqId=0
06-30 16:45:15.612 27856 27856 I ViewRootImpl@2f9f66[MainActivity]: stopped(true) old = false
06-30 16:45:15.612 27856 27856 I ViewRootImpl@2f9f66[MainActivity]: WindowStopped on com.example.dogglers/com.example.dogglers.MainActivity set to true
06-30 16:45:15.613 27856 27856 D LifecycleMonitor: Lifecycle status change: com.example.dogglers.MainActivity@e6761ce in: STOPPED
06-30 16:45:15.613 27856 27856 V ActivityScenario: Update currentActivityStage to STOPPED, currentActivity=com.example.dogglers.MainActivity@e6761ce
06-30 16:45:15.614 27856 27856 I MSHandlerLifeCycle: removeMultiSplitHandler: no exist. decor=DecorView@4e89cb6[MainActivity]
06-30 16:45:15.616 27856 27856 D LifecycleMonitor: Lifecycle status change: com.example.dogglers.MainActivity@e6761ce in: DESTROYED
06-30 16:45:15.616 27856 27856 V ActivityScenario: Update currentActivityStage to DESTROYED, currentActivity=null
06-30 16:45:15.616 27856 27925 I TestRunner: finished: clicking_grid_list_button_displays_grid_list(com.example.dogglers.ButtonTests)
